<?xml version="1.0" ?>

<verbosegc xmlns="http://www.ibm.com/j9/verbosegc" version="08b0594_CMPRSS">

<initialized id="1" timestamp="2023-06-02T09:08:21.189">
  <attribute name="gcPolicy" value="-Xgcpolicy:gencon" />
  <attribute name="maxHeapSize" value="0x40000000" />
  <attribute name="initialHeapSize" value="0x40000000" />
  <attribute name="compressedRefs" value="true" />
  <attribute name="compressedRefsDisplacement" value="0x0" />
  <attribute name="compressedRefsShift" value="0x3" />
  <attribute name="pageSize" value="0x1000" />
  <attribute name="pageType" value="not used" />
  <attribute name="requestedPageSize" value="0x1000" />
  <attribute name="requestedPageType" value="not used" />
  <attribute name="gcthreads" value="16" />
  <attribute name="gcthreads Concurrent Mark" value="1" />
  <attribute name="packetListSplit" value="2" />
  <attribute name="cacheListSplit" value="2" />
  <attribute name="splitFreeListSplitAmount" value="2" />
  <attribute name="numaNodes" value="0" />
  <system>
    <attribute name="physicalMemory" value="34048368640" />
    <attribute name="numCPUs" value="16" />
    <attribute name="architecture" value="amd64" />
    <attribute name="os" value="Windows 10" />
    <attribute name="osVersion" value="10.0" />
  </system>
  <vmargs>
    <vmarg name="-Xoptionsfile=C:\jazz\ELM702SR1GC_1\server\jre\bin\compressedrefs\options.default" />
    <vmarg name="-Xlockword:mode=default,noLockword=java/lang/String,noLockword=java/util/MapEntry,noLockword=java/util/HashMap$Entry,noLockword..." />
    <vmarg name="-Djava.lang.stringBuffer.growAggressively=false" />
    <vmarg name="-XX:+OriginalJDK8HeapSizeCompatibilityMode" />
    <vmarg name="-Xjcl:jclse29" />
    <vmarg name="-Dcom.ibm.oti.vm.bootstrap.library.path=C:\jazz\ELM702SR1GC_1\server\jre\bin\compressedrefs;C:\jazz\ELM702SR1GC_1\server\jre\bi..." />
    <vmarg name="-Dsun.boot.library.path=C:\jazz\ELM702SR1GC_1\server\jre\bin\compressedrefs;C:\jazz\ELM702SR1GC_1\server\jre\bin" />
    <vmarg name="-Djava.library.path=C:\jazz\ELM702SR1GC_1\server\jre\bin\compressedrefs;C:\jazz\ELM702SR1GC_1\server\jre\bin;C:\windows\system3..." />
    <vmarg name="-Djava.home=C:\jazz\ELM702SR1GC_1\server\jre" />
    <vmarg name="-Djava.ext.dirs=C:\jazz\ELM702SR1GC_1\server\jre\lib\ext" />
    <vmarg name="-Duser.dir=C:\jazz\ELM702SR1GC_1\server\liberty\servers\clm" />
    <vmarg name="-Djava.class.path=." />
    <vmarg name="-javaagent:C:\jazz\ELM702SR1GC_1\server\liberty\wlp\bin\tools\ws-javaagent.jar" />
    <vmarg name="-Djdk.attach.allowAttachSelf=true" />
    <vmarg name="-Djava.awt.headless=true" />
    <vmarg name="-Djdk.tls.useExtendedMasterSecret=false" />
    <vmarg name="-Ddefault.client.encoding=UTF-8" />
    <vmarg name="-Dcom.ibm.team.repository.service.internal.serviceLifecycleDelayWarningThreshold=60000" />
    <vmarg name="-Djava.awt.headless=true" />
    <vmarg name="-DSQLSERVER_JDBC_DRIVER_FILE=C:\jazz\ELM702SR1GC_1\server\sqlserver\sqljdbc42.jar" />
    <vmarg name="-DORACLE_JDBC_DRIVER_FILE=C:\jazz\ELM702SR1GC_1\server\oracle\ojdbc8.jar" />
    <vmarg name="-DDB2I_JDBC=C:\jazz\ELM702SR1GC_1\server\db2i" />
    <vmarg name="-DDB2Z_JDBC=C:\jazz\ELM702SR1GC_1\server\db2z" />
    <vmarg name="-Dorg.eclipse.emf.ecore.plugin.EcorePlugin.doNotLoadResourcesPlugin=true" />
    <vmarg name="-DJAZZ_HOME=file:///C%3a/jazz/ELM702~3/server/conf" />
    <vmarg name="-Dcom.ibm.team.repository.tempDir=C:\Users\P40095~1\AppData\Local\Temp" />
    <vmarg name="-Djazz.connector.sslEnabledProtocols=TLSv1,TLSv1.1,TLSv1.2" />
    <vmarg name="-Djazz.connector.algorithm=IbmX509" />
    <vmarg name="-Xmx1G" />
    <vmarg name="-Xms1G" />
    <vmarg name="-Xmn256m" />
    <vmarg name="-Xgcpolicy:gencon" />
    <vmarg name="-Xcompressedrefs" />
    <vmarg name="-Xgc:preferredHeapBase=0x100000000" />
    <vmarg name="-Dderby.locks.waitTimeout=1200" />
    <vmarg name="-Dderby.locks.deadlockTimeout=1140" />
    <vmarg name="-verbose:gc" />
    <vmarg name="-Xverbosegclog:verbosegc.%y%m%d.%pid.txt,5,100000" />
    <vmarg name="-Dlog4j2.configurationFile=file:///C%3a/jazz/ELM702~3/server/conf/startup_log4j2.xml" />
    <vmarg name="-Djava.class.path=C:\jazz\ELM702SR1GC_1\server\liberty\wlp\bin\tools\ws-server.jar" />
    <vmarg name="-Dsun.java.command=C:\jazz\ELM702SR1GC_1\server\liberty\wlp\bin\tools\ws-server.jar --batch-file start clm" />
    <vmarg name="-Dsun.java.launcher=SUN_STANDARD" />
  </vmargs>
</initialized>

<exclusive-start id="2" timestamp="2023-06-02T09:08:55.690" intervalms="34500.957">
  <response-info timems="0.048" idlems="0.025" threads="1" lastid="0000000001067700" lastname="JIT Compilation Thread-001" />
</exclusive-start>
<af-start id="3" threadId="00000000014CA180" totalBytesRequested="15240" timestamp="2023-06-02T09:08:55.691" intervalms="34501.380" type="nursery" />
<cycle-start id="4" type="scavenge" contextid="0" timestamp="2023-06-02T09:08:55.693" intervalms="34503.565" />
<gc-start id="5" type="scavenge" contextid="4" timestamp="2023-06-02T09:08:55.694">
  <mem-info id="6" free="804409952" total="1073741824" percent="74">
    <mem type="nursery" free="0" total="268435456" percent="0">
      <mem type="allocate" free="0" total="134217728" percent="0" />
      <mem type="survivor" free="0" total="134217728" percent="0" />
    </mem>
    <mem type="tenure" free="804409952" total="805306368" percent="99">
      <mem type="soa" free="764144224" total="765040640" percent="99" />
      <mem type="loa" free="40265728" total="40265728" percent="100" />
    </mem>
    <remembered-set count="11785" />
  </mem-info>
</gc-start>
<allocation-stats totalBytes="133747640" >
  <allocated-bytes non-tlh="1369776" tlh="132377864" />
  <largest-consumer threadName="main" threadId="000000000105FF00" bytes="103754280" />
</allocation-stats>
<gc-op id="7" type="scavenge" timems="10.489" contextid="4" timestamp="2023-06-02T09:08:55.704">
  <scavenger-info tenureage="1" tenuremask="fffe" tiltratio="50" />
  <memory-copied type="nursery" objects="108693" bytes="16745952" bytesdiscarded="234216" />
  <finalization candidates="5051" enqueued="4901" />
  <ownableSynchronizers candidates="237" cleared="99" />
  <references type="soft" candidates="1614" cleared="0" enqueued="0" dynamicThreshold="32" maxThreshold="32" />
  <references type="weak" candidates="2127" cleared="1861" enqueued="1861" />
  <references type="phantom" candidates="8" cleared="0" enqueued="0" />
</gc-op>
<gc-end id="8" type="scavenge" contextid="4" durationms="11.967" usertimems="15.625" systemtimems="62.500" timestamp="2023-06-02T09:08:55.705" activeThreads="16">
  <mem-info id="9" free="921616536" total="1073741824" percent="85">
    <mem type="nursery" free="117206584" total="268435456" percent="43">
      <mem type="allocate" free="117206584" total="134217728" percent="87" />
      <mem type="survivor" free="0" total="134217728" percent="0" />
    </mem>
    <mem type="tenure" free="804409952" total="805306368" percent="99" macro-fragmented="0">
      <mem type="soa" free="764144224" total="765040640" percent="99" />
      <mem type="loa" free="40265728" total="40265728" percent="100" />
    </mem>
    <pending-finalizers system="4901" default="0" reference="1861" classloader="0" />
    <remembered-set count="11785" />
  </mem-info>
</gc-end>
<cycle-end id="10" type="scavenge" contextid="4" timestamp="2023-06-02T09:08:55.706" />
<allocation-satisfied id="11" threadId="00000000014C9800" bytesRequested="15240" />
<af-end id="12" timestamp="2023-06-02T09:08:55.706" threadId="00000000014CA180" success="true" from="nursery"/>
<exclusive-end id="13" timestamp="2023-06-02T09:08:55.706" durationms="16.124" />

<exclusive-start id="14" timestamp="2023-06-02T09:08:59.148" intervalms="3458.202">
  <response-info timems="0.045" idlems="0.045" threads="0" lastid="00000000016EB600" lastname="Default Executor-thread-1" />
</exclusive-start>
<af-start id="15" threadId="00000000016EBF80" totalBytesRequested="264" timestamp="2023-06-02T09:08:59.148" intervalms="3457.879" type="nursery" />
<cycle-start id="16" type="scavenge" contextid="0" timestamp="2023-06-02T09:08:59.148" intervalms="3455.724" />
<gc-start id="17" type="scavenge" contextid="16" timestamp="2023-06-02T09:08:59.148">
  <mem-info id="18" free="804278664" total="1073741824" percent="74">
    <mem type="nursery" free="0" total="268435456" percent="0">
      <mem type="allocate" free="0" total="134217728" percent="0" />
      <mem type="survivor" free="0" total="134217728" percent="0" />
    </mem>
    <mem type="tenure" free="804278664" total="805306368" percent="99">
      <mem type="soa" free="764012936" total="765040640" percent="99" />
      <mem type="loa" free="40265728" total="40265728" percent="100" />
    </mem>
    <remembered-set count="13222" />
  </mem-info>
</gc-start>
<allocation-stats totalBytes="117217680" >
  <allocated-bytes non-tlh="279584" tlh="116938096" />
  <largest-consumer threadName="Equinox start level thread - Equinox Container: 39ed8d75-88d1-4224-8d1f-17735d8aeff1" threadId="00000000014C9800" bytes="67988056" />
</allocation-stats>
<gc-op id="19" type="scavenge" timems="7.052" contextid="16" timestamp="2023-06-02T09:08:59.155">
  <scavenger-info tenureage="1" tenuremask="7ffe" tiltratio="50" />
  <memory-copied type="nursery" objects="166248" bytes="7995840" bytesdiscarded="365192" />
  <memory-copied type="tenure" objects="74792" bytes="4549520" bytesdiscarded="4976" />
  <finalization candidates="1339" enqueued="1180" />
  <ownableSynchronizers candidates="2720" cleared="261" />
  <references type="soft" candidates="363" cleared="0" enqueued="0" dynamicThreshold="32" maxThreshold="32" />
  <references type="weak" candidates="649" cleared="397" enqueued="397" />
</gc-op>
<gc-end id="20" type="scavenge" contextid="16" durationms="7.657" usertimems="31.250" systemtimems="0.000" timestamp="2023-06-02T09:08:59.156" activeThreads="16">
  <mem-info id="21" free="924932016" total="1073741824" percent="86">
    <mem type="nursery" free="125846504" total="268435456" percent="46">
      <mem type="allocate" free="125846504" total="134217728" percent="93" />
      <mem type="survivor" free="0" total="134217728" percent="0" />
    </mem>
    <mem type="tenure" free="799085512" total="805306368" percent="99" macro-fragmented="1500163">
      <mem type="soa" free="758819784" total="765040640" percent="99" />
      <mem type="loa" free="40265728" total="40265728" percent="100" />
    </mem>
    <pending-finalizers system="1180" default="0" reference="397" classloader="0" />
    <remembered-set count="16120" />
  </mem-info>
</gc-end>
<cycle-end id="22" type="scavenge" contextid="16" timestamp="2023-06-02T09:08:59.156" />
<allocation-satisfied id="23" threadId="00000000016EB600" bytesRequested="264" />
<af-end id="24" timestamp="2023-06-02T09:08:59.156" threadId="00000000016EBF80" success="true" from="nursery"/>
<exclusive-end id="25" timestamp="2023-06-02T09:08:59.156" durationms="8.212" />

<exclusive-start id="26" timestamp="2023-06-02T09:09:04.977" intervalms="5829.270">
  <response-info timems="0.030" idlems="0.030" threads="0" lastid="00000000016EB600" lastname="Default Executor-thread-1" />
</exclusive-start>
<af-start id="27" threadId="00000000016EBF80" totalBytesRequested="80384" timestamp="2023-06-02T09:09:04.977" intervalms="5829.256" type="nursery" />
<cycle-start id="28" type="scavenge" contextid="0" timestamp="2023-06-02T09:09:04.977" intervalms="5829.251" />
<gc-start id="29" type="scavenge" contextid="28" timestamp="2023-06-02T09:09:04.977">
  <mem-info id="30" free="799116200" total="1073741824" percent="74">
    <mem type="nursery" free="31272" total="268435456" percent="0">
      <mem type="allocate" free="31272" total="134217728" percent="0" />
      <mem type="survivor" free="0" total="134217728" percent="0" />
    </mem>
    <mem type="tenure" free="799084928" total="805306368" percent="99">
      <mem type="soa" free="758819200" total="765040640" percent="99" />
      <mem type="loa" free="40265728" total="40265728" percent="100" />
    </mem>
    <remembered-set count="16575" />
  </mem-info>
</gc-start>
<allocation-stats totalBytes="115861656" >
  <allocated-bytes non-tlh="31808520" tlh="84053136" />
  <largest-consumer threadName="Default Executor-thread-1" threadId="00000000016EB600" bytes="115652664" />
</allocation-stats>
<gc-op id="31" type="scavenge" timems="4.169" contextid="28" timestamp="2023-06-02T09:09:04.981">
  <scavenger-info tenureage="2" tenuremask="7ffc" tiltratio="50" />
  <memory-copied type="nursery" objects="209362" bytes="10325784" bytesdiscarded="258392" />
  <finalization candidates="942" enqueued="737" />
  <ownableSynchronizers candidates="2808" cleared="291" />
  <references type="soft" candidates="363" cleared="0" enqueued="0" dynamicThreshold="32" maxThreshold="32" />
  <references type="weak" candidates="258" cleared="0" enqueued="0" />
</gc-op>
<gc-end id="32" type="scavenge" contextid="28" durationms="4.461" usertimems="0.000" systemtimems="0.000" timestamp="2023-06-02T09:09:04.981" activeThreads="16">
  <mem-info id="33" free="922710608" total="1073741824" percent="85">
    <mem type="nursery" free="123625680" total="268435456" percent="46">
      <mem type="allocate" free="123625680" total="134217728" percent="92" />
      <mem type="survivor" free="0" total="134217728" percent="0" />
    </mem>
    <mem type="tenure" free="799084928" total="805306368" percent="99" macro-fragmented="868149">
      <mem type="soa" free="758819200" total="765040640" percent="99" />
      <mem type="loa" free="40265728" total="40265728" percent="100" />
    </mem>
    <pending-finalizers system="737" default="0" reference="0" classloader="0" />
    <remembered-set count="4627" />
  </mem-info>
</gc-end>
<cycle-end id="34" type="scavenge" contextid="28" timestamp="2023-06-02T09:09:04.981" />
<allocation-satisfied id="35" threadId="00000000016EB600" bytesRequested="80384" />
<af-end id="36" timestamp="2023-06-02T09:09:04.981" threadId="00000000016EBF80" success="true" from="nursery"/>
<exclusive-end id="37" timestamp="2023-06-02T09:09:04.981" durationms="4.722" />

<exclusive-start id="38" timestamp="2023-06-02T09:09:07.011" intervalms="2034.091">
  <response-info timems="0.031" idlems="0.031" threads="0" lastid="0000000001478100" lastname="Start Level: Equinox Container: 39ed8d75-88d1-4224-8d1f-17735d8" />
</exclusive-start>
<af-start id="39" threadId="0000000001478A80" totalBytesRequested="72" timestamp="2023-06-02T09:09:07.011" intervalms="2034.100" type="nursery" />
<cycle-start id="40" type="scavenge" contextid="0" timestamp="2023-06-02T09:09:07.011" intervalms="2034.106" />
<gc-start id="41" type="scavenge" contextid="40" timestamp="2023-06-02T09:09:07.011">
  <mem-info id="42" free="798828552" total="1073741824" percent="74">
    <mem type="nursery" free="0" total="268435456" percent="0">
      <mem type="allocate" free="0" total="134217728" percent="0" />
      <mem type="survivor" free="0" total="134217728" percent="0" />
    </mem>
    <mem type="tenure" free="798828552" total="805306368" percent="99">
      <mem type="soa" free="758562824" total="765040640" percent="99" />
      <mem type="loa" free="40265728" total="40265728" percent="100" />
    </mem>
    <remembered-set count="6878" />
  </mem-info>
</gc-start>
<allocation-stats totalBytes="123798488" >
  <allocated-bytes non-tlh="1396032" tlh="122402456" />
  <largest-consumer threadName="Default Executor-thread-1" threadId="00000000016EB600" bytes="91204232" />
</allocation-stats>
<gc-op id="43" type="scavenge" timems="6.473" contextid="40" timestamp="2023-06-02T09:09:07.018">
  <scavenger-info tenureage="3" tenuremask="7ff8" tiltratio="50" />
  <memory-copied type="nursery" objects="333959" bytes="19810016" bytesdiscarded="240512" />
  <finalization candidates="3124" enqueued="2980" />
  <ownableSynchronizers candidates="3120" cleared="198" />
  <references type="soft" candidates="698" cleared="0" enqueued="0" dynamicThreshold="32" maxThreshold="32" />
  <references type="weak" candidates="772" cleared="294" enqueued="294" />
</gc-op>
<gc-end id="44" type="scavenge" contextid="40" durationms="6.718" usertimems="46.875" systemtimems="0.000" timestamp="2023-06-02T09:09:07.018" activeThreads="16">
  <mem-info id="45" free="912954480" total="1073741824" percent="85">
    <mem type="nursery" free="114125928" total="268435456" percent="42">
      <mem type="allocate" free="114125928" total="134217728" percent="85" />
      <mem type="survivor" free="0" total="134217728" percent="0" />
    </mem>
    <mem type="tenure" free="798828552" total="805306368" percent="99" macro-fragmented="502401">
      <mem type="soa" free="758562824" total="765040640" percent="99" />
      <mem type="loa" free="40265728" total="40265728" percent="100" />
    </mem>
    <pending-finalizers system="2979" default="1" reference="294" classloader="0" />
    <remembered-set count="5618" />
  </mem-info>
</gc-end>
<cycle-end id="46" type="scavenge" contextid="40" timestamp="2023-06-02T09:09:07.019" />
<allocation-satisfied id="47" threadId="0000000001478100" bytesRequested="72" />
<af-end id="48" timestamp="2023-06-02T09:09:07.019" threadId="0000000001478A80" success="true" from="nursery"/>
<exclusive-end id="49" timestamp="2023-06-02T09:09:07.019" durationms="7.109" />

<exclusive-start id="50" timestamp="2023-06-02T09:09:13.004" intervalms="5992.540">
  <response-info timems="0.033" idlems="0.033" threads="0" lastid="0000000001658D00" lastname="Config-Thread-9" />
</exclusive-start>
<af-start id="51" threadId="0000000001659680" totalBytesRequested="32" timestamp="2023-06-02T09:09:13.004" intervalms="5992.540" type="nursery" />
<cycle-start id="52" type="scavenge" contextid="0" timestamp="2023-06-02T09:09:13.004" intervalms="5992.550" />
<gc-start id="53" type="scavenge" contextid="52" timestamp="2023-06-02T09:09:13.004">
  <mem-info id="54" free="798402584" total="1073741824" percent="74">
    <mem type="nursery" free="0" total="268435456" percent="0">
      <mem type="allocate" free="0" total="134217728" percent="0" />
      <mem type="survivor" free="0" total="134217728" percent="0" />
    </mem>
    <mem type="tenure" free="798402584" total="805306368" percent="99">
      <mem type="soa" free="758136856" total="765040640" percent="99" />
      <mem type="loa" free="40265728" total="40265728" percent="100" />
    </mem>
    <remembered-set count="10613" />
  </mem-info>
</gc-start>
<allocation-stats totalBytes="114437528" >
  <allocated-bytes non-tlh="654464" tlh="113783064" />
  <largest-consumer threadName="Start Level: Equinox Container: 39ed8d75-88d1-4224-8d1f-17735d8aeff1" threadId="0000000001478100" bytes="54155512" />
</allocation-stats>
<gc-op id="55" type="scavenge" timems="6.777" contextid="52" timestamp="2023-06-02T09:09:13.011">
  <scavenger-info tenureage="3" tenuremask="7ff8" tiltratio="50" />
  <memory-copied type="nursery" objects="246940" bytes="14608024" bytesdiscarded="299144" />
  <memory-copied type="tenure" objects="156008" bytes="5951880" bytesdiscarded="4840" />
  <finalization candidates="2468" enqueued="2269" />
  <ownableSynchronizers candidates="6528" cleared="1422" />
  <references type="soft" candidates="2041" cleared="0" enqueued="0" dynamicThreshold="32" maxThreshold="32" />
  <references type="weak" candidates="1519" cleared="613" enqueued="608" />
  <references type="phantom" candidates="1" cleared="0" enqueued="0" />
</gc-op>
<gc-end id="56" type="scavenge" contextid="52" durationms="7.019" usertimems="15.625" systemtimems="0.000" timestamp="2023-06-02T09:09:13.011" activeThreads="16">
  <mem-info id="57" free="913116080" total="1073741824" percent="85">
    <mem type="nursery" free="120333184" total="268435456" percent="44">
      <mem type="allocate" free="120333184" total="135266304" percent="88" />
      <mem type="survivor" free="0" total="133169152" percent="0" />
    </mem>
    <mem type="tenure" free="792782896" total="805306368" percent="98" macro-fragmented="0">
      <mem type="soa" free="752517168" total="765040640" percent="98" />
      <mem type="loa" free="40265728" total="40265728" percent="100" />
    </mem>
    <pending-finalizers system="2261" default="8" reference="608" classloader="0" />
    <remembered-set count="8180" />
  </mem-info>
</gc-end>
<cycle-end id="58" type="scavenge" contextid="52" timestamp="2023-06-02T09:09:13.011" />
<allocation-satisfied id="59" threadId="0000000001658D00" bytesRequested="32" />
<af-end id="60" timestamp="2023-06-02T09:09:13.011" threadId="0000000001659680" success="true" from="nursery"/>
<exclusive-end id="61" timestamp="2023-06-02T09:09:13.011" durationms="7.469" />

<exclusive-start id="62" timestamp="2023-06-02T09:09:13.963" intervalms="959.420">
  <response-info timems="0.046" idlems="0.046" threads="0" lastid="0000000001877E00" lastname="Default Executor-thread-13" />
</exclusive-start>
<af-start id="63" threadId="0000000001878780" totalBytesRequested="136" timestamp="2023-06-02T09:09:13.963" intervalms="959.433" type="nursery" />
<cycle-start id="64" type="scavenge" contextid="0" timestamp="2023-06-02T09:09:13.963" intervalms="959.435" />
<gc-start id="65" type="scavenge" contextid="64" timestamp="2023-06-02T09:09:13.964">
  <mem-info id="66" free="791533568" total="1073741824" percent="73">
    <mem type="nursery" free="0" total="268435456" percent="0">
      <mem type="allocate" free="0" total="135266304" percent="0" />
      <mem type="survivor" free="0" total="133169152" percent="0" />
    </mem>
    <mem type="tenure" free="791533568" total="805306368" percent="98">
      <mem type="soa" free="751267840" total="765040640" percent="98" />
      <mem type="loa" free="40265728" total="40265728" percent="100" />
    </mem>
    <remembered-set count="20737" />
  </mem-info>
</gc-start>
<allocation-stats totalBytes="121430888" >
  <allocated-bytes non-tlh="3977528" tlh="117453360" />
  <largest-consumer threadName="Config-Thread-9" threadId="0000000001658D00" bytes="33607496" />
</allocation-stats>
<gc-op id="67" type="scavenge" timems="16.664" contextid="64" timestamp="2023-06-02T09:09:13.980">
  <scavenger-info tenureage="3" tenuremask="7ff8" tiltratio="50" />
  <memory-copied type="nursery" objects="313851" bytes="27725440" bytesdiscarded="480288" />
  <memory-copied type="tenure" objects="42571" bytes="2578336" bytesdiscarded="4856" />
  <finalization candidates="4656" enqueued="4360" />
  <ownableSynchronizers candidates="4968" cleared="738" />
  <references type="soft" candidates="4510" cleared="0" enqueued="0" dynamicThreshold="32" maxThreshold="32" />
  <references type="weak" candidates="7838" cleared="560" enqueued="558" />
  <references type="phantom" candidates="2" cleared="0" enqueued="0" />
</gc-op>
<gc-end id="68" type="scavenge" contextid="64" durationms="17.203" usertimems="62.500" systemtimems="15.625" timestamp="2023-06-02T09:09:13.980" activeThreads="16">
  <mem-info id="69" free="912176888" total="1073741824" percent="84">
    <mem type="nursery" free="123860056" total="268435456" percent="46">
      <mem type="allocate" free="123860056" total="152109056" percent="81" />
      <mem type="survivor" free="0" total="116326400" percent="0" />
    </mem>
    <mem type="tenure" free="788316832" total="805306368" percent="97" macro-fragmented="290741">
      <mem type="soa" free="748051104" total="765040640" percent="97" />
      <mem type="loa" free="40265728" total="40265728" percent="100" />
    </mem>
    <pending-finalizers system="4332" default="28" reference="558" classloader="0" />
    <remembered-set count="19375" />
  </mem-info>
</gc-end>
<cycle-end id="70" type="scavenge" contextid="64" timestamp="2023-06-02T09:09:13.981" />
<allocation-satisfied id="71" threadId="0000000001877E00" bytesRequested="136" />
<af-end id="72" timestamp="2023-06-02T09:09:13.981" threadId="0000000001878780" success="true" from="nursery"/>
<exclusive-end id="73" timestamp="2023-06-02T09:09:13.981" durationms="18.211" />

<exclusive-start id="74" timestamp="2023-06-02T09:09:14.269" intervalms="305.152">
  <response-info timems="0.258" idlems="0.138" threads="1" lastid="0000000001085600" lastname="IProfiler" />
</exclusive-start>
<af-start id="75" threadId="0000000001877980" totalBytesRequested="72" timestamp="2023-06-02T09:09:14.269" intervalms="305.463" type="nursery" />
<cycle-start id="76" type="scavenge" contextid="0" timestamp="2023-06-02T09:09:14.269" intervalms="305.547" />
<gc-start id="77" type="scavenge" contextid="76" timestamp="2023-06-02T09:09:14.270">
  <mem-info id="78" free="788148616" total="1073741824" percent="73">
    <mem type="nursery" free="0" total="268435456" percent="0">
      <mem type="allocate" free="0" total="152109056" percent="0" />
      <mem type="survivor" free="0" total="116326400" percent="0" />
    </mem>
    <mem type="tenure" free="788148616" total="805306368" percent="97">
      <mem type="soa" free="747882888" total="765040640" percent="97" />
      <mem type="loa" free="40265728" total="40265728" percent="100" />
    </mem>
    <remembered-set count="21401" />
  </mem-info>
</gc-start>
<allocation-stats totalBytes="123941328" >
  <allocated-bytes non-tlh="1544776" tlh="122396552" />
  <largest-consumer threadName="Default Executor-thread-13" threadId="0000000001877E00" bytes="47601488" />
</allocation-stats>
<gc-op id="79" type="scavenge" timems="13.842" contextid="76" timestamp="2023-06-02T09:09:14.283">
  <scavenger-info tenureage="3" tenuremask="7ff8" tiltratio="56" />
  <memory-copied type="nursery" objects="264414" bytes="19292448" bytesdiscarded="558072" />
  <memory-copied type="tenure" objects="96685" bytes="3897640" bytesdiscarded="1704" />
  <finalization candidates="2618" enqueued="2292" />
  <ownableSynchronizers candidates="4392" cleared="135" />
  <references type="soft" candidates="4509" cleared="0" enqueued="0" dynamicThreshold="32" maxThreshold="32" />
  <references type="weak" candidates="7739" cleared="293" enqueued="286" />
  <references type="phantom" candidates="2" cleared="0" enqueued="0" />
</gc-op>
<gc-end id="80" type="scavenge" contextid="76" durationms="14.194" usertimems="15.625" systemtimems="0.000" timestamp="2023-06-02T09:09:14.284" activeThreads="16">
  <mem-info id="81" free="933381376" total="1073741824" percent="86">
    <mem type="nursery" free="148803240" total="268435456" percent="55">
      <mem type="allocate" free="148803240" total="168689664" percent="88" />
      <mem type="survivor" free="0" total="99745792" percent="0" />
    </mem>
    <mem type="tenure" free="784578136" total="805306368" percent="97" macro-fragmented="0">
      <mem type="soa" free="744312408" total="765040640" percent="97" />
      <mem type="loa" free="40265728" total="40265728" percent="100" />
    </mem>
    <pending-finalizers system="2152" default="140" reference="286" classloader="0" />
    <remembered-set count="16734" />
  </mem-info>
</gc-end>
<cycle-end id="82" type="scavenge" contextid="76" timestamp="2023-06-02T09:09:14.285" />
<allocation-satisfied id="83" threadId="0000000001877000" bytesRequested="72" />
<af-end id="84" timestamp="2023-06-02T09:09:14.285" threadId="0000000001877980" success="true" from="nursery"/>
<exclusive-end id="85" timestamp="2023-06-02T09:09:14.285" durationms="15.973" />

<exclusive-start id="86" timestamp="2023-06-02T09:09:15.869" intervalms="1600.806">
  <response-info timems="0.081" idlems="0.078" threads="1" lastid="000000000186C300" lastname="Default Executor-thread-23" />
</exclusive-start>
<af-start id="87" threadId="000000000186AA80" totalBytesRequested="7736" timestamp="2023-06-02T09:09:15.869" intervalms="1600.518" type="nursery" />
<cycle-start id="88" type="scavenge" contextid="0" timestamp="2023-06-02T09:09:15.869" intervalms="1600.436" />
<gc-start id="89" type="scavenge" contextid="88" timestamp="2023-06-02T09:09:15.870">
  <mem-info id="90" free="784414664" total="1073741824" percent="73">
    <mem type="nursery" free="0" total="268435456" percent="0">
      <mem type="allocate" free="0" total="168689664" percent="0" />
      <mem type="survivor" free="0" total="99745792" percent="0" />
    </mem>
    <mem type="tenure" free="784414664" total="805306368" percent="97">
      <mem type="soa" free="744148936" total="765040640" percent="97" />
      <mem type="loa" free="40265728" total="40265728" percent="100" />
    </mem>
    <remembered-set count="18646" />
  </mem-info>
</gc-start>
<allocation-stats totalBytes="148448448" >
  <allocated-bytes non-tlh="2898000" tlh="145550448" />
  <largest-consumer threadName="Default Executor-thread-21" threadId="000000000186AC00" bytes="33566208" />
</allocation-stats>
<gc-op id="91" type="scavenge" timems="16.804" contextid="88" timestamp="2023-06-02T09:09:15.886">
  <scavenger-info tenureage="3" tenuremask="7ff8" tiltratio="62" />
  <memory-copied type="nursery" objects="422304" bytes="31591208" bytesdiscarded="274936" />
  <memory-copied type="tenure" objects="96625" bytes="3356512" bytesdiscarded="1600" />
  <finalization candidates="8050" enqueued="7475" />
  <ownableSynchronizers candidates="3932" cleared="51" />
  <references type="soft" candidates="3061" cleared="0" enqueued="0" dynamicThreshold="32" maxThreshold="32" />
  <references type="weak" candidates="8421" cleared="1349" enqueued="1346" />
  <references type="phantom" candidates="1" cleared="0" enqueued="0" />
</gc-op>
<gc-end id="92" type="scavenge" contextid="88" durationms="17.418" usertimems="78.125" systemtimems="0.000" timestamp="2023-06-02T09:09:15.886" activeThreads="16">
  <mem-info id="93" free="926816736" total="1073741824" percent="86">
    <mem type="nursery" free="146215240" total="268435456" percent="54">
      <mem type="allocate" free="146215240" total="178126848" percent="82" />
      <mem type="survivor" free="0" total="90308608" percent="0" />
    </mem>
    <mem type="tenure" free="780601496" total="805306368" percent="96" macro-fragmented="168253">
      <mem type="soa" free="740335768" total="765040640" percent="96" />
      <mem type="loa" free="40265728" total="40265728" percent="100" />
    </mem>
    <pending-finalizers system="6065" default="1410" reference="1346" classloader="0" />
    <remembered-set count="7360" />
  </mem-info>
</gc-end>
<cycle-end id="94" type="scavenge" contextid="88" timestamp="2023-06-02T09:09:15.888" />
<allocation-satisfied id="95" threadId="000000000186A100" bytesRequested="7736" />
<af-end id="96" timestamp="2023-06-02T09:09:15.888" threadId="000000000186AA80" success="true" from="nursery"/>
<exclusive-end id="97" timestamp="2023-06-02T09:09:15.888" durationms="18.471" />

<exclusive-start id="98" timestamp="2023-06-02T09:09:16.593" intervalms="723.609">
  <response-info timems="0.068" idlems="0.068" threads="0" lastid="000000000186AC00" lastname="Default Executor-thread-21" />
</exclusive-start>
<af-start id="99" threadId="000000000186B580" totalBytesRequested="8200" timestamp="2023-06-02T09:09:16.593" intervalms="723.588" type="nursery" />
<cycle-start id="100" type="scavenge" contextid="0" timestamp="2023-06-02T09:09:16.593" intervalms="723.590" />
<gc-start id="101" type="scavenge" contextid="100" timestamp="2023-06-02T09:09:16.594">
  <mem-info id="102" free="780477752" total="1073741824" percent="72">
    <mem type="nursery" free="0" total="268435456" percent="0">
      <mem type="allocate" free="0" total="178126848" percent="0" />
      <mem type="survivor" free="0" total="90308608" percent="0" />
    </mem>
    <mem type="tenure" free="780477752" total="805306368" percent="96">
      <mem type="soa" free="740212024" total="765040640" percent="96" />
      <mem type="loa" free="40265728" total="40265728" percent="100" />
    </mem>
    <remembered-set count="8812" />
  </mem-info>
</gc-start>
<allocation-stats totalBytes="146140912" >
  <allocated-bytes non-tlh="2754600" tlh="143386312" />
  <largest-consumer threadName="Default Executor-thread-21" threadId="000000000186AC00" bytes="102464624" />
</allocation-stats>
<gc-op id="103" type="scavenge" timems="21.926" contextid="100" timestamp="2023-06-02T09:09:16.615">
  <scavenger-info tenureage="3" tenuremask="7ff8" tiltratio="66" />
  <memory-copied type="nursery" objects="376879" bytes="41859128" bytesdiscarded="564216" />
  <memory-copied type="tenure" objects="100078" bytes="7962680" bytesdiscarded="5040" />
  <finalization candidates="11877" enqueued="11279" />
  <ownableSynchronizers candidates="1738" cleared="15" />
  <references type="soft" candidates="1263" cleared="0" enqueued="0" dynamicThreshold="32" maxThreshold="32" />
  <references type="weak" candidates="1163" cleared="419" enqueued="419" />
</gc-op>
<gc-end id="104" type="scavenge" contextid="100" durationms="22.472" usertimems="93.750" systemtimems="0.000" timestamp="2023-06-02T09:09:16.616" activeThreads="16">
  <mem-info id="105" free="930210240" total="1073741824" percent="86">
    <mem type="nursery" free="157789600" total="268435456" percent="58">
      <mem type="allocate" free="157789600" total="200278016" percent="78" />
      <mem type="survivor" free="0" total="68157440" percent="0" />
    </mem>
    <mem type="tenure" free="772420640" total="805306368" percent="95" macro-fragmented="0">
      <mem type="soa" free="732154912" total="765040640" percent="95" />
      <mem type="loa" free="40265728" total="40265728" percent="100" />
    </mem>
    <pending-finalizers system="8232" default="3047" reference="419" classloader="0" />
    <remembered-set count="5048" />
  </mem-info>
</gc-end>
<cycle-end id="106" type="scavenge" contextid="100" timestamp="2023-06-02T09:09:16.616" />
<allocation-satisfied id="107" threadId="000000000186AC00" bytesRequested="8200" />
<af-end id="108" timestamp="2023-06-02T09:09:16.617" threadId="000000000186B580" success="true" from="nursery"/>
<exclusive-end id="109" timestamp="2023-06-02T09:09:16.617" durationms="23.437" />

<exclusive-start id="110" timestamp="2023-06-02T09:09:17.076" intervalms="483.256">
  <response-info timems="0.796" idlems="0.629" threads="4" lastid="0000000001063B00" lastname="JIT Compilation Thread-000" />
</exclusive-start>
<af-start id="111" threadId="000000000186B580" totalBytesRequested="58008" timestamp="2023-06-02T09:09:17.076" intervalms="483.288" type="nursery" />
<cycle-start id="112" type="scavenge" contextid="0" timestamp="2023-06-02T09:09:17.077" intervalms="483.297" />
<gc-start id="113" type="scavenge" contextid="112" timestamp="2023-06-02T09:09:17.078">
  <mem-info id="114" free="772378224" total="1073741824" percent="71">
    <mem type="nursery" free="0" total="268435456" percent="0">
      <mem type="allocate" free="0" total="200278016" percent="0" />
      <mem type="survivor" free="0" total="68157440" percent="0" />
    </mem>
    <mem type="tenure" free="772378224" total="805306368" percent="95">
      <mem type="soa" free="732112496" total="765040640" percent="95" />
      <mem type="loa" free="40265728" total="40265728" percent="100" />
    </mem>
    <remembered-set count="5568" />
  </mem-info>
</gc-start>
<allocation-stats totalBytes="156296776" >
  <allocated-bytes non-tlh="14492112" tlh="141804664" />
  <largest-consumer threadName="Default Executor-thread-21" threadId="000000000186AC00" bytes="118358064" />
</allocation-stats>
<gc-op id="115" type="scavenge" timems="15.850" contextid="112" timestamp="2023-06-02T09:09:17.094">
  <scavenger-info tenureage="3" tenuremask="7ff8" tiltratio="74" />
  <memory-copied type="nursery" objects="406695" bytes="42199720" bytesdiscarded="311056" />
  <memory-copied type="tenure" objects="34437" bytes="1632640" bytesdiscarded="1576" />
  <finalization candidates="10931" enqueued="10106" />
  <ownableSynchronizers candidates="1071" cleared="587" />
  <references type="soft" candidates="1080" cleared="0" enqueued="0" dynamicThreshold="32" maxThreshold="32" />
  <references type="weak" candidates="797" cleared="131" enqueued="131" />
</gc-op>
<gc-end id="116" type="scavenge" contextid="112" durationms="16.145" usertimems="31.250" systemtimems="0.000" timestamp="2023-06-02T09:09:17.094" activeThreads="16">
  <mem-info id="117" free="942248232" total="1073741824" percent="87">
    <mem type="nursery" free="171388872" total="268435456" percent="63">
      <mem type="allocate" free="171388872" total="213975040" percent="80" />
      <mem type="survivor" free="0" total="54460416" percent="0" />
    </mem>
    <mem type="tenure" free="770859360" total="805306368" percent="95" macro-fragmented="0">
      <mem type="soa" free="730593632" total="765040640" percent="95" />
      <mem type="loa" free="40265728" total="40265728" percent="100" />
    </mem>
    <pending-finalizers system="7288" default="2818" reference="131" classloader="0" />
    <remembered-set count="4716" />
  </mem-info>
</gc-end>
<cycle-end id="118" type="scavenge" contextid="112" timestamp="2023-06-02T09:09:17.094" />
<allocation-satisfied id="119" threadId="000000000186AC00" bytesRequested="58008" />
<af-end id="120" timestamp="2023-06-02T09:09:17.094" threadId="000000000186B580" success="true" from="nursery"/>
<exclusive-end id="121" timestamp="2023-06-02T09:09:17.094" durationms="18.169" />

<exclusive-start id="122" timestamp="2023-06-02T09:09:17.473" intervalms="396.966">
  <response-info timems="0.067" idlems="0.067" threads="0" lastid="000000000186AC00" lastname="Default Executor-thread-21" />
</exclusive-start>
<af-start id="123" threadId="000000000186B580" totalBytesRequested="4032" timestamp="2023-06-02T09:09:17.474" intervalms="396.936" type="nursery" />
<cycle-start id="124" type="scavenge" contextid="0" timestamp="2023-06-02T09:09:17.474" intervalms="396.911" />
<gc-start id="125" type="scavenge" contextid="124" timestamp="2023-06-02T09:09:17.474">
  <mem-info id="126" free="770557040" total="1073741824" percent="71">
    <mem type="nursery" free="0" total="268435456" percent="0">
      <mem type="allocate" free="0" total="213975040" percent="0" />
      <mem type="survivor" free="0" total="54460416" percent="0" />
    </mem>
    <mem type="tenure" free="770557040" total="805306368" percent="95">
      <mem type="soa" free="730291312" total="765040640" percent="95" />
      <mem type="loa" free="40265728" total="40265728" percent="100" />
    </mem>
    <remembered-set count="8606" />
  </mem-info>
</gc-start>
<allocation-stats totalBytes="171452696" >
  <allocated-bytes non-tlh="5858688" tlh="165594008" />
  <largest-consumer threadName="Default Executor-thread-21" threadId="000000000186AC00" bytes="101362640" />
</allocation-stats>
<gc-op id="127" type="scavenge" timems="15.839" contextid="124" timestamp="2023-06-02T09:09:17.489">
  <scavenger-info tenureage="3" tenuremask="7ff8" tiltratio="79" />
  <memory-copied type="nursery" objects="279058" bytes="42793840" bytesdiscarded="452064" />
  <memory-copied type="tenure" objects="209150" bytes="10767848" bytesdiscarded="10032" />
  <finalization candidates="14782" enqueued="14010" />
  <ownableSynchronizers candidates="353" cleared="10" />
  <references type="soft" candidates="1172" cleared="0" enqueued="0" dynamicThreshold="32" maxThreshold="32" />
  <references type="weak" candidates="1343" cleared="390" enqueued="292" />
</gc-op>
<gc-end id="128" type="scavenge" contextid="124" durationms="16.147" usertimems="15.625" systemtimems="0.000" timestamp="2023-06-02T09:09:17.490" activeThreads="16">
  <mem-info id="129" free="932802624" total="1073741824" percent="86">
    <mem type="nursery" free="172547912" total="268435456" percent="64">
      <mem type="allocate" free="172547912" total="215875584" percent="79" />
      <mem type="survivor" free="0" total="52559872" percent="0" />
    </mem>
    <mem type="tenure" free="760254712" total="805306368" percent="94" macro-fragmented="0">
      <mem type="soa" free="719988984" total="765040640" percent="94" />
      <mem type="loa" free="40265728" total="40265728" percent="100" />
    </mem>
    <pending-finalizers system="11119" default="2891" reference="292" classloader="0" />
    <remembered-set count="9892" />
  </mem-info>
</gc-end>
<cycle-end id="130" type="scavenge" contextid="124" timestamp="2023-06-02T09:09:17.490" />
<allocation-satisfied id="131" threadId="000000000186AC00" bytesRequested="4032" />
<af-end id="132" timestamp="2023-06-02T09:09:17.490" threadId="000000000186B580" success="true" from="nursery"/>
<exclusive-end id="133" timestamp="2023-06-02T09:09:17.490" durationms="16.797" />

<exclusive-start id="134" timestamp="2023-06-02T09:09:17.933" intervalms="459.955">
  <response-info timems="0.237" idlems="0.237" threads="0" lastid="000000000186AC00" lastname="Default Executor-thread-21" />
</exclusive-start>
<af-start id="135" threadId="000000000186B580" totalBytesRequested="1352" timestamp="2023-06-02T09:09:17.933" intervalms="460.209" type="nursery" />
<cycle-start id="136" type="scavenge" contextid="0" timestamp="2023-06-02T09:09:17.933" intervalms="460.277" />
<gc-start id="137" type="scavenge" contextid="136" timestamp="2023-06-02T09:09:17.933">
  <mem-info id="138" free="759945416" total="1073741824" percent="70">
    <mem type="nursery" free="0" total="268435456" percent="0">
      <mem type="allocate" free="0" total="215875584" percent="0" />
      <mem type="survivor" free="0" total="52559872" percent="0" />
    </mem>
    <mem type="tenure" free="759945416" total="805306368" percent="94">
      <mem type="soa" free="719679688" total="765040640" percent="94" />
      <mem type="loa" free="40265728" total="40265728" percent="100" />
    </mem>
    <remembered-set count="13665" />
  </mem-info>
</gc-start>
<allocation-stats totalBytes="172411624" >
  <allocated-bytes non-tlh="2416176" tlh="169995448" />
  <largest-consumer threadName="Default Executor-thread-21" threadId="000000000186AC00" bytes="101417552" />
</allocation-stats>
<gc-op id="139" type="scavenge" timems="16.899" contextid="136" timestamp="2023-06-02T09:09:17.951">
  <scavenger-info tenureage="3" tenuremask="7ff8" tiltratio="80" />
  <memory-copied type="nursery" objects="305206" bytes="41650520" bytesdiscarded="366520" />
  <memory-copied type="tenure" objects="73607" bytes="4270416" bytesdiscarded="4008" />
  <finalization candidates="13729" enqueued="13132" />
  <ownableSynchronizers candidates="484" cleared="22" />
  <references type="soft" candidates="3177" cleared="0" enqueued="0" dynamicThreshold="32" maxThreshold="32" />
  <references type="weak" candidates="1937" cleared="335" enqueued="324" />
  <references type="phantom" candidates="8" cleared="0" enqueued="0" />
</gc-op>
<gc-end id="140" type="scavenge" contextid="136" durationms="17.298" usertimems="109.375" systemtimems="15.625" timestamp="2023-06-02T09:09:17.951" activeThreads="16">
  <mem-info id="141" free="929440176" total="1073741824" percent="86">
    <mem type="nursery" free="173968864" total="268435456" percent="64">
      <mem type="allocate" free="173968864" total="216072192" percent="80" />
      <mem type="survivor" free="0" total="52363264" percent="0" />
    </mem>
    <mem type="tenure" free="755471312" total="805306368" percent="93" macro-fragmented="116842">
      <mem type="soa" free="715205584" total="765040640" percent="93" />
      <mem type="loa" free="40265728" total="40265728" percent="100" />
    </mem>
    <pending-finalizers system="10141" default="2991" reference="324" classloader="0" />
    <remembered-set count="14069" />
  </mem-info>
</gc-end>
<cycle-end id="142" type="scavenge" contextid="136" timestamp="2023-06-02T09:09:17.952" />
<allocation-satisfied id="143" threadId="000000000186AC00" bytesRequested="1352" />
<af-end id="144" timestamp="2023-06-02T09:09:17.952" threadId="000000000186B580" success="true" from="nursery"/>
<exclusive-end id="145" timestamp="2023-06-02T09:09:17.952" durationms="18.867" />

<exclusive-start id="146" timestamp="2023-06-02T09:09:18.649" intervalms="715.555">
  <response-info timems="0.099" idlems="0.099" threads="0" lastid="000000000186AC00" lastname="Default Executor-thread-21" />
</exclusive-start>
<af-start id="147" threadId="000000000186B580" totalBytesRequested="1392" timestamp="2023-06-02T09:09:18.649" intervalms="715.403" type="nursery" />
<cycle-start id="148" type="scavenge" contextid="0" timestamp="2023-06-02T09:09:18.649" intervalms="715.368" />
<gc-start id="149" type="scavenge" contextid="148" timestamp="2023-06-02T09:09:18.650">
  <mem-info id="150" free="755466096" total="1073741824" percent="70">
    <mem type="nursery" free="0" total="268435456" percent="0">
      <mem type="allocate" free="0" total="216072192" percent="0" />
      <mem type="survivor" free="0" total="52363264" percent="0" />
    </mem>
    <mem type="tenure" free="755466096" total="805306368" percent="93">
      <mem type="soa" free="715200368" total="765040640" percent="93" />
      <mem type="loa" free="40265728" total="40265728" percent="100" />
    </mem>
    <remembered-set count="15144" />
  </mem-info>
</gc-start>
<allocation-stats totalBytes="173776912" >
  <allocated-bytes non-tlh="3166320" tlh="170610592" />
  <largest-consumer threadName="Default Executor-thread-21" threadId="000000000186AC00" bytes="157205568" />
</allocation-stats>
<gc-op id="151" type="scavenge" timems="22.031" contextid="148" timestamp="2023-06-02T09:09:18.672">
  <scavenger-info tenureage="3" tenuremask="7ff8" tiltratio="80" />
  <memory-copied type="nursery" objects="323898" bytes="46790800" bytesdiscarded="440048" />
  <memory-copied type="tenure" objects="78578" bytes="3485032" bytesdiscarded="2456" />
  <finalization candidates="16228" enqueued="15605" />
  <ownableSynchronizers candidates="709" cleared="160" />
  <references type="soft" candidates="3161" cleared="0" enqueued="0" dynamicThreshold="32" maxThreshold="32" />
  <references type="weak" candidates="1336" cleared="18" enqueued="18" />
  <references type="phantom" candidates="8" cleared="0" enqueued="0" />
</gc-op>
<gc-end id="152" type="scavenge" contextid="148" durationms="22.578" usertimems="156.250" systemtimems="0.000" timestamp="2023-06-02T09:09:18.672" activeThreads="16">
  <mem-info id="153" free="912135704" total="1073741824" percent="84">
    <mem type="nursery" free="160747512" total="268435456" percent="59">
      <mem type="allocate" free="160747512" total="208076800" percent="77" />
      <mem type="survivor" free="0" total="60358656" percent="0" />
    </mem>
    <mem type="tenure" free="751388192" total="805306368" percent="93" macro-fragmented="502401">
      <mem type="soa" free="711122464" total="765040640" percent="92" />
      <mem type="loa" free="40265728" total="40265728" percent="100" />
    </mem>
    <pending-finalizers system="10587" default="5018" reference="18" classloader="0" />
    <remembered-set count="13989" />
  </mem-info>
</gc-end>
<cycle-end id="154" type="scavenge" contextid="148" timestamp="2023-06-02T09:09:18.673" />
<allocation-satisfied id="155" threadId="000000000186AC00" bytesRequested="1392" />
<af-end id="156" timestamp="2023-06-02T09:09:18.673" threadId="000000000186B580" success="true" from="nursery"/>
<exclusive-end id="157" timestamp="2023-06-02T09:09:18.673" durationms="24.593" />

<exclusive-start id="158" timestamp="2023-06-02T09:09:19.325" intervalms="675.907">
  <response-info timems="0.079" idlems="0.079" threads="0" lastid="000000000186AC00" lastname="Default Executor-thread-21" />
</exclusive-start>
<af-start id="159" threadId="000000000186B580" totalBytesRequested="4104" timestamp="2023-06-02T09:09:19.325" intervalms="675.836" type="nursery" />
<cycle-start id="160" type="scavenge" contextid="0" timestamp="2023-06-02T09:09:19.325" intervalms="675.804" />
<gc-start id="161" type="scavenge" contextid="160" timestamp="2023-06-02T09:09:19.325">
  <mem-info id="162" free="751387896" total="1073741824" percent="69">
    <mem type="nursery" free="0" total="268435456" percent="0">
      <mem type="allocate" free="0" total="208076800" percent="0" />
      <mem type="survivor" free="0" total="60358656" percent="0" />
    </mem>
    <mem type="tenure" free="751387896" total="805306368" percent="93">
      <mem type="soa" free="711122168" total="765040640" percent="92" />
      <mem type="loa" free="40265728" total="40265728" percent="100" />
    </mem>
    <remembered-set count="15157" />
  </mem-info>
</gc-start>
<allocation-stats totalBytes="160355752" >
  <allocated-bytes non-tlh="2933800" tlh="157421952" />
  <largest-consumer threadName="Default Executor-thread-21" threadId="000000000186AC00" bytes="145205872" />
</allocation-stats>
<gc-op id="163" type="scavenge" timems="19.828" contextid="160" timestamp="2023-06-02T09:09:19.344">
  <scavenger-info tenureage="3" tenuremask="7ff8" tiltratio="77" />
  <memory-copied type="nursery" objects="313479" bytes="44605728" bytesdiscarded="374560" />
  <memory-copied type="tenure" objects="72107" bytes="3467960" bytesdiscarded="3112" />
  <finalization candidates="13268" enqueued="12859" />
  <ownableSynchronizers candidates="643" cleared="186" />
  <references type="soft" candidates="2694" cleared="0" enqueued="0" dynamicThreshold="32" maxThreshold="32" />
  <references type="weak" candidates="739" cleared="7" enqueued="7" />
  <references type="phantom" candidates="8" cleared="0" enqueued="0" />
</gc-op>
<gc-end id="164" type="scavenge" contextid="160" durationms="20.198" usertimems="156.250" systemtimems="0.000" timestamp="2023-06-02T09:09:19.345" activeThreads="16">
  <mem-info id="165" free="912348376" total="1073741824" percent="84">
    <mem type="nursery" free="163866288" total="268435456" percent="61">
      <mem type="allocate" free="163866288" total="208928768" percent="78" />
      <mem type="survivor" free="0" total="59506688" percent="0" />
    </mem>
    <mem type="tenure" free="748482088" total="805306368" percent="92" macro-fragmented="0">
      <mem type="soa" free="708216360" total="765040640" percent="92" />
      <mem type="loa" free="40265728" total="40265728" percent="100" />
    </mem>
    <pending-finalizers system="8752" default="4107" reference="7" classloader="0" />
    <remembered-set count="9746" />
  </mem-info>
</gc-end>
<cycle-end id="166" type="scavenge" contextid="160" timestamp="2023-06-02T09:09:19.346" />
<allocation-satisfied id="167" threadId="000000000186AC00" bytesRequested="4104" />
<af-end id="168" timestamp="2023-06-02T09:09:19.346" threadId="000000000186B580" success="true" from="nursery"/>
<exclusive-end id="169" timestamp="2023-06-02T09:09:19.346" durationms="21.091" />

<exclusive-start id="170" timestamp="2023-06-02T09:09:20.197" intervalms="871.812">
  <response-info timems="0.090" idlems="0.090" threads="0" lastid="000000000186AC00" lastname="Default Executor-thread-21" />
</exclusive-start>
<af-start id="171" threadId="000000000186B580" totalBytesRequested="32" timestamp="2023-06-02T09:09:20.197" intervalms="871.817" type="nursery" />
<cycle-start id="172" type="scavenge" contextid="0" timestamp="2023-06-02T09:09:20.197" intervalms="871.831" />
<gc-start id="173" type="scavenge" contextid="172" timestamp="2023-06-02T09:09:20.197">
  <mem-info id="174" free="748482088" total="1073741824" percent="69">
    <mem type="nursery" free="0" total="268435456" percent="0">
      <mem type="allocate" free="0" total="208928768" percent="0" />
      <mem type="survivor" free="0" total="59506688" percent="0" />
    </mem>
    <mem type="tenure" free="748482088" total="805306368" percent="92">
      <mem type="soa" free="708216360" total="765040640" percent="92" />
      <mem type="loa" free="40265728" total="40265728" percent="100" />
    </mem>
    <remembered-set count="12247" />
  </mem-info>
</gc-start>
<allocation-stats totalBytes="163707136" >
  <allocated-bytes non-tlh="17171984" tlh="146535152" />
  <largest-consumer threadName="Default Executor-thread-21" threadId="000000000186AC00" bytes="154666752" />
</allocation-stats>
<gc-op id="175" type="scavenge" timems="24.598" contextid="172" timestamp="2023-06-02T09:09:20.221">
  <scavenger-info tenureage="3" tenuremask="7ff8" tiltratio="77" />
  <memory-copied type="nursery" objects="320991" bytes="43087352" bytesdiscarded="383144" />
  <memory-copied type="tenure" objects="101180" bytes="6724336" bytesdiscarded="4656" />
  <finalization candidates="13013" enqueued="12520" />
  <ownableSynchronizers candidates="602" cleared="174" />
  <references type="soft" candidates="17" cleared="0" enqueued="0" dynamicThreshold="32" maxThreshold="32" />
  <references type="weak" candidates="42" cleared="4" enqueued="4" />
</gc-op>
<gc-end id="176" type="scavenge" contextid="172" durationms="25.321" usertimems="78.125" systemtimems="0.000" timestamp="2023-06-02T09:09:20.222" activeThreads="16">
  <mem-info id="177" free="908161984" total="1073741824" percent="84">
    <mem type="nursery" free="166563528" total="268435456" percent="62">
      <mem type="allocate" free="166563528" total="210108416" percent="79" />
      <mem type="survivor" free="0" total="58327040" percent="0" />
    </mem>
    <mem type="tenure" free="741598456" total="805306368" percent="92" macro-fragmented="0">
      <mem type="soa" free="701332728" total="765040640" percent="91" />
      <mem type="loa" free="40265728" total="40265728" percent="100" />
    </mem>
    <pending-finalizers system="8485" default="4035" reference="4" classloader="0" />
    <remembered-set count="9812" />
  </mem-info>
</gc-end>
<cycle-end id="178" type="scavenge" contextid="172" timestamp="2023-06-02T09:09:20.223" />
<allocation-satisfied id="179" threadId="000000000186AC00" bytesRequested="32" />
<af-end id="180" timestamp="2023-06-02T09:09:20.223" threadId="000000000186B580" success="true" from="nursery"/>
<exclusive-end id="181" timestamp="2023-06-02T09:09:20.223" durationms="27.493" />

<exclusive-start id="182" timestamp="2023-06-02T09:09:21.690" intervalms="1493.633">
  <response-info timems="0.318" idlems="0.318" threads="0" lastid="000000000186AC00" lastname="Default Executor-thread-21" />
</exclusive-start>
<af-start id="183" threadId="000000000186B580" totalBytesRequested="11592" timestamp="2023-06-02T09:09:21.691" intervalms="1493.960" type="nursery" />
<cycle-start id="184" type="scavenge" contextid="0" timestamp="2023-06-02T09:09:21.691" intervalms="1494.008" />
<gc-start id="185" type="scavenge" contextid="184" timestamp="2023-06-02T09:09:21.692">
  <mem-info id="186" free="741488656" total="1073741824" percent="69">
    <mem type="nursery" free="0" total="268435456" percent="0">
      <mem type="allocate" free="0" total="210108416" percent="0" />
      <mem type="survivor" free="0" total="58327040" percent="0" />
    </mem>
    <mem type="tenure" free="741488656" total="805306368" percent="92">
      <mem type="soa" free="701222928" total="765040640" percent="91" />
      <mem type="loa" free="40265728" total="40265728" percent="100" />
    </mem>
    <remembered-set count="12089" />
  </mem-info>
</gc-start>
<allocation-stats totalBytes="166306184" >
  <allocated-bytes non-tlh="6540672" tlh="159765512" />
  <largest-consumer threadName="Default Executor-thread-21" threadId="000000000186AC00" bytes="146871040" />
</allocation-stats>
<gc-op id="187" type="scavenge" timems="21.237" contextid="184" timestamp="2023-06-02T09:09:21.713">
  <scavenger-info tenureage="3" tenuremask="7ff8" tiltratio="78" />
  <memory-copied type="nursery" objects="275850" bytes="26534560" bytesdiscarded="349048" />
  <memory-copied type="tenure" objects="81721" bytes="4626872" bytesdiscarded="6656" />
  <finalization candidates="6336" enqueued="5792" />
  <ownableSynchronizers candidates="648" cleared="338" />
  <references type="soft" candidates="1282" cleared="0" enqueued="0" dynamicThreshold="32" maxThreshold="32" />
  <references type="weak" candidates="2785" cleared="2454" enqueued="2443" />
</gc-op>
<gc-end id="188" type="scavenge" contextid="184" durationms="21.676" usertimems="109.375" systemtimems="15.625" timestamp="2023-06-02T09:09:21.713" activeThreads="16">
  <mem-info id="189" free="921470784" total="1073741824" percent="85">
    <mem type="nursery" free="184508056" total="268435456" percent="68">
      <mem type="allocate" free="184508056" total="211419136" percent="87" />
      <mem type="survivor" free="0" total="57016320" percent="0" />
    </mem>
    <mem type="tenure" free="736962728" total="805306368" percent="91" macro-fragmented="0">
      <mem type="soa" free="696697000" total="765040640" percent="91" />
      <mem type="loa" free="40265728" total="40265728" percent="100" />
    </mem>
    <pending-finalizers system="4555" default="1237" reference="2443" classloader="0" />
    <remembered-set count="11670" />
  </mem-info>
</gc-end>
<cycle-end id="190" type="scavenge" contextid="184" timestamp="2023-06-02T09:09:21.714" />
<allocation-satisfied id="191" threadId="000000000186AC00" bytesRequested="11592" />
<af-end id="192" timestamp="2023-06-02T09:09:21.714" threadId="000000000186B580" success="true" from="nursery"/>
<exclusive-end id="193" timestamp="2023-06-02T09:09:21.714" durationms="24.473" />

<exclusive-start id="194" timestamp="2023-06-02T09:09:24.607" intervalms="2917.274">
  <response-info timems="0.056" idlems="0.056" threads="0" lastid="000000000186AC00" lastname="Default Executor-thread-21" />
</exclusive-start>
<af-start id="195" threadId="000000000186B580" totalBytesRequested="16" timestamp="2023-06-02T09:09:24.608" intervalms="2916.976" type="nursery" />
<cycle-start id="196" type="scavenge" contextid="0" timestamp="2023-06-02T09:09:24.608" intervalms="2916.942" />
<gc-start id="197" type="scavenge" contextid="196" timestamp="2023-06-02T09:09:24.608">
  <mem-info id="198" free="736415560" total="1073741824" percent="68">
    <mem type="nursery" free="0" total="268435456" percent="0">
      <mem type="allocate" free="0" total="211419136" percent="0" />
      <mem type="survivor" free="0" total="57016320" percent="0" />
    </mem>
    <mem type="tenure" free="736415560" total="805306368" percent="91">
      <mem type="soa" free="696149832" total="765040640" percent="90" />
      <mem type="loa" free="40265728" total="40265728" percent="100" />
    </mem>
    <remembered-set count="19546" />
  </mem-info>
</gc-start>
<allocation-stats totalBytes="184067320" >
  <allocated-bytes non-tlh="4975328" tlh="179091992" />
  <largest-consumer threadName="Default Executor-thread-21" threadId="000000000186AC00" bytes="143188600" />
</allocation-stats>
<gc-op id="199" type="scavenge" timems="15.155" contextid="196" timestamp="2023-06-02T09:09:24.623">
  <scavenger-info tenureage="3" tenuremask="7ff8" tiltratio="78" />
  <memory-copied type="nursery" objects="338478" bytes="42049464" bytesdiscarded="221440" />
  <memory-copied type="tenure" objects="73897" bytes="4351184" bytesdiscarded="5416" />
  <finalization candidates="9031" enqueued="8246" />
  <ownableSynchronizers candidates="1559" cleared="758" />
  <references type="soft" candidates="2341" cleared="0" enqueued="0" dynamicThreshold="32" maxThreshold="32" />
  <references type="weak" candidates="8350" cleared="7152" enqueued="7127" />
  <references type="phantom" candidates="5" cleared="0" enqueued="0" />
</gc-op>
<gc-end id="200" type="scavenge" contextid="196" durationms="15.479" usertimems="15.625" systemtimems="0.000" timestamp="2023-06-02T09:09:24.623" activeThreads="16">
  <mem-info id="201" free="891074248" total="1073741824" percent="82">
    <mem type="nursery" free="159407192" total="268435456" percent="59">
      <mem type="allocate" free="159407192" total="201719808" percent="79" />
      <mem type="survivor" free="0" total="66715648" percent="0" />
    </mem>
    <mem type="tenure" free="731667056" total="805306368" percent="90" macro-fragmented="0">
      <mem type="soa" free="691401328" total="765040640" percent="90" />
      <mem type="loa" free="40265728" total="40265728" percent="100" />
    </mem>
    <pending-finalizers system="5830" default="2416" reference="7127" classloader="0" />
    <remembered-set count="18787" />
  </mem-info>
</gc-end>
<cycle-end id="202" type="scavenge" contextid="196" timestamp="2023-06-02T09:09:24.624" />
<allocation-satisfied id="203" threadId="000000000186AC00" bytesRequested="16" />
<af-end id="204" timestamp="2023-06-02T09:09:24.624" threadId="000000000186B580" success="true" from="nursery"/>
<exclusive-end id="205" timestamp="2023-06-02T09:09:24.624" durationms="16.890" />

<exclusive-start id="206" timestamp="2023-06-02T09:09:26.771" intervalms="2164.136">
  <response-info timems="0.074" idlems="0.074" threads="0" lastid="000000000186D100" lastname="Default Executor-thread-12" />
</exclusive-start>
<af-start id="207" threadId="000000000186DA80" totalBytesRequested="32" timestamp="2023-06-02T09:09:26.771" intervalms="2164.117" type="nursery" />
<cycle-start id="208" type="scavenge" contextid="0" timestamp="2023-06-02T09:09:26.771" intervalms="2164.133" />
<gc-start id="209" type="scavenge" contextid="208" timestamp="2023-06-02T09:09:26.772">
  <mem-info id="210" free="731641568" total="1073741824" percent="68">
    <mem type="nursery" free="0" total="268435456" percent="0">
      <mem type="allocate" free="0" total="201719808" percent="0" />
      <mem type="survivor" free="0" total="66715648" percent="0" />
    </mem>
    <mem type="tenure" free="731641568" total="805306368" percent="90">
      <mem type="soa" free="691375840" total="765040640" percent="90" />
      <mem type="loa" free="40265728" total="40265728" percent="100" />
    </mem>
    <remembered-set count="29457" />
  </mem-info>
</gc-start>
<allocation-stats totalBytes="159205624" >
  <allocated-bytes non-tlh="769064" tlh="158436560" />
  <largest-consumer threadName="ClassloaderMapProcessingThread-21" threadId="0000000001E16A00" bytes="98418160" />
</allocation-stats>
<gc-op id="211" type="scavenge" timems="14.603" contextid="208" timestamp="2023-06-02T09:09:26.786">
  <scavenger-info tenureage="3" tenuremask="7ff8" tiltratio="75" />
  <memory-copied type="nursery" objects="326794" bytes="25484168" bytesdiscarded="318304" />
  <memory-copied type="tenure" objects="74067" bytes="7305712" bytesdiscarded="4704" />
  <finalization candidates="3617" enqueued="2600" />
  <ownableSynchronizers candidates="1614" cleared="686" />
  <references type="soft" candidates="2341" cleared="0" enqueued="0" dynamicThreshold="32" maxThreshold="32" />
  <references type="weak" candidates="1691" cleared="502" enqueued="502" />
  <references type="phantom" candidates="5" cleared="0" enqueued="0" />
</gc-op>
<gc-end id="212" type="scavenge" contextid="208" durationms="15.142" usertimems="78.125" systemtimems="0.000" timestamp="2023-06-02T09:09:26.786" activeThreads="16">
  <mem-info id="213" free="903961040" total="1073741824" percent="84">
    <mem type="nursery" free="179160616" total="268435456" percent="66">
      <mem type="allocate" free="179160616" total="204996608" percent="87" />
      <mem type="survivor" free="0" total="63438848" percent="0" />
    </mem>
    <mem type="tenure" free="724800424" total="805306368" percent="90" macro-fragmented="418667">
      <mem type="soa" free="684534696" total="765040640" percent="89" />
      <mem type="loa" free="40265728" total="40265728" percent="100" />
    </mem>
    <pending-finalizers system="2247" default="353" reference="502" classloader="0" />
    <remembered-set count="24932" />
  </mem-info>
</gc-end>
<cycle-end id="214" type="scavenge" contextid="208" timestamp="2023-06-02T09:09:26.788" />
<allocation-satisfied id="215" threadId="000000000186D100" bytesRequested="32" />
<af-end id="216" timestamp="2023-06-02T09:09:26.788" threadId="000000000186DA80" success="true" from="nursery"/>
<exclusive-end id="217" timestamp="2023-06-02T09:09:26.788" durationms="16.683" />

<exclusive-start id="218" timestamp="2023-06-02T09:09:28.826" intervalms="2054.746">
  <response-info timems="0.086" idlems="0.086" threads="0" lastid="0000000002B94C00" lastname="Launch callback handler" />
</exclusive-start>
<af-start id="219" threadId="0000000002B95580" totalBytesRequested="96" timestamp="2023-06-02T09:09:28.826" intervalms="2054.760" type="nursery" />
<cycle-start id="220" type="scavenge" contextid="0" timestamp="2023-06-02T09:09:28.826" intervalms="2054.742" />
<gc-start id="221" type="scavenge" contextid="220" timestamp="2023-06-02T09:09:28.827">
  <mem-info id="222" free="724305408" total="1073741824" percent="67">
    <mem type="nursery" free="0" total="268435456" percent="0">
      <mem type="allocate" free="0" total="204996608" percent="0" />
      <mem type="survivor" free="0" total="63438848" percent="0" />
    </mem>
    <mem type="tenure" free="724305408" total="805306368" percent="89">
      <mem type="soa" free="684039680" total="765040640" percent="89" />
      <mem type="loa" free="40265728" total="40265728" percent="100" />
    </mem>
    <remembered-set count="31229" />
  </mem-info>
</gc-start>
<allocation-stats totalBytes="179439552" >
  <allocated-bytes non-tlh="4606312" tlh="174833240" />
  <largest-consumer threadName="Default Executor-thread-21" threadId="000000000186AC00" bytes="67424160" />
</allocation-stats>
<gc-op id="223" type="scavenge" timems="16.250" contextid="220" timestamp="2023-06-02T09:09:28.843">
  <scavenger-info tenureage="3" tenuremask="7ff8" tiltratio="76" />
  <memory-copied type="nursery" objects="425785" bytes="39568304" bytesdiscarded="374120" />
  <memory-copied type="tenure" objects="77878" bytes="5765256" bytesdiscarded="3056" />
  <finalization candidates="9832" enqueued="8645" />
  <ownableSynchronizers candidates="1976" cleared="692" />
  <references type="soft" candidates="1885" cleared="0" enqueued="0" dynamicThreshold="32" maxThreshold="32" />
  <references type="weak" candidates="8124" cleared="6772" enqueued="6759" />
  <references type="phantom" candidates="15" cleared="0" enqueued="0" />
</gc-op>
<gc-end id="224" type="scavenge" contextid="220" durationms="16.625" usertimems="46.875" systemtimems="0.000" timestamp="2023-06-02T09:09:28.844" activeThreads="16">
  <mem-info id="225" free="882292656" total="1073741824" percent="82">
    <mem type="nursery" free="164211480" total="268435456" percent="61">
      <mem type="allocate" free="164211480" total="204210176" percent="80" />
      <mem type="survivor" free="0" total="64225280" percent="0" />
    </mem>
    <mem type="tenure" free="718081176" total="805306368" percent="89" macro-fragmented="2160235">
      <mem type="soa" free="677815448" total="765040640" percent="88" />
      <mem type="loa" free="40265728" total="40265728" percent="100" />
    </mem>
    <pending-finalizers system="6129" default="2516" reference="6759" classloader="0" />
    <remembered-set count="21232" />
  </mem-info>
</gc-end>
<cycle-end id="226" type="scavenge" contextid="220" timestamp="2023-06-02T09:09:28.844" />
<allocation-satisfied id="227" threadId="0000000002B94C00" bytesRequested="96" />
<af-end id="228" timestamp="2023-06-02T09:09:28.844" threadId="0000000002B95580" success="true" from="nursery"/>
<exclusive-end id="229" timestamp="2023-06-02T09:09:28.844" durationms="18.080" />

<exclusive-start id="230" timestamp="2023-06-02T09:09:35.927" intervalms="7100.506">
  <response-info timems="0.079" idlems="0.079" threads="0" lastid="000000000186D100" lastname="Default Executor-thread-12" />
</exclusive-start>
<af-start id="231" threadId="000000000186DA80" totalBytesRequested="3152" timestamp="2023-06-02T09:09:35.927" intervalms="7100.503" type="nursery" />
<cycle-start id="232" type="scavenge" contextid="0" timestamp="2023-06-02T09:09:35.927" intervalms="7100.485" />
<gc-start id="233" type="scavenge" contextid="232" timestamp="2023-06-02T09:09:35.927">
  <mem-info id="234" free="717989048" total="1073741824" percent="66">
    <mem type="nursery" free="0" total="268435456" percent="0">
      <mem type="allocate" free="0" total="204210176" percent="0" />
      <mem type="survivor" free="0" total="64225280" percent="0" />
    </mem>
    <mem type="tenure" free="717989048" total="805306368" percent="89">
      <mem type="soa" free="677723320" total="765040640" percent="88" />
      <mem type="loa" free="40265728" total="40265728" percent="100" />
    </mem>
    <remembered-set count="24100" />
  </mem-info>
</gc-start>
<allocation-stats totalBytes="163924072" >
  <allocated-bytes non-tlh="1380032" tlh="162544040" />
  <largest-consumer threadName="Default Executor-thread-12" threadId="000000000186D100" bytes="50266368" />
</allocation-stats>
<gc-op id="235" type="scavenge" timems="23.737" contextid="232" timestamp="2023-06-02T09:09:35.951">
  <scavenger-info tenureage="3" tenuremask="7ff8" tiltratio="76" />
  <memory-copied type="nursery" objects="548211" bytes="33610160" bytesdiscarded="416192" />
  <memory-copied type="tenure" objects="120360" bytes="11860536" bytesdiscarded="7016" />
  <finalization candidates="10373" enqueued="8874" />
  <ownableSynchronizers candidates="3426" cleared="1762" />
  <references type="soft" candidates="950" cleared="0" enqueued="0" dynamicThreshold="32" maxThreshold="32" />
  <references type="weak" candidates="2095" cleared="1574" enqueued="1573" />
  <references type="phantom" candidates="27" cleared="0" enqueued="0" />
</gc-op>
<gc-end id="236" type="scavenge" contextid="232" durationms="24.137" usertimems="218.750" systemtimems="15.625" timestamp="2023-06-02T09:09:35.951" activeThreads="16">
  <mem-info id="237" free="879300992" total="1073741824" percent="81">
    <mem type="nursery" free="173447576" total="268435456" percent="64">
      <mem type="allocate" free="173447576" total="207552512" percent="83" />
      <mem type="survivor" free="0" total="60882944" percent="0" />
    </mem>
    <mem type="tenure" free="705853416" total="805306368" percent="87" macro-fragmented="140211">
      <mem type="soa" free="665587688" total="765040640" percent="87" />
      <mem type="loa" free="40265728" total="40265728" percent="100" />
    </mem>
    <pending-finalizers system="7728" default="1146" reference="1573" classloader="0" />
    <remembered-set count="21326" />
  </mem-info>
</gc-end>
<cycle-end id="238" type="scavenge" contextid="232" timestamp="2023-06-02T09:09:35.952" />
<allocation-satisfied id="239" threadId="000000000186D100" bytesRequested="3152" />
<af-end id="240" timestamp="2023-06-02T09:09:35.952" threadId="000000000186DA80" success="true" from="nursery"/>
<exclusive-end id="241" timestamp="2023-06-02T09:09:35.952" durationms="25.707" />

<exclusive-start id="242" timestamp="2023-06-02T09:09:45.408" intervalms="9481.259">
  <response-info timems="0.142" idlems="0.142" threads="0" lastid="000000000384E900" lastname="Start Level Event Dispatcher" />
</exclusive-start>
<af-start id="243" threadId="000000000384F280" totalBytesRequested="8200" timestamp="2023-06-02T09:09:45.408" intervalms="9481.298" type="nursery" />
<cycle-start id="244" type="scavenge" contextid="0" timestamp="2023-06-02T09:09:45.409" intervalms="9481.357" />
<gc-start id="245" type="scavenge" contextid="244" timestamp="2023-06-02T09:09:45.409">
  <mem-info id="246" free="705816376" total="1073741824" percent="65">
    <mem type="nursery" free="0" total="268435456" percent="0">
      <mem type="allocate" free="0" total="207552512" percent="0" />
      <mem type="survivor" free="0" total="60882944" percent="0" />
    </mem>
    <mem type="tenure" free="705816376" total="805306368" percent="87">
      <mem type="soa" free="665550648" total="765040640" percent="86" />
      <mem type="loa" free="40265728" total="40265728" percent="100" />
    </mem>
    <remembered-set count="24879" />
  </mem-info>
</gc-start>
<allocation-stats totalBytes="173189272" >
  <allocated-bytes non-tlh="1011224" tlh="172178048" />
  <largest-consumer threadName="Start Level Event Dispatcher" threadId="000000000384E900" bytes="29177856" />
</allocation-stats>
<gc-op id="247" type="scavenge" timems="20.860" contextid="244" timestamp="2023-06-02T09:09:45.430">
  <scavenger-info tenureage="3" tenuremask="7ff8" tiltratio="77" />
  <memory-copied type="nursery" objects="704425" bytes="43121176" bytesdiscarded="280824" />
  <memory-copied type="tenure" objects="106738" bytes="4266272" bytesdiscarded="2168" />
  <finalization candidates="9090" enqueued="6974" />
  <ownableSynchronizers candidates="4119" cleared="2417" />
  <references type="soft" candidates="1014" cleared="0" enqueued="0" dynamicThreshold="32" maxThreshold="32" />
  <references type="weak" candidates="869" cleared="262" enqueued="262" />
  <references type="phantom" candidates="29" cleared="0" enqueued="0" />
</gc-op>
<gc-end id="248" type="scavenge" contextid="244" durationms="21.259" usertimems="171.875" systemtimems="15.625" timestamp="2023-06-02T09:09:45.430" activeThreads="16">
  <mem-info id="249" free="863746272" total="1073741824" percent="80">
    <mem type="nursery" free="162211072" total="268435456" percent="60">
      <mem type="allocate" free="162211072" total="205717504" percent="78" />
      <mem type="survivor" free="0" total="62717952" percent="0" />
    </mem>
    <mem type="tenure" free="701535200" total="805306368" percent="87" macro-fragmented="290741">
      <mem type="soa" free="661269472" total="765040640" percent="86" />
      <mem type="loa" free="40265728" total="40265728" percent="100" />
    </mem>
    <pending-finalizers system="6550" default="424" reference="262" classloader="0" />
    <remembered-set count="11558" />
  </mem-info>
</gc-end>
<cycle-end id="250" type="scavenge" contextid="244" timestamp="2023-06-02T09:09:45.432" />
<allocation-satisfied id="251" threadId="000000000384E900" bytesRequested="8200" />
<af-end id="252" timestamp="2023-06-02T09:09:45.432" threadId="000000000384F280" success="true" from="nursery"/>
<exclusive-end id="253" timestamp="2023-06-02T09:09:45.432" durationms="23.781" />

<exclusive-start id="254" timestamp="2023-06-02T09:09:46.624" intervalms="1216.609">
  <response-info timems="0.146" idlems="0.146" threads="0" lastid="0000000002B23900" lastname="Launch callback handler" />
</exclusive-start>
<af-start id="255" threadId="0000000002B24280" totalBytesRequested="72" timestamp="2023-06-02T09:09:46.625" intervalms="1216.585" type="nursery" />
<cycle-start id="256" type="scavenge" contextid="0" timestamp="2023-06-02T09:09:46.625" intervalms="1216.541" />
<gc-start id="257" type="scavenge" contextid="256" timestamp="2023-06-02T09:09:46.625">
  <mem-info id="258" free="701511040" total="1073741824" percent="65">
    <mem type="nursery" free="0" total="268435456" percent="0">
      <mem type="allocate" free="0" total="205717504" percent="0" />
      <mem type="survivor" free="0" total="62717952" percent="0" />
    </mem>
    <mem type="tenure" free="701511040" total="805306368" percent="87">
      <mem type="soa" free="661245312" total="765040640" percent="86" />
      <mem type="loa" free="40265728" total="40265728" percent="100" />
    </mem>
    <remembered-set count="84518" />
  </mem-info>
</gc-start>
<allocation-stats totalBytes="161987664" >
  <allocated-bytes non-tlh="348256" tlh="161639408" />
  <largest-consumer threadName="Launch callback handler" threadId="0000000002B23900" bytes="79527016" />
</allocation-stats>
<gc-op id="259" type="scavenge" timems="24.400" contextid="256" timestamp="2023-06-02T09:09:46.649">
  <scavenger-info tenureage="3" tenuremask="7ff8" tiltratio="76" />
  <memory-copied type="nursery" objects="876858" bytes="32894360" bytesdiscarded="452968" />
  <memory-copied type="tenure" objects="119621" bytes="7070896" bytesdiscarded="3896" />
  <finalization candidates="2935" enqueued="982" />
  <ownableSynchronizers candidates="1748" cleared="177" />
  <references type="soft" candidates="202" cleared="0" enqueued="0" dynamicThreshold="32" maxThreshold="32" />
  <references type="weak" candidates="289" cleared="126" enqueued="126" />
  <references type="phantom" candidates="20" cleared="0" enqueued="0" />
</gc-op>
<gc-end id="260" type="scavenge" contextid="256" durationms="24.804" usertimems="218.750" systemtimems="0.000" timestamp="2023-06-02T09:09:46.650" activeThreads="16">
  <mem-info id="261" free="868687712" total="1073741824" percent="80">
    <mem type="nursery" free="174352448" total="268435456" percent="64">
      <mem type="allocate" free="174352448" total="207880192" percent="83" />
      <mem type="survivor" free="0" total="60555264" percent="0" />
    </mem>
    <mem type="tenure" free="694335264" total="805306368" percent="86" macro-fragmented="0">
      <mem type="soa" free="654069536" total="765040640" percent="85" />
      <mem type="loa" free="40265728" total="40265728" percent="100" />
    </mem>
    <pending-finalizers system="946" default="36" reference="126" classloader="0" />
    <remembered-set count="90962" />
  </mem-info>
</gc-end>
<cycle-end id="262" type="scavenge" contextid="256" timestamp="2023-06-02T09:09:46.650" />
<allocation-satisfied id="263" threadId="0000000002B23900" bytesRequested="72" />
<af-end id="264" timestamp="2023-06-02T09:09:46.650" threadId="0000000002B24280" success="true" from="nursery"/>
<exclusive-end id="265" timestamp="2023-06-02T09:09:46.650" durationms="25.920" />

<exclusive-start id="266" timestamp="2023-06-02T09:09:47.037" intervalms="412.499">
  <response-info timems="0.246" idlems="0.246" threads="0" lastid="0000000002B23900" lastname="Launch callback handler" />
</exclusive-start>
<af-start id="267" threadId="0000000002B24280" totalBytesRequested="48" timestamp="2023-06-02T09:09:47.038" intervalms="412.725" type="nursery" />
<cycle-start id="268" type="scavenge" contextid="0" timestamp="2023-06-02T09:09:47.038" intervalms="412.739" />
<gc-start id="269" type="scavenge" contextid="268" timestamp="2023-06-02T09:09:47.038">
  <mem-info id="270" free="694320784" total="1073741824" percent="64">
    <mem type="nursery" free="0" total="268435456" percent="0">
      <mem type="allocate" free="0" total="207880192" percent="0" />
      <mem type="survivor" free="0" total="60555264" percent="0" />
    </mem>
    <mem type="tenure" free="694320784" total="805306368" percent="86">
      <mem type="soa" free="654055056" total="765040640" percent="85" />
      <mem type="loa" free="40265728" total="40265728" percent="100" />
    </mem>
    <remembered-set count="91485" />
  </mem-info>
</gc-start>
<allocation-stats totalBytes="174243792" >
  <allocated-bytes non-tlh="14552" tlh="174229240" />
  <largest-consumer threadName="Launch callback handler" threadId="0000000002B23900" bytes="100737240" />
</allocation-stats>
<gc-op id="271" type="scavenge" timems="18.152" contextid="268" timestamp="2023-06-02T09:09:47.056">
  <scavenger-info tenureage="3" tenuremask="7ff8" tiltratio="77" />
  <memory-copied type="nursery" objects="666942" bytes="22425080" bytesdiscarded="275024" />
  <memory-copied type="tenure" objects="247715" bytes="10585688" bytesdiscarded="5456" />
  <finalization candidates="2435" enqueued="607" />
  <ownableSynchronizers candidates="1246" cleared="66" />
  <references type="soft" candidates="633" cleared="0" enqueued="0" dynamicThreshold="32" maxThreshold="32" />
  <references type="weak" candidates="243" cleared="124" enqueued="124" />
  <references type="phantom" candidates="2" cleared="0" enqueued="0" />
</gc-op>
<gc-end id="272" type="scavenge" contextid="268" durationms="18.605" usertimems="93.750" systemtimems="31.250" timestamp="2023-06-02T09:09:47.057" activeThreads="16">
  <mem-info id="273" free="873792472" total="1073741824" percent="81">
    <mem type="nursery" free="189322344" total="268435456" percent="70">
      <mem type="allocate" free="189322344" total="212074496" percent="89" />
      <mem type="survivor" free="0" total="56360960" percent="0" />
    </mem>
    <mem type="tenure" free="684470128" total="805306368" percent="84" macro-fragmented="32608">
      <mem type="soa" free="644204400" total="765040640" percent="84" />
      <mem type="loa" free="40265728" total="40265728" percent="100" />
    </mem>
    <pending-finalizers system="589" default="18" reference="124" classloader="0" />
    <remembered-set count="147808" />
  </mem-info>
</gc-end>
<cycle-end id="274" type="scavenge" contextid="268" timestamp="2023-06-02T09:09:47.057" />
<allocation-satisfied id="275" threadId="0000000002B23900" bytesRequested="48" />
<af-end id="276" timestamp="2023-06-02T09:09:47.057" threadId="0000000002B24280" success="true" from="nursery"/>
<exclusive-end id="277" timestamp="2023-06-02T09:09:47.057" durationms="20.190" />

<exclusive-start id="278" timestamp="2023-06-02T09:09:47.265" intervalms="228.053">
  <response-info timems="0.123" idlems="0.123" threads="0" lastid="0000000002B94C00" lastname="Launch callback handler" />
</exclusive-start>
<af-start id="279" threadId="0000000002B95580" totalBytesRequested="24" timestamp="2023-06-02T09:09:47.265" intervalms="227.875" type="nursery" />
<cycle-start id="280" type="scavenge" contextid="0" timestamp="2023-06-02T09:09:47.266" intervalms="227.978" />
<gc-start id="281" type="scavenge" contextid="280" timestamp="2023-06-02T09:09:47.266">
  <mem-info id="282" free="684458104" total="1073741824" percent="63">
    <mem type="nursery" free="0" total="268435456" percent="0">
      <mem type="allocate" free="0" total="212074496" percent="0" />
      <mem type="survivor" free="0" total="56360960" percent="0" />
    </mem>
    <mem type="tenure" free="684458104" total="805306368" percent="84">
      <mem type="soa" free="644192376" total="765040640" percent="84" />
      <mem type="loa" free="40265728" total="40265728" percent="100" />
    </mem>
    <remembered-set count="148193" />
  </mem-info>
</gc-start>
<allocation-stats totalBytes="189232456" >
  <allocated-bytes non-tlh="28464" tlh="189203992" />
  <largest-consumer threadName="Launch callback handler" threadId="0000000002B94C00" bytes="95966592" />
</allocation-stats>
<gc-op id="283" type="scavenge" timems="13.780" contextid="280" timestamp="2023-06-02T09:09:47.280">
  <scavenger-info tenureage="3" tenuremask="7ff8" tiltratio="79" />
  <memory-copied type="nursery" objects="367361" bytes="9602216" bytesdiscarded="251888" />
  <memory-copied type="tenure" objects="304152" bytes="12978928" bytesdiscarded="12264" />
  <finalization candidates="2011" enqueued="642" />
  <ownableSynchronizers candidates="740" cleared="41" />
  <references type="soft" candidates="2391" cleared="0" enqueued="0" dynamicThreshold="32" maxThreshold="32" />
  <references type="weak" candidates="86" cleared="52" enqueued="52" />
</gc-op>
<gc-end id="284" type="scavenge" contextid="280" durationms="14.221" usertimems="15.625" systemtimems="0.000" timestamp="2023-06-02T09:09:47.280" activeThreads="16">
  <mem-info id="285" free="879611640" total="1073741824" percent="81">
    <mem type="nursery" free="208104600" total="268435456" percent="77">
      <mem type="allocate" free="208104600" total="217972736" percent="95" />
      <mem type="survivor" free="0" total="50462720" percent="0" />
    </mem>
    <mem type="tenure" free="671507040" total="805306368" percent="83" macro-fragmented="348889">
      <mem type="soa" free="631241312" total="765040640" percent="82" />
      <mem type="loa" free="40265728" total="40265728" percent="100" />
    </mem>
    <pending-finalizers system="624" default="18" reference="52" classloader="0" />
    <remembered-set count="204783" />
  </mem-info>
</gc-end>
<cycle-end id="286" type="scavenge" contextid="280" timestamp="2023-06-02T09:09:47.281" />
<allocation-satisfied id="287" threadId="0000000002B94C00" bytesRequested="24" />
<af-end id="288" timestamp="2023-06-02T09:09:47.281" threadId="0000000002B95580" success="true" from="nursery"/>
<exclusive-end id="289" timestamp="2023-06-02T09:09:47.281" durationms="15.766" />

<exclusive-start id="290" timestamp="2023-06-02T09:09:47.503" intervalms="237.940">
  <response-info timems="0.068" idlems="0.068" threads="0" lastid="0000000002B94C00" lastname="Launch callback handler" />
</exclusive-start>
<af-start id="291" threadId="0000000002B95580" totalBytesRequested="24" timestamp="2023-06-02T09:09:47.504" intervalms="238.001" type="nursery" />
<cycle-start id="292" type="scavenge" contextid="0" timestamp="2023-06-02T09:09:47.504" intervalms="238.028" />
<gc-start id="293" type="scavenge" contextid="292" timestamp="2023-06-02T09:09:47.504">
  <mem-info id="294" free="671488056" total="1073741824" percent="62">
    <mem type="nursery" free="0" total="268435456" percent="0">
      <mem type="allocate" free="0" total="217972736" percent="0" />
      <mem type="survivor" free="0" total="50462720" percent="0" />
    </mem>
    <mem type="tenure" free="671488056" total="805306368" percent="83">
      <mem type="soa" free="631222328" total="765040640" percent="82" />
      <mem type="loa" free="40265728" total="40265728" percent="100" />
    </mem>
    <remembered-set count="205358" />
  </mem-info>
</gc-start>
<allocation-stats totalBytes="208022744" >
  <allocated-bytes non-tlh="19008" tlh="208003736" />
  <largest-consumer threadName="Launch callback handler" threadId="0000000002B23900" bytes="102333936" />
</allocation-stats>
<gc-op id="295" type="scavenge" timems="9.260" contextid="292" timestamp="2023-06-02T09:09:47.513">
  <scavenger-info tenureage="4" tenuremask="7ff0" tiltratio="81" />
  <memory-copied type="nursery" objects="466250" bytes="12724880" bytesdiscarded="178096" />
  <finalization candidates="645" enqueued="270" />
  <ownableSynchronizers candidates="89" cleared="12" />
  <references type="soft" candidates="2465" cleared="0" enqueued="0" dynamicThreshold="32" maxThreshold="32" />
  <references type="weak" candidates="181" cleared="129" enqueued="129" />
</gc-op>
<gc-end id="296" type="scavenge" contextid="292" durationms="9.608" usertimems="15.625" systemtimems="0.000" timestamp="2023-06-02T09:09:47.513" activeThreads="16">
  <mem-info id="297" free="882834744" total="1073741824" percent="82">
    <mem type="nursery" free="211346688" total="268435456" percent="78">
      <mem type="allocate" free="211346688" total="224264192" percent="94" />
      <mem type="survivor" free="0" total="44171264" percent="0" />
    </mem>
    <mem type="tenure" free="671488056" total="805306368" percent="83" macro-fragmented="2592282">
      <mem type="soa" free="631222328" total="765040640" percent="82" />
      <mem type="loa" free="40265728" total="40265728" percent="100" />
    </mem>
    <pending-finalizers system="267" default="3" reference="129" classloader="0" />
    <remembered-set count="205189" />
  </mem-info>
</gc-end>
<cycle-end id="298" type="scavenge" contextid="292" timestamp="2023-06-02T09:09:47.514" />
<allocation-satisfied id="299" threadId="0000000002B94C00" bytesRequested="24" />
<af-end id="300" timestamp="2023-06-02T09:09:47.514" threadId="0000000002B95580" success="true" from="nursery"/>
<exclusive-end id="301" timestamp="2023-06-02T09:09:47.514" durationms="11.133" />

<exclusive-start id="302" timestamp="2023-06-02T09:09:47.736" intervalms="233.775">
  <response-info timems="0.134" idlems="0.134" threads="0" lastid="0000000002B94C00" lastname="Launch callback handler" />
</exclusive-start>
<af-start id="303" threadId="0000000002B95580" totalBytesRequested="24" timestamp="2023-06-02T09:09:47.736" intervalms="233.684" type="nursery" />
<cycle-start id="304" type="scavenge" contextid="0" timestamp="2023-06-02T09:09:47.736" intervalms="233.558" />
<gc-start id="305" type="scavenge" contextid="304" timestamp="2023-06-02T09:09:47.736">
  <mem-info id="306" free="671486088" total="1073741824" percent="62">
    <mem type="nursery" free="0" total="268435456" percent="0">
      <mem type="allocate" free="0" total="224264192" percent="0" />
      <mem type="survivor" free="0" total="44171264" percent="0" />
    </mem>
    <mem type="tenure" free="671486088" total="805306368" percent="83">
      <mem type="soa" free="631220360" total="765040640" percent="82" />
      <mem type="loa" free="40265728" total="40265728" percent="100" />
    </mem>
    <remembered-set count="205638" />
  </mem-info>
</gc-start>
<allocation-stats totalBytes="211252544" >
  <allocated-bytes non-tlh="42976" tlh="211209568" />
  <largest-consumer threadName="Launch callback handler" threadId="0000000002B94C00" bytes="121876144" />
</allocation-stats>
<gc-op id="307" type="scavenge" timems="9.155" contextid="304" timestamp="2023-06-02T09:09:47.746">
  <scavenger-info tenureage="4" tenuremask="7ff0" tiltratio="83" />
  <memory-copied type="nursery" objects="137796" bytes="5069280" bytesdiscarded="410744" />
  <memory-copied type="tenure" objects="246365" bytes="4851240" bytesdiscarded="632" />
  <finalization candidates="610" enqueued="150" />
  <ownableSynchronizers candidates="128" cleared="40" />
  <references type="soft" candidates="2452" cleared="0" enqueued="0" dynamicThreshold="32" maxThreshold="32" />
  <references type="weak" candidates="44" cleared="10" enqueued="10" />
</gc-op>
<gc-end id="308" type="scavenge" contextid="304" durationms="9.642" usertimems="0.000" systemtimems="0.000" timestamp="2023-06-02T09:09:47.746" activeThreads="16">
  <mem-info id="309" free="890182392" total="1073741824" percent="82">
    <mem type="nursery" free="224543088" total="268435456" percent="83">
      <mem type="allocate" free="224543088" total="230031360" percent="97" />
      <mem type="survivor" free="0" total="38404096" percent="0" />
    </mem>
    <mem type="tenure" free="665639304" total="805306368" percent="82" macro-fragmented="868149">
      <mem type="soa" free="625373576" total="765040640" percent="81" />
      <mem type="loa" free="40265728" total="40265728" percent="100" />
    </mem>
    <pending-finalizers system="150" default="0" reference="10" classloader="0" />
    <remembered-set count="3602" />
  </mem-info>
</gc-end>
<cycle-end id="310" type="scavenge" contextid="304" timestamp="2023-06-02T09:09:47.748" />
<allocation-satisfied id="311" threadId="0000000002B94C00" bytesRequested="24" />
<af-end id="312" timestamp="2023-06-02T09:09:47.748" threadId="0000000002B95580" success="true" from="nursery"/>
<exclusive-end id="313" timestamp="2023-06-02T09:09:47.748" durationms="10.808" />

<exclusive-start id="314" timestamp="2023-06-02T09:09:50.076" intervalms="2339.414">
  <response-info timems="0.127" idlems="0.127" threads="0" lastid="0000000002B94C00" lastname="Launch callback handler" />
</exclusive-start>
<af-start id="315" threadId="0000000002B95580" totalBytesRequested="1472" timestamp="2023-06-02T09:09:50.076" intervalms="2339.374" type="nursery" />
<cycle-start id="316" type="scavenge" contextid="0" timestamp="2023-06-02T09:09:50.076" intervalms="2339.346" />
<gc-start id="317" type="scavenge" contextid="316" timestamp="2023-06-02T09:09:50.076">
  <mem-info id="318" free="665265456" total="1073741824" percent="61">
    <mem type="nursery" free="0" total="268435456" percent="0">
      <mem type="allocate" free="0" total="230031360" percent="0" />
      <mem type="survivor" free="0" total="38404096" percent="0" />
    </mem>
    <mem type="tenure" free="665265456" total="805306368" percent="82">
      <mem type="soa" free="624999728" total="765040640" percent="81" />
      <mem type="loa" free="40265728" total="40265728" percent="100" />
    </mem>
    <remembered-set count="10893" />
  </mem-info>
</gc-start>
<allocation-stats totalBytes="224762016" >
  <allocated-bytes non-tlh="1337768" tlh="223424248" />
  <largest-consumer threadName="Launch callback handler" threadId="0000000002B94C00" bytes="89325008" />
</allocation-stats>
<gc-op id="319" type="scavenge" timems="13.833" contextid="316" timestamp="2023-06-02T09:09:50.091">
  <scavenger-info tenureage="6" tenuremask="7fc0" tiltratio="85" />
  <memory-copied type="nursery" objects="402148" bytes="27754624" bytesdiscarded="427080" />
  <finalization candidates="6439" enqueued="5074" />
  <ownableSynchronizers candidates="546" cleared="375" />
  <references type="soft" candidates="2594" cleared="0" enqueued="0" dynamicThreshold="32" maxThreshold="32" />
  <references type="weak" candidates="1700" cleared="589" enqueued="586" />
</gc-op>
<gc-end id="320" type="scavenge" contextid="316" durationms="14.342" usertimems="0.000" systemtimems="0.000" timestamp="2023-06-02T09:09:50.091" activeThreads="16">
  <mem-info id="321" free="849373816" total="1073741824" percent="79">
    <mem type="nursery" free="184108360" total="268435456" percent="68">
      <mem type="allocate" free="184108360" total="212336640" percent="86" />
      <mem type="survivor" free="0" total="56098816" percent="0" />
    </mem>
    <mem type="tenure" free="665265456" total="805306368" percent="82" macro-fragmented="868149">
      <mem type="soa" free="624999728" total="765040640" percent="81" />
      <mem type="loa" free="40265728" total="40265728" percent="100" />
    </mem>
    <pending-finalizers system="4983" default="91" reference="586" classloader="0" />
    <remembered-set count="10275" />
  </mem-info>
</gc-end>
<cycle-end id="322" type="scavenge" contextid="316" timestamp="2023-06-02T09:09:50.093" />
<allocation-satisfied id="323" threadId="0000000002B94C00" bytesRequested="1472" />
<af-end id="324" timestamp="2023-06-02T09:09:50.093" threadId="0000000002B95580" success="true" from="nursery"/>
<exclusive-end id="325" timestamp="2023-06-02T09:09:50.093" durationms="16.307" />

<exclusive-start id="326" timestamp="2023-06-02T09:09:50.515" intervalms="439.475">
  <response-info timems="2.619" idlems="1.320" threads="1" lastid="0000000002B23900" lastname="Launch callback handler" />
</exclusive-start>
<af-start id="327" threadId="0000000002B95580" totalBytesRequested="4944" timestamp="2023-06-02T09:09:50.516" intervalms="439.852" type="nursery" />
<cycle-start id="328" type="scavenge" contextid="0" timestamp="2023-06-02T09:09:50.516" intervalms="439.906" />
<gc-start id="329" type="scavenge" contextid="328" timestamp="2023-06-02T09:09:50.519">
  <mem-info id="330" free="665265456" total="1073741824" percent="61">
    <mem type="nursery" free="0" total="268435456" percent="0">
      <mem type="allocate" free="0" total="212336640" percent="0" />
      <mem type="survivor" free="0" total="56098816" percent="0" />
    </mem>
    <mem type="tenure" free="665265456" total="805306368" percent="82">
      <mem type="soa" free="624999728" total="765040640" percent="81" />
      <mem type="loa" free="40265728" total="40265728" percent="100" />
    </mem>
    <remembered-set count="10535" />
  </mem-info>
</gc-start>
<allocation-stats totalBytes="184000496" >
  <allocated-bytes non-tlh="1472" tlh="183999024" />
  <largest-consumer threadName="Launch callback handler" threadId="0000000002B94C00" bytes="91693728" />
</allocation-stats>
<gc-op id="331" type="scavenge" timems="7.832" contextid="328" timestamp="2023-06-02T09:09:50.526">
  <scavenger-info tenureage="6" tenuremask="7fc0" tiltratio="79" />
  <memory-copied type="nursery" objects="395596" bytes="16566080" bytesdiscarded="277136" />
  <finalization candidates="1584" enqueued="177" />
  <ownableSynchronizers candidates="287" cleared="92" />
  <references type="soft" candidates="2594" cleared="0" enqueued="0" dynamicThreshold="32" maxThreshold="32" />
  <references type="weak" candidates="1112" cleared="1" enqueued="1" />
</gc-op>
<gc-end id="332" type="scavenge" contextid="328" durationms="8.259" usertimems="0.000" systemtimems="0.000" timestamp="2023-06-02T09:09:50.526" activeThreads="16">
  <mem-info id="333" free="865253680" total="1073741824" percent="80">
    <mem type="nursery" free="199988224" total="268435456" percent="74">
      <mem type="allocate" free="199988224" total="216858624" percent="92" />
      <mem type="survivor" free="0" total="51576832" percent="0" />
    </mem>
    <mem type="tenure" free="665265456" total="805306368" percent="82" macro-fragmented="1800196">
      <mem type="soa" free="624999728" total="765040640" percent="81" />
      <mem type="loa" free="40265728" total="40265728" percent="100" />
    </mem>
    <pending-finalizers system="159" default="18" reference="1" classloader="0" />
    <remembered-set count="10347" />
  </mem-info>
</gc-end>
<cycle-end id="334" type="scavenge" contextid="328" timestamp="2023-06-02T09:09:50.527" />
<allocation-satisfied id="335" threadId="0000000002B94C00" bytesRequested="4944" />
<af-end id="336" timestamp="2023-06-02T09:09:50.527" threadId="0000000002B95580" success="true" from="nursery"/>
<exclusive-end id="337" timestamp="2023-06-02T09:09:50.527" durationms="12.014" />

<exclusive-start id="338" timestamp="2023-06-02T09:09:51.479" intervalms="963.145">
  <response-info timems="0.269" idlems="0.140" threads="1" lastid="0000000001067700" lastname="JIT Compilation Thread-001" />
</exclusive-start>
<af-start id="339" threadId="0000000002B95580" totalBytesRequested="50856" timestamp="2023-06-02T09:09:51.479" intervalms="962.911" type="nursery" />
<cycle-start id="340" type="scavenge" contextid="0" timestamp="2023-06-02T09:09:51.479" intervalms="962.878" />
<gc-start id="341" type="scavenge" contextid="340" timestamp="2023-06-02T09:09:51.480">
  <mem-info id="342" free="665156136" total="1073741824" percent="61">
    <mem type="nursery" free="0" total="268435456" percent="0">
      <mem type="allocate" free="0" total="216858624" percent="0" />
      <mem type="survivor" free="0" total="51576832" percent="0" />
    </mem>
    <mem type="tenure" free="665156136" total="805306368" percent="82">
      <mem type="soa" free="624890408" total="765040640" percent="81" />
      <mem type="loa" free="40265728" total="40265728" percent="100" />
    </mem>
    <remembered-set count="12184" />
  </mem-info>
</gc-start>
<allocation-stats totalBytes="199913800" >
  <allocated-bytes non-tlh="949912" tlh="198963888" />
  <largest-consumer threadName="Launch callback handler" threadId="0000000002B23900" bytes="99025264" />
</allocation-stats>
<gc-op id="343" type="scavenge" timems="15.128" contextid="340" timestamp="2023-06-02T09:09:51.494">
  <scavenger-info tenureage="7" tenuremask="7f80" tiltratio="80" />
  <memory-copied type="nursery" objects="811625" bytes="38175632" bytesdiscarded="331256" />
  <finalization candidates="4729" enqueued="3223" />
  <ownableSynchronizers candidates="899" cleared="135" />
  <references type="soft" candidates="3010" cleared="0" enqueued="0" dynamicThreshold="32" maxThreshold="32" />
  <references type="weak" candidates="1346" cleared="143" enqueued="143" />
</gc-op>
<gc-end id="344" type="scavenge" contextid="340" durationms="15.582" usertimems="140.625" systemtimems="0.000" timestamp="2023-06-02T09:09:51.495" activeThreads="16">
  <mem-info id="345" free="827276456" total="1073741824" percent="77">
    <mem type="nursery" free="162120320" total="268435456" percent="60">
      <mem type="allocate" free="162120320" total="200671232" percent="80" />
      <mem type="survivor" free="0" total="67764224" percent="0" />
    </mem>
    <mem type="tenure" free="665156136" total="805306368" percent="82" macro-fragmented="868149">
      <mem type="soa" free="624890408" total="765040640" percent="81" />
      <mem type="loa" free="40265728" total="40265728" percent="100" />
    </mem>
    <pending-finalizers system="3187" default="36" reference="143" classloader="0" />
    <remembered-set count="9069" />
  </mem-info>
</gc-end>
<cycle-end id="346" type="scavenge" contextid="340" timestamp="2023-06-02T09:09:51.496" />
<allocation-satisfied id="347" threadId="0000000002B94C00" bytesRequested="50856" />
<af-end id="348" timestamp="2023-06-02T09:09:51.496" threadId="0000000002B95580" success="true" from="nursery"/>
<exclusive-end id="349" timestamp="2023-06-02T09:09:51.496" durationms="17.848" />

<exclusive-start id="350" timestamp="2023-06-02T09:09:52.416" intervalms="937.292">
  <response-info timems="0.205" idlems="0.205" threads="0" lastid="0000000002B94C00" lastname="Launch callback handler" />
</exclusive-start>
<af-start id="351" threadId="0000000002B95580" totalBytesRequested="16392" timestamp="2023-06-02T09:09:52.417" intervalms="937.150" type="nursery" />
<cycle-start id="352" type="scavenge" contextid="0" timestamp="2023-06-02T09:09:52.417" intervalms="937.130" />
<gc-start id="353" type="scavenge" contextid="352" timestamp="2023-06-02T09:09:52.417">
  <mem-info id="354" free="664886224" total="1073741824" percent="61">
    <mem type="nursery" free="0" total="268435456" percent="0">
      <mem type="allocate" free="0" total="200671232" percent="0" />
      <mem type="survivor" free="0" total="67764224" percent="0" />
    </mem>
    <mem type="tenure" free="664886224" total="805306368" percent="82">
      <mem type="soa" free="624620496" total="765040640" percent="81" />
      <mem type="loa" free="40265728" total="40265728" percent="100" />
    </mem>
    <remembered-set count="12734" />
  </mem-info>
</gc-start>
<allocation-stats totalBytes="162137584" >
  <allocated-bytes non-tlh="5180344" tlh="156957240" />
  <largest-consumer threadName="Launch callback handler" threadId="0000000002B23900" bytes="65991280" />
</allocation-stats>
<gc-op id="355" type="scavenge" timems="23.393" contextid="352" timestamp="2023-06-02T09:09:52.440">
  <scavenger-info tenureage="3" tenuremask="7fc8" tiltratio="74" />
  <memory-copied type="nursery" objects="766258" bytes="41076352" bytesdiscarded="226328" />
  <memory-copied type="tenure" objects="341422" bytes="13888464" bytesdiscarded="4144" />
  <finalization candidates="6034" enqueued="4495" />
  <ownableSynchronizers candidates="878" cleared="91" />
  <references type="soft" candidates="2032" cleared="0" enqueued="0" dynamicThreshold="32" maxThreshold="32" />
  <references type="weak" candidates="550" cleared="346" enqueued="344" />
</gc-op>
<gc-end id="356" type="scavenge" contextid="352" durationms="23.901" usertimems="187.500" systemtimems="15.625" timestamp="2023-06-02T09:09:52.441" activeThreads="16">
  <mem-info id="357" free="822236456" total="1073741824" percent="76">
    <mem type="nursery" free="171328048" total="268435456" percent="63">
      <mem type="allocate" free="171328048" total="212664320" percent="80" />
      <mem type="survivor" free="0" total="55771136" percent="0" />
    </mem>
    <mem type="tenure" free="650908408" total="805306368" percent="80" macro-fragmented="868149">
      <mem type="soa" free="610642680" total="765040640" percent="79" />
      <mem type="loa" free="40265728" total="40265728" percent="100" />
    </mem>
    <pending-finalizers system="4458" default="37" reference="344" classloader="0" />
    <remembered-set count="9453" />
  </mem-info>
</gc-end>
<cycle-end id="358" type="scavenge" contextid="352" timestamp="2023-06-02T09:09:52.441" />
<allocation-satisfied id="359" threadId="0000000002B94C00" bytesRequested="16392" />
<af-end id="360" timestamp="2023-06-02T09:09:52.441" threadId="0000000002B95580" success="true" from="nursery"/>
<exclusive-end id="361" timestamp="2023-06-02T09:09:52.441" durationms="25.321" />

<exclusive-start id="362" timestamp="2023-06-02T09:09:52.976" intervalms="560.334">
  <response-info timems="0.459" idlems="0.235" threads="1" lastid="0000000002B23900" lastname="Launch callback handler" />
</exclusive-start>
<af-start id="363" threadId="0000000002B95580" totalBytesRequested="8200" timestamp="2023-06-02T09:09:52.976" intervalms="560.318" type="nursery" />
<cycle-start id="364" type="scavenge" contextid="0" timestamp="2023-06-02T09:09:52.976" intervalms="560.321" />
<gc-start id="365" type="scavenge" contextid="364" timestamp="2023-06-02T09:09:52.976">
  <mem-info id="366" free="650838040" total="1073741824" percent="60">
    <mem type="nursery" free="0" total="268435456" percent="0">
      <mem type="allocate" free="0" total="212664320" percent="0" />
      <mem type="survivor" free="0" total="55771136" percent="0" />
    </mem>
    <mem type="tenure" free="650838040" total="805306368" percent="80">
      <mem type="soa" free="610572312" total="765040640" percent="79" />
      <mem type="loa" free="40265728" total="40265728" percent="100" />
    </mem>
    <remembered-set count="11568" />
  </mem-info>
</gc-start>
<allocation-stats totalBytes="171267568" >
  <allocated-bytes non-tlh="2017448" tlh="169250120" />
  <largest-consumer threadName="Launch callback handler" threadId="0000000002B23900" bytes="85737744" />
</allocation-stats>
<gc-op id="367" type="scavenge" timems="11.758" contextid="364" timestamp="2023-06-02T09:09:52.989">
  <scavenger-info tenureage="7" tenuremask="7f80" tiltratio="79" />
  <memory-copied type="nursery" objects="787029" bytes="37270568" bytesdiscarded="349736" />
  <finalization candidates="2982" enqueued="1826" />
  <ownableSynchronizers candidates="803" cleared="79" />
  <references type="soft" candidates="2037" cleared="0" enqueued="0" dynamicThreshold="32" maxThreshold="32" />
  <references type="weak" candidates="447" cleared="104" enqueued="104" />
</gc-op>
<gc-end id="368" type="scavenge" contextid="364" durationms="12.252" usertimems="125.000" systemtimems="0.000" timestamp="2023-06-02T09:09:52.989" activeThreads="16">
  <mem-info id="369" free="827093024" total="1073741824" percent="77">
    <mem type="nursery" free="176254984" total="268435456" percent="65">
      <mem type="allocate" free="176254984" total="213909504" percent="82" />
      <mem type="survivor" free="0" total="54525952" percent="0" />
    </mem>
    <mem type="tenure" free="650838040" total="805306368" percent="80" macro-fragmented="290741">
      <mem type="soa" free="610572312" total="765040640" percent="79" />
      <mem type="loa" free="40265728" total="40265728" percent="100" />
    </mem>
    <pending-finalizers system="1808" default="18" reference="104" classloader="0" />
    <remembered-set count="10664" />
  </mem-info>
</gc-end>
<cycle-end id="370" type="scavenge" contextid="364" timestamp="2023-06-02T09:09:52.990" />
<allocation-satisfied id="371" threadId="0000000002B94C00" bytesRequested="8200" />
<af-end id="372" timestamp="2023-06-02T09:09:52.990" threadId="0000000002B95580" success="true" from="nursery"/>
<exclusive-end id="373" timestamp="2023-06-02T09:09:52.990" durationms="13.442" />

<exclusive-start id="374" timestamp="2023-06-02T09:09:54.580" intervalms="1603.019">
  <response-info timems="0.108" idlems="0.108" threads="0" lastid="0000000002B90A00" lastname="Launch callback handler" />
</exclusive-start>
<af-start id="375" threadId="0000000002B91380" totalBytesRequested="24" timestamp="2023-06-02T09:09:54.580" intervalms="1603.041" type="nursery" />
<cycle-start id="376" type="scavenge" contextid="0" timestamp="2023-06-02T09:09:54.580" intervalms="1603.039" />
<gc-start id="377" type="scavenge" contextid="376" timestamp="2023-06-02T09:09:54.580">
  <mem-info id="378" free="650827224" total="1073741824" percent="60">
    <mem type="nursery" free="0" total="268435456" percent="0">
      <mem type="allocate" free="0" total="213909504" percent="0" />
      <mem type="survivor" free="0" total="54525952" percent="0" />
    </mem>
    <mem type="tenure" free="650827224" total="805306368" percent="80">
      <mem type="soa" free="610561496" total="765040640" percent="79" />
      <mem type="loa" free="40265728" total="40265728" percent="100" />
    </mem>
    <remembered-set count="12081" />
  </mem-info>
</gc-start>
<allocation-stats totalBytes="176136136" >
  <allocated-bytes non-tlh="195320" tlh="175940816" />
  <largest-consumer threadName="Launch callback handler" threadId="0000000002B90A00" bytes="136963512" />
</allocation-stats>
<gc-op id="379" type="scavenge" timems="18.905" contextid="376" timestamp="2023-06-02T09:09:54.599">
  <scavenger-info tenureage="7" tenuremask="7f80" tiltratio="79" />
  <memory-copied type="nursery" objects="903104" bytes="39300064" bytesdiscarded="304096" />
  <memory-copied type="tenure" objects="10709" bytes="377088" bytesdiscarded="0" />
  <finalization candidates="1974" enqueued="695" />
  <ownableSynchronizers candidates="1064" cleared="246" />
  <references type="soft" candidates="2031" cleared="0" enqueued="0" dynamicThreshold="32" maxThreshold="32" />
  <references type="weak" candidates="442" cleared="96" enqueued="96" />
</gc-op>
<gc-end id="380" type="scavenge" contextid="376" durationms="19.498" usertimems="46.875" systemtimems="0.000" timestamp="2023-06-02T09:09:54.600" activeThreads="16">
  <mem-info id="381" free="825794504" total="1073741824" percent="76">
    <mem type="nursery" free="175253744" total="268435456" percent="65">
      <mem type="allocate" free="175253744" total="214892544" percent="81" />
      <mem type="survivor" free="0" total="53542912" percent="0" />
    </mem>
    <mem type="tenure" free="650540760" total="805306368" percent="80" macro-fragmented="723458">
      <mem type="soa" free="610275032" total="765040640" percent="79" />
      <mem type="loa" free="40265728" total="40265728" percent="100" />
    </mem>
    <pending-finalizers system="632" default="63" reference="96" classloader="0" />
    <remembered-set count="9371" />
  </mem-info>
</gc-end>
<cycle-end id="382" type="scavenge" contextid="376" timestamp="2023-06-02T09:09:54.601" />
<allocation-satisfied id="383" threadId="0000000002B90A00" bytesRequested="24" />
<af-end id="384" timestamp="2023-06-02T09:09:54.601" threadId="0000000002B91380" success="true" from="nursery"/>
<exclusive-end id="385" timestamp="2023-06-02T09:09:54.601" durationms="20.945" />

<exclusive-start id="386" timestamp="2023-06-02T09:09:54.934" intervalms="354.112">
  <response-info timems="0.092" idlems="0.092" threads="0" lastid="0000000002B90A00" lastname="Launch callback handler" />
</exclusive-start>
<af-start id="387" threadId="0000000002B91380" totalBytesRequested="4104" timestamp="2023-06-02T09:09:54.934" intervalms="354.116" type="nursery" />
<cycle-start id="388" type="scavenge" contextid="0" timestamp="2023-06-02T09:09:54.934" intervalms="354.110" />
<gc-start id="389" type="scavenge" contextid="388" timestamp="2023-06-02T09:09:54.934">
  <mem-info id="390" free="650540760" total="1073741824" percent="60">
    <mem type="nursery" free="0" total="268435456" percent="0">
      <mem type="allocate" free="0" total="214892544" percent="0" />
      <mem type="survivor" free="0" total="53542912" percent="0" />
    </mem>
    <mem type="tenure" free="650540760" total="805306368" percent="80">
      <mem type="soa" free="610275032" total="765040640" percent="79" />
      <mem type="loa" free="40265728" total="40265728" percent="100" />
    </mem>
    <remembered-set count="9524" />
  </mem-info>
</gc-start>
<allocation-stats totalBytes="175167128" >
  <allocated-bytes non-tlh="24" tlh="175167104" />
  <largest-consumer threadName="Launch callback handler" threadId="0000000002B90A00" bytes="174034568" />
</allocation-stats>
<gc-op id="391" type="scavenge" timems="18.888" contextid="388" timestamp="2023-06-02T09:09:54.953">
  <scavenger-info tenureage="4" tenuremask="7f90" tiltratio="80" />
  <memory-copied type="nursery" objects="618119" bytes="26098416" bytesdiscarded="167016" />
  <memory-copied type="tenure" objects="429929" bytes="16155168" bytesdiscarded="4240" />
  <finalization candidates="1317" enqueued="48" />
  <ownableSynchronizers candidates="849" cleared="29" />
  <references type="soft" candidates="1616" cleared="0" enqueued="0" dynamicThreshold="32" maxThreshold="32" />
  <references type="weak" candidates="249" cleared="0" enqueued="0" />
</gc-op>
<gc-end id="392" type="scavenge" contextid="388" durationms="19.253" usertimems="156.250" systemtimems="46.875" timestamp="2023-06-02T09:09:54.953" activeThreads="16">
  <mem-info id="393" free="824248904" total="1073741824" percent="76">
    <mem type="nursery" free="189918488" total="268435456" percent="70">
      <mem type="allocate" free="189918488" total="216203264" percent="87" />
      <mem type="survivor" free="0" total="52232192" percent="0" />
    </mem>
    <mem type="tenure" free="634330416" total="805306368" percent="78" macro-fragmented="201903">
      <mem type="soa" free="594064688" total="765040640" percent="77" />
      <mem type="loa" free="40265728" total="40265728" percent="100" />
    </mem>
    <pending-finalizers system="48" default="0" reference="0" classloader="0" />
    <remembered-set count="7146" />
  </mem-info>
</gc-end>
<cycle-end id="394" type="scavenge" contextid="388" timestamp="2023-06-02T09:09:54.953" />
<allocation-satisfied id="395" threadId="0000000002B90A00" bytesRequested="4104" />
<af-end id="396" timestamp="2023-06-02T09:09:54.953" threadId="0000000002B91380" success="true" from="nursery"/>
<exclusive-end id="397" timestamp="2023-06-02T09:09:54.953" durationms="20.176" />

<exclusive-start id="398" timestamp="2023-06-02T09:09:55.229" intervalms="295.556">
  <response-info timems="0.110" idlems="0.110" threads="0" lastid="0000000002B90A00" lastname="Launch callback handler" />
</exclusive-start>
<af-start id="399" threadId="0000000002B91380" totalBytesRequested="4104" timestamp="2023-06-02T09:09:55.229" intervalms="295.545" type="nursery" />
<cycle-start id="400" type="scavenge" contextid="0" timestamp="2023-06-02T09:09:55.230" intervalms="295.546" />
<gc-start id="401" type="scavenge" contextid="400" timestamp="2023-06-02T09:09:55.230">
  <mem-info id="402" free="634325416" total="1073741824" percent="59">
    <mem type="nursery" free="0" total="268435456" percent="0">
      <mem type="allocate" free="0" total="216203264" percent="0" />
      <mem type="survivor" free="0" total="52232192" percent="0" />
    </mem>
    <mem type="tenure" free="634325416" total="805306368" percent="78">
      <mem type="soa" free="594059688" total="765040640" percent="77" />
      <mem type="loa" free="40265728" total="40265728" percent="100" />
    </mem>
    <remembered-set count="7471" />
  </mem-info>
</gc-start>
<allocation-stats totalBytes="189838968" >
  <allocated-bytes non-tlh="25496" tlh="189813472" />
  <largest-consumer threadName="Launch callback handler" threadId="0000000002B90A00" bytes="182565120" />
</allocation-stats>
<gc-op id="403" type="scavenge" timems="8.380" contextid="400" timestamp="2023-06-02T09:09:55.238">
  <scavenger-info tenureage="4" tenuremask="7f90" tiltratio="80" />
  <memory-copied type="nursery" objects="204878" bytes="8976008" bytesdiscarded="375832" />
  <memory-copied type="tenure" objects="295692" bytes="13638144" bytesdiscarded="4680" />
  <finalization candidates="1335" enqueued="129" />
  <ownableSynchronizers candidates="303" cleared="55" />
  <references type="soft" candidates="80" cleared="0" enqueued="0" dynamicThreshold="32" maxThreshold="32" />
  <references type="weak" candidates="179" cleared="13" enqueued="13" />
</gc-op>
<gc-end id="404" type="scavenge" contextid="400" durationms="8.828" usertimems="78.125" systemtimems="0.000" timestamp="2023-06-02T09:09:55.239" activeThreads="16">
  <mem-info id="405" free="832382616" total="1073741824" percent="77">
    <mem type="nursery" free="210962224" total="268435456" percent="78">
      <mem type="allocate" free="210962224" total="220332032" percent="95" />
      <mem type="survivor" free="0" total="48103424" percent="0" />
    </mem>
    <mem type="tenure" free="621420392" total="805306368" percent="77" macro-fragmented="348889">
      <mem type="soa" free="581154664" total="765040640" percent="75" />
      <mem type="loa" free="40265728" total="40265728" percent="100" />
    </mem>
    <pending-finalizers system="92" default="37" reference="13" classloader="0" />
    <remembered-set count="5014" />
  </mem-info>
</gc-end>
<cycle-end id="406" type="scavenge" contextid="400" timestamp="2023-06-02T09:09:55.239" />
<allocation-satisfied id="407" threadId="0000000002B90A00" bytesRequested="4104" />
<af-end id="408" timestamp="2023-06-02T09:09:55.239" threadId="0000000002B91380" success="true" from="nursery"/>
<exclusive-end id="409" timestamp="2023-06-02T09:09:55.239" durationms="9.989" />

<exclusive-start id="410" timestamp="2023-06-02T09:09:55.527" intervalms="297.944">
  <response-info timems="0.089" idlems="0.089" threads="0" lastid="0000000002B90A00" lastname="Launch callback handler" />
</exclusive-start>
<af-start id="411" threadId="0000000002B91380" totalBytesRequested="24" timestamp="2023-06-02T09:09:55.527" intervalms="297.926" type="nursery" />
<cycle-start id="412" type="scavenge" contextid="0" timestamp="2023-06-02T09:09:55.527" intervalms="297.921" />
<gc-start id="413" type="scavenge" contextid="412" timestamp="2023-06-02T09:09:55.527">
  <mem-info id="414" free="621420192" total="1073741824" percent="57">
    <mem type="nursery" free="0" total="268435456" percent="0">
      <mem type="allocate" free="0" total="220332032" percent="0" />
      <mem type="survivor" free="0" total="48103424" percent="0" />
    </mem>
    <mem type="tenure" free="621420192" total="805306368" percent="77">
      <mem type="soa" free="581154464" total="765040640" percent="75" />
      <mem type="loa" free="40265728" total="40265728" percent="100" />
    </mem>
    <remembered-set count="5146" />
  </mem-info>
</gc-start>
<allocation-stats totalBytes="210845088" >
  <allocated-bytes non-tlh="20696" tlh="210824392" />
  <largest-consumer threadName="Launch callback handler" threadId="0000000002B90A00" bytes="207933288" />
</allocation-stats>
<gc-op id="415" type="scavenge" timems="4.823" contextid="412" timestamp="2023-06-02T09:09:55.532">
  <scavenger-info tenureage="4" tenuremask="7f90" tiltratio="82" />
  <memory-copied type="nursery" objects="220511" bytes="7465424" bytesdiscarded="223464" />
  <memory-copied type="tenure" objects="41545" bytes="3226944" bytesdiscarded="5264" />
  <finalization candidates="671" enqueued="102" />
  <ownableSynchronizers candidates="286" cleared="50" />
  <references type="soft" candidates="75" cleared="0" enqueued="0" dynamicThreshold="32" maxThreshold="32" />
  <references type="weak" candidates="28" cleared="1" enqueued="1" />
</gc-op>
<gc-end id="416" type="scavenge" contextid="412" durationms="5.335" usertimems="46.875" systemtimems="0.000" timestamp="2023-06-02T09:09:55.532" activeThreads="16">
  <mem-info id="417" free="838184280" total="1073741824" percent="78">
    <mem type="nursery" free="220104680" total="268435456" percent="81">
      <mem type="allocate" free="220104680" total="227803136" percent="96" />
      <mem type="survivor" free="0" total="40632320" percent="0" />
    </mem>
    <mem type="tenure" free="618079600" total="805306368" percent="76" macro-fragmented="602881">
      <mem type="soa" free="577813872" total="765040640" percent="75" />
      <mem type="loa" free="40265728" total="40265728" percent="100" />
    </mem>
    <pending-finalizers system="102" default="0" reference="1" classloader="0" />
    <remembered-set count="2939" />
  </mem-info>
</gc-end>
<cycle-end id="418" type="scavenge" contextid="412" timestamp="2023-06-02T09:09:55.534" />
<allocation-satisfied id="419" threadId="0000000002B90A00" bytesRequested="24" />
<af-end id="420" timestamp="2023-06-02T09:09:55.534" threadId="0000000002B91380" success="true" from="nursery"/>
<exclusive-end id="421" timestamp="2023-06-02T09:09:55.534" durationms="6.762" />

<exclusive-start id="422" timestamp="2023-06-02T09:09:56.478" intervalms="951.045">
  <response-info timems="0.114" idlems="0.114" threads="0" lastid="0000000004101300" lastname="Thread-33" />
</exclusive-start>
<af-start id="423" threadId="0000000004101C80" totalBytesRequested="136" timestamp="2023-06-02T09:09:56.478" intervalms="951.091" type="nursery" />
<cycle-start id="424" type="scavenge" contextid="0" timestamp="2023-06-02T09:09:56.478" intervalms="951.094" />
<gc-start id="425" type="scavenge" contextid="424" timestamp="2023-06-02T09:09:56.479">
  <mem-info id="426" free="618072920" total="1073741824" percent="57">
    <mem type="nursery" free="0" total="268435456" percent="0">
      <mem type="allocate" free="0" total="227803136" percent="0" />
      <mem type="survivor" free="0" total="40632320" percent="0" />
    </mem>
    <mem type="tenure" free="618072920" total="805306368" percent="76">
      <mem type="soa" free="577807192" total="765040640" percent="75" />
      <mem type="loa" free="40265728" total="40265728" percent="100" />
    </mem>
    <remembered-set count="3874" />
  </mem-info>
</gc-start>
<allocation-stats totalBytes="219997192" >
  <allocated-bytes non-tlh="6864632" tlh="213132560" />
  <largest-consumer threadName="Launch callback handler" threadId="0000000002B90A00" bytes="158875656" />
</allocation-stats>
<gc-op id="427" type="scavenge" timems="9.025" contextid="424" timestamp="2023-06-02T09:09:56.488">
  <scavenger-info tenureage="9" tenuremask="7e00" tiltratio="84" />
  <memory-copied type="nursery" objects="225641" bytes="17584368" bytesdiscarded="391376" />
  <finalization candidates="1707" enqueued="973" />
  <ownableSynchronizers candidates="254" cleared="96" />
  <references type="soft" candidates="81" cleared="0" enqueued="0" dynamicThreshold="32" maxThreshold="32" />
  <references type="weak" candidates="535" cleared="50" enqueued="50" />
</gc-op>
<gc-end id="428" type="scavenge" contextid="424" durationms="9.791" usertimems="62.500" systemtimems="0.000" timestamp="2023-06-02T09:09:56.489" activeThreads="16">
  <mem-info id="429" free="829392960" total="1073741824" percent="77">
    <mem type="nursery" free="211320040" total="268435456" percent="78">
      <mem type="allocate" free="211320040" total="229310464" percent="92" />
      <mem type="survivor" free="0" total="39124992" percent="0" />
    </mem>
    <mem type="tenure" free="618072920" total="805306368" percent="76" macro-fragmented="0">
      <mem type="soa" free="577807192" total="765040640" percent="75" />
      <mem type="loa" free="40265728" total="40265728" percent="100" />
    </mem>
    <pending-finalizers system="937" default="36" reference="50" classloader="0" />
    <remembered-set count="3661" />
  </mem-info>
</gc-end>
<cycle-end id="430" type="scavenge" contextid="424" timestamp="2023-06-02T09:09:56.491" />
<allocation-satisfied id="431" threadId="0000000004101300" bytesRequested="136" />
<af-end id="432" timestamp="2023-06-02T09:09:56.491" threadId="0000000004101C80" success="true" from="nursery"/>
<exclusive-end id="433" timestamp="2023-06-02T09:09:56.491" durationms="12.553" />

<exclusive-start id="434" timestamp="2023-06-02T09:09:57.503" intervalms="1025.769">
  <response-info timems="0.090" idlems="0.083" threads="1" lastid="0000000002B23900" lastname="Component Resolve Thread (Bundle 97)" />
</exclusive-start>
<af-start id="435" threadId="000000000399A280" totalBytesRequested="72" timestamp="2023-06-02T09:09:57.503" intervalms="1025.742" type="nursery" />
<cycle-start id="436" type="scavenge" contextid="0" timestamp="2023-06-02T09:09:57.504" intervalms="1025.756" />
<gc-start id="437" type="scavenge" contextid="436" timestamp="2023-06-02T09:09:57.504">
  <mem-info id="438" free="618035480" total="1073741824" percent="57">
    <mem type="nursery" free="0" total="268435456" percent="0">
      <mem type="allocate" free="0" total="229310464" percent="0" />
      <mem type="survivor" free="0" total="39124992" percent="0" />
    </mem>
    <mem type="tenure" free="618035480" total="805306368" percent="76">
      <mem type="soa" free="577769752" total="765040640" percent="75" />
      <mem type="loa" free="40265728" total="40265728" percent="100" />
    </mem>
    <remembered-set count="4545" />
  </mem-info>
</gc-start>
<allocation-stats totalBytes="211118656" >
  <allocated-bytes non-tlh="9955528" tlh="201163128" />
  <largest-consumer threadName="Thread-28" threadId="0000000003999900" bytes="87719544" />
</allocation-stats>
<gc-op id="439" type="scavenge" timems="4.824" contextid="436" timestamp="2023-06-02T09:09:57.510">
  <scavenger-info tenureage="10" tenuremask="7c00" tiltratio="85" />
  <memory-copied type="nursery" objects="222820" bytes="11500224" bytesdiscarded="337808" />
  <finalization candidates="2190" enqueued="1330" />
  <ownableSynchronizers candidates="261" cleared="79" />
  <references type="soft" candidates="109" cleared="0" enqueued="0" dynamicThreshold="32" maxThreshold="32" />
  <references type="weak" candidates="771" cleared="219" enqueued="219" />
</gc-op>
<gc-end id="440" type="scavenge" contextid="436" durationms="5.192" usertimems="0.000" systemtimems="0.000" timestamp="2023-06-02T09:09:57.510" activeThreads="16">
  <mem-info id="441" free="839089944" total="1073741824" percent="78">
    <mem type="nursery" free="221054464" total="268435456" percent="82">
      <mem type="allocate" free="221054464" total="232914944" percent="94" />
      <mem type="survivor" free="0" total="35520512" percent="0" />
    </mem>
    <mem type="tenure" free="618035480" total="805306368" percent="76" macro-fragmented="27173">
      <mem type="soa" free="577769752" total="765040640" percent="75" />
      <mem type="loa" free="40265728" total="40265728" percent="100" />
    </mem>
    <pending-finalizers system="1293" default="37" reference="219" classloader="0" />
    <remembered-set count="4373" />
  </mem-info>
</gc-end>
<cycle-end id="442" type="scavenge" contextid="436" timestamp="2023-06-02T09:09:57.511" />
<allocation-satisfied id="443" threadId="0000000003999900" bytesRequested="72" />
<af-end id="444" timestamp="2023-06-02T09:09:57.511" threadId="000000000399A280" success="true" from="nursery"/>
<exclusive-end id="445" timestamp="2023-06-02T09:09:57.511" durationms="6.683" />

<exclusive-start id="446" timestamp="2023-06-02T09:09:58.369" intervalms="864.716">
  <response-info timems="0.101" idlems="0.101" threads="0" lastid="0000000002B90A00" lastname="Launch callback handler" />
</exclusive-start>
<af-start id="447" threadId="0000000002B91380" totalBytesRequested="208" timestamp="2023-06-02T09:09:58.369" intervalms="864.889" type="nursery" />
<cycle-start id="448" type="scavenge" contextid="0" timestamp="2023-06-02T09:09:58.369" intervalms="864.892" />
<gc-start id="449" type="scavenge" contextid="448" timestamp="2023-06-02T09:09:58.370">
  <mem-info id="450" free="618011424" total="1073741824" percent="57">
    <mem type="nursery" free="0" total="268435456" percent="0">
      <mem type="allocate" free="0" total="232914944" percent="0" />
      <mem type="survivor" free="0" total="35520512" percent="0" />
    </mem>
    <mem type="tenure" free="618011424" total="805306368" percent="76">
      <mem type="soa" free="577745696" total="765040640" percent="75" />
      <mem type="loa" free="40265728" total="40265728" percent="100" />
    </mem>
    <remembered-set count="4982" />
  </mem-info>
</gc-start>
<allocation-stats totalBytes="220995056" >
  <allocated-bytes non-tlh="40520" tlh="220954536" />
  <largest-consumer threadName="Thread-28" threadId="0000000003999900" bytes="117904288" />
</allocation-stats>
<gc-op id="451" type="scavenge" timems="5.322" contextid="448" timestamp="2023-06-02T09:09:58.375">
  <scavenger-info tenureage="6" tenuremask="7840" tiltratio="86" />
  <memory-copied type="nursery" objects="205769" bytes="9686160" bytesdiscarded="290696" />
  <memory-copied type="tenure" objects="30459" bytes="1221008" bytesdiscarded="624" />
  <finalization candidates="1727" enqueued="831" />
  <ownableSynchronizers candidates="269" cleared="65" />
  <references type="soft" candidates="82" cleared="0" enqueued="0" dynamicThreshold="32" maxThreshold="32" />
  <references type="weak" candidates="945" cleared="238" enqueued="238" />
</gc-op>
<gc-end id="452" type="scavenge" contextid="448" durationms="5.718" usertimems="15.625" systemtimems="0.000" timestamp="2023-06-02T09:09:58.376" activeThreads="16">
  <mem-info id="453" free="843509784" total="1073741824" percent="78">
    <mem type="nursery" free="227245824" total="268435456" percent="84">
      <mem type="allocate" free="227245824" total="237240320" percent="95" />
      <mem type="survivor" free="0" total="31195136" percent="0" />
    </mem>
    <mem type="tenure" free="616263960" total="805306368" percent="76" macro-fragmented="9100">
      <mem type="soa" free="575998232" total="765040640" percent="75" />
      <mem type="loa" free="40265728" total="40265728" percent="100" />
    </mem>
    <pending-finalizers system="795" default="36" reference="238" classloader="0" />
    <remembered-set count="3562" />
  </mem-info>
</gc-end>
<cycle-end id="454" type="scavenge" contextid="448" timestamp="2023-06-02T09:09:58.376" />
<allocation-satisfied id="455" threadId="0000000002B90A00" bytesRequested="208" />
<af-end id="456" timestamp="2023-06-02T09:09:58.376" threadId="0000000002B91380" success="true" from="nursery"/>
<exclusive-end id="457" timestamp="2023-06-02T09:09:58.376" durationms="7.062" />

<exclusive-start id="458" timestamp="2023-06-02T09:09:59.439" intervalms="1070.618">
  <response-info timems="0.073" idlems="0.073" threads="0" lastid="0000000002B90A00" lastname="Launch callback handler" />
</exclusive-start>
<af-start id="459" threadId="0000000002B91380" totalBytesRequested="16" timestamp="2023-06-02T09:09:59.439" intervalms="1070.415" type="nursery" />
<cycle-start id="460" type="scavenge" contextid="0" timestamp="2023-06-02T09:09:59.439" intervalms="1070.439" />
<gc-start id="461" type="scavenge" contextid="460" timestamp="2023-06-02T09:09:59.440">
  <mem-info id="462" free="616234112" total="1073741824" percent="57">
    <mem type="nursery" free="0" total="268435456" percent="0">
      <mem type="allocate" free="0" total="237240320" percent="0" />
      <mem type="survivor" free="0" total="31195136" percent="0" />
    </mem>
    <mem type="tenure" free="616234112" total="805306368" percent="76">
      <mem type="soa" free="575968384" total="765040640" percent="75" />
      <mem type="loa" free="40265728" total="40265728" percent="100" />
    </mem>
    <remembered-set count="4325" />
  </mem-info>
</gc-start>
<allocation-stats totalBytes="227163064" >
  <allocated-bytes non-tlh="439696" tlh="226723368" />
  <largest-consumer threadName="Launch callback handler" threadId="0000000002B90A00" bytes="222035728" />
</allocation-stats>
<gc-op id="463" type="scavenge" timems="7.312" contextid="460" timestamp="2023-06-02T09:09:59.447">
  <scavenger-info tenureage="12" tenuremask="7000" tiltratio="88" />
  <memory-copied type="nursery" objects="442470" bytes="20222672" bytesdiscarded="258528" />
  <finalization candidates="2810" enqueued="1967" />
  <ownableSynchronizers candidates="503" cleared="89" />
  <references type="soft" candidates="171" cleared="0" enqueued="0" dynamicThreshold="32" maxThreshold="32" />
  <references type="weak" candidates="897" cleared="141" enqueued="141" />
</gc-op>
<gc-end id="464" type="scavenge" contextid="460" durationms="7.831" usertimems="0.000" systemtimems="0.000" timestamp="2023-06-02T09:09:59.447" activeThreads="16">
  <mem-info id="465" free="828380352" total="1073741824" percent="77">
    <mem type="nursery" free="212146240" total="268435456" percent="79">
      <mem type="allocate" free="212146240" total="232652800" percent="91" />
      <mem type="survivor" free="0" total="35782656" percent="0" />
    </mem>
    <mem type="tenure" free="616234112" total="805306368" percent="76" macro-fragmented="0">
      <mem type="soa" free="575968384" total="765040640" percent="75" />
      <mem type="loa" free="40265728" total="40265728" percent="100" />
    </mem>
    <pending-finalizers system="1931" default="36" reference="141" classloader="0" />
    <remembered-set count="4162" />
  </mem-info>
</gc-end>
<cycle-end id="466" type="scavenge" contextid="460" timestamp="2023-06-02T09:09:59.448" />
<allocation-satisfied id="467" threadId="0000000002B90A00" bytesRequested="16" />
<af-end id="468" timestamp="2023-06-02T09:09:59.448" threadId="0000000002B91380" success="true" from="nursery"/>
<exclusive-end id="469" timestamp="2023-06-02T09:09:59.448" durationms="8.972" />

<exclusive-start id="470" timestamp="2023-06-02T09:10:00.531" intervalms="1092.140">
  <response-info timems="0.085" idlems="0.085" threads="0" lastid="0000000002B90A00" lastname="Launch callback handler" />
</exclusive-start>
<af-start id="471" threadId="0000000002B91380" totalBytesRequested="48" timestamp="2023-06-02T09:10:00.531" intervalms="1092.151" type="nursery" />
<cycle-start id="472" type="scavenge" contextid="0" timestamp="2023-06-02T09:10:00.531" intervalms="1092.106" />
<gc-start id="473" type="scavenge" contextid="472" timestamp="2023-06-02T09:10:00.532">
  <mem-info id="474" free="616167704" total="1073741824" percent="57">
    <mem type="nursery" free="0" total="268435456" percent="0">
      <mem type="allocate" free="0" total="232652800" percent="0" />
      <mem type="survivor" free="0" total="35782656" percent="0" />
    </mem>
    <mem type="tenure" free="616167704" total="805306368" percent="76">
      <mem type="soa" free="575901976" total="765040640" percent="75" />
      <mem type="loa" free="40265728" total="40265728" percent="100" />
    </mem>
    <remembered-set count="5782" />
  </mem-info>
</gc-start>
<allocation-stats totalBytes="212075632" >
  <allocated-bytes non-tlh="3012768" tlh="209062864" />
  <largest-consumer threadName="Launch callback handler" threadId="0000000002B90A00" bytes="202118344" />
</allocation-stats>
<gc-op id="475" type="scavenge" timems="9.784" contextid="472" timestamp="2023-06-02T09:10:00.542">
  <scavenger-info tenureage="4" tenuremask="6010" tiltratio="86" />
  <memory-copied type="nursery" objects="447067" bytes="24816240" bytesdiscarded="577928" />
  <memory-copied type="tenure" objects="145974" bytes="5710016" bytesdiscarded="1496" />
  <finalization candidates="4121" enqueued="3221" />
  <ownableSynchronizers candidates="514" cleared="55" />
  <references type="soft" candidates="988" cleared="0" enqueued="0" dynamicThreshold="32" maxThreshold="32" />
  <references type="weak" candidates="573" cleared="187" enqueued="187" />
</gc-op>
<gc-end id="476" type="scavenge" contextid="472" durationms="10.080" usertimems="15.625" systemtimems="0.000" timestamp="2023-06-02T09:10:00.542" activeThreads="16">
  <mem-info id="477" free="818052760" total="1073741824" percent="76">
    <mem type="nursery" free="207618960" total="268435456" percent="77">
      <mem type="allocate" free="207618960" total="233046016" percent="89" />
      <mem type="survivor" free="0" total="35389440" percent="0" />
    </mem>
    <mem type="tenure" free="610433800" total="805306368" percent="75" macro-fragmented="0">
      <mem type="soa" free="570168072" total="765040640" percent="74" />
      <mem type="loa" free="40265728" total="40265728" percent="100" />
    </mem>
    <pending-finalizers system="3185" default="36" reference="187" classloader="0" />
    <remembered-set count="5952" />
  </mem-info>
</gc-end>
<cycle-end id="478" type="scavenge" contextid="472" timestamp="2023-06-02T09:10:00.542" />
<allocation-satisfied id="479" threadId="0000000002B90A00" bytesRequested="48" />
<af-end id="480" timestamp="2023-06-02T09:10:00.543" threadId="0000000002B91380" success="true" from="nursery"/>
<exclusive-end id="481" timestamp="2023-06-02T09:10:00.543" durationms="10.920" />

<exclusive-start id="482" timestamp="2023-06-02T09:10:02.090" intervalms="1558.110">
  <response-info timems="0.056" idlems="0.056" threads="0" lastid="0000000002B80800" lastname="Launch callback handler" />
</exclusive-start>
<af-start id="483" threadId="0000000002B81180" totalBytesRequested="24" timestamp="2023-06-02T09:10:02.090" intervalms="1558.127" type="nursery" />
<cycle-start id="484" type="scavenge" contextid="0" timestamp="2023-06-02T09:10:02.090" intervalms="1558.128" />
<gc-start id="485" type="scavenge" contextid="484" timestamp="2023-06-02T09:10:02.090">
  <mem-info id="486" free="610058536" total="1073741824" percent="56">
    <mem type="nursery" free="0" total="268435456" percent="0">
      <mem type="allocate" free="0" total="233046016" percent="0" />
      <mem type="survivor" free="0" total="35389440" percent="0" />
    </mem>
    <mem type="tenure" free="610058536" total="805306368" percent="75">
      <mem type="soa" free="569792808" total="765040640" percent="74" />
      <mem type="loa" free="40265728" total="40265728" percent="100" />
    </mem>
    <remembered-set count="12046" />
  </mem-info>
</gc-start>
<allocation-stats totalBytes="207882752" >
  <allocated-bytes non-tlh="1989776" tlh="205892976" />
  <largest-consumer threadName="Launch callback handler" threadId="0000000002B80800" bytes="100009736" />
</allocation-stats>
<gc-op id="487" type="scavenge" timems="13.193" contextid="484" timestamp="2023-06-02T09:10:02.103">
  <scavenger-info tenureage="13" tenuremask="6000" tiltratio="86" />
  <memory-copied type="nursery" objects="865926" bytes="35327104" bytesdiscarded="17968" />
  <memory-copied type="tenure" objects="8242" bytes="4668296" bytesdiscarded="18272" />
  <copy-failed type="nursery" objects="8242" bytes="4669712" />
  <finalization candidates="4249" enqueued="3275" />
  <ownableSynchronizers candidates="860" cleared="230" />
  <references type="soft" candidates="2061" cleared="0" enqueued="0" dynamicThreshold="32" maxThreshold="32" />
  <references type="weak" candidates="934" cleared="413" enqueued="405" />
  <references type="phantom" candidates="1" cleared="0" enqueued="0" />
</gc-op>
<gc-end id="488" type="scavenge" contextid="484" durationms="13.491" usertimems="31.250" systemtimems="0.000" timestamp="2023-06-02T09:10:02.103" activeThreads="16">
  <mem-info id="489" free="772868376" total="1073741824" percent="71">
    <mem type="nursery" free="166789120" total="268435456" percent="62">
      <mem type="allocate" free="166789120" total="202178560" percent="82" />
      <mem type="survivor" free="0" total="66256896" percent="0" />
    </mem>
    <mem type="tenure" free="606079256" total="805306368" percent="75" macro-fragmented="290741">
      <mem type="soa" free="565813528" total="765040640" percent="73" />
      <mem type="loa" free="40265728" total="40265728" percent="100" />
    </mem>
    <pending-finalizers system="3219" default="56" reference="405" classloader="0" />
    <remembered-set count="12042" />
  </mem-info>
</gc-end>
<cycle-end id="490" type="scavenge" contextid="484" timestamp="2023-06-02T09:10:02.104" />
<allocation-satisfied id="491" threadId="0000000002B80800" bytesRequested="24" />
<af-end id="492" timestamp="2023-06-02T09:10:02.104" threadId="0000000002B81180" success="true" from="nursery"/>
<exclusive-end id="493" timestamp="2023-06-02T09:10:02.104" durationms="14.791" />

<exclusive-start id="494" timestamp="2023-06-02T09:10:02.363" intervalms="273.147">
  <response-info timems="0.073" idlems="0.073" threads="0" lastid="0000000002B80800" lastname="Launch callback handler" />
</exclusive-start>
<af-start id="495" threadId="0000000002B81180" totalBytesRequested="24" timestamp="2023-06-02T09:10:02.363" intervalms="273.131" type="nursery" />
<cycle-start id="496" type="scavenge" contextid="0" timestamp="2023-06-02T09:10:02.363" intervalms="273.132" />
<gc-start id="497" type="scavenge" contextid="496" timestamp="2023-06-02T09:10:02.363">
  <mem-info id="498" free="606079256" total="1073741824" percent="56">
    <mem type="nursery" free="0" total="268435456" percent="0">
      <mem type="allocate" free="0" total="202178560" percent="0" />
      <mem type="survivor" free="0" total="66256896" percent="0" />
    </mem>
    <mem type="tenure" free="606079256" total="805306368" percent="75">
      <mem type="soa" free="565813528" total="765040640" percent="73" />
      <mem type="loa" free="40265728" total="40265728" percent="100" />
    </mem>
    <remembered-set count="12210" />
  </mem-info>
</gc-start>
<allocation-stats totalBytes="166738888" >
  <allocated-bytes non-tlh="24" tlh="166738864" />
  <largest-consumer threadName="Launch callback handler" threadId="0000000002B80800" bytes="165675848" />
</allocation-stats>
<gc-op id="499" type="scavenge" timems="12.280" contextid="496" timestamp="2023-06-02T09:10:02.375">
  <scavenger-info tenureage="13" tenuremask="6000" tiltratio="75" />
  <memory-copied type="nursery" objects="827531" bytes="31383488" bytesdiscarded="153032" />
  <finalization candidates="1004" enqueued="28" />
  <ownableSynchronizers candidates="638" cleared="12" />
  <references type="soft" candidates="2061" cleared="0" enqueued="0" dynamicThreshold="32" maxThreshold="32" />
  <references type="weak" candidates="526" cleared="0" enqueued="0" />
  <references type="phantom" candidates="1" cleared="0" enqueued="0" />
</gc-op>
<gc-end id="500" type="scavenge" contextid="496" durationms="12.635" usertimems="0.000" systemtimems="0.000" timestamp="2023-06-02T09:10:02.375" activeThreads="16">
  <mem-info id="501" free="780362272" total="1073741824" percent="72">
    <mem type="nursery" free="174283016" total="268435456" percent="64">
      <mem type="allocate" free="174283016" total="205848576" percent="84" />
      <mem type="survivor" free="0" total="62586880" percent="0" />
    </mem>
    <mem type="tenure" free="606079256" total="805306368" percent="75" macro-fragmented="0">
      <mem type="soa" free="565813528" total="765040640" percent="73" />
      <mem type="loa" free="40265728" total="40265728" percent="100" />
    </mem>
    <pending-finalizers system="10" default="18" reference="0" classloader="0" />
    <remembered-set count="12066" />
  </mem-info>
</gc-end>
<cycle-end id="502" type="scavenge" contextid="496" timestamp="2023-06-02T09:10:02.377" />
<allocation-satisfied id="503" threadId="0000000002B80800" bytesRequested="24" />
<af-end id="504" timestamp="2023-06-02T09:10:02.377" threadId="0000000002B81180" success="true" from="nursery"/>
<exclusive-end id="505" timestamp="2023-06-02T09:10:02.377" durationms="13.691" />

<exclusive-start id="506" timestamp="2023-06-02T09:10:02.649" intervalms="285.999">
  <response-info timems="0.117" idlems="0.117" threads="0" lastid="0000000002B80800" lastname="Launch callback handler" />
</exclusive-start>
<af-start id="507" threadId="0000000002B81180" totalBytesRequested="24" timestamp="2023-06-02T09:10:02.649" intervalms="286.061" type="nursery" />
<cycle-start id="508" type="scavenge" contextid="0" timestamp="2023-06-02T09:10:02.649" intervalms="286.074" />
<gc-start id="509" type="scavenge" contextid="508" timestamp="2023-06-02T09:10:02.649">
  <mem-info id="510" free="606079256" total="1073741824" percent="56">
    <mem type="nursery" free="0" total="268435456" percent="0">
      <mem type="allocate" free="0" total="205848576" percent="0" />
      <mem type="survivor" free="0" total="62586880" percent="0" />
    </mem>
    <mem type="tenure" free="606079256" total="805306368" percent="75">
      <mem type="soa" free="565813528" total="765040640" percent="73" />
      <mem type="loa" free="40265728" total="40265728" percent="100" />
    </mem>
    <remembered-set count="12108" />
  </mem-info>
</gc-start>
<allocation-stats totalBytes="174225808" >
  <allocated-bytes non-tlh="24" tlh="174225784" />
  <largest-consumer threadName="Launch callback handler" threadId="0000000002B80800" bytes="173130336" />
</allocation-stats>
<gc-op id="511" type="scavenge" timems="12.846" contextid="508" timestamp="2023-06-02T09:10:02.662">
  <scavenger-info tenureage="3" tenuremask="6318" tiltratio="76" />
  <memory-copied type="nursery" objects="685782" bytes="23246792" bytesdiscarded="226136" />
  <memory-copied type="tenure" objects="389224" bytes="16000584" bytesdiscarded="5312" />
  <finalization candidates="1003" enqueued="23" />
  <ownableSynchronizers candidates="637" cleared="9" />
  <references type="soft" candidates="1142" cleared="0" enqueued="0" dynamicThreshold="32" maxThreshold="32" />
  <references type="weak" candidates="388" cleared="3" enqueued="3" />
  <references type="phantom" candidates="1" cleared="0" enqueued="0" />
</gc-op>
<gc-end id="512" type="scavenge" contextid="508" durationms="13.148" usertimems="109.375" systemtimems="0.000" timestamp="2023-06-02T09:10:02.662" activeThreads="16">
  <mem-info id="513" free="776908064" total="1073741824" percent="72">
    <mem type="nursery" free="187338856" total="268435456" percent="69">
      <mem type="allocate" free="187338856" total="210829312" percent="88" />
      <mem type="survivor" free="0" total="57606144" percent="0" />
    </mem>
    <mem type="tenure" free="589569208" total="805306368" percent="73" macro-fragmented="723458">
      <mem type="soa" free="549303480" total="765040640" percent="71" />
      <mem type="loa" free="40265728" total="40265728" percent="100" />
    </mem>
    <pending-finalizers system="23" default="0" reference="3" classloader="0" />
    <remembered-set count="6455" />
  </mem-info>
</gc-end>
<cycle-end id="514" type="scavenge" contextid="508" timestamp="2023-06-02T09:10:02.663" />
<allocation-satisfied id="515" threadId="0000000002B80800" bytesRequested="24" />
<af-end id="516" timestamp="2023-06-02T09:10:02.663" threadId="0000000002B81180" success="true" from="nursery"/>
<exclusive-end id="517" timestamp="2023-06-02T09:10:02.663" durationms="14.249" />

<exclusive-start id="518" timestamp="2023-06-02T09:10:02.891" intervalms="242.844">
  <response-info timems="0.038" idlems="0.038" threads="0" lastid="0000000002B80800" lastname="Launch callback handler" />
</exclusive-start>
<af-start id="519" threadId="0000000002B81180" totalBytesRequested="48" timestamp="2023-06-02T09:10:02.891" intervalms="242.784" type="nursery" />
<cycle-start id="520" type="scavenge" contextid="0" timestamp="2023-06-02T09:10:02.891" intervalms="242.772" />
<gc-start id="521" type="scavenge" contextid="520" timestamp="2023-06-02T09:10:02.892">
  <mem-info id="522" free="589569208" total="1073741824" percent="54">
    <mem type="nursery" free="0" total="268435456" percent="0">
      <mem type="allocate" free="0" total="210829312" percent="0" />
      <mem type="survivor" free="0" total="57606144" percent="0" />
    </mem>
    <mem type="tenure" free="589569208" total="805306368" percent="73">
      <mem type="soa" free="549303480" total="765040640" percent="71" />
      <mem type="loa" free="40265728" total="40265728" percent="100" />
    </mem>
    <remembered-set count="6545" />
  </mem-info>
</gc-start>
<allocation-stats totalBytes="187291616" >
  <allocated-bytes non-tlh="16416" tlh="187275200" />
  <largest-consumer threadName="Launch callback handler" threadId="0000000002B80800" bytes="184993616" />
</allocation-stats>
<gc-op id="523" type="scavenge" timems="8.852" contextid="520" timestamp="2023-06-02T09:10:02.901">
  <scavenger-info tenureage="3" tenuremask="6808" tiltratio="78" />
  <memory-copied type="nursery" objects="482748" bytes="15973200" bytesdiscarded="156024" />
  <memory-copied type="tenure" objects="180476" bytes="6655416" bytesdiscarded="3208" />
  <finalization candidates="447" enqueued="57" />
  <ownableSynchronizers candidates="289" cleared="23" />
  <references type="soft" candidates="68" cleared="0" enqueued="0" dynamicThreshold="32" maxThreshold="32" />
  <references type="weak" candidates="257" cleared="3" enqueued="3" />
</gc-op>
<gc-end id="524" type="scavenge" contextid="520" durationms="9.113" usertimems="0.000" systemtimems="0.000" timestamp="2023-06-02T09:10:02.901" activeThreads="16">
  <mem-info id="525" free="783622064" total="1073741824" percent="72">
    <mem type="nursery" free="200588136" total="268435456" percent="74">
      <mem type="allocate" free="200588136" total="216727552" percent="92" />
      <mem type="survivor" free="0" total="51707904" percent="0" />
    </mem>
    <mem type="tenure" free="583033928" total="805306368" percent="72" macro-fragmented="0">
      <mem type="soa" free="542768200" total="765040640" percent="70" />
      <mem type="loa" free="40265728" total="40265728" percent="100" />
    </mem>
    <pending-finalizers system="57" default="0" reference="3" classloader="0" />
    <remembered-set count="3791" />
  </mem-info>
</gc-end>
<cycle-end id="526" type="scavenge" contextid="520" timestamp="2023-06-02T09:10:02.901" />
<allocation-satisfied id="527" threadId="0000000002B80800" bytesRequested="48" />
<af-end id="528" timestamp="2023-06-02T09:10:02.901" threadId="0000000002B81180" success="true" from="nursery"/>
<exclusive-end id="529" timestamp="2023-06-02T09:10:02.901" durationms="10.177" />

<exclusive-start id="530" timestamp="2023-06-02T09:10:03.163" intervalms="271.730">
  <response-info timems="0.053" idlems="0.053" threads="0" lastid="0000000002B80800" lastname="Launch callback handler" />
</exclusive-start>
<af-start id="531" threadId="0000000002B81180" totalBytesRequested="48" timestamp="2023-06-02T09:10:03.163" intervalms="271.750" type="nursery" />
<cycle-start id="532" type="scavenge" contextid="0" timestamp="2023-06-02T09:10:03.163" intervalms="271.758" />
<gc-start id="533" type="scavenge" contextid="532" timestamp="2023-06-02T09:10:03.164">
  <mem-info id="534" free="583033872" total="1073741824" percent="54">
    <mem type="nursery" free="0" total="268435456" percent="0">
      <mem type="allocate" free="0" total="216727552" percent="0" />
      <mem type="survivor" free="0" total="51707904" percent="0" />
    </mem>
    <mem type="tenure" free="583033872" total="805306368" percent="72">
      <mem type="soa" free="542768144" total="765040640" percent="70" />
      <mem type="loa" free="40265728" total="40265728" percent="100" />
    </mem>
    <remembered-set count="4025" />
  </mem-info>
</gc-start>
<allocation-stats totalBytes="200532488" >
  <allocated-bytes non-tlh="16496" tlh="200515992" />
  <largest-consumer threadName="Launch callback handler" threadId="0000000002B80800" bytes="197207640" />
</allocation-stats>
<gc-op id="535" type="scavenge" timems="5.930" contextid="532" timestamp="2023-06-02T09:10:03.170">
  <scavenger-info tenureage="14" tenuremask="4000" tiltratio="80" />
  <memory-copied type="nursery" objects="452546" bytes="15106952" bytesdiscarded="180032" />
  <finalization candidates="296" enqueued="109" />
  <ownableSynchronizers candidates="119" cleared="46" />
  <references type="soft" candidates="68" cleared="0" enqueued="0" dynamicThreshold="32" maxThreshold="32" />
  <references type="weak" candidates="257" cleared="3" enqueued="3" />
</gc-op>
<gc-end id="536" type="scavenge" contextid="532" durationms="6.308" usertimems="0.000" systemtimems="0.000" timestamp="2023-06-02T09:10:03.171" activeThreads="16">
  <mem-info id="537" free="791016992" total="1073741824" percent="73">
    <mem type="nursery" free="207983120" total="268435456" percent="77">
      <mem type="allocate" free="207983120" total="223281152" percent="93" />
      <mem type="survivor" free="0" total="45154304" percent="0" />
    </mem>
    <mem type="tenure" free="583033872" total="805306368" percent="72" macro-fragmented="0">
      <mem type="soa" free="542768144" total="765040640" percent="70" />
      <mem type="loa" free="40265728" total="40265728" percent="100" />
    </mem>
    <pending-finalizers system="73" default="36" reference="3" classloader="0" />
    <remembered-set count="3958" />
  </mem-info>
</gc-end>
<cycle-end id="538" type="scavenge" contextid="532" timestamp="2023-06-02T09:10:03.171" />
<allocation-satisfied id="539" threadId="0000000002B80800" bytesRequested="48" />
<af-end id="540" timestamp="2023-06-02T09:10:03.171" threadId="0000000002B81180" success="true" from="nursery"/>
<exclusive-end id="541" timestamp="2023-06-02T09:10:03.171" durationms="7.885" />

<exclusive-start id="542" timestamp="2023-06-02T09:10:03.464" intervalms="300.093">
  <response-info timems="0.064" idlems="0.064" threads="0" lastid="0000000002B80800" lastname="Launch callback handler" />
</exclusive-start>
<af-start id="543" threadId="0000000002B81180" totalBytesRequested="48" timestamp="2023-06-02T09:10:03.464" intervalms="300.166" type="nursery" />
<cycle-start id="544" type="scavenge" contextid="0" timestamp="2023-06-02T09:10:03.464" intervalms="300.180" />
<gc-start id="545" type="scavenge" contextid="544" timestamp="2023-06-02T09:10:03.464">
  <mem-info id="546" free="583033872" total="1073741824" percent="54">
    <mem type="nursery" free="0" total="268435456" percent="0">
      <mem type="allocate" free="0" total="223281152" percent="0" />
      <mem type="survivor" free="0" total="45154304" percent="0" />
    </mem>
    <mem type="tenure" free="583033872" total="805306368" percent="72">
      <mem type="soa" free="542768144" total="765040640" percent="70" />
      <mem type="loa" free="40265728" total="40265728" percent="100" />
    </mem>
    <remembered-set count="4077" />
  </mem-info>
</gc-start>
<allocation-stats totalBytes="207897888" >
  <allocated-bytes non-tlh="48" tlh="207897840" />
  <largest-consumer threadName="Launch callback handler" threadId="0000000002B80800" bytes="206938144" />
</allocation-stats>
<gc-op id="547" type="scavenge" timems="2.543" contextid="544" timestamp="2023-06-02T09:10:03.466">
  <scavenger-info tenureage="8" tenuremask="4300" tiltratio="83" />
  <memory-copied type="nursery" objects="76607" bytes="2728904" bytesdiscarded="202632" />
  <memory-copied type="tenure" objects="35290" bytes="1562072" bytesdiscarded="4216" />
  <finalization candidates="212" enqueued="21" />
  <ownableSynchronizers candidates="90" cleared="13" />
  <references type="soft" candidates="1" cleared="0" enqueued="0" dynamicThreshold="32" maxThreshold="32" />
  <references type="weak" candidates="15" cleared="0" enqueued="0" />
</gc-op>
<gc-end id="548" type="scavenge" contextid="544" durationms="2.805" usertimems="0.000" systemtimems="0.000" timestamp="2023-06-02T09:10:03.466" activeThreads="16">
  <mem-info id="549" free="807448104" total="1073741824" percent="75">
    <mem type="nursery" free="225719024" total="268435456" percent="84">
      <mem type="allocate" free="225719024" total="228655104" percent="98" />
      <mem type="survivor" free="0" total="39780352" percent="0" />
    </mem>
    <mem type="tenure" free="581729080" total="805306368" percent="72" macro-fragmented="0">
      <mem type="soa" free="541463352" total="765040640" percent="70" />
      <mem type="loa" free="40265728" total="40265728" percent="100" />
    </mem>
    <pending-finalizers system="21" default="0" reference="0" classloader="0" />
    <remembered-set count="1788" />
  </mem-info>
</gc-end>
<cycle-end id="550" type="scavenge" contextid="544" timestamp="2023-06-02T09:10:03.466" />
<allocation-satisfied id="551" threadId="0000000002B80800" bytesRequested="48" />
<af-end id="552" timestamp="2023-06-02T09:10:03.468" threadId="0000000002B81180" success="true" from="nursery"/>
<exclusive-end id="553" timestamp="2023-06-02T09:10:03.468" durationms="4.025" />

<exclusive-start id="554" timestamp="2023-06-02T09:10:04.057" intervalms="593.865">
  <response-info timems="0.050" idlems="0.050" threads="0" lastid="0000000002B80800" lastname="Launch callback handler" />
</exclusive-start>
<af-start id="555" threadId="0000000002B81180" totalBytesRequested="8200" timestamp="2023-06-02T09:10:04.058" intervalms="593.768" type="nursery" />
<cycle-start id="556" type="scavenge" contextid="0" timestamp="2023-06-02T09:10:04.058" intervalms="593.754" />
<gc-start id="557" type="scavenge" contextid="556" timestamp="2023-06-02T09:10:04.058">
  <mem-info id="558" free="581721216" total="1073741824" percent="54">
    <mem type="nursery" free="0" total="268435456" percent="0">
      <mem type="allocate" free="0" total="228655104" percent="0" />
      <mem type="survivor" free="0" total="39780352" percent="0" />
    </mem>
    <mem type="tenure" free="581721216" total="805306368" percent="72">
      <mem type="soa" free="541455488" total="765040640" percent="70" />
      <mem type="loa" free="40265728" total="40265728" percent="100" />
    </mem>
    <remembered-set count="2699" />
  </mem-info>
</gc-start>
<allocation-stats totalBytes="225602928" >
  <allocated-bytes non-tlh="360216" tlh="225242712" />
  <largest-consumer threadName="Launch callback handler" threadId="0000000002B80800" bytes="220435208" />
</allocation-stats>
<gc-op id="559" type="scavenge" timems="3.141" contextid="556" timestamp="2023-06-02T09:10:04.061">
  <scavenger-info tenureage="14" tenuremask="4000" tiltratio="85" />
  <memory-copied type="nursery" objects="152225" bytes="7619448" bytesdiscarded="271832" />
  <finalization candidates="1189" enqueued="706" />
  <ownableSynchronizers candidates="104" cleared="49" />
  <references type="soft" candidates="2" cleared="0" enqueued="0" dynamicThreshold="32" maxThreshold="32" />
  <references type="weak" candidates="45" cleared="13" enqueued="13" />
</gc-op>
<gc-end id="560" type="scavenge" contextid="556" durationms="3.421" usertimems="15.625" systemtimems="0.000" timestamp="2023-06-02T09:10:04.061" activeThreads="16">
  <mem-info id="561" free="807388272" total="1073741824" percent="75">
    <mem type="nursery" free="225667056" total="268435456" percent="84">
      <mem type="allocate" free="225667056" total="233570304" percent="96" />
      <mem type="survivor" free="0" total="34865152" percent="0" />
    </mem>
    <mem type="tenure" free="581721216" total="805306368" percent="72" macro-fragmented="201903">
      <mem type="soa" free="541455488" total="765040640" percent="70" />
      <mem type="loa" free="40265728" total="40265728" percent="100" />
    </mem>
    <pending-finalizers system="688" default="18" reference="13" classloader="0" />
    <remembered-set count="2584" />
  </mem-info>
</gc-end>
<cycle-end id="562" type="scavenge" contextid="556" timestamp="2023-06-02T09:10:04.061" />
<allocation-satisfied id="563" threadId="0000000002B80800" bytesRequested="8200" />
<af-end id="564" timestamp="2023-06-02T09:10:04.061" threadId="0000000002B81180" success="true" from="nursery"/>
<exclusive-end id="565" timestamp="2023-06-02T09:10:04.061" durationms="4.478" />

<exclusive-start id="566" timestamp="2023-06-02T09:10:06.388" intervalms="2330.810">
  <response-info timems="0.171" idlems="0.171" threads="0" lastid="0000000002B80800" lastname="Launch callback handler" />
</exclusive-start>
<af-start id="567" threadId="0000000002B81180" totalBytesRequested="24" timestamp="2023-06-02T09:10:06.388" intervalms="2330.890" type="nursery" />
<cycle-start id="568" type="scavenge" contextid="0" timestamp="2023-06-02T09:10:06.388" intervalms="2330.893" />
<gc-start id="569" type="scavenge" contextid="568" timestamp="2023-06-02T09:10:06.389">
  <mem-info id="570" free="581616896" total="1073741824" percent="54">
    <mem type="nursery" free="0" total="268435456" percent="0">
      <mem type="allocate" free="0" total="233570304" percent="0" />
      <mem type="survivor" free="0" total="34865152" percent="0" />
    </mem>
    <mem type="tenure" free="581616896" total="805306368" percent="72">
      <mem type="soa" free="541351168" total="765040640" percent="70" />
      <mem type="loa" free="40265728" total="40265728" percent="100" />
    </mem>
    <remembered-set count="4885" />
  </mem-info>
</gc-start>
<allocation-stats totalBytes="225614552" >
  <allocated-bytes non-tlh="741888" tlh="224872664" />
  <largest-consumer threadName="Launch callback handler" threadId="0000000002B80800" bytes="193253688" />
</allocation-stats>
<gc-op id="571" type="scavenge" timems="8.095" contextid="568" timestamp="2023-06-02T09:10:06.397">
  <scavenger-info tenureage="14" tenuremask="4000" tiltratio="87" />
  <memory-copied type="nursery" objects="374753" bytes="20951448" bytesdiscarded="411272" />
  <finalization candidates="3585" enqueued="2827" />
  <ownableSynchronizers candidates="342" cleared="201" />
  <references type="soft" candidates="223" cleared="0" enqueued="0" dynamicThreshold="32" maxThreshold="32" />
  <references type="weak" candidates="1277" cleared="430" enqueued="430" />
</gc-op>
<gc-end id="572" type="scavenge" contextid="568" durationms="8.774" usertimems="0.000" systemtimems="0.000" timestamp="2023-06-02T09:10:06.397" activeThreads="16">
  <mem-info id="573" free="788748624" total="1073741824" percent="73">
    <mem type="nursery" free="207131728" total="268435456" percent="77">
      <mem type="allocate" free="207131728" total="228524032" percent="90" />
      <mem type="survivor" free="0" total="39911424" percent="0" />
    </mem>
    <mem type="tenure" free="581616896" total="805306368" percent="72" macro-fragmented="0">
      <mem type="soa" free="541351168" total="765040640" percent="70" />
      <mem type="loa" free="40265728" total="40265728" percent="100" />
    </mem>
    <pending-finalizers system="2730" default="97" reference="430" classloader="0" />
    <remembered-set count="4733" />
  </mem-info>
</gc-end>
<cycle-end id="574" type="scavenge" contextid="568" timestamp="2023-06-02T09:10:06.400" />
<allocation-satisfied id="575" threadId="0000000002B80800" bytesRequested="24" />
<af-end id="576" timestamp="2023-06-02T09:10:06.400" threadId="0000000002B81180" success="true" from="nursery"/>
<exclusive-end id="577" timestamp="2023-06-02T09:10:06.400" durationms="11.404" />

<exclusive-start id="578" timestamp="2023-06-02T09:10:07.243" intervalms="855.823">
  <response-info timems="0.096" idlems="0.096" threads="0" lastid="0000000002B80800" lastname="Launch callback handler" />
</exclusive-start>
<af-start id="579" threadId="0000000002B81180" totalBytesRequested="200" timestamp="2023-06-02T09:10:07.243" intervalms="855.773" type="nursery" />
<cycle-start id="580" type="scavenge" contextid="0" timestamp="2023-06-02T09:10:07.243" intervalms="855.769" />
<gc-start id="581" type="scavenge" contextid="580" timestamp="2023-06-02T09:10:07.245">
  <mem-info id="582" free="581611824" total="1073741824" percent="54">
    <mem type="nursery" free="0" total="268435456" percent="0">
      <mem type="allocate" free="0" total="228524032" percent="0" />
      <mem type="survivor" free="0" total="39911424" percent="0" />
    </mem>
    <mem type="tenure" free="581611824" total="805306368" percent="72">
      <mem type="soa" free="541346096" total="765040640" percent="70" />
      <mem type="loa" free="40265728" total="40265728" percent="100" />
    </mem>
    <remembered-set count="4898" />
  </mem-info>
</gc-start>
<allocation-stats totalBytes="206972328" >
  <allocated-bytes non-tlh="332808" tlh="206639520" />
  <largest-consumer threadName="Launch callback handler" threadId="0000000002B80800" bytes="198224840" />
</allocation-stats>
<gc-op id="583" type="scavenge" timems="10.054" contextid="580" timestamp="2023-06-02T09:10:07.255">
  <scavenger-info tenureage="14" tenuremask="4000" tiltratio="85" />
  <memory-copied type="nursery" objects="461753" bytes="20256424" bytesdiscarded="237240" />
  <finalization candidates="1399" enqueued="600" />
  <ownableSynchronizers candidates="211" cleared="62" />
  <references type="soft" candidates="226" cleared="0" enqueued="0" dynamicThreshold="32" maxThreshold="32" />
  <references type="weak" candidates="867" cleared="16" enqueued="16" />
</gc-op>
<gc-end id="584" type="scavenge" contextid="580" durationms="10.480" usertimems="109.375" systemtimems="0.000" timestamp="2023-06-02T09:10:07.255" activeThreads="16">
  <mem-info id="585" free="792570712" total="1073741824" percent="73">
    <mem type="nursery" free="210958888" total="268435456" percent="78">
      <mem type="allocate" free="210958888" total="231473152" percent="91" />
      <mem type="survivor" free="0" total="36962304" percent="0" />
    </mem>
    <mem type="tenure" free="581611824" total="805306368" percent="72" macro-fragmented="0">
      <mem type="soa" free="541346096" total="765040640" percent="70" />
      <mem type="loa" free="40265728" total="40265728" percent="100" />
    </mem>
    <pending-finalizers system="563" default="37" reference="16" classloader="0" />
    <remembered-set count="4699" />
  </mem-info>
</gc-end>
<cycle-end id="586" type="scavenge" contextid="580" timestamp="2023-06-02T09:10:07.256" />
<allocation-satisfied id="587" threadId="0000000002B80800" bytesRequested="200" />
<af-end id="588" timestamp="2023-06-02T09:10:07.256" threadId="0000000002B81180" success="true" from="nursery"/>
<exclusive-end id="589" timestamp="2023-06-02T09:10:07.256" durationms="12.860" />

<exclusive-start id="590" timestamp="2023-06-02T09:10:08.742" intervalms="1498.295">
  <response-info timems="0.104" idlems="0.104" threads="0" lastid="0000000002B80800" lastname="Launch callback handler" />
</exclusive-start>
<af-start id="591" threadId="0000000002B81180" totalBytesRequested="16392" timestamp="2023-06-02T09:10:08.742" intervalms="1498.311" type="nursery" />
<cycle-start id="592" type="scavenge" contextid="0" timestamp="2023-06-02T09:10:08.742" intervalms="1498.319" />
<gc-start id="593" type="scavenge" contextid="592" timestamp="2023-06-02T09:10:08.742">
  <mem-info id="594" free="581532168" total="1073741824" percent="54">
    <mem type="nursery" free="0" total="268435456" percent="0">
      <mem type="allocate" free="0" total="231473152" percent="0" />
      <mem type="survivor" free="0" total="36962304" percent="0" />
    </mem>
    <mem type="tenure" free="581532168" total="805306368" percent="72">
      <mem type="soa" free="541266440" total="765040640" percent="70" />
      <mem type="loa" free="40265728" total="40265728" percent="100" />
    </mem>
    <remembered-set count="6089" />
  </mem-info>
</gc-start>
<allocation-stats totalBytes="210890760" >
  <allocated-bytes non-tlh="3718544" tlh="207172216" />
  <largest-consumer threadName="Launch callback handler" threadId="0000000002B80800" bytes="198173632" />
</allocation-stats>
<gc-op id="595" type="scavenge" timems="24.988" contextid="592" timestamp="2023-06-02T09:10:08.768">
  <scavenger-info tenureage="14" tenuremask="4000" tiltratio="86" />
  <memory-copied type="nursery" objects="859710" bytes="36924664" bytesdiscarded="13400" />
  <memory-copied type="tenure" objects="321037" bytes="20528120" bytesdiscarded="43528" />
  <copy-failed type="nursery" objects="321040" bytes="20543920" />
  <finalization candidates="5564" enqueued="4733" />
  <ownableSynchronizers candidates="702" cleared="79" />
  <references type="soft" candidates="865" cleared="0" enqueued="0" dynamicThreshold="32" maxThreshold="32" />
  <references type="weak" candidates="1175" cleared="243" enqueued="243" />
</gc-op>
<gc-end id="596" type="scavenge" contextid="592" durationms="26.100" usertimems="203.125" systemtimems="62.500" timestamp="2023-06-02T09:10:08.769" activeThreads="16">
  <mem-info id="597" free="678947824" total="1073741824" percent="63">
    <mem type="nursery" free="117833728" total="268435456" percent="43">
      <mem type="allocate" free="117833728" total="154796032" percent="76" />
      <mem type="survivor" free="0" total="113639424" percent="0" />
    </mem>
    <mem type="tenure" free="561114096" total="805306368" percent="69" macro-fragmented="0">
      <mem type="soa" free="520848368" total="765040640" percent="68" />
      <mem type="loa" free="40265728" total="40265728" percent="100" />
    </mem>
    <pending-finalizers system="4696" default="37" reference="243" classloader="0" />
    <remembered-set count="111435" />
  </mem-info>
</gc-end>
<cycle-end id="598" type="scavenge" contextid="592" timestamp="2023-06-02T09:10:08.771" />
<allocation-satisfied id="599" threadId="0000000002B80800" bytesRequested="16392" />
<af-end id="600" timestamp="2023-06-02T09:10:08.771" threadId="0000000002B81180" success="true" from="nursery"/>
<exclusive-end id="601" timestamp="2023-06-02T09:10:08.771" durationms="28.421" />

<exclusive-start id="602" timestamp="2023-06-02T09:10:09.163" intervalms="420.703">
  <response-info timems="0.115" idlems="0.115" threads="0" lastid="0000000002B80800" lastname="Launch callback handler" />
</exclusive-start>
<af-start id="603" threadId="0000000002B81180" totalBytesRequested="96" timestamp="2023-06-02T09:10:09.163" intervalms="420.673" type="nursery" />
<cycle-start id="604" type="scavenge" contextid="0" timestamp="2023-06-02T09:10:09.163" intervalms="420.660" />
<gc-start id="605" type="scavenge" contextid="604" timestamp="2023-06-02T09:10:09.163">
  <mem-info id="606" free="561086600" total="1073741824" percent="52">
    <mem type="nursery" free="0" total="268435456" percent="0">
      <mem type="allocate" free="0" total="154796032" percent="0" />
      <mem type="survivor" free="0" total="113639424" percent="0" />
    </mem>
    <mem type="tenure" free="561086600" total="805306368" percent="69">
      <mem type="soa" free="520820872" total="765040640" percent="68" />
      <mem type="loa" free="40265728" total="40265728" percent="100" />
    </mem>
    <remembered-set count="112392" />
  </mem-info>
</gc-start>
<allocation-stats totalBytes="117799024" >
  <allocated-bytes non-tlh="310432" tlh="117488592" />
  <largest-consumer threadName="Launch callback handler" threadId="0000000002B80800" bytes="114184184" />
</allocation-stats>
<gc-op id="607" type="scavenge" timems="16.593" contextid="604" timestamp="2023-06-02T09:10:09.180">
  <scavenger-info tenureage="4" tenuremask="4010" tiltratio="57" />
  <memory-copied type="nursery" objects="765685" bytes="34585536" bytesdiscarded="177240" />
  <memory-copied type="tenure" objects="111246" bytes="4142648" bytesdiscarded="1552" />
  <finalization candidates="1703" enqueued="732" />
  <ownableSynchronizers candidates="713" cleared="35" />
  <references type="soft" candidates="871" cleared="0" enqueued="0" dynamicThreshold="32" maxThreshold="32" />
  <references type="weak" candidates="1065" cleared="85" enqueued="85" />
</gc-op>
<gc-end id="608" type="scavenge" contextid="604" durationms="17.191" usertimems="93.750" systemtimems="0.000" timestamp="2023-06-02T09:10:09.180" activeThreads="16">
  <mem-info id="609" free="684749824" total="1073741824" percent="63">
    <mem type="nursery" free="128920448" total="268435456" percent="48">
      <mem type="allocate" free="128920448" total="163708928" percent="78" />
      <mem type="survivor" free="0" total="104726528" percent="0" />
    </mem>
    <mem type="tenure" free="555829376" total="805306368" percent="69" macro-fragmented="1800196">
      <mem type="soa" free="515563648" total="765040640" percent="67" />
      <mem type="loa" free="40265728" total="40265728" percent="100" />
    </mem>
    <pending-finalizers system="696" default="36" reference="85" classloader="0" />
    <remembered-set count="114326" />
  </mem-info>
</gc-end>
<cycle-end id="610" type="scavenge" contextid="604" timestamp="2023-06-02T09:10:09.181" />
<allocation-satisfied id="611" threadId="0000000002B80800" bytesRequested="96" />
<af-end id="612" timestamp="2023-06-02T09:10:09.181" threadId="0000000002B81180" success="true" from="nursery"/>
<exclusive-end id="613" timestamp="2023-06-02T09:10:09.181" durationms="18.459" />

<exclusive-start id="614" timestamp="2023-06-02T09:10:10.241" intervalms="1078.463">
  <response-info timems="0.126" idlems="0.126" threads="0" lastid="0000000002B80800" lastname="Launch callback handler" />
</exclusive-start>
<af-start id="615" threadId="0000000002B81180" totalBytesRequested="32" timestamp="2023-06-02T09:10:10.241" intervalms="1078.519" type="nursery" />
<cycle-start id="616" type="scavenge" contextid="0" timestamp="2023-06-02T09:10:10.241" intervalms="1078.573" />
<gc-start id="617" type="scavenge" contextid="616" timestamp="2023-06-02T09:10:10.241">
  <mem-info id="618" free="555564544" total="1073741824" percent="51">
    <mem type="nursery" free="0" total="268435456" percent="0">
      <mem type="allocate" free="0" total="163708928" percent="0" />
      <mem type="survivor" free="0" total="104726528" percent="0" />
    </mem>
    <mem type="tenure" free="555564544" total="805306368" percent="68">
      <mem type="soa" free="515298816" total="765040640" percent="67" />
      <mem type="loa" free="40265728" total="40265728" percent="100" />
    </mem>
    <remembered-set count="118251" />
  </mem-info>
</gc-start>
<allocation-stats totalBytes="129124768" >
  <allocated-bytes non-tlh="1394200" tlh="127730568" />
  <largest-consumer threadName="Launch callback handler" threadId="0000000002B80800" bytes="123058680" />
</allocation-stats>
<gc-op id="619" type="scavenge" timems="18.587" contextid="616" timestamp="2023-06-02T09:10:10.260">
  <scavenger-info tenureage="2" tenuremask="421c" tiltratio="60" />
  <memory-copied type="nursery" objects="114796" bytes="8046304" bytesdiscarded="122312" />
  <memory-copied type="tenure" objects="729013" bytes="31901352" bytesdiscarded="12232" />
  <finalization candidates="2785" enqueued="1758" />
  <ownableSynchronizers candidates="1770" cleared="54" />
  <references type="soft" candidates="105" cleared="0" enqueued="0" dynamicThreshold="32" maxThreshold="32" />
  <references type="weak" candidates="300" cleared="126" enqueued="126" />
</gc-op>
<gc-end id="620" type="scavenge" contextid="616" durationms="19.301" usertimems="93.750" systemtimems="0.000" timestamp="2023-06-02T09:10:10.261" activeThreads="16">
  <mem-info id="621" free="692726368" total="1073741824" percent="64">
    <mem type="nursery" free="168154544" total="268435456" percent="62">
      <mem type="allocate" free="168154544" total="176357376" percent="95" />
      <mem type="survivor" free="0" total="92078080" percent="0" />
    </mem>
    <mem type="tenure" free="524571824" total="805306368" percent="65" macro-fragmented="418667">
      <mem type="soa" free="484306096" total="765040640" percent="63" />
      <mem type="loa" free="40265728" total="40265728" percent="100" />
    </mem>
    <pending-finalizers system="1722" default="36" reference="126" classloader="0" />
    <remembered-set count="7740" />
  </mem-info>
</gc-end>
<cycle-end id="622" type="scavenge" contextid="616" timestamp="2023-06-02T09:10:10.262" />
<allocation-satisfied id="623" threadId="0000000002B80800" bytesRequested="32" />
<af-end id="624" timestamp="2023-06-02T09:10:10.262" threadId="0000000002B81180" success="true" from="nursery"/>
<exclusive-end id="625" timestamp="2023-06-02T09:10:10.262" durationms="20.704" />

<exclusive-start id="626" timestamp="2023-06-02T09:10:11.466" intervalms="1224.307">
  <response-info timems="0.280" idlems="0.280" threads="0" lastid="0000000002B7CC00" lastname="Launch callback handler" />
</exclusive-start>
<af-start id="627" threadId="0000000002B7D580" totalBytesRequested="1040" timestamp="2023-06-02T09:10:11.466" intervalms="1224.389" type="nursery" />
<cycle-start id="628" type="scavenge" contextid="0" timestamp="2023-06-02T09:10:11.466" intervalms="1224.352" />
<gc-start id="629" type="scavenge" contextid="628" timestamp="2023-06-02T09:10:11.467">
  <mem-info id="630" free="524570280" total="1073741824" percent="48">
    <mem type="nursery" free="0" total="268435456" percent="0">
      <mem type="allocate" free="0" total="176357376" percent="0" />
      <mem type="survivor" free="0" total="92078080" percent="0" />
    </mem>
    <mem type="tenure" free="524570280" total="805306368" percent="65">
      <mem type="soa" free="484304552" total="765040640" percent="63" />
      <mem type="loa" free="40265728" total="40265728" percent="100" />
    </mem>
    <remembered-set count="8619" />
  </mem-info>
</gc-start>
<allocation-stats totalBytes="168101640" >
  <allocated-bytes non-tlh="81536" tlh="168020104" />
  <largest-consumer threadName="Launch callback handler" threadId="0000000002B7CC00" bytes="117757128" />
</allocation-stats>
<gc-op id="631" type="scavenge" timems="9.426" contextid="628" timestamp="2023-06-02T09:10:11.476">
  <scavenger-info tenureage="8" tenuremask="4100" tiltratio="65" />
  <memory-copied type="nursery" objects="343109" bytes="11732304" bytesdiscarded="278496" />
  <memory-copied type="tenure" objects="6272" bytes="229896" bytesdiscarded="864" />
  <finalization candidates="431" enqueued="136" />
  <ownableSynchronizers candidates="1201" cleared="47" />
  <references type="soft" candidates="139" cleared="0" enqueued="0" dynamicThreshold="32" maxThreshold="32" />
  <references type="weak" candidates="227" cleared="44" enqueued="44" />
</gc-op>
<gc-end id="632" type="scavenge" contextid="628" durationms="10.073" usertimems="46.875" systemtimems="0.000" timestamp="2023-06-02T09:10:11.476" activeThreads="16">
  <mem-info id="633" free="703122536" total="1073741824" percent="65">
    <mem type="nursery" free="179004608" total="268435456" percent="66">
      <mem type="allocate" free="179004608" total="191037440" percent="93" />
      <mem type="survivor" free="0" total="77398016" percent="0" />
    </mem>
    <mem type="tenure" free="524117928" total="805306368" percent="65" macro-fragmented="0">
      <mem type="soa" free="483852200" total="765040640" percent="63" />
      <mem type="loa" free="40265728" total="40265728" percent="100" />
    </mem>
    <pending-finalizers system="98" default="38" reference="44" classloader="0" />
    <remembered-set count="8148" />
  </mem-info>
</gc-end>
<cycle-end id="634" type="scavenge" contextid="628" timestamp="2023-06-02T09:10:11.478" />
<allocation-satisfied id="635" threadId="0000000002B7CC00" bytesRequested="1040" />
<af-end id="636" timestamp="2023-06-02T09:10:11.478" threadId="0000000002B7D580" success="true" from="nursery"/>
<exclusive-end id="637" timestamp="2023-06-02T09:10:11.478" durationms="12.381" />

<exclusive-start id="638" timestamp="2023-06-02T09:10:11.734" intervalms="268.582">
  <response-info timems="0.162" idlems="0.162" threads="0" lastid="0000000002B7CC00" lastname="Launch callback handler" />
</exclusive-start>
<af-start id="639" threadId="0000000002B7D580" totalBytesRequested="24" timestamp="2023-06-02T09:10:11.734" intervalms="268.536" type="nursery" />
<cycle-start id="640" type="scavenge" contextid="0" timestamp="2023-06-02T09:10:11.734" intervalms="268.531" />
<gc-start id="641" type="scavenge" contextid="640" timestamp="2023-06-02T09:10:11.735">
  <mem-info id="642" free="524117928" total="1073741824" percent="48">
    <mem type="nursery" free="0" total="268435456" percent="0">
      <mem type="allocate" free="0" total="191037440" percent="0" />
      <mem type="survivor" free="0" total="77398016" percent="0" />
    </mem>
    <mem type="tenure" free="524117928" total="805306368" percent="65">
      <mem type="soa" free="483852200" total="765040640" percent="63" />
      <mem type="loa" free="40265728" total="40265728" percent="100" />
    </mem>
    <remembered-set count="8168" />
  </mem-info>
</gc-start>
<allocation-stats totalBytes="178952992" >
  <allocated-bytes non-tlh="1040" tlh="178951952" />
  <largest-consumer threadName="Launch callback handler" threadId="0000000002B7CC00" bytes="178899760" />
</allocation-stats>
<gc-op id="643" type="scavenge" timems="4.151" contextid="640" timestamp="2023-06-02T09:10:11.739">
  <scavenger-info tenureage="10" tenuremask="5400" tiltratio="71" />
  <memory-copied type="nursery" objects="238446" bytes="7986416" bytesdiscarded="192528" />
  <memory-copied type="tenure" objects="7989" bytes="271416" bytesdiscarded="536" />
  <finalization candidates="286" enqueued="0" />
  <ownableSynchronizers candidates="1145" cleared="5" />
  <references type="soft" candidates="139" cleared="0" enqueued="0" dynamicThreshold="32" maxThreshold="32" />
  <references type="weak" candidates="173" cleared="0" enqueued="0" />
</gc-op>
<gc-end id="644" type="scavenge" contextid="640" durationms="4.461" usertimems="0.000" systemtimems="0.000" timestamp="2023-06-02T09:10:11.739" activeThreads="16">
  <mem-info id="645" free="719493952" total="1073741824" percent="67">
    <mem type="nursery" free="195485848" total="268435456" percent="72">
      <mem type="allocate" free="195485848" total="203685888" percent="95" />
      <mem type="survivor" free="0" total="64749568" percent="0" />
    </mem>
    <mem type="tenure" free="524008104" total="805306368" percent="65" macro-fragmented="116842">
      <mem type="soa" free="483742376" total="765040640" percent="63" />
      <mem type="loa" free="40265728" total="40265728" percent="100" />
    </mem>
    <remembered-set count="4803" />
  </mem-info>
</gc-end>
<cycle-end id="646" type="scavenge" contextid="640" timestamp="2023-06-02T09:10:11.741" />
<allocation-satisfied id="647" threadId="0000000002B7CC00" bytesRequested="24" />
<af-end id="648" timestamp="2023-06-02T09:10:11.741" threadId="0000000002B7D580" success="true" from="nursery"/>
<exclusive-end id="649" timestamp="2023-06-02T09:10:11.741" durationms="6.352" />

<exclusive-start id="650" timestamp="2023-06-02T09:10:12.004" intervalms="270.094">
  <response-info timems="0.099" idlems="0.099" threads="0" lastid="0000000002B7CC00" lastname="Launch callback handler" />
</exclusive-start>
<af-start id="651" threadId="0000000002B7D580" totalBytesRequested="48" timestamp="2023-06-02T09:10:12.005" intervalms="270.111" type="nursery" />
<cycle-start id="652" type="scavenge" contextid="0" timestamp="2023-06-02T09:10:12.005" intervalms="270.149" />
<gc-start id="653" type="scavenge" contextid="652" timestamp="2023-06-02T09:10:12.006">
  <mem-info id="654" free="524008104" total="1073741824" percent="48">
    <mem type="nursery" free="0" total="268435456" percent="0">
      <mem type="allocate" free="0" total="203685888" percent="0" />
      <mem type="survivor" free="0" total="64749568" percent="0" />
    </mem>
    <mem type="tenure" free="524008104" total="805306368" percent="65">
      <mem type="soa" free="483742376" total="765040640" percent="63" />
      <mem type="loa" free="40265728" total="40265728" percent="100" />
    </mem>
    <remembered-set count="4850" />
  </mem-info>
</gc-start>
<allocation-stats totalBytes="195428944" >
  <allocated-bytes non-tlh="24" tlh="195428920" />
  <largest-consumer threadName="Launch callback handler" threadId="0000000002B7CC00" bytes="194790632" />
</allocation-stats>
<gc-op id="655" type="scavenge" timems="3.682" contextid="652" timestamp="2023-06-02T09:10:12.008">
  <scavenger-info tenureage="9" tenuremask="4200" tiltratio="75" />
  <memory-copied type="nursery" objects="136848" bytes="4765328" bytesdiscarded="303664" />
  <memory-copied type="tenure" objects="3103" bytes="110656" bytesdiscarded="64" />
  <finalization candidates="297" enqueued="18" />
  <ownableSynchronizers candidates="1139" cleared="7" />
  <references type="soft" candidates="139" cleared="0" enqueued="0" dynamicThreshold="32" maxThreshold="32" />
  <references type="weak" candidates="168" cleared="0" enqueued="0" />
</gc-op>
<gc-end id="656" type="scavenge" contextid="652" durationms="4.117" usertimems="15.625" systemtimems="0.000" timestamp="2023-06-02T09:10:12.010" activeThreads="16">
  <mem-info id="657" free="733514496" total="1073741824" percent="68">
    <mem type="nursery" free="209671512" total="268435456" percent="78">
      <mem type="allocate" free="209671512" total="214761472" percent="97" />
      <mem type="survivor" free="0" total="53673984" percent="0" />
    </mem>
    <mem type="tenure" free="523842984" total="805306368" percent="65" macro-fragmented="723458">
      <mem type="soa" free="483577256" total="765040640" percent="63" />
      <mem type="loa" free="40265728" total="40265728" percent="100" />
    </mem>
    <pending-finalizers system="0" default="18" reference="0" classloader="0" />
    <remembered-set count="4511" />
  </mem-info>
</gc-end>
<cycle-end id="658" type="scavenge" contextid="652" timestamp="2023-06-02T09:10:12.010" />
<allocation-satisfied id="659" threadId="0000000002B7CC00" bytesRequested="48" />
<af-end id="660" timestamp="2023-06-02T09:10:12.010" threadId="0000000002B7D580" success="true" from="nursery"/>
<exclusive-end id="661" timestamp="2023-06-02T09:10:12.010" durationms="5.783" />

<exclusive-start id="662" timestamp="2023-06-02T09:10:12.350" intervalms="345.836">
  <response-info timems="0.072" idlems="0.072" threads="0" lastid="0000000002B7CC00" lastname="Launch callback handler" />
</exclusive-start>
<af-start id="663" threadId="0000000002B7D580" totalBytesRequested="48" timestamp="2023-06-02T09:10:12.350" intervalms="345.798" type="nursery" />
<cycle-start id="664" type="scavenge" contextid="0" timestamp="2023-06-02T09:10:12.350" intervalms="345.755" />
<gc-start id="665" type="scavenge" contextid="664" timestamp="2023-06-02T09:10:12.351">
  <mem-info id="666" free="523842984" total="1073741824" percent="48">
    <mem type="nursery" free="0" total="268435456" percent="0">
      <mem type="allocate" free="0" total="214761472" percent="0" />
      <mem type="survivor" free="0" total="53673984" percent="0" />
    </mem>
    <mem type="tenure" free="523842984" total="805306368" percent="65">
      <mem type="soa" free="483577256" total="765040640" percent="63" />
      <mem type="loa" free="40265728" total="40265728" percent="100" />
    </mem>
    <remembered-set count="4699" />
  </mem-info>
</gc-start>
<allocation-stats totalBytes="209588384" >
  <allocated-bytes non-tlh="48" tlh="209588336" />
  <largest-consumer threadName="Launch callback handler" threadId="0000000002B7CC00" bytes="209123664" />
</allocation-stats>
<gc-op id="667" type="scavenge" timems="4.046" contextid="664" timestamp="2023-06-02T09:10:12.355">
  <scavenger-info tenureage="4" tenuremask="4030" tiltratio="80" />
  <memory-copied type="nursery" objects="136719" bytes="4318768" bytesdiscarded="191872" />
  <memory-copied type="tenure" objects="87966" bytes="3209952" bytesdiscarded="2560" />
  <finalization candidates="295" enqueued="18" />
  <ownableSynchronizers candidates="1136" cleared="8" />
  <references type="soft" candidates="35" cleared="0" enqueued="0" dynamicThreshold="32" maxThreshold="32" />
  <references type="weak" candidates="9" cleared="0" enqueued="0" />
</gc-op>
<gc-end id="668" type="scavenge" contextid="664" durationms="4.347" usertimems="0.000" systemtimems="0.000" timestamp="2023-06-02T09:10:12.355" activeThreads="16">
  <mem-info id="669" free="740296424" total="1073741824" percent="68">
    <mem type="nursery" free="219814376" total="268435456" percent="81">
      <mem type="allocate" free="219814376" total="224329728" percent="97" />
      <mem type="survivor" free="0" total="44105728" percent="0" />
    </mem>
    <mem type="tenure" free="520482048" total="805306368" percent="64" macro-fragmented="868149">
      <mem type="soa" free="480216320" total="765040640" percent="62" />
      <mem type="loa" free="40265728" total="40265728" percent="100" />
    </mem>
    <pending-finalizers system="0" default="18" reference="0" classloader="0" />
    <remembered-set count="2097" />
  </mem-info>
</gc-end>
<cycle-end id="670" type="scavenge" contextid="664" timestamp="2023-06-02T09:10:12.355" />
<allocation-satisfied id="671" threadId="0000000002B7CC00" bytesRequested="48" />
<af-end id="672" timestamp="2023-06-02T09:10:12.355" threadId="0000000002B7D580" success="true" from="nursery"/>
<exclusive-end id="673" timestamp="2023-06-02T09:10:12.355" durationms="5.436" />

<exclusive-start id="674" timestamp="2023-06-02T09:10:12.650" intervalms="299.709">
  <response-info timems="0.106" idlems="0.106" threads="0" lastid="0000000002B7CC00" lastname="Launch callback handler" />
</exclusive-start>
<af-start id="675" threadId="0000000002B7D580" totalBytesRequested="48" timestamp="2023-06-02T09:10:12.650" intervalms="299.664" type="nursery" />
<cycle-start id="676" type="scavenge" contextid="0" timestamp="2023-06-02T09:10:12.650" intervalms="299.666" />
<gc-start id="677" type="scavenge" contextid="676" timestamp="2023-06-02T09:10:12.650">
  <mem-info id="678" free="520482048" total="1073741824" percent="48">
    <mem type="nursery" free="0" total="268435456" percent="0">
      <mem type="allocate" free="0" total="224329728" percent="0" />
      <mem type="survivor" free="0" total="44105728" percent="0" />
    </mem>
    <mem type="tenure" free="520482048" total="805306368" percent="64">
      <mem type="soa" free="480216320" total="765040640" percent="62" />
      <mem type="loa" free="40265728" total="40265728" percent="100" />
    </mem>
    <remembered-set count="2187" />
  </mem-info>
</gc-start>
<allocation-stats totalBytes="219748088" >
  <allocated-bytes non-tlh="48" tlh="219748040" />
  <largest-consumer threadName="Launch callback handler" threadId="0000000002B7CC00" bytes="219711224" />
</allocation-stats>
<gc-op id="679" type="scavenge" timems="3.612" contextid="676" timestamp="2023-06-02T09:10:12.654">
  <scavenger-info tenureage="14" tenuremask="4000" tiltratio="83" />
  <memory-copied type="nursery" objects="209497" bytes="6621784" bytesdiscarded="168200" />
  <finalization candidates="21" enqueued="0" />
  <ownableSynchronizers candidates="11" cleared="2" />
  <references type="soft" candidates="35" cleared="0" enqueued="0" dynamicThreshold="32" maxThreshold="32" />
  <references type="weak" candidates="9" cleared="0" enqueued="0" />
</gc-op>
<gc-end id="680" type="scavenge" contextid="676" durationms="3.949" usertimems="0.000" systemtimems="0.000" timestamp="2023-06-02T09:10:12.654" activeThreads="16">
  <mem-info id="681" free="744701144" total="1073741824" percent="69">
    <mem type="nursery" free="224219096" total="268435456" percent="83">
      <mem type="allocate" free="224219096" total="231014400" percent="97" />
      <mem type="survivor" free="0" total="37421056" percent="0" />
    </mem>
    <mem type="tenure" free="520482048" total="805306368" percent="64" macro-fragmented="0">
      <mem type="soa" free="480216320" total="765040640" percent="62" />
      <mem type="loa" free="40265728" total="40265728" percent="100" />
    </mem>
    <remembered-set count="2180" />
  </mem-info>
</gc-end>
<cycle-end id="682" type="scavenge" contextid="676" timestamp="2023-06-02T09:10:12.655" />
<allocation-satisfied id="683" threadId="0000000002B7CC00" bytesRequested="48" />
<af-end id="684" timestamp="2023-06-02T09:10:12.655" threadId="0000000002B7D580" success="true" from="nursery"/>
<exclusive-end id="685" timestamp="2023-06-02T09:10:12.655" durationms="5.321" />

<exclusive-start id="686" timestamp="2023-06-02T09:10:12.990" intervalms="340.715">
  <response-info timems="0.092" idlems="0.092" threads="0" lastid="0000000002B7CC00" lastname="Launch callback handler" />
</exclusive-start>
<af-start id="687" threadId="0000000002B7D580" totalBytesRequested="24" timestamp="2023-06-02T09:10:12.990" intervalms="340.709" type="nursery" />
<cycle-start id="688" type="scavenge" contextid="0" timestamp="2023-06-02T09:10:12.990" intervalms="340.702" />
<gc-start id="689" type="scavenge" contextid="688" timestamp="2023-06-02T09:10:12.990">
  <mem-info id="690" free="520482048" total="1073741824" percent="48">
    <mem type="nursery" free="0" total="268435456" percent="0">
      <mem type="allocate" free="0" total="231014400" percent="0" />
      <mem type="survivor" free="0" total="37421056" percent="0" />
    </mem>
    <mem type="tenure" free="520482048" total="805306368" percent="64">
      <mem type="soa" free="480216320" total="765040640" percent="62" />
      <mem type="loa" free="40265728" total="40265728" percent="100" />
    </mem>
    <remembered-set count="2232" />
  </mem-info>
</gc-start>
<allocation-stats totalBytes="224149080" >
  <allocated-bytes non-tlh="32832" tlh="224116248" />
  <largest-consumer threadName="Launch callback handler" threadId="0000000002B7CC00" bytes="223540704" />
</allocation-stats>
<gc-op id="691" type="scavenge" timems="2.085" contextid="688" timestamp="2023-06-02T09:10:12.993">
  <scavenger-info tenureage="5" tenuremask="4020" tiltratio="86" />
  <memory-copied type="nursery" objects="78941" bytes="2500840" bytesdiscarded="201952" />
  <memory-copied type="tenure" objects="27088" bytes="838240" bytesdiscarded="696" />
  <finalization candidates="39" enqueued="18" />
  <ownableSynchronizers candidates="17" cleared="7" />
</gc-op>
<gc-end id="692" type="scavenge" contextid="688" durationms="2.370" usertimems="0.000" systemtimems="0.000" timestamp="2023-06-02T09:10:12.993" activeThreads="16">
  <mem-info id="693" free="754152160" total="1073741824" percent="70">
    <mem type="nursery" free="234205672" total="268435456" percent="87">
      <mem type="allocate" free="234205672" total="236912640" percent="98" />
      <mem type="survivor" free="0" total="31522816" percent="0" />
    </mem>
    <mem type="tenure" free="519946488" total="805306368" percent="64" macro-fragmented="0">
      <mem type="soa" free="479680760" total="765040640" percent="62" />
      <mem type="loa" free="40265728" total="40265728" percent="100" />
    </mem>
    <pending-finalizers system="0" default="18" reference="0" classloader="0" />
    <remembered-set count="1646" />
  </mem-info>
</gc-end>
<cycle-end id="694" type="scavenge" contextid="688" timestamp="2023-06-02T09:10:12.993" />
<allocation-satisfied id="695" threadId="0000000002B7CC00" bytesRequested="24" />
<af-end id="696" timestamp="2023-06-02T09:10:12.993" threadId="0000000002B7D580" success="true" from="nursery"/>
<exclusive-end id="697" timestamp="2023-06-02T09:10:12.993" durationms="3.284" />

<exclusive-start id="698" timestamp="2023-06-02T09:10:13.284" intervalms="293.873">
  <response-info timems="0.076" idlems="0.076" threads="0" lastid="0000000002B7CC00" lastname="Launch callback handler" />
</exclusive-start>
<af-start id="699" threadId="0000000002B7D580" totalBytesRequested="24" timestamp="2023-06-02T09:10:13.284" intervalms="293.902" type="nursery" />
<cycle-start id="700" type="scavenge" contextid="0" timestamp="2023-06-02T09:10:13.284" intervalms="293.950" />
<gc-start id="701" type="scavenge" contextid="700" timestamp="2023-06-02T09:10:13.285">
  <mem-info id="702" free="519946488" total="1073741824" percent="48">
    <mem type="nursery" free="0" total="268435456" percent="0">
      <mem type="allocate" free="0" total="236912640" percent="0" />
      <mem type="survivor" free="0" total="31522816" percent="0" />
    </mem>
    <mem type="tenure" free="519946488" total="805306368" percent="64">
      <mem type="soa" free="479680760" total="765040640" percent="62" />
      <mem type="loa" free="40265728" total="40265728" percent="100" />
    </mem>
    <remembered-set count="1761" />
  </mem-info>
</gc-start>
<allocation-stats totalBytes="234147648" >
  <allocated-bytes non-tlh="24" tlh="234147624" />
  <largest-consumer threadName="Launch callback handler" threadId="0000000002B7CC00" bytes="233707328" />
</allocation-stats>
<gc-op id="703" type="scavenge" timems="2.886" contextid="700" timestamp="2023-06-02T09:10:13.288">
  <scavenger-info tenureage="5" tenuremask="ffa0" tiltratio="88" />
  <memory-copied type="nursery" objects="192574" bytes="6106680" bytesdiscarded="146656" />
  <memory-copied type="tenure" objects="2352" bytes="69272" bytesdiscarded="16" />
  <finalization candidates="18" enqueued="18" />
  <ownableSynchronizers candidates="6" cleared="3" />
</gc-op>
<gc-end id="704" type="scavenge" contextid="700" durationms="3.238" usertimems="0.000" systemtimems="0.000" timestamp="2023-06-02T09:10:13.288" activeThreads="16">
  <mem-info id="705" free="754385576" total="1073741824" percent="70">
    <mem type="nursery" free="234587312" total="268435456" percent="87">
      <mem type="allocate" free="234587312" total="240844800" percent="97" />
      <mem type="survivor" free="0" total="27590656" percent="0" />
    </mem>
    <mem type="tenure" free="519798264" total="805306368" percent="64" macro-fragmented="0">
      <mem type="soa" free="479532536" total="765040640" percent="62" />
      <mem type="loa" free="40265728" total="40265728" percent="100" />
    </mem>
    <pending-finalizers system="0" default="18" reference="0" classloader="0" />
    <remembered-set count="1687" />
  </mem-info>
</gc-end>
<cycle-end id="706" type="scavenge" contextid="700" timestamp="2023-06-02T09:10:13.289" />
<allocation-satisfied id="707" threadId="0000000002B7CC00" bytesRequested="24" />
<af-end id="708" timestamp="2023-06-02T09:10:13.289" threadId="0000000002B7D580" success="true" from="nursery"/>
<exclusive-end id="709" timestamp="2023-06-02T09:10:13.289" durationms="4.568" />

<exclusive-start id="710" timestamp="2023-06-02T09:10:16.032" intervalms="2747.172">
  <response-info timems="0.217" idlems="0.217" threads="0" lastid="0000000002B7CC00" lastname="Launch callback handler" />
</exclusive-start>
<af-start id="711" threadId="0000000002B7D580" totalBytesRequested="16" timestamp="2023-06-02T09:10:16.032" intervalms="2747.431" type="nursery" />
<cycle-start id="712" type="scavenge" contextid="0" timestamp="2023-06-02T09:10:16.032" intervalms="2747.427" />
<gc-start id="713" type="scavenge" contextid="712" timestamp="2023-06-02T09:10:16.040">
  <mem-info id="714" free="519709456" total="1073741824" percent="48">
    <mem type="nursery" free="0" total="268435456" percent="0">
      <mem type="allocate" free="0" total="240844800" percent="0" />
      <mem type="survivor" free="0" total="27590656" percent="0" />
    </mem>
    <mem type="tenure" free="519709456" total="805306368" percent="64">
      <mem type="soa" free="479443728" total="765040640" percent="62" />
      <mem type="loa" free="40265728" total="40265728" percent="100" />
    </mem>
    <remembered-set count="4053" />
  </mem-info>
</gc-start>
<allocation-stats totalBytes="234564672" >
  <allocated-bytes non-tlh="1029520" tlh="233535152" />
  <largest-consumer threadName="Launch callback handler" threadId="0000000002B7CC00" bytes="193066392" />
</allocation-stats>
<gc-op id="715" type="scavenge" timems="14.157" contextid="712" timestamp="2023-06-02T09:10:16.055">
  <scavenger-info tenureage="5" tenuremask="ffa0" tiltratio="89" />
  <memory-copied type="nursery" objects="282312" bytes="18155088" bytesdiscarded="414400" />
  <memory-copied type="tenure" objects="3389" bytes="103888" bytesdiscarded="32" />
  <finalization candidates="3971" enqueued="3262" />
  <ownableSynchronizers candidates="99" cleared="41" />
  <references type="soft" candidates="59" cleared="0" enqueued="0" dynamicThreshold="32" maxThreshold="32" />
  <references type="weak" candidates="1241" cleared="393" enqueued="393" />
</gc-op>
<gc-end id="716" type="scavenge" contextid="712" durationms="14.878" usertimems="140.625" systemtimems="0.000" timestamp="2023-06-02T09:10:16.055" activeThreads="16">
  <mem-info id="717" free="734892136" total="1073741824" percent="68">
    <mem type="nursery" free="215299416" total="268435456" percent="80">
      <mem type="allocate" free="215299416" total="233897984" percent="92" />
      <mem type="survivor" free="0" total="34537472" percent="0" />
    </mem>
    <mem type="tenure" free="519592720" total="805306368" percent="64" macro-fragmented="0">
      <mem type="soa" free="479326992" total="765040640" percent="62" />
      <mem type="loa" free="40265728" total="40265728" percent="100" />
    </mem>
    <pending-finalizers system="3166" default="96" reference="393" classloader="0" />
    <remembered-set count="3826" />
  </mem-info>
</gc-end>
<cycle-end id="718" type="scavenge" contextid="712" timestamp="2023-06-02T09:10:16.056" />
<allocation-satisfied id="719" threadId="0000000002B7CC00" bytesRequested="16" />
<af-end id="720" timestamp="2023-06-02T09:10:16.056" threadId="0000000002B7D580" success="true" from="nursery"/>
<exclusive-end id="721" timestamp="2023-06-02T09:10:16.056" durationms="25.150" />

<exclusive-start id="722" timestamp="2023-06-02T09:10:16.982" intervalms="950.733">
  <response-info timems="0.133" idlems="0.133" threads="0" lastid="0000000002B7CC00" lastname="Launch callback handler" />
</exclusive-start>
<af-start id="723" threadId="0000000002B7D580" totalBytesRequested="16" timestamp="2023-06-02T09:10:16.982" intervalms="950.464" type="nursery" />
<cycle-start id="724" type="scavenge" contextid="0" timestamp="2023-06-02T09:10:16.982" intervalms="950.436" />
<gc-start id="725" type="scavenge" contextid="724" timestamp="2023-06-02T09:10:16.983">
  <mem-info id="726" free="519592448" total="1073741824" percent="48">
    <mem type="nursery" free="0" total="268435456" percent="0">
      <mem type="allocate" free="0" total="233897984" percent="0" />
      <mem type="survivor" free="0" total="34537472" percent="0" />
    </mem>
    <mem type="tenure" free="519592448" total="805306368" percent="64">
      <mem type="soa" free="479326720" total="765040640" percent="62" />
      <mem type="loa" free="40265728" total="40265728" percent="100" />
    </mem>
    <remembered-set count="66666" />
  </mem-info>
</gc-start>
<allocation-stats totalBytes="215165664" >
  <allocated-bytes non-tlh="897712" tlh="214267952" />
  <largest-consumer threadName="Launch callback handler" threadId="0000000002B7CC00" bytes="163437000" />
</allocation-stats>
<gc-op id="727" type="scavenge" timems="5.467" contextid="724" timestamp="2023-06-02T09:10:16.989">
  <scavenger-info tenureage="4" tenuremask="ffb0" tiltratio="87" />
  <memory-copied type="nursery" objects="323120" bytes="11597288" bytesdiscarded="683312" />
  <memory-copied type="tenure" objects="14697" bytes="450896" bytesdiscarded="40" />
  <finalization candidates="773" enqueued="63" />
  <ownableSynchronizers candidates="72" cleared="14" />
  <references type="soft" candidates="59" cleared="0" enqueued="0" dynamicThreshold="32" maxThreshold="32" />
  <references type="weak" candidates="854" cleared="3" enqueued="3" />
</gc-op>
<gc-end id="728" type="scavenge" contextid="724" durationms="5.839" usertimems="0.000" systemtimems="0.000" timestamp="2023-06-02T09:10:16.989" activeThreads="16">
  <mem-info id="729" free="742962696" total="1073741824" percent="69">
    <mem type="nursery" free="224158216" total="268435456" percent="83">
      <mem type="allocate" free="224158216" total="236453888" percent="94" />
      <mem type="survivor" free="0" total="31981568" percent="0" />
    </mem>
    <mem type="tenure" free="518804480" total="805306368" percent="64" macro-fragmented="602881">
      <mem type="soa" free="478538752" total="765040640" percent="62" />
      <mem type="loa" free="40265728" total="40265728" percent="100" />
    </mem>
    <pending-finalizers system="27" default="36" reference="3" classloader="0" />
    <remembered-set count="66261" />
  </mem-info>
</gc-end>
<cycle-end id="730" type="scavenge" contextid="724" timestamp="2023-06-02T09:10:16.990" />
<allocation-satisfied id="731" threadId="0000000002B7CC00" bytesRequested="16" />
<af-end id="732" timestamp="2023-06-02T09:10:16.990" threadId="0000000002B7D580" success="true" from="nursery"/>
<exclusive-end id="733" timestamp="2023-06-02T09:10:16.990" durationms="7.568" />

<exclusive-start id="734" timestamp="2023-06-02T09:10:17.997" intervalms="1015.561">
  <response-info timems="0.178" idlems="0.178" threads="0" lastid="0000000002B7CC00" lastname="Launch callback handler" />
</exclusive-start>
<af-start id="735" threadId="0000000002B7D580" totalBytesRequested="368" timestamp="2023-06-02T09:10:17.998" intervalms="1015.686" type="nursery" />
<cycle-start id="736" type="scavenge" contextid="0" timestamp="2023-06-02T09:10:17.998" intervalms="1015.695" />
<gc-start id="737" type="scavenge" contextid="736" timestamp="2023-06-02T09:10:17.998">
  <mem-info id="738" free="518789952" total="1073741824" percent="48">
    <mem type="nursery" free="0" total="268435456" percent="0">
      <mem type="allocate" free="0" total="236453888" percent="0" />
      <mem type="survivor" free="0" total="31981568" percent="0" />
    </mem>
    <mem type="tenure" free="518789952" total="805306368" percent="64">
      <mem type="soa" free="478524224" total="765040640" percent="62" />
      <mem type="loa" free="40265728" total="40265728" percent="100" />
    </mem>
    <remembered-set count="66576" />
  </mem-info>
</gc-start>
<allocation-stats totalBytes="224102176" >
  <allocated-bytes non-tlh="817400" tlh="223284776" />
  <largest-consumer threadName="Launch callback handler" threadId="0000000002B7CC00" bytes="222609952" />
</allocation-stats>
<gc-op id="739" type="scavenge" timems="12.903" contextid="736" timestamp="2023-06-02T09:10:18.012">
  <scavenger-info tenureage="3" tenuremask="ff98" tiltratio="88" />
  <memory-copied type="nursery" objects="719809" bytes="30282528" bytesdiscarded="192048" />
  <memory-copied type="tenure" objects="7169" bytes="232992" bytesdiscarded="56" />
  <finalization candidates="2876" enqueued="2149" />
  <ownableSynchronizers candidates="234" cleared="17" />
  <references type="soft" candidates="65" cleared="0" enqueued="0" dynamicThreshold="32" maxThreshold="32" />
  <references type="weak" candidates="917" cleared="54" enqueued="54" />
</gc-op>
<gc-end id="740" type="scavenge" contextid="736" durationms="13.442" usertimems="0.000" systemtimems="0.000" timestamp="2023-06-02T09:10:18.012" activeThreads="16">
  <mem-info id="741" free="703094080" total="1073741824" percent="65">
    <mem type="nursery" free="184529152" total="268435456" percent="68">
      <mem type="allocate" free="184529152" total="215023616" percent="85" />
      <mem type="survivor" free="0" total="53411840" percent="0" />
    </mem>
    <mem type="tenure" free="518564928" total="805306368" percent="64" macro-fragmented="15725">
      <mem type="soa" free="478299200" total="765040640" percent="62" />
      <mem type="loa" free="40265728" total="40265728" percent="100" />
    </mem>
    <pending-finalizers system="2113" default="36" reference="54" classloader="0" />
    <remembered-set count="65942" />
  </mem-info>
</gc-end>
<cycle-end id="742" type="scavenge" contextid="736" timestamp="2023-06-02T09:10:18.013" />
<allocation-satisfied id="743" threadId="0000000002B7CC00" bytesRequested="368" />
<af-end id="744" timestamp="2023-06-02T09:10:18.014" threadId="0000000002B7D580" success="true" from="nursery"/>
<exclusive-end id="745" timestamp="2023-06-02T09:10:18.014" durationms="15.832" />

<exclusive-start id="746" timestamp="2023-06-02T09:10:19.106" intervalms="1107.646">
  <response-info timems="0.096" idlems="0.096" threads="0" lastid="0000000002B7CC00" lastname="Launch callback handler" />
</exclusive-start>
<af-start id="747" threadId="0000000002B7D580" totalBytesRequested="4104" timestamp="2023-06-02T09:10:19.106" intervalms="1107.519" type="nursery" />
<cycle-start id="748" type="scavenge" contextid="0" timestamp="2023-06-02T09:10:19.106" intervalms="1107.493" />
<gc-start id="749" type="scavenge" contextid="748" timestamp="2023-06-02T09:10:19.107">
  <mem-info id="750" free="518500104" total="1073741824" percent="48">
    <mem type="nursery" free="0" total="268435456" percent="0">
      <mem type="allocate" free="0" total="215023616" percent="0" />
      <mem type="survivor" free="0" total="53411840" percent="0" />
    </mem>
    <mem type="tenure" free="518500104" total="805306368" percent="64">
      <mem type="soa" free="478234376" total="765040640" percent="62" />
      <mem type="loa" free="40265728" total="40265728" percent="100" />
    </mem>
    <remembered-set count="67054" />
  </mem-info>
</gc-start>
<allocation-stats totalBytes="184470240" >
  <allocated-bytes non-tlh="3195920" tlh="181274320" />
  <largest-consumer threadName="Launch callback handler" threadId="0000000002B7CC00" bytes="180622768" />
</allocation-stats>
<gc-op id="751" type="scavenge" timems="17.984" contextid="748" timestamp="2023-06-02T09:10:19.124">
  <scavenger-info tenureage="3" tenuremask="ffc8" tiltratio="80" />
  <memory-copied type="nursery" objects="722899" bytes="34654200" bytesdiscarded="237112" />
  <memory-copied type="tenure" objects="245147" bytes="9935640" bytesdiscarded="4336" />
  <finalization candidates="4212" enqueued="3483" />
  <ownableSynchronizers candidates="574" cleared="19" />
  <references type="soft" candidates="907" cleared="0" enqueued="0" dynamicThreshold="32" maxThreshold="32" />
  <references type="weak" candidates="324" cleared="225" enqueued="225" />
</gc-op>
<gc-end id="752" type="scavenge" contextid="748" durationms="18.423" usertimems="15.625" systemtimems="0.000" timestamp="2023-06-02T09:10:19.124" activeThreads="16">
  <mem-info id="753" free="693880256" total="1073741824" percent="64">
    <mem type="nursery" free="185352400" total="268435456" percent="69">
      <mem type="allocate" free="185352400" total="220266496" percent="84" />
      <mem type="survivor" free="0" total="48168960" percent="0" />
    </mem>
    <mem type="tenure" free="508527856" total="805306368" percent="63" macro-fragmented="0">
      <mem type="soa" free="468262128" total="765040640" percent="61" />
      <mem type="loa" free="40265728" total="40265728" percent="100" />
    </mem>
    <pending-finalizers system="3447" default="36" reference="225" classloader="0" />
    <remembered-set count="66118" />
  </mem-info>
</gc-end>
<cycle-end id="754" type="scavenge" contextid="748" timestamp="2023-06-02T09:10:19.126" />
<allocation-satisfied id="755" threadId="0000000002B7CC00" bytesRequested="4104" />
<af-end id="756" timestamp="2023-06-02T09:10:19.126" threadId="0000000002B7D580" success="true" from="nursery"/>
<exclusive-end id="757" timestamp="2023-06-02T09:10:19.126" durationms="20.291" />

<exclusive-start id="758" timestamp="2023-06-02T09:10:19.702" intervalms="596.578">
  <response-info timems="0.148" idlems="0.148" threads="0" lastid="0000000002B7CC00" lastname="Launch callback handler" />
</exclusive-start>
<af-start id="759" threadId="0000000002B7D580" totalBytesRequested="16" timestamp="2023-06-02T09:10:19.702" intervalms="596.613" type="nursery" />
<cycle-start id="760" type="scavenge" contextid="0" timestamp="2023-06-02T09:10:19.703" intervalms="596.676" />
<gc-start id="761" type="scavenge" contextid="760" timestamp="2023-06-02T09:10:19.704">
  <mem-info id="762" free="508491192" total="1073741824" percent="47">
    <mem type="nursery" free="0" total="268435456" percent="0">
      <mem type="allocate" free="0" total="220266496" percent="0" />
      <mem type="survivor" free="0" total="48168960" percent="0" />
    </mem>
    <mem type="tenure" free="508491192" total="805306368" percent="63">
      <mem type="soa" free="468225464" total="765040640" percent="61" />
      <mem type="loa" free="40265728" total="40265728" percent="100" />
    </mem>
    <remembered-set count="67486" />
  </mem-info>
</gc-start>
<allocation-stats totalBytes="185326208" >
  <allocated-bytes non-tlh="40768" tlh="185285440" />
  <largest-consumer threadName="Launch callback handler" threadId="0000000002B7CC00" bytes="184696856" />
</allocation-stats>
<gc-op id="763" type="scavenge" timems="10.748" contextid="760" timestamp="2023-06-02T09:10:19.714">
  <scavenger-info tenureage="3" tenuremask="ffe8" tiltratio="82" />
  <memory-copied type="nursery" objects="650884" bytes="27125864" bytesdiscarded="173048" />
  <memory-copied type="tenure" objects="64167" bytes="1083376" bytesdiscarded="120" />
  <finalization candidates="1388" enqueued="669" />
  <ownableSynchronizers candidates="626" cleared="7" />
  <references type="soft" candidates="1027" cleared="0" enqueued="0" dynamicThreshold="32" maxThreshold="32" />
  <references type="weak" candidates="222" cleared="70" enqueued="70" />
</gc-op>
<gc-end id="764" type="scavenge" contextid="760" durationms="11.384" usertimems="31.250" systemtimems="0.000" timestamp="2023-06-02T09:10:19.714" activeThreads="16">
  <mem-info id="765" free="701449992" total="1073741824" percent="65">
    <mem type="nursery" free="194262096" total="268435456" percent="72">
      <mem type="allocate" free="194262096" total="221577216" percent="87" />
      <mem type="survivor" free="0" total="46858240" percent="0" />
    </mem>
    <mem type="tenure" free="507187896" total="805306368" percent="62" macro-fragmented="0">
      <mem type="soa" free="466922168" total="765040640" percent="61" />
      <mem type="loa" free="40265728" total="40265728" percent="100" />
    </mem>
    <pending-finalizers system="651" default="18" reference="70" classloader="0" />
    <remembered-set count="4588" />
  </mem-info>
</gc-end>
<cycle-end id="766" type="scavenge" contextid="760" timestamp="2023-06-02T09:10:19.715" />
<allocation-satisfied id="767" threadId="0000000002B7CC00" bytesRequested="16" />
<af-end id="768" timestamp="2023-06-02T09:10:19.715" threadId="0000000002B7D580" success="true" from="nursery"/>
<exclusive-end id="769" timestamp="2023-06-02T09:10:19.715" durationms="13.688" />

<exclusive-start id="770" timestamp="2023-06-02T09:10:27.035" intervalms="7332.522">
  <response-info timems="0.078" idlems="0.078" threads="0" lastid="0000000001989000" lastname="Default Executor-thread-30" />
</exclusive-start>
<af-start id="771" threadId="0000000001989980" totalBytesRequested="51712" timestamp="2023-06-02T09:10:27.035" intervalms="7332.450" type="nursery" />
<cycle-start id="772" type="scavenge" contextid="0" timestamp="2023-06-02T09:10:27.035" intervalms="7332.387" />
<gc-start id="773" type="scavenge" contextid="772" timestamp="2023-06-02T09:10:27.035">
  <mem-info id="774" free="506732200" total="1073741824" percent="47">
    <mem type="nursery" free="0" total="268435456" percent="0">
      <mem type="allocate" free="0" total="221577216" percent="0" />
      <mem type="survivor" free="0" total="46858240" percent="0" />
    </mem>
    <mem type="tenure" free="506732200" total="805306368" percent="62">
      <mem type="soa" free="466466472" total="765040640" percent="60" />
      <mem type="loa" free="40265728" total="40265728" percent="100" />
    </mem>
    <remembered-set count="11999" />
  </mem-info>
</gc-start>
<allocation-stats totalBytes="194338928" >
  <allocated-bytes non-tlh="4207616" tlh="190131312" />
  <largest-consumer threadName="Default Executor-thread-25" threadId="00000000018B5500" bytes="19709664" />
</allocation-stats>
<gc-op id="775" type="scavenge" timems="11.916" contextid="772" timestamp="2023-06-02T09:10:27.047">
  <scavenger-info tenureage="5" tenuremask="ffe0" tiltratio="82" />
  <memory-copied type="nursery" objects="750640" bytes="38838056" bytesdiscarded="325304" />
  <finalization candidates="5438" enqueued="4696" />
  <ownableSynchronizers candidates="818" cleared="140" />
  <references type="soft" candidates="2282" cleared="0" enqueued="0" dynamicThreshold="32" maxThreshold="32" />
  <references type="weak" candidates="1312" cleared="898" enqueued="896" />
  <references type="phantom" candidates="5" cleared="0" enqueued="0" />
</gc-op>
<gc-end id="776" type="scavenge" contextid="772" durationms="12.318" usertimems="15.625" systemtimems="0.000" timestamp="2023-06-02T09:10:27.047" activeThreads="16">
  <mem-info id="777" free="678024320" total="1073741824" percent="63">
    <mem type="nursery" free="171292120" total="268435456" percent="63">
      <mem type="allocate" free="171292120" total="210501632" percent="81" />
      <mem type="survivor" free="0" total="57933824" percent="0" />
    </mem>
    <mem type="tenure" free="506732200" total="805306368" percent="62" macro-fragmented="290741">
      <mem type="soa" free="466466472" total="765040640" percent="60" />
      <mem type="loa" free="40265728" total="40265728" percent="100" />
    </mem>
    <pending-finalizers system="4318" default="378" reference="896" classloader="0" />
    <remembered-set count="11552" />
  </mem-info>
</gc-end>
<cycle-end id="778" type="scavenge" contextid="772" timestamp="2023-06-02T09:10:27.048" />
<allocation-satisfied id="779" threadId="0000000001989000" bytesRequested="51712" />
<af-end id="780" timestamp="2023-06-02T09:10:27.048" threadId="0000000001989980" success="true" from="nursery"/>
<exclusive-end id="781" timestamp="2023-06-02T09:10:27.048" durationms="13.590" />

<exclusive-start id="782" timestamp="2023-06-02T09:10:29.596" intervalms="2561.439">
  <response-info timems="0.082" idlems="0.082" threads="0" lastid="000000000186AC00" lastname="Default Executor-thread-21" />
</exclusive-start>
<af-start id="783" threadId="000000000186B580" totalBytesRequested="24" timestamp="2023-06-02T09:10:29.596" intervalms="2561.425" type="nursery" />
<cycle-start id="784" type="scavenge" contextid="0" timestamp="2023-06-02T09:10:29.596" intervalms="2561.421" />
<gc-start id="785" type="scavenge" contextid="784" timestamp="2023-06-02T09:10:29.596">
  <mem-info id="786" free="505225848" total="1073741824" percent="47">
    <mem type="nursery" free="0" total="268435456" percent="0">
      <mem type="allocate" free="0" total="210501632" percent="0" />
      <mem type="survivor" free="0" total="57933824" percent="0" />
    </mem>
    <mem type="tenure" free="505225848" total="805306368" percent="62">
      <mem type="soa" free="464960120" total="765040640" percent="60" />
      <mem type="loa" free="40265728" total="40265728" percent="100" />
    </mem>
    <remembered-set count="23430" />
  </mem-info>
</gc-start>
<allocation-stats totalBytes="172481744" >
  <allocated-bytes non-tlh="16411488" tlh="156070256" />
  <largest-consumer threadName="Default Executor-thread-3" threadId="0000000001712600" bytes="116485224" />
</allocation-stats>
<gc-op id="787" type="scavenge" timems="21.455" contextid="784" timestamp="2023-06-02T09:10:29.618">
  <scavenger-info tenureage="3" tenuremask="4018" tiltratio="78" />
  <memory-copied type="nursery" objects="232150" bytes="30439080" bytesdiscarded="461712" />
  <memory-copied type="tenure" objects="634072" bytes="25519704" bytesdiscarded="10512" />
  <finalization candidates="7583" enqueued="6506" />
  <ownableSynchronizers candidates="1569" cleared="57" />
  <references type="soft" candidates="3089" cleared="0" enqueued="0" dynamicThreshold="32" maxThreshold="32" />
  <references type="weak" candidates="2318" cleared="1151" enqueued="1147" />
  <references type="phantom" candidates="11" cleared="0" enqueued="0" />
</gc-op>
<gc-end id="788" type="scavenge" contextid="784" durationms="22.136" usertimems="140.625" systemtimems="15.625" timestamp="2023-06-02T09:10:29.618" activeThreads="16">
  <mem-info id="789" free="662225472" total="1073741824" percent="61">
    <mem type="nursery" free="181837912" total="268435456" percent="67">
      <mem type="allocate" free="181837912" total="212795392" percent="85" />
      <mem type="survivor" free="0" total="55640064" percent="0" />
    </mem>
    <mem type="tenure" free="480387560" total="805306368" percent="59" macro-fragmented="868149">
      <mem type="soa" free="440121832" total="765040640" percent="57" />
      <mem type="loa" free="40265728" total="40265728" percent="100" />
    </mem>
    <pending-finalizers system="6370" default="136" reference="1147" classloader="0" />
    <remembered-set count="21025" />
  </mem-info>
</gc-end>
<cycle-end id="790" type="scavenge" contextid="784" timestamp="2023-06-02T09:10:29.620" />
<allocation-satisfied id="791" threadId="000000000186AC00" bytesRequested="24" />
<af-end id="792" timestamp="2023-06-02T09:10:29.620" threadId="000000000186B580" success="true" from="nursery"/>
<exclusive-end id="793" timestamp="2023-06-02T09:10:29.620" durationms="24.425" />

<exclusive-start id="794" timestamp="2023-06-02T09:10:31.308" intervalms="1712.517">
  <response-info timems="0.134" idlems="0.134" threads="0" lastid="0000000001990D00" lastname="Default Executor-thread-31" />
</exclusive-start>
<af-start id="795" threadId="0000000001991680" totalBytesRequested="88" timestamp="2023-06-02T09:10:31.308" intervalms="1712.544" type="nursery" />
<cycle-start id="796" type="scavenge" contextid="0" timestamp="2023-06-02T09:10:31.308" intervalms="1712.556" />
<gc-start id="797" type="scavenge" contextid="796" timestamp="2023-06-02T09:10:31.309">
  <mem-info id="798" free="479728440" total="1073741824" percent="44">
    <mem type="nursery" free="0" total="268435456" percent="0">
      <mem type="allocate" free="0" total="212795392" percent="0" />
      <mem type="survivor" free="0" total="55640064" percent="0" />
    </mem>
    <mem type="tenure" free="479728440" total="805306368" percent="59">
      <mem type="soa" free="439462712" total="765040640" percent="57" />
      <mem type="loa" free="40265728" total="40265728" percent="100" />
    </mem>
    <remembered-set count="31221" />
  </mem-info>
</gc-start>
<allocation-stats totalBytes="182251112" >
  <allocated-bytes non-tlh="15164808" tlh="167086304" />
  <largest-consumer threadName="Default Executor-thread-31" threadId="0000000001990D00" bytes="106339576" />
</allocation-stats>
<gc-op id="799" type="scavenge" timems="15.488" contextid="796" timestamp="2023-06-02T09:10:31.324">
  <scavenger-info tenureage="14" tenuremask="4000" tiltratio="79" />
  <memory-copied type="nursery" objects="462410" bytes="46136760" bytesdiscarded="301632" />
  <finalization candidates="9346" enqueued="8313" />
  <ownableSynchronizers candidates="3518" cleared="140" />
  <references type="soft" candidates="6464" cleared="0" enqueued="0" dynamicThreshold="32" maxThreshold="32" />
  <references type="weak" candidates="3876" cleared="1272" enqueued="1267" />
  <references type="phantom" candidates="12" cleared="0" enqueued="0" />
</gc-op>
<gc-end id="800" type="scavenge" contextid="796" durationms="15.799" usertimems="78.125" systemtimems="15.625" timestamp="2023-06-02T09:10:31.324" activeThreads="16">
  <mem-info id="801" free="631112288" total="1073741824" percent="58">
    <mem type="nursery" free="151383848" total="268435456" percent="56">
      <mem type="allocate" free="151383848" total="197918720" percent="76" />
      <mem type="survivor" free="0" total="70516736" percent="0" />
    </mem>
    <mem type="tenure" free="479728440" total="805306368" percent="59" macro-fragmented="602881">
      <mem type="soa" free="439462712" total="765040640" percent="57" />
      <mem type="loa" free="40265728" total="40265728" percent="100" />
    </mem>
    <pending-finalizers system="8235" default="78" reference="1267" classloader="0" />
    <remembered-set count="27367" />
  </mem-info>
</gc-end>
<cycle-end id="802" type="scavenge" contextid="796" timestamp="2023-06-02T09:10:31.325" />
<allocation-satisfied id="803" threadId="0000000001990D00" bytesRequested="88" />
<af-end id="804" timestamp="2023-06-02T09:10:31.325" threadId="0000000001991680" success="true" from="nursery"/>
<exclusive-end id="805" timestamp="2023-06-02T09:10:31.325" durationms="17.379" />

<exclusive-start id="806" timestamp="2023-06-02T09:10:32.409" intervalms="1100.406">
  <response-info timems="0.117" idlems="0.117" threads="0" lastid="0000000001712600" lastname="Default Executor-thread-3" />
</exclusive-start>
<af-start id="807" threadId="0000000001712F80" totalBytesRequested="179256" timestamp="2023-06-02T09:10:32.409" intervalms="1100.456" type="nursery" />
<cycle-start id="808" type="scavenge" contextid="0" timestamp="2023-06-02T09:10:32.409" intervalms="1100.461" />
<gc-start id="809" type="scavenge" contextid="808" timestamp="2023-06-02T09:10:32.410">
  <mem-info id="810" free="479461288" total="1073741824" percent="44">
    <mem type="nursery" free="79688" total="268435456" percent="0">
      <mem type="allocate" free="79688" total="197918720" percent="0" />
      <mem type="survivor" free="0" total="70516736" percent="0" />
    </mem>
    <mem type="tenure" free="479381600" total="805306368" percent="59">
      <mem type="soa" free="439115872" total="765040640" percent="57" />
      <mem type="loa" free="40265728" total="40265728" percent="100" />
    </mem>
    <remembered-set count="31831" />
  </mem-info>
</gc-start>
<allocation-stats totalBytes="151229416" >
  <allocated-bytes non-tlh="2056888" tlh="149172528" />
  <largest-consumer threadName="Default Executor-thread-3" threadId="0000000001712600" bytes="117263888" />
</allocation-stats>
<gc-op id="811" type="scavenge" timems="15.584" contextid="808" timestamp="2023-06-02T09:10:32.425">
  <scavenger-info tenureage="3" tenuremask="4018" tiltratio="73" />
  <memory-copied type="nursery" objects="508027" bytes="33995664" bytesdiscarded="315992" />
  <memory-copied type="tenure" objects="100761" bytes="4589080" bytesdiscarded="2072" />
  <finalization candidates="5432" enqueued="4327" />
  <ownableSynchronizers candidates="5470" cleared="1053" />
  <references type="soft" candidates="6329" cleared="0" enqueued="0" dynamicThreshold="32" maxThreshold="32" />
  <references type="weak" candidates="3472" cleared="554" enqueued="550" />
  <references type="phantom" candidates="8" cleared="0" enqueued="0" />
</gc-op>
<gc-end id="812" type="scavenge" contextid="808" durationms="15.897" usertimems="15.625" systemtimems="0.000" timestamp="2023-06-02T09:10:32.425" activeThreads="16">
  <mem-info id="813" free="640812464" total="1073741824" percent="59">
    <mem type="nursery" free="166536216" total="268435456" percent="62">
      <mem type="allocate" free="166536216" total="200933376" percent="82" />
      <mem type="survivor" free="0" total="67502080" percent="0" />
    </mem>
    <mem type="tenure" free="474276248" total="805306368" percent="58" macro-fragmented="0">
      <mem type="soa" free="434010520" total="765040640" percent="56" />
      <mem type="loa" free="40265728" total="40265728" percent="100" />
    </mem>
    <pending-finalizers system="4114" default="213" reference="550" classloader="0" />
    <remembered-set count="19958" />
  </mem-info>
</gc-end>
<cycle-end id="814" type="scavenge" contextid="808" timestamp="2023-06-02T09:10:32.426" />
<allocation-satisfied id="815" threadId="0000000001712600" bytesRequested="179256" />
<af-end id="816" timestamp="2023-06-02T09:10:32.426" threadId="0000000001712F80" success="true" from="nursery"/>
<exclusive-end id="817" timestamp="2023-06-02T09:10:32.426" durationms="17.413" />

<exclusive-start id="818" timestamp="2023-06-02T09:10:33.057" intervalms="648.032">
  <response-info timems="0.106" idlems="0.102" threads="1" lastid="000000000186AC00" lastname="Default Executor-thread-21" />
</exclusive-start>
<af-start id="819" threadId="0000000001712F80" totalBytesRequested="80" timestamp="2023-06-02T09:10:33.057" intervalms="647.973" type="nursery" />
<cycle-start id="820" type="scavenge" contextid="0" timestamp="2023-06-02T09:10:33.057" intervalms="647.966" />
<gc-start id="821" type="scavenge" contextid="820" timestamp="2023-06-02T09:10:33.058">
  <mem-info id="822" free="474177744" total="1073741824" percent="44">
    <mem type="nursery" free="0" total="268435456" percent="0">
      <mem type="allocate" free="0" total="200933376" percent="0" />
      <mem type="survivor" free="0" total="67502080" percent="0" />
    </mem>
    <mem type="tenure" free="474177744" total="805306368" percent="58">
      <mem type="soa" free="433912016" total="765040640" percent="56" />
      <mem type="loa" free="40265728" total="40265728" percent="100" />
    </mem>
    <remembered-set count="21199" />
  </mem-info>
</gc-start>
<allocation-stats totalBytes="166404632" >
  <allocated-bytes non-tlh="3815576" tlh="162589056" />
  <largest-consumer threadName="Default Executor-thread-3" threadId="0000000001712600" bytes="144017632" />
</allocation-stats>
<gc-op id="823" type="scavenge" timems="14.434" contextid="820" timestamp="2023-06-02T09:10:33.072">
  <scavenger-info tenureage="3" tenuremask="4008" tiltratio="74" />
  <memory-copied type="nursery" objects="540011" bytes="30046248" bytesdiscarded="279696" />
  <memory-copied type="tenure" objects="109709" bytes="7706688" bytesdiscarded="5368" />
  <finalization candidates="3066" enqueued="2170" />
  <ownableSynchronizers candidates="6252" cleared="1727" />
  <references type="soft" candidates="4827" cleared="0" enqueued="0" dynamicThreshold="32" maxThreshold="32" />
  <references type="weak" candidates="2232" cleared="87" enqueued="87" />
  <references type="phantom" candidates="2" cleared="0" enqueued="0" />
</gc-op>
<gc-end id="824" type="scavenge" contextid="820" durationms="14.776" usertimems="62.500" systemtimems="0.000" timestamp="2023-06-02T09:10:33.072" activeThreads="16">
  <mem-info id="825" free="642209056" total="1073741824" percent="59">
    <mem type="nursery" free="175858472" total="268435456" percent="65">
      <mem type="allocate" free="175858472" total="206241792" percent="85" />
      <mem type="survivor" free="0" total="62193664" percent="0" />
    </mem>
    <mem type="tenure" free="466350584" total="805306368" percent="57" macro-fragmented="0">
      <mem type="soa" free="426084856" total="765040640" percent="55" />
      <mem type="loa" free="40265728" total="40265728" percent="100" />
    </mem>
    <pending-finalizers system="1746" default="424" reference="87" classloader="0" />
    <remembered-set count="15107" />
  </mem-info>
</gc-end>
<cycle-end id="826" type="scavenge" contextid="820" timestamp="2023-06-02T09:10:33.072" />
<allocation-satisfied id="827" threadId="0000000001712600" bytesRequested="80" />
<af-end id="828" timestamp="2023-06-02T09:10:33.073" threadId="0000000001712F80" success="true" from="nursery"/>
<exclusive-end id="829" timestamp="2023-06-02T09:10:33.073" durationms="16.179" />

<exclusive-start id="830" timestamp="2023-06-02T09:10:33.421" intervalms="364.205">
  <response-info timems="0.133" idlems="0.133" threads="0" lastid="0000000001712600" lastname="Default Executor-thread-3" />
</exclusive-start>
<af-start id="831" threadId="0000000001712F80" totalBytesRequested="24" timestamp="2023-06-02T09:10:33.421" intervalms="364.214" type="nursery" />
<cycle-start id="832" type="scavenge" contextid="0" timestamp="2023-06-02T09:10:33.422" intervalms="364.214" />
<gc-start id="833" type="scavenge" contextid="832" timestamp="2023-06-02T09:10:33.422">
  <mem-info id="834" free="466220192" total="1073741824" percent="43">
    <mem type="nursery" free="0" total="268435456" percent="0">
      <mem type="allocate" free="0" total="206241792" percent="0" />
      <mem type="survivor" free="0" total="62193664" percent="0" />
    </mem>
    <mem type="tenure" free="466220192" total="805306368" percent="57">
      <mem type="soa" free="425954464" total="765040640" percent="55" />
      <mem type="loa" free="40265728" total="40265728" percent="100" />
    </mem>
    <remembered-set count="17105" />
  </mem-info>
</gc-start>
<allocation-stats totalBytes="175235528" >
  <allocated-bytes non-tlh="6928632" tlh="168306896" />
  <largest-consumer threadName="Default Executor-thread-3" threadId="0000000001712600" bytes="127867328" />
</allocation-stats>
<gc-op id="835" type="scavenge" timems="14.080" contextid="832" timestamp="2023-06-02T09:10:33.436">
  <scavenger-info tenureage="3" tenuremask="4008" tiltratio="76" />
  <memory-copied type="nursery" objects="353931" bytes="25321048" bytesdiscarded="207312" />
  <memory-copied type="tenure" objects="224136" bytes="9867200" bytesdiscarded="7560" />
  <finalization candidates="3492" enqueued="2788" />
  <ownableSynchronizers candidates="5476" cleared="1485" />
  <references type="soft" candidates="2259" cleared="0" enqueued="0" dynamicThreshold="32" maxThreshold="32" />
  <references type="weak" candidates="1095" cleared="215" enqueued="215" />
  <references type="phantom" candidates="1" cleared="0" enqueued="0" />
</gc-op>
<gc-end id="836" type="scavenge" contextid="832" durationms="14.604" usertimems="78.125" systemtimems="0.000" timestamp="2023-06-02T09:10:33.436" activeThreads="16">
  <mem-info id="837" free="642566160" total="1073741824" percent="59">
    <mem type="nursery" free="185927200" total="268435456" percent="69">
      <mem type="allocate" free="185927200" total="211484672" percent="87" />
      <mem type="survivor" free="0" total="56950784" percent="0" />
    </mem>
    <mem type="tenure" free="456638960" total="805306368" percent="56" macro-fragmented="0">
      <mem type="soa" free="416373232" total="765040640" percent="54" />
      <mem type="loa" free="40265728" total="40265728" percent="100" />
    </mem>
    <pending-finalizers system="2507" default="281" reference="215" classloader="0" />
    <remembered-set count="8681" />
  </mem-info>
</gc-end>
<cycle-end id="838" type="scavenge" contextid="832" timestamp="2023-06-02T09:10:33.438" />
<allocation-satisfied id="839" threadId="0000000001712600" bytesRequested="24" />
<af-end id="840" timestamp="2023-06-02T09:10:33.438" threadId="0000000001712F80" success="true" from="nursery"/>
<exclusive-end id="841" timestamp="2023-06-02T09:10:33.438" durationms="16.716" />

<exclusive-start id="842" timestamp="2023-06-02T09:10:34.358" intervalms="937.066">
  <response-info timems="0.140" idlems="0.140" threads="0" lastid="0000000001712600" lastname="Default Executor-thread-3" />
</exclusive-start>
<af-start id="843" threadId="0000000001712F80" totalBytesRequested="1312" timestamp="2023-06-02T09:10:34.358" intervalms="937.161" type="nursery" />
<cycle-start id="844" type="scavenge" contextid="0" timestamp="2023-06-02T09:10:34.358" intervalms="937.210" />
<gc-start id="845" type="scavenge" contextid="844" timestamp="2023-06-02T09:10:34.359">
  <mem-info id="846" free="456075000" total="1073741824" percent="42">
    <mem type="nursery" free="0" total="268435456" percent="0">
      <mem type="allocate" free="0" total="211484672" percent="0" />
      <mem type="survivor" free="0" total="56950784" percent="0" />
    </mem>
    <mem type="tenure" free="456075000" total="805306368" percent="56">
      <mem type="soa" free="415809272" total="765040640" percent="54" />
      <mem type="loa" free="40265728" total="40265728" percent="100" />
    </mem>
    <remembered-set count="18821" />
  </mem-info>
</gc-start>
<allocation-stats totalBytes="186351040" >
  <allocated-bytes non-tlh="10097280" tlh="176253760" />
  <largest-consumer threadName="Default Executor-thread-3" threadId="0000000001712600" bytes="77436888" />
</allocation-stats>
<gc-op id="847" type="scavenge" timems="13.600" contextid="844" timestamp="2023-06-02T09:10:34.372">
  <scavenger-info tenureage="14" tenuremask="4000" tiltratio="78" />
  <memory-copied type="nursery" objects="455560" bytes="39154544" bytesdiscarded="434296" />
  <finalization candidates="6955" enqueued="6409" />
  <ownableSynchronizers candidates="4432" cleared="1086" />
  <references type="soft" candidates="4235" cleared="0" enqueued="0" dynamicThreshold="32" maxThreshold="32" />
  <references type="weak" candidates="2604" cleared="852" enqueued="850" />
  <references type="phantom" candidates="1" cleared="0" enqueued="0" />
</gc-op>
<gc-end id="848" type="scavenge" contextid="844" durationms="13.968" usertimems="15.625" systemtimems="0.000" timestamp="2023-06-02T09:10:34.373" activeThreads="16">
  <mem-info id="849" free="622584712" total="1073741824" percent="57">
    <mem type="nursery" free="166509712" total="268435456" percent="62">
      <mem type="allocate" free="166509712" total="206176256" percent="80" />
      <mem type="survivor" free="0" total="62259200" percent="0" />
    </mem>
    <mem type="tenure" free="456075000" total="805306368" percent="56" macro-fragmented="502401">
      <mem type="soa" free="415809272" total="765040640" percent="54" />
      <mem type="loa" free="40265728" total="40265728" percent="100" />
    </mem>
    <pending-finalizers system="6219" default="190" reference="850" classloader="0" />
    <remembered-set count="17890" />
  </mem-info>
</gc-end>
<cycle-end id="850" type="scavenge" contextid="844" timestamp="2023-06-02T09:10:34.373" />
<allocation-satisfied id="851" threadId="0000000001712600" bytesRequested="1312" />
<af-end id="852" timestamp="2023-06-02T09:10:34.374" threadId="0000000001712F80" success="true" from="nursery"/>
<exclusive-end id="853" timestamp="2023-06-02T09:10:34.374" durationms="15.833" />

<exclusive-start id="854" timestamp="2023-06-02T09:10:34.823" intervalms="464.906">
  <response-info timems="0.169" idlems="0.092" threads="1" lastid="0000000001712600" lastname="Default Executor-thread-3" />
</exclusive-start>
<af-start id="855" threadId="000000000186B580" totalBytesRequested="520" timestamp="2023-06-02T09:10:34.823" intervalms="464.838" type="nursery" />
<cycle-start id="856" type="scavenge" contextid="0" timestamp="2023-06-02T09:10:34.823" intervalms="464.878" />
<gc-start id="857" type="scavenge" contextid="856" timestamp="2023-06-02T09:10:34.824">
  <mem-info id="858" free="455806240" total="1073741824" percent="42">
    <mem type="nursery" free="0" total="268435456" percent="0">
      <mem type="allocate" free="0" total="206176256" percent="0" />
      <mem type="survivor" free="0" total="62259200" percent="0" />
    </mem>
    <mem type="tenure" free="455806240" total="805306368" percent="56">
      <mem type="soa" free="415540512" total="765040640" percent="54" />
      <mem type="loa" free="40265728" total="40265728" percent="100" />
    </mem>
    <remembered-set count="22458" />
  </mem-info>
</gc-start>
<allocation-stats totalBytes="166674112" >
  <allocated-bytes non-tlh="788608" tlh="165885504" />
  <largest-consumer threadName="Default Executor-thread-31" threadId="0000000001990D00" bytes="87118136" />
</allocation-stats>
<gc-op id="859" type="scavenge" timems="13.312" contextid="856" timestamp="2023-06-02T09:10:34.838">
  <scavenger-info tenureage="14" tenuremask="4000" tiltratio="76" />
  <memory-copied type="nursery" objects="521201" bytes="32295512" bytesdiscarded="228888" />
  <finalization candidates="3598" enqueued="2967" />
  <ownableSynchronizers candidates="4992" cleared="989" />
  <references type="soft" candidates="6898" cleared="0" enqueued="0" dynamicThreshold="32" maxThreshold="32" />
  <references type="weak" candidates="2823" cleared="510" enqueued="490" />
  <references type="phantom" candidates="3" cleared="1" enqueued="1" />
</gc-op>
<gc-end id="860" type="scavenge" contextid="856" durationms="13.717" usertimems="62.500" systemtimems="0.000" timestamp="2023-06-02T09:10:34.838" activeThreads="16">
  <mem-info id="861" free="632404456" total="1073741824" percent="58">
    <mem type="nursery" free="176598216" total="268435456" percent="65">
      <mem type="allocate" free="176598216" total="209190912" percent="84" />
      <mem type="survivor" free="0" total="59244544" percent="0" />
    </mem>
    <mem type="tenure" free="455806240" total="805306368" percent="56" macro-fragmented="0">
      <mem type="soa" free="415540512" total="765040640" percent="54" />
      <mem type="loa" free="40265728" total="40265728" percent="100" />
    </mem>
    <pending-finalizers system="2790" default="177" reference="491" classloader="0" />
    <remembered-set count="21676" />
  </mem-info>
</gc-end>
<cycle-end id="862" type="scavenge" contextid="856" timestamp="2023-06-02T09:10:34.839" />
<allocation-satisfied id="863" threadId="000000000186AC00" bytesRequested="520" />
<af-end id="864" timestamp="2023-06-02T09:10:34.839" threadId="000000000186B580" success="true" from="nursery"/>
<exclusive-end id="865" timestamp="2023-06-02T09:10:34.839" durationms="15.962" />

<exclusive-start id="866" timestamp="2023-06-02T09:10:35.440" intervalms="617.192">
  <response-info timems="0.099" idlems="0.099" threads="0" lastid="0000000001990D00" lastname="Default Executor-thread-31" />
</exclusive-start>
<af-start id="867" threadId="0000000001991680" totalBytesRequested="24" timestamp="2023-06-02T09:10:35.441" intervalms="617.161" type="nursery" />
<cycle-start id="868" type="scavenge" contextid="0" timestamp="2023-06-02T09:10:35.441" intervalms="617.068" />
<gc-start id="869" type="scavenge" contextid="868" timestamp="2023-06-02T09:10:35.441">
  <mem-info id="870" free="455514856" total="1073741824" percent="42">
    <mem type="nursery" free="0" total="268435456" percent="0">
      <mem type="allocate" free="0" total="209190912" percent="0" />
      <mem type="survivor" free="0" total="59244544" percent="0" />
    </mem>
    <mem type="tenure" free="455514856" total="805306368" percent="56">
      <mem type="soa" free="415249128" total="765040640" percent="54" />
      <mem type="loa" free="40265728" total="40265728" percent="100" />
    </mem>
    <remembered-set count="25838" />
  </mem-info>
</gc-start>
<allocation-stats totalBytes="176820928" >
  <allocated-bytes non-tlh="2299680" tlh="174521248" />
  <largest-consumer threadName="Default Executor-thread-31" threadId="0000000001990D00" bytes="103692944" />
</allocation-stats>
<gc-op id="871" type="scavenge" timems="15.675" contextid="868" timestamp="2023-06-02T09:10:35.457">
  <scavenger-info tenureage="14" tenuremask="4000" tiltratio="77" />
  <memory-copied type="nursery" objects="676715" bytes="40153728" bytesdiscarded="243816" />
  <finalization candidates="4521" enqueued="3803" />
  <ownableSynchronizers candidates="5628" cleared="1071" />
  <references type="soft" candidates="10301" cleared="0" enqueued="0" dynamicThreshold="32" maxThreshold="32" />
  <references type="weak" candidates="3366" cleared="667" enqueued="667" />
  <references type="phantom" candidates="3" cleared="0" enqueued="0" />
</gc-op>
<gc-end id="872" type="scavenge" contextid="868" durationms="16.014" usertimems="46.875" systemtimems="0.000" timestamp="2023-06-02T09:10:35.457" activeThreads="16">
  <mem-info id="873" free="625530400" total="1073741824" percent="58">
    <mem type="nursery" free="170015544" total="268435456" percent="63">
      <mem type="allocate" free="170015544" total="210501632" percent="80" />
      <mem type="survivor" free="0" total="57933824" percent="0" />
    </mem>
    <mem type="tenure" free="455514856" total="805306368" percent="56" macro-fragmented="1250136">
      <mem type="soa" free="415249128" total="765040640" percent="54" />
      <mem type="loa" free="40265728" total="40265728" percent="100" />
    </mem>
    <pending-finalizers system="3539" default="264" reference="667" classloader="0" />
    <remembered-set count="22644" />
  </mem-info>
</gc-end>
<cycle-end id="874" type="scavenge" contextid="868" timestamp="2023-06-02T09:10:35.457" />
<allocation-satisfied id="875" threadId="0000000001990D00" bytesRequested="24" />
<af-end id="876" timestamp="2023-06-02T09:10:35.458" threadId="0000000001991680" success="true" from="nursery"/>
<exclusive-end id="877" timestamp="2023-06-02T09:10:35.458" durationms="17.583" />

<exclusive-start id="878" timestamp="2023-06-02T09:10:35.806" intervalms="365.829">
  <response-info timems="0.113" idlems="0.113" threads="0" lastid="000000000186AC00" lastname="Default Executor-thread-21" />
</exclusive-start>
<af-start id="879" threadId="000000000186B580" totalBytesRequested="24" timestamp="2023-06-02T09:10:35.806" intervalms="365.810" type="nursery" />
<cycle-start id="880" type="scavenge" contextid="0" timestamp="2023-06-02T09:10:35.806" intervalms="365.811" />
<gc-start id="881" type="scavenge" contextid="880" timestamp="2023-06-02T09:10:35.806">
  <mem-info id="882" free="455051344" total="1073741824" percent="42">
    <mem type="nursery" free="0" total="268435456" percent="0">
      <mem type="allocate" free="0" total="210501632" percent="0" />
      <mem type="survivor" free="0" total="57933824" percent="0" />
    </mem>
    <mem type="tenure" free="455051344" total="805306368" percent="56">
      <mem type="soa" free="414785616" total="765040640" percent="54" />
      <mem type="loa" free="40265728" total="40265728" percent="100" />
    </mem>
    <remembered-set count="28280" />
  </mem-info>
</gc-start>
<allocation-stats totalBytes="170423480" >
  <allocated-bytes non-tlh="2139344" tlh="168284136" />
  <largest-consumer threadName="Default Executor-thread-31" threadId="0000000001990D00" bytes="116625872" />
</allocation-stats>
<gc-op id="883" type="scavenge" timems="26.357" contextid="880" timestamp="2023-06-02T09:10:35.833">
  <scavenger-info tenureage="3" tenuremask="4068" tiltratio="78" />
  <memory-copied type="nursery" objects="444430" bytes="24568920" bytesdiscarded="307952" />
  <memory-copied type="tenure" objects="344761" bytes="17923216" bytesdiscarded="25192" />
  <finalization candidates="3996" enqueued="3265" />
  <ownableSynchronizers candidates="5755" cleared="1033" />
  <references type="soft" candidates="7755" cleared="0" enqueued="0" dynamicThreshold="32" maxThreshold="32" />
  <references type="weak" candidates="2195" cleared="472" enqueued="469" />
  <references type="phantom" candidates="4" cleared="0" enqueued="0" />
</gc-op>
<gc-end id="884" type="scavenge" contextid="880" durationms="26.706" usertimems="187.500" systemtimems="31.250" timestamp="2023-06-02T09:10:35.833" activeThreads="16">
  <mem-info id="885" free="624767800" total="1073741824" percent="58">
    <mem type="nursery" free="187463912" total="268435456" percent="69">
      <mem type="allocate" free="187463912" total="212402176" percent="88" />
      <mem type="survivor" free="0" total="56033280" percent="0" />
    </mem>
    <mem type="tenure" free="437303888" total="805306368" percent="54" macro-fragmented="0">
      <mem type="soa" free="397038160" total="765040640" percent="51" />
      <mem type="loa" free="40265728" total="40265728" percent="100" />
    </mem>
    <pending-finalizers system="3102" default="163" reference="469" classloader="0" />
    <remembered-set count="18761" />
  </mem-info>
</gc-end>
<cycle-end id="886" type="scavenge" contextid="880" timestamp="2023-06-02T09:10:35.834" />
<allocation-satisfied id="887" threadId="000000000186AC00" bytesRequested="24" />
<af-end id="888" timestamp="2023-06-02T09:10:35.834" threadId="000000000186B580" success="true" from="nursery"/>
<exclusive-end id="889" timestamp="2023-06-02T09:10:35.834" durationms="28.298" />

<exclusive-start id="890" timestamp="2023-06-02T09:10:36.167" intervalms="361.413">
  <response-info timems="0.132" idlems="0.132" threads="0" lastid="000000000788E300" lastname="jts: AsynchronousTaskRunner-1 @@ 09:10" />
</exclusive-start>
<af-start id="891" threadId="000000000788EC80" totalBytesRequested="1520" timestamp="2023-06-02T09:10:36.167" intervalms="361.437" type="nursery" />
<cycle-start id="892" type="scavenge" contextid="0" timestamp="2023-06-02T09:10:36.167" intervalms="361.444" />
<gc-start id="893" type="scavenge" contextid="892" timestamp="2023-06-02T09:10:36.168">
  <mem-info id="894" free="436926560" total="1073741824" percent="40">
    <mem type="nursery" free="0" total="268435456" percent="0">
      <mem type="allocate" free="0" total="212402176" percent="0" />
      <mem type="survivor" free="0" total="56033280" percent="0" />
    </mem>
    <mem type="tenure" free="436926560" total="805306368" percent="54">
      <mem type="soa" free="396660832" total="765040640" percent="51" />
      <mem type="loa" free="40265728" total="40265728" percent="100" />
    </mem>
    <remembered-set count="25496" />
  </mem-info>
</gc-start>
<allocation-stats totalBytes="187731936" >
  <allocated-bytes non-tlh="1822336" tlh="185909600" />
  <largest-consumer threadName="Default Executor-thread-31" threadId="0000000001990D00" bytes="112947752" />
</allocation-stats>
<gc-op id="895" type="scavenge" timems="11.306" contextid="892" timestamp="2023-06-02T09:10:36.180">
  <scavenger-info tenureage="14" tenuremask="4000" tiltratio="79" />
  <memory-copied type="nursery" objects="575512" bytes="30593040" bytesdiscarded="332456" />
  <finalization candidates="3473" enqueued="3005" />
  <ownableSynchronizers candidates="3770" cleared="1249" />
  <references type="soft" candidates="9380" cleared="0" enqueued="0" dynamicThreshold="32" maxThreshold="32" />
  <references type="weak" candidates="2543" cleared="250" enqueued="245" />
  <references type="phantom" candidates="6" cleared="1" enqueued="1" />
</gc-op>
<gc-end id="896" type="scavenge" contextid="892" durationms="11.901" usertimems="78.125" systemtimems="0.000" timestamp="2023-06-02T09:10:36.180" activeThreads="16">
  <mem-info id="897" free="620764176" total="1073741824" percent="57">
    <mem type="nursery" free="183837616" total="268435456" percent="68">
      <mem type="allocate" free="183837616" total="214827008" percent="85" />
      <mem type="survivor" free="0" total="53608448" percent="0" />
    </mem>
    <mem type="tenure" free="436926560" total="805306368" percent="54" macro-fragmented="290741">
      <mem type="soa" free="396660832" total="765040640" percent="51" />
      <mem type="loa" free="40265728" total="40265728" percent="100" />
    </mem>
    <pending-finalizers system="2711" default="294" reference="246" classloader="0" />
    <remembered-set count="22959" />
  </mem-info>
</gc-end>
<cycle-end id="898" type="scavenge" contextid="892" timestamp="2023-06-02T09:10:36.181" />
<allocation-satisfied id="899" threadId="000000000788E300" bytesRequested="1520" />
<af-end id="900" timestamp="2023-06-02T09:10:36.181" threadId="000000000788EC80" success="true" from="nursery"/>
<exclusive-end id="901" timestamp="2023-06-02T09:10:36.181" durationms="13.884" />

<exclusive-start id="902" timestamp="2023-06-02T09:10:36.518" intervalms="350.293">
  <response-info timems="0.417" idlems="0.417" threads="0" lastid="0000000001990D00" lastname="Default Executor-thread-31" />
</exclusive-start>
<af-start id="903" threadId="0000000001991680" totalBytesRequested="40" timestamp="2023-06-02T09:10:36.518" intervalms="350.398" type="nursery" />
<cycle-start id="904" type="scavenge" contextid="0" timestamp="2023-06-02T09:10:36.518" intervalms="350.416" />
<gc-start id="905" type="scavenge" contextid="904" timestamp="2023-06-02T09:10:36.519">
  <mem-info id="906" free="436760304" total="1073741824" percent="40">
    <mem type="nursery" free="0" total="268435456" percent="0">
      <mem type="allocate" free="0" total="214827008" percent="0" />
      <mem type="survivor" free="0" total="53608448" percent="0" />
    </mem>
    <mem type="tenure" free="436760304" total="805306368" percent="54">
      <mem type="soa" free="396494576" total="765040640" percent="51" />
      <mem type="loa" free="40265728" total="40265728" percent="100" />
    </mem>
    <remembered-set count="26606" />
  </mem-info>
</gc-start>
<allocation-stats totalBytes="183892080" >
  <allocated-bytes non-tlh="11928200" tlh="171963880" />
  <largest-consumer threadName="Default Executor-thread-31" threadId="0000000001990D00" bytes="123557328" />
</allocation-stats>
<gc-op id="907" type="scavenge" timems="14.920" contextid="904" timestamp="2023-06-02T09:10:36.534">
  <scavenger-info tenureage="6" tenuremask="4040" tiltratio="80" />
  <memory-copied type="nursery" objects="614392" bytes="34504224" bytesdiscarded="210456" />
  <memory-copied type="tenure" objects="49763" bytes="2407248" bytesdiscarded="2240" />
  <finalization candidates="1780" enqueued="1281" />
  <ownableSynchronizers candidates="4334" cleared="1159" />
  <references type="soft" candidates="10582" cleared="0" enqueued="0" dynamicThreshold="32" maxThreshold="32" />
  <references type="weak" candidates="2693" cleared="287" enqueued="285" />
  <references type="phantom" candidates="6" cleared="0" enqueued="0" />
</gc-op>
<gc-end id="908" type="scavenge" contextid="904" durationms="15.381" usertimems="78.125" systemtimems="0.000" timestamp="2023-06-02T09:10:36.534" activeThreads="16">
  <mem-info id="909" free="615151792" total="1073741824" percent="57">
    <mem type="nursery" free="181567040" total="268435456" percent="67">
      <mem type="allocate" free="181567040" total="216334336" percent="83" />
      <mem type="survivor" free="0" total="52101120" percent="0" />
    </mem>
    <mem type="tenure" free="433584752" total="805306368" percent="53" macro-fragmented="0">
      <mem type="soa" free="393319024" total="765040640" percent="51" />
      <mem type="loa" free="40265728" total="40265728" percent="100" />
    </mem>
    <pending-finalizers system="1065" default="216" reference="285" classloader="0" />
    <remembered-set count="19960" />
  </mem-info>
</gc-end>
<cycle-end id="910" type="scavenge" contextid="904" timestamp="2023-06-02T09:10:36.536" />
<allocation-satisfied id="911" threadId="0000000001990D00" bytesRequested="40" />
<af-end id="912" timestamp="2023-06-02T09:10:36.536" threadId="0000000001991680" success="true" from="nursery"/>
<exclusive-end id="913" timestamp="2023-06-02T09:10:36.536" durationms="18.972" />

<exclusive-start id="914" timestamp="2023-06-02T09:10:36.852" intervalms="334.644">
  <response-info timems="0.136" idlems="0.136" threads="0" lastid="0000000001712600" lastname="Default Executor-thread-3" />
</exclusive-start>
<af-start id="915" threadId="0000000001712F80" totalBytesRequested="5360" timestamp="2023-06-02T09:10:36.852" intervalms="334.617" type="nursery" />
<cycle-start id="916" type="scavenge" contextid="0" timestamp="2023-06-02T09:10:36.853" intervalms="334.621" />
<gc-start id="917" type="scavenge" contextid="916" timestamp="2023-06-02T09:10:36.855">
  <mem-info id="918" free="433535872" total="1073741824" percent="40">
    <mem type="nursery" free="0" total="268435456" percent="0">
      <mem type="allocate" free="0" total="216334336" percent="0" />
      <mem type="survivor" free="0" total="52101120" percent="0" />
    </mem>
    <mem type="tenure" free="433535872" total="805306368" percent="53">
      <mem type="soa" free="393270144" total="765040640" percent="51" />
      <mem type="loa" free="40265728" total="40265728" percent="100" />
    </mem>
    <remembered-set count="21245" />
  </mem-info>
</gc-start>
<allocation-stats totalBytes="180855536" >
  <allocated-bytes non-tlh="26782216" tlh="154073320" />
  <largest-consumer threadName="Default Executor-thread-31" threadId="0000000001990D00" bytes="109389248" />
</allocation-stats>
<gc-op id="919" type="scavenge" timems="16.637" contextid="916" timestamp="2023-06-02T09:10:36.872">
  <scavenger-info tenureage="5" tenuremask="4020" tiltratio="80" />
  <memory-copied type="nursery" objects="531753" bytes="43617856" bytesdiscarded="236824" />
  <memory-copied type="tenure" objects="67336" bytes="3536840" bytesdiscarded="3592" />
  <finalization candidates="1930" enqueued="1467" />
  <ownableSynchronizers candidates="4002" cleared="908" />
  <references type="soft" candidates="8113" cleared="0" enqueued="0" dynamicThreshold="32" maxThreshold="32" />
  <references type="weak" candidates="2094" cleared="189" enqueued="189" />
  <references type="phantom" candidates="5" cleared="0" enqueued="0" />
</gc-op>
<gc-end id="920" type="scavenge" contextid="916" durationms="17.045" usertimems="125.000" systemtimems="15.625" timestamp="2023-06-02T09:10:36.872" activeThreads="16">
  <mem-info id="921" free="593444376" total="1073741824" percent="55">
    <mem type="nursery" free="163455088" total="268435456" percent="60">
      <mem type="allocate" free="163455088" total="207355904" percent="78" />
      <mem type="survivor" free="0" total="61079552" percent="0" />
    </mem>
    <mem type="tenure" free="429989288" total="805306368" percent="53" macro-fragmented="0">
      <mem type="soa" free="389723560" total="765040640" percent="50" />
      <mem type="loa" free="40265728" total="40265728" percent="100" />
    </mem>
    <pending-finalizers system="1312" default="155" reference="189" classloader="0" />
    <remembered-set count="16228" />
  </mem-info>
</gc-end>
<cycle-end id="922" type="scavenge" contextid="916" timestamp="2023-06-02T09:10:36.873" />
<allocation-satisfied id="923" threadId="0000000001712600" bytesRequested="5360" />
<af-end id="924" timestamp="2023-06-02T09:10:36.873" threadId="0000000001712F80" success="true" from="nursery"/>
<exclusive-end id="925" timestamp="2023-06-02T09:10:36.873" durationms="20.680" />

<exclusive-start id="926" timestamp="2023-06-02T09:10:37.331" intervalms="479.026">
  <response-info timems="0.238" idlems="0.238" threads="0" lastid="0000000008844B00" lastname="jts: Remote license updater" />
</exclusive-start>
<af-start id="927" threadId="0000000008845480" totalBytesRequested="262152" timestamp="2023-06-02T09:10:37.332" intervalms="479.168" type="nursery" />
<cycle-start id="928" type="scavenge" contextid="0" timestamp="2023-06-02T09:10:37.332" intervalms="479.197" />
<gc-start id="929" type="scavenge" contextid="928" timestamp="2023-06-02T09:10:37.333">
  <mem-info id="930" free="430042592" total="1073741824" percent="40">
    <mem type="nursery" free="240960" total="268435456" percent="0">
      <mem type="allocate" free="240960" total="207355904" percent="0" />
      <mem type="survivor" free="0" total="61079552" percent="0" />
    </mem>
    <mem type="tenure" free="429801632" total="805306368" percent="53">
      <mem type="soa" free="389535904" total="765040640" percent="50" />
      <mem type="loa" free="40265728" total="40265728" percent="100" />
    </mem>
    <remembered-set count="22308" />
  </mem-info>
</gc-start>
<allocation-stats totalBytes="163038032" >
  <allocated-bytes non-tlh="36724792" tlh="126313240" />
  <largest-consumer threadName="Default Executor-thread-3" threadId="0000000001712600" bytes="73582568" />
</allocation-stats>
<gc-op id="931" type="scavenge" timems="17.727" contextid="928" timestamp="2023-06-02T09:10:37.350">
  <scavenger-info tenureage="4" tenuremask="4030" tiltratio="77" />
  <memory-copied type="nursery" objects="341104" bytes="47466736" bytesdiscarded="331920" />
  <memory-copied type="tenure" objects="254926" bytes="10502616" bytesdiscarded="5800" />
  <finalization candidates="2774" enqueued="2412" />
  <ownableSynchronizers candidates="4997" cleared="429" />
  <references type="soft" candidates="5490" cleared="0" enqueued="0" dynamicThreshold="32" maxThreshold="32" />
  <references type="weak" candidates="2399" cleared="621" enqueued="621" />
  <references type="phantom" candidates="4" cleared="0" enqueued="0" />
</gc-op>
<gc-end id="932" type="scavenge" contextid="928" durationms="18.262" usertimems="62.500" systemtimems="0.000" timestamp="2023-06-02T09:10:37.351" activeThreads="16">
  <mem-info id="933" free="578846488" total="1073741824" percent="53">
    <mem type="nursery" free="159094360" total="268435456" percent="59">
      <mem type="allocate" free="159094360" total="206962688" percent="76" />
      <mem type="survivor" free="0" total="61472768" percent="0" />
    </mem>
    <mem type="tenure" free="419752128" total="805306368" percent="52" macro-fragmented="1500163">
      <mem type="soa" free="379486400" total="765040640" percent="49" />
      <mem type="loa" free="40265728" total="40265728" percent="100" />
    </mem>
    <pending-finalizers system="2341" default="71" reference="621" classloader="0" />
    <remembered-set count="14951" />
  </mem-info>
</gc-end>
<cycle-end id="934" type="scavenge" contextid="928" timestamp="2023-06-02T09:10:37.353" />
<allocation-satisfied id="935" threadId="0000000008844B00" bytesRequested="262152" />
<af-end id="936" timestamp="2023-06-02T09:10:37.353" threadId="0000000008845480" success="true" from="nursery"/>
<exclusive-end id="937" timestamp="2023-06-02T09:10:37.353" durationms="21.811" />

<exclusive-start id="938" timestamp="2023-06-02T09:10:38.354" intervalms="1022.377">
  <response-info timems="0.152" idlems="0.152" threads="0" lastid="0000000001712600" lastname="Default Executor-thread-3" />
</exclusive-start>
<af-start id="939" threadId="0000000001712F80" totalBytesRequested="24432" timestamp="2023-06-02T09:10:38.354" intervalms="1022.149" type="nursery" />
<cycle-start id="940" type="scavenge" contextid="0" timestamp="2023-06-02T09:10:38.354" intervalms="1022.097" />
<gc-start id="941" type="scavenge" contextid="940" timestamp="2023-06-02T09:10:38.355">
  <mem-info id="942" free="419309448" total="1073741824" percent="39">
    <mem type="nursery" free="0" total="268435456" percent="0">
      <mem type="allocate" free="0" total="206962688" percent="0" />
      <mem type="survivor" free="0" total="61472768" percent="0" />
    </mem>
    <mem type="tenure" free="419309448" total="805306368" percent="52">
      <mem type="soa" free="379043720" total="765040640" percent="49" />
      <mem type="loa" free="40265728" total="40265728" percent="100" />
    </mem>
    <remembered-set count="24757" />
  </mem-info>
</gc-start>
<allocation-stats totalBytes="159051864" >
  <allocated-bytes non-tlh="13789032" tlh="145262832" />
  <largest-consumer threadName="Default Executor-thread-31" threadId="0000000001990D00" bytes="49188608" />
</allocation-stats>
<gc-op id="943" type="scavenge" timems="15.587" contextid="940" timestamp="2023-06-02T09:10:38.371">
  <scavenger-info tenureage="14" tenuremask="4000" tiltratio="77" />
  <memory-copied type="nursery" objects="452155" bytes="57286928" bytesdiscarded="374720" />
  <finalization candidates="4760" enqueued="4291" />
  <ownableSynchronizers candidates="6796" cleared="1224" />
  <references type="soft" candidates="9132" cleared="0" enqueued="0" dynamicThreshold="32" maxThreshold="32" />
  <references type="weak" candidates="3695" cleared="519" enqueued="514" />
  <references type="phantom" candidates="13" cleared="1" enqueued="1" />
</gc-op>
<gc-end id="944" type="scavenge" contextid="940" durationms="16.186" usertimems="109.375" systemtimems="0.000" timestamp="2023-06-02T09:10:38.371" activeThreads="16">
  <mem-info id="945" free="553235160" total="1073741824" percent="51">
    <mem type="nursery" free="133925712" total="268435456" percent="49">
      <mem type="allocate" free="133925712" total="191692800" percent="69" />
      <mem type="survivor" free="0" total="76742656" percent="0" />
    </mem>
    <mem type="tenure" free="419309448" total="805306368" percent="52" macro-fragmented="242284">
      <mem type="soa" free="379043720" total="765040640" percent="49" />
      <mem type="loa" free="40265728" total="40265728" percent="100" />
    </mem>
    <pending-finalizers system="4095" default="196" reference="515" classloader="0" />
    <remembered-set count="23333" />
  </mem-info>
</gc-end>
<cycle-end id="946" type="scavenge" contextid="940" timestamp="2023-06-02T09:10:38.373" />
<allocation-satisfied id="947" threadId="0000000001712600" bytesRequested="24432" />
<af-end id="948" timestamp="2023-06-02T09:10:38.373" threadId="0000000001712F80" success="true" from="nursery"/>
<exclusive-end id="949" timestamp="2023-06-02T09:10:38.373" durationms="19.423" />

<exclusive-start id="950" timestamp="2023-06-02T09:10:39.122" intervalms="767.888">
  <response-info timems="0.120" idlems="0.115" threads="1" lastid="000000000186AC00" lastname="Default Executor-thread-21" />
</exclusive-start>
<af-start id="951" threadId="0000000001734880" totalBytesRequested="360" timestamp="2023-06-02T09:10:39.122" intervalms="767.901" type="nursery" />
<cycle-start id="952" type="scavenge" contextid="0" timestamp="2023-06-02T09:10:39.122" intervalms="767.899" />
<gc-start id="953" type="scavenge" contextid="952" timestamp="2023-06-02T09:10:39.123">
  <mem-info id="954" free="418798904" total="1073741824" percent="39">
    <mem type="nursery" free="0" total="268435456" percent="0">
      <mem type="allocate" free="0" total="191692800" percent="0" />
      <mem type="survivor" free="0" total="76742656" percent="0" />
    </mem>
    <mem type="tenure" free="418798904" total="805306368" percent="52">
      <mem type="soa" free="378533176" total="765040640" percent="49" />
      <mem type="loa" free="40265728" total="40265728" percent="100" />
    </mem>
    <remembered-set count="33313" />
  </mem-info>
</gc-start>
<allocation-stats totalBytes="134172144" >
  <allocated-bytes non-tlh="6259712" tlh="127912432" />
  <largest-consumer threadName="Default Executor-thread-3" threadId="0000000001712600" bytes="38415680" />
</allocation-stats>
<gc-op id="955" type="scavenge" timems="18.928" contextid="952" timestamp="2023-06-02T09:10:39.142">
  <scavenger-info tenureage="14" tenuremask="4000" tiltratio="71" />
  <memory-copied type="nursery" objects="555503" bytes="68809128" bytesdiscarded="399792" />
  <finalization candidates="5866" enqueued="5260" />
  <ownableSynchronizers candidates="7935" cleared="1258" />
  <references type="soft" candidates="12281" cleared="0" enqueued="0" dynamicThreshold="32" maxThreshold="32" />
  <references type="weak" candidates="5258" cleared="1041" enqueued="1036" />
  <references type="phantom" candidates="26" cleared="1" enqueued="1" />
</gc-op>
<gc-end id="956" type="scavenge" contextid="952" durationms="19.275" usertimems="15.625" systemtimems="0.000" timestamp="2023-06-02T09:10:39.142" activeThreads="16">
  <mem-info id="957" free="525428392" total="1073741824" percent="48">
    <mem type="nursery" free="106629488" total="268435456" percent="39">
      <mem type="allocate" free="106629488" total="175964160" percent="60" />
      <mem type="survivor" free="0" total="92471296" percent="0" />
    </mem>
    <mem type="tenure" free="418798904" total="805306368" percent="52" macro-fragmented="242284">
      <mem type="soa" free="378533176" total="765040640" percent="49" />
      <mem type="loa" free="40265728" total="40265728" percent="100" />
    </mem>
    <pending-finalizers system="5052" default="208" reference="1037" classloader="0" />
    <remembered-set count="31173" />
  </mem-info>
</gc-end>
<cycle-end id="958" type="scavenge" contextid="952" timestamp="2023-06-02T09:10:39.144" />
<allocation-satisfied id="959" threadId="0000000001733F00" bytesRequested="360" />
<af-end id="960" timestamp="2023-06-02T09:10:39.144" threadId="0000000001734880" success="true" from="nursery"/>
<exclusive-end id="961" timestamp="2023-06-02T09:10:39.144" durationms="21.996" />

<exclusive-start id="962" timestamp="2023-06-02T09:10:39.630" intervalms="508.632">
  <response-info timems="0.230" idlems="0.230" threads="0" lastid="0000000001733F00" lastname="Default Executor-thread-5" />
</exclusive-start>
<af-start id="963" threadId="0000000001734880" totalBytesRequested="57976" timestamp="2023-06-02T09:10:39.630" intervalms="508.720" type="nursery" />
<cycle-start id="964" type="scavenge" contextid="0" timestamp="2023-06-02T09:10:39.630" intervalms="508.734" />
<gc-start id="965" type="scavenge" contextid="964" timestamp="2023-06-02T09:10:39.632">
  <mem-info id="966" free="418559184" total="1073741824" percent="38">
    <mem type="nursery" free="0" total="268435456" percent="0">
      <mem type="allocate" free="0" total="175964160" percent="0" />
      <mem type="survivor" free="0" total="92471296" percent="0" />
    </mem>
    <mem type="tenure" free="418559184" total="805306368" percent="51">
      <mem type="soa" free="378293456" total="765040640" percent="49" />
      <mem type="loa" free="40265728" total="40265728" percent="100" />
    </mem>
    <remembered-set count="36110" />
  </mem-info>
</gc-start>
<allocation-stats totalBytes="105880632" >
  <allocated-bytes non-tlh="5144648" tlh="100735984" />
  <largest-consumer threadName="Default Executor-thread-5" threadId="0000000001733F00" bytes="27908160" />
</allocation-stats>
<gc-op id="967" type="scavenge" timems="25.341" contextid="964" timestamp="2023-06-02T09:10:39.657">
  <scavenger-info tenureage="3" tenuremask="6058" tiltratio="65" />
  <memory-copied type="nursery" objects="367615" bytes="36458472" bytesdiscarded="316208" />
  <memory-copied type="tenure" objects="250010" bytes="34676784" bytesdiscarded="7960" />
  <finalization candidates="4990" enqueued="4137" />
  <ownableSynchronizers candidates="7679" cleared="352" />
  <references type="soft" candidates="9895" cleared="0" enqueued="0" dynamicThreshold="32" maxThreshold="32" />
  <references type="weak" candidates="3772" cleared="375" enqueued="372" />
  <references type="phantom" candidates="30" cleared="0" enqueued="0" />
</gc-op>
<gc-end id="968" type="scavenge" contextid="964" durationms="25.801" usertimems="109.375" systemtimems="62.500" timestamp="2023-06-02T09:10:39.657" activeThreads="16">
  <mem-info id="969" free="524529720" total="1073741824" percent="48">
    <mem type="nursery" free="141064840" total="268435456" percent="52">
      <mem type="allocate" free="141064840" total="177930240" percent="79" />
      <mem type="survivor" free="0" total="90505216" percent="0" />
    </mem>
    <mem type="tenure" free="383464880" total="805306368" percent="47" macro-fragmented="81140">
      <mem type="soa" free="343199152" total="765040640" percent="44" />
      <mem type="loa" free="40265728" total="40265728" percent="100" />
    </mem>
    <pending-finalizers system="4054" default="83" reference="372" classloader="0" />
    <remembered-set count="25994" />
  </mem-info>
</gc-end>
<cycle-end id="970" type="scavenge" contextid="964" timestamp="2023-06-02T09:10:39.659" />
<allocation-satisfied id="971" threadId="0000000001733F00" bytesRequested="57976" />
<af-end id="972" timestamp="2023-06-02T09:10:39.659" threadId="0000000001734880" success="true" from="nursery"/>
<exclusive-end id="973" timestamp="2023-06-02T09:10:39.659" durationms="28.789" />

<exclusive-start id="974" timestamp="2023-06-02T09:10:40.511" intervalms="880.730">
  <response-info timems="0.107" idlems="0.107" threads="0" lastid="0000000008BA3500" lastname="JTS Status check" />
</exclusive-start>
<af-start id="975" threadId="0000000008BA3E80" totalBytesRequested="400" timestamp="2023-06-02T09:10:40.511" intervalms="880.651" type="nursery" />
<cycle-start id="976" type="scavenge" contextid="0" timestamp="2023-06-02T09:10:40.511" intervalms="880.640" />
<gc-start id="977" type="scavenge" contextid="976" timestamp="2023-06-02T09:10:40.512">
  <mem-info id="978" free="382928936" total="1073741824" percent="35">
    <mem type="nursery" free="0" total="268435456" percent="0">
      <mem type="allocate" free="0" total="177930240" percent="0" />
      <mem type="survivor" free="0" total="90505216" percent="0" />
    </mem>
    <mem type="tenure" free="382928936" total="805306368" percent="47">
      <mem type="soa" free="342663208" total="765040640" percent="44" />
      <mem type="loa" free="40265728" total="40265728" percent="100" />
    </mem>
    <remembered-set count="35930" />
  </mem-info>
</gc-start>
<allocation-stats totalBytes="140458288" >
  <allocated-bytes non-tlh="11286032" tlh="129172256" />
  <largest-consumer threadName="JTS Status check" threadId="0000000008BA3500" bytes="51324504" />
</allocation-stats>
<gc-op id="979" type="scavenge" timems="19.361" contextid="976" timestamp="2023-06-02T09:10:40.532">
  <scavenger-info tenureage="13" tenuremask="6000" tiltratio="66" />
  <memory-copied type="nursery" objects="627950" bytes="51140368" bytesdiscarded="236560" />
  <finalization candidates="6935" enqueued="6029" />
  <ownableSynchronizers candidates="6010" cleared="1045" />
  <references type="soft" candidates="13554" cleared="0" enqueued="0" dynamicThreshold="32" maxThreshold="32" />
  <references type="weak" candidates="5812" cleared="1072" enqueued="1069" />
  <references type="phantom" candidates="34" cleared="2" enqueued="2" />
</gc-op>
<gc-end id="980" type="scavenge" contextid="976" durationms="19.734" usertimems="171.875" systemtimems="0.000" timestamp="2023-06-02T09:10:40.532" activeThreads="16">
  <mem-info id="981" free="511645752" total="1073741824" percent="47">
    <mem type="nursery" free="128716816" total="268435456" percent="47">
      <mem type="allocate" free="128716816" total="180224000" percent="71" />
      <mem type="survivor" free="0" total="88211456" percent="0" />
    </mem>
    <mem type="tenure" free="382928936" total="805306368" percent="47" macro-fragmented="290741">
      <mem type="soa" free="342663208" total="765040640" percent="44" />
      <mem type="loa" free="40265728" total="40265728" percent="100" />
    </mem>
    <pending-finalizers system="5840" default="189" reference="1071" classloader="0" />
    <remembered-set count="30017" />
  </mem-info>
</gc-end>
<cycle-end id="982" type="scavenge" contextid="976" timestamp="2023-06-02T09:10:40.533" />
<allocation-satisfied id="983" threadId="0000000008BA3500" bytesRequested="400" />
<af-end id="984" timestamp="2023-06-02T09:10:40.533" threadId="0000000008BA3E80" success="true" from="nursery"/>
<exclusive-end id="985" timestamp="2023-06-02T09:10:40.533" durationms="22.044" />

<exclusive-start id="986" timestamp="2023-06-02T09:10:41.077" intervalms="566.457">
  <response-info timems="0.114" idlems="0.114" threads="0" lastid="000000000186AC00" lastname="Default Executor-thread-21" />
</exclusive-start>
<af-start id="987" threadId="000000000186B580" totalBytesRequested="32" timestamp="2023-06-02T09:10:41.077" intervalms="566.527" type="nursery" />
<cycle-start id="988" type="scavenge" contextid="0" timestamp="2023-06-02T09:10:41.077" intervalms="566.548" />
<gc-start id="989" type="scavenge" contextid="988" timestamp="2023-06-02T09:10:41.079">
  <mem-info id="990" free="382602392" total="1073741824" percent="35">
    <mem type="nursery" free="0" total="268435456" percent="0">
      <mem type="allocate" free="0" total="180224000" percent="0" />
      <mem type="survivor" free="0" total="88211456" percent="0" />
    </mem>
    <mem type="tenure" free="382602392" total="805306368" percent="47">
      <mem type="soa" free="342336664" total="765040640" percent="44" />
      <mem type="loa" free="40265728" total="40265728" percent="100" />
    </mem>
    <remembered-set count="38037" />
  </mem-info>
</gc-start>
<allocation-stats totalBytes="128941520" >
  <allocated-bytes non-tlh="5279144" tlh="123662376" />
  <largest-consumer threadName="Default Executor-thread-5" threadId="0000000001733F00" bytes="45380456" />
</allocation-stats>
<gc-op id="991" type="scavenge" timems="23.062" contextid="988" timestamp="2023-06-02T09:10:41.102">
  <scavenger-info tenureage="7" tenuremask="6080" tiltratio="67" />
  <memory-copied type="nursery" objects="738001" bytes="51228704" bytesdiscarded="332864" />
  <memory-copied type="tenure" objects="62950" bytes="2968000" bytesdiscarded="1496" />
  <finalization candidates="4455" enqueued="3471" />
  <ownableSynchronizers candidates="8283" cleared="1470" />
  <references type="soft" candidates="14319" cleared="0" enqueued="0" dynamicThreshold="32" maxThreshold="32" />
  <references type="weak" candidates="5645" cleared="286" enqueued="286" />
  <references type="phantom" candidates="34" cleared="1" enqueued="1" />
</gc-op>
<gc-end id="992" type="scavenge" contextid="988" durationms="23.506" usertimems="156.250" systemtimems="0.000" timestamp="2023-06-02T09:10:41.103" activeThreads="16">
  <mem-info id="993" free="513325360" total="1073741824" percent="47">
    <mem type="nursery" free="133853408" total="268435456" percent="49">
      <mem type="allocate" free="133853408" total="185532416" percent="72" />
      <mem type="survivor" free="0" total="82903040" percent="0" />
    </mem>
    <mem type="tenure" free="379471952" total="805306368" percent="47" macro-fragmented="0">
      <mem type="soa" free="339206224" total="765040640" percent="44" />
      <mem type="loa" free="40265728" total="40265728" percent="100" />
    </mem>
    <pending-finalizers system="3143" default="328" reference="287" classloader="0" />
    <remembered-set count="33490" />
  </mem-info>
</gc-end>
<cycle-end id="994" type="scavenge" contextid="988" timestamp="2023-06-02T09:10:41.104" />
<allocation-satisfied id="995" threadId="000000000186AC00" bytesRequested="32" />
<af-end id="996" timestamp="2023-06-02T09:10:41.104" threadId="000000000186B580" success="true" from="nursery"/>
<exclusive-end id="997" timestamp="2023-06-02T09:10:41.104" durationms="26.928" />

<exclusive-start id="998" timestamp="2023-06-02T09:10:41.868" intervalms="790.071">
  <response-info timems="0.146" idlems="0.080" threads="1" lastid="0000000001063B00" lastname="JIT Compilation Thread-000" />
</exclusive-start>
<af-start id="999" threadId="000000000186B580" totalBytesRequested="152" timestamp="2023-06-02T09:10:41.868" intervalms="790.334" type="nursery" />
<cycle-start id="1000" type="scavenge" contextid="0" timestamp="2023-06-02T09:10:41.868" intervalms="790.406" />
<gc-start id="1001" type="scavenge" contextid="1000" timestamp="2023-06-02T09:10:41.871">
  <mem-info id="1002" free="379202728" total="1073741824" percent="35">
    <mem type="nursery" free="0" total="268435456" percent="0">
      <mem type="allocate" free="0" total="185532416" percent="0" />
      <mem type="survivor" free="0" total="82903040" percent="0" />
    </mem>
    <mem type="tenure" free="379202728" total="805306368" percent="47">
      <mem type="soa" free="338937000" total="765040640" percent="44" />
      <mem type="loa" free="40265728" total="40265728" percent="100" />
    </mem>
    <remembered-set count="39039" />
  </mem-info>
</gc-start>
<allocation-stats totalBytes="134013872" >
  <allocated-bytes non-tlh="1004184" tlh="133009688" />
  <largest-consumer threadName="Default Executor-thread-21" threadId="000000000186AC00" bytes="56425312" />
</allocation-stats>
<gc-op id="1003" type="scavenge" timems="33.029" contextid="1000" timestamp="2023-06-02T09:10:41.904">
  <scavenger-info tenureage="5" tenuremask="6020" tiltratio="69" />
  <memory-copied type="nursery" objects="896833" bytes="50911648" bytesdiscarded="197384" />
  <memory-copied type="tenure" objects="107344" bytes="9064016" bytesdiscarded="10296" />
  <finalization candidates="4808" enqueued="3843" />
  <ownableSynchronizers candidates="11762" cleared="4076" />
  <references type="soft" candidates="13048" cleared="0" enqueued="0" dynamicThreshold="32" maxThreshold="32" />
  <references type="weak" candidates="4963" cleared="522" enqueued="519" />
  <references type="phantom" candidates="28" cleared="1" enqueued="1" />
</gc-op>
<gc-end id="1004" type="scavenge" contextid="1000" durationms="33.601" usertimems="296.875" systemtimems="15.625" timestamp="2023-06-02T09:10:41.904" activeThreads="16">
  <mem-info id="1005" free="508332816" total="1073741824" percent="47">
    <mem type="nursery" free="138572152" total="268435456" percent="51">
      <mem type="allocate" free="138572152" total="189792256" percent="73" />
      <mem type="survivor" free="0" total="78643200" percent="0" />
    </mem>
    <mem type="tenure" free="369760664" total="805306368" percent="45" macro-fragmented="3110739">
      <mem type="soa" free="329494936" total="765040640" percent="43" />
      <mem type="loa" free="40265728" total="40265728" percent="100" />
    </mem>
    <pending-finalizers system="3128" default="715" reference="520" classloader="0" />
    <remembered-set count="29552" />
  </mem-info>
</gc-end>
<cycle-end id="1006" type="scavenge" contextid="1000" timestamp="2023-06-02T09:10:41.905" />
<allocation-satisfied id="1007" threadId="000000000186AC00" bytesRequested="152" />
<af-end id="1008" timestamp="2023-06-02T09:10:41.905" threadId="000000000186B580" success="true" from="nursery"/>
<exclusive-end id="1009" timestamp="2023-06-02T09:10:41.905" durationms="37.717" />

<exclusive-start id="1010" timestamp="2023-06-02T09:10:42.792" intervalms="924.090">
  <response-info timems="0.105" idlems="0.105" threads="0" lastid="000000000186AC00" lastname="Default Executor-thread-21" />
</exclusive-start>
<af-start id="1011" threadId="000000000186B580" totalBytesRequested="1704" timestamp="2023-06-02T09:10:42.792" intervalms="923.777" type="nursery" />
<cycle-start id="1012" type="scavenge" contextid="0" timestamp="2023-06-02T09:10:42.792" intervalms="923.698" />
<gc-start id="1013" type="scavenge" contextid="1012" timestamp="2023-06-02T09:10:42.793">
  <mem-info id="1014" free="369667040" total="1073741824" percent="34">
    <mem type="nursery" free="0" total="268435456" percent="0">
      <mem type="allocate" free="0" total="189792256" percent="0" />
      <mem type="survivor" free="0" total="78643200" percent="0" />
    </mem>
    <mem type="tenure" free="369667040" total="805306368" percent="45">
      <mem type="soa" free="329401312" total="765040640" percent="43" />
      <mem type="loa" free="40265728" total="40265728" percent="100" />
    </mem>
    <remembered-set count="53193" />
  </mem-info>
</gc-start>
<allocation-stats totalBytes="138499312" >
  <allocated-bytes non-tlh="836272" tlh="137663040" />
  <largest-consumer threadName="Default Executor-thread-21" threadId="000000000186AC00" bytes="79727664" />
</allocation-stats>
<gc-op id="1015" type="scavenge" timems="26.671" contextid="1012" timestamp="2023-06-02T09:10:42.819">
  <scavenger-info tenureage="13" tenuremask="6000" tiltratio="70" />
  <memory-copied type="nursery" objects="1126725" bytes="57865184" bytesdiscarded="229456" />
  <finalization candidates="3511" enqueued="2644" />
  <ownableSynchronizers candidates="10257" cleared="3843" />
  <references type="soft" candidates="13482" cleared="0" enqueued="0" dynamicThreshold="32" maxThreshold="32" />
  <references type="weak" candidates="4958" cleared="238" enqueued="236" />
  <references type="phantom" candidates="28" cleared="0" enqueued="0" />
</gc-op>
<gc-end id="1016" type="scavenge" contextid="1012" durationms="28.005" usertimems="250.000" systemtimems="0.000" timestamp="2023-06-02T09:10:42.821" activeThreads="16">
  <mem-info id="1017" free="501845040" total="1073741824" percent="46">
    <mem type="nursery" free="132178000" total="268435456" percent="49">
      <mem type="allocate" free="132178000" total="190447616" percent="69" />
      <mem type="survivor" free="0" total="77987840" percent="0" />
    </mem>
    <mem type="tenure" free="369667040" total="805306368" percent="45" macro-fragmented="0">
      <mem type="soa" free="329401312" total="765040640" percent="43" />
      <mem type="loa" free="40265728" total="40265728" percent="100" />
    </mem>
    <pending-finalizers system="1965" default="679" reference="236" classloader="0" />
    <remembered-set count="51108" />
  </mem-info>
</gc-end>
<cycle-end id="1018" type="scavenge" contextid="1012" timestamp="2023-06-02T09:10:42.823" />
<allocation-satisfied id="1019" threadId="000000000186AC00" bytesRequested="1704" />
<af-end id="1020" timestamp="2023-06-02T09:10:42.823" threadId="000000000186B580" success="true" from="nursery"/>
<exclusive-end id="1021" timestamp="2023-06-02T09:10:42.823" durationms="32.118" />

<exclusive-start id="1022" timestamp="2023-06-02T09:10:43.593" intervalms="800.874">
  <response-info timems="0.200" idlems="0.107" threads="1" lastid="0000000001733F00" lastname="Default Executor-thread-5" />
</exclusive-start>
<af-start id="1023" threadId="0000000001875780" totalBytesRequested="72" timestamp="2023-06-02T09:10:43.593" intervalms="800.894" type="nursery" />
<cycle-start id="1024" type="scavenge" contextid="0" timestamp="2023-06-02T09:10:43.593" intervalms="800.944" />
<gc-start id="1025" type="scavenge" contextid="1024" timestamp="2023-06-02T09:10:43.594">
  <mem-info id="1026" free="369474976" total="1073741824" percent="34">
    <mem type="nursery" free="0" total="268435456" percent="0">
      <mem type="allocate" free="0" total="190447616" percent="0" />
      <mem type="survivor" free="0" total="77987840" percent="0" />
    </mem>
    <mem type="tenure" free="369474976" total="805306368" percent="45">
      <mem type="soa" free="329209248" total="765040640" percent="43" />
      <mem type="loa" free="40265728" total="40265728" percent="100" />
    </mem>
    <remembered-set count="54134" />
  </mem-info>
</gc-start>
<allocation-stats totalBytes="132249080" >
  <allocated-bytes non-tlh="2168840" tlh="130080240" />
  <largest-consumer threadName="Default Executor-thread-21" threadId="000000000186AC00" bytes="66092152" />
</allocation-stats>
<gc-op id="1027" type="scavenge" timems="27.775" contextid="1024" timestamp="2023-06-02T09:10:43.621">
  <scavenger-info tenureage="12" tenuremask="7000" tiltratio="70" />
  <memory-copied type="nursery" objects="1373871" bytes="71877360" bytesdiscarded="265984" />
  <finalization candidates="5058" enqueued="4152" />
  <ownableSynchronizers candidates="13016" cleared="6127" />
  <references type="soft" candidates="14546" cleared="0" enqueued="0" dynamicThreshold="32" maxThreshold="32" />
  <references type="weak" candidates="5233" cleared="223" enqueued="223" />
  <references type="phantom" candidates="31" cleared="0" enqueued="0" />
</gc-op>
<gc-end id="1028" type="scavenge" contextid="1024" durationms="28.136" usertimems="187.500" systemtimems="15.625" timestamp="2023-06-02T09:10:43.622" activeThreads="16">
  <mem-info id="1029" free="467466848" total="1073741824" percent="43">
    <mem type="nursery" free="97991872" total="268435456" percent="36">
      <mem type="allocate" free="97991872" total="170328064" percent="57" />
      <mem type="survivor" free="0" total="98107392" percent="0" />
    </mem>
    <mem type="tenure" free="369474976" total="805306368" percent="45" macro-fragmented="2592282">
      <mem type="soa" free="329209248" total="765040640" percent="43" />
      <mem type="loa" free="40265728" total="40265728" percent="100" />
    </mem>
    <pending-finalizers system="3094" default="1058" reference="223" classloader="0" />
    <remembered-set count="52585" />
  </mem-info>
</gc-end>
<cycle-end id="1030" type="scavenge" contextid="1024" timestamp="2023-06-02T09:10:43.623" />
<allocation-satisfied id="1031" threadId="0000000001874E00" bytesRequested="72" />
<af-end id="1032" timestamp="2023-06-02T09:10:43.624" threadId="0000000001875780" success="true" from="nursery"/>
<exclusive-end id="1033" timestamp="2023-06-02T09:10:43.624" durationms="30.560" />

<exclusive-start id="1034" timestamp="2023-06-02T09:10:44.127" intervalms="533.516">
  <response-info timems="0.120" idlems="0.120" threads="0" lastid="0000000001733F00" lastname="Default Executor-thread-5" />
</exclusive-start>
<af-start id="1035" threadId="0000000001734880" totalBytesRequested="536" timestamp="2023-06-02T09:10:44.127" intervalms="533.463" type="nursery" />
<cycle-start id="1036" type="scavenge" contextid="0" timestamp="2023-06-02T09:10:44.127" intervalms="533.399" />
<gc-start id="1037" type="scavenge" contextid="1036" timestamp="2023-06-02T09:10:44.128">
  <mem-info id="1038" free="369097728" total="1073741824" percent="34">
    <mem type="nursery" free="0" total="268435456" percent="0">
      <mem type="allocate" free="0" total="170328064" percent="0" />
      <mem type="survivor" free="0" total="98107392" percent="0" />
    </mem>
    <mem type="tenure" free="369097728" total="805306368" percent="45">
      <mem type="soa" free="328832000" total="765040640" percent="42" />
      <mem type="loa" free="40265728" total="40265728" percent="100" />
    </mem>
    <remembered-set count="59189" />
  </mem-info>
</gc-start>
<allocation-stats totalBytes="98229720" >
  <allocated-bytes non-tlh="3490648" tlh="94739072" />
  <largest-consumer threadName="Default Executor-thread-21" threadId="000000000186AC00" bytes="56692656" />
</allocation-stats>
<gc-op id="1039" type="scavenge" timems="25.892" contextid="1036" timestamp="2023-06-02T09:10:44.152">
  <scavenger-info tenureage="5" tenuremask="78a0" tiltratio="63" />
  <memory-copied type="nursery" objects="863197" bytes="42662976" bytesdiscarded="238592" />
  <memory-copied type="tenure" objects="310881" bytes="18244632" bytesdiscarded="14632" />
  <finalization candidates="4296" enqueued="3329" />
  <ownableSynchronizers candidates="8630" cleared="548" />
  <references type="soft" candidates="8992" cleared="0" enqueued="0" dynamicThreshold="32" maxThreshold="32" />
  <references type="weak" candidates="3719" cleared="488" enqueued="488" />
  <references type="phantom" candidates="19" cleared="0" enqueued="0" />
</gc-op>
<gc-end id="1040" type="scavenge" contextid="1036" durationms="26.270" usertimems="203.125" systemtimems="15.625" timestamp="2023-06-02T09:10:44.154" activeThreads="16">
  <mem-info id="1041" free="480738664" total="1073741824" percent="44">
    <mem type="nursery" free="129600880" total="268435456" percent="48">
      <mem type="allocate" free="129600880" total="172687360" percent="75" />
      <mem type="survivor" free="0" total="95748096" percent="0" />
    </mem>
    <mem type="tenure" free="351137784" total="805306368" percent="43" macro-fragmented="39130">
      <mem type="soa" free="310872056" total="765040640" percent="40" />
      <mem type="loa" free="40265728" total="40265728" percent="100" />
    </mem>
    <pending-finalizers system="3285" default="44" reference="488" classloader="0" />
    <remembered-set count="53530" />
  </mem-info>
</gc-end>
<cycle-end id="1042" type="scavenge" contextid="1036" timestamp="2023-06-02T09:10:44.155" />
<allocation-satisfied id="1043" threadId="0000000001733F00" bytesRequested="536" />
<af-end id="1044" timestamp="2023-06-02T09:10:44.155" threadId="0000000001734880" success="true" from="nursery"/>
<exclusive-end id="1045" timestamp="2023-06-02T09:10:44.155" durationms="28.548" />

<exclusive-start id="1046" timestamp="2023-06-02T09:10:45.061" intervalms="934.905">
  <response-info timems="0.121" idlems="0.121" threads="0" lastid="000000000186AC00" lastname="Default Executor-thread-21" />
</exclusive-start>
<af-start id="1047" threadId="000000000186B580" totalBytesRequested="520" timestamp="2023-06-02T09:10:45.061" intervalms="934.913" type="nursery" />
<cycle-start id="1048" type="scavenge" contextid="0" timestamp="2023-06-02T09:10:45.061" intervalms="934.915" />
<gc-start id="1049" type="scavenge" contextid="1048" timestamp="2023-06-02T09:10:45.062">
  <mem-info id="1050" free="350966216" total="1073741824" percent="32">
    <mem type="nursery" free="0" total="268435456" percent="0">
      <mem type="allocate" free="0" total="172687360" percent="0" />
      <mem type="survivor" free="0" total="95748096" percent="0" />
    </mem>
    <mem type="tenure" free="350966216" total="805306368" percent="43">
      <mem type="soa" free="310700488" total="765040640" percent="40" />
      <mem type="loa" free="40265728" total="40265728" percent="100" />
    </mem>
    <remembered-set count="57641" />
  </mem-info>
</gc-start>
<allocation-stats totalBytes="129686368" >
  <allocated-bytes non-tlh="6079656" tlh="123606712" />
  <largest-consumer threadName="Default Executor-thread-21" threadId="000000000186AC00" bytes="73622024" />
</allocation-stats>
<gc-op id="1051" type="scavenge" timems="20.955" contextid="1048" timestamp="2023-06-02T09:10:45.083">
  <scavenger-info tenureage="11" tenuremask="7800" tiltratio="64" />
  <memory-copied type="nursery" objects="1148224" bytes="56167040" bytesdiscarded="196440" />
  <finalization candidates="3477" enqueued="2813" />
  <ownableSynchronizers candidates="10865" cleared="3365" />
  <references type="soft" candidates="10544" cleared="0" enqueued="0" dynamicThreshold="32" maxThreshold="32" />
  <references type="weak" candidates="3726" cleared="183" enqueued="183" />
  <references type="phantom" candidates="19" cleared="0" enqueued="0" />
</gc-op>
<gc-end id="1052" type="scavenge" contextid="1048" durationms="21.303" usertimems="46.875" systemtimems="0.000" timestamp="2023-06-02T09:10:45.084" activeThreads="16">
  <mem-info id="1053" free="469538408" total="1073741824" percent="43">
    <mem type="nursery" free="118572192" total="268435456" percent="44">
      <mem type="allocate" free="118572192" total="175112192" percent="67" />
      <mem type="survivor" free="0" total="93323264" percent="0" />
    </mem>
    <mem type="tenure" free="350966216" total="805306368" percent="43" macro-fragmented="3110739">
      <mem type="soa" free="310700488" total="765040640" percent="40" />
      <mem type="loa" free="40265728" total="40265728" percent="100" />
    </mem>
    <pending-finalizers system="2029" default="784" reference="183" classloader="0" />
    <remembered-set count="56429" />
  </mem-info>
</gc-end>
<cycle-end id="1054" type="scavenge" contextid="1048" timestamp="2023-06-02T09:10:45.085" />
<allocation-satisfied id="1055" threadId="000000000186AC00" bytesRequested="520" />
<af-end id="1056" timestamp="2023-06-02T09:10:45.085" threadId="000000000186B580" success="true" from="nursery"/>
<exclusive-end id="1057" timestamp="2023-06-02T09:10:45.085" durationms="23.780" />

<exclusive-start id="1058" timestamp="2023-06-02T09:10:45.797" intervalms="736.353">
  <response-info timems="0.190" idlems="0.190" threads="0" lastid="0000000001733F00" lastname="Default Executor-thread-5" />
</exclusive-start>
<af-start id="1059" threadId="0000000001734880" totalBytesRequested="16" timestamp="2023-06-02T09:10:45.797" intervalms="736.372" type="nursery" />
<cycle-start id="1060" type="scavenge" contextid="0" timestamp="2023-06-02T09:10:45.797" intervalms="736.379" />
<gc-start id="1061" type="scavenge" contextid="1060" timestamp="2023-06-02T09:10:45.799">
  <mem-info id="1062" free="350702296" total="1073741824" percent="32">
    <mem type="nursery" free="0" total="268435456" percent="0">
      <mem type="allocate" free="0" total="175112192" percent="0" />
      <mem type="survivor" free="0" total="93323264" percent="0" />
    </mem>
    <mem type="tenure" free="350702296" total="805306368" percent="43">
      <mem type="soa" free="310436568" total="765040640" percent="40" />
      <mem type="loa" free="40265728" total="40265728" percent="100" />
    </mem>
    <remembered-set count="61242" />
  </mem-info>
</gc-start>
<allocation-stats totalBytes="118679360" >
  <allocated-bytes non-tlh="2268632" tlh="116410728" />
  <largest-consumer threadName="Default Executor-thread-5" threadId="0000000001733F00" bytes="69581712" />
</allocation-stats>
<gc-op id="1063" type="scavenge" timems="26.561" contextid="1060" timestamp="2023-06-02T09:10:45.825">
  <scavenger-info tenureage="4" tenuremask="7d10" tiltratio="65" />
  <memory-copied type="nursery" objects="1168900" bytes="57296592" bytesdiscarded="323312" />
  <memory-copied type="tenure" objects="310442" bytes="11763248" bytesdiscarded="6256" />
  <finalization candidates="3163" enqueued="2429" />
  <ownableSynchronizers candidates="13554" cleared="5694" />
  <references type="soft" candidates="9750" cleared="0" enqueued="0" dynamicThreshold="32" maxThreshold="32" />
  <references type="weak" candidates="3032" cleared="199" enqueued="199" />
  <references type="phantom" candidates="13" cleared="0" enqueued="0" />
</gc-op>
<gc-end id="1064" type="scavenge" contextid="1060" durationms="26.936" usertimems="187.500" systemtimems="15.625" timestamp="2023-06-02T09:10:45.825" activeThreads="16">
  <mem-info id="1065" free="460970000" total="1073741824" percent="42">
    <mem type="nursery" free="122050376" total="268435456" percent="45">
      <mem type="allocate" free="122050376" total="179765248" percent="67" />
      <mem type="survivor" free="0" total="88670208" percent="0" />
    </mem>
    <mem type="tenure" free="338919624" total="805306368" percent="42" macro-fragmented="602881">
      <mem type="soa" free="298653896" total="765040640" percent="39" />
      <mem type="loa" free="40265728" total="40265728" percent="100" />
    </mem>
    <pending-finalizers system="1300" default="1129" reference="199" classloader="0" />
    <remembered-set count="40925" />
  </mem-info>
</gc-end>
<cycle-end id="1066" type="scavenge" contextid="1060" timestamp="2023-06-02T09:10:45.826" />
<allocation-satisfied id="1067" threadId="0000000001733F00" bytesRequested="16" />
<af-end id="1068" timestamp="2023-06-02T09:10:45.826" threadId="0000000001734880" success="true" from="nursery"/>
<exclusive-end id="1069" timestamp="2023-06-02T09:10:45.826" durationms="29.311" />

<exclusive-start id="1070" timestamp="2023-06-02T09:10:46.426" intervalms="628.927">
  <response-info timems="0.126" idlems="0.126" threads="0" lastid="0000000001733F00" lastname="Default Executor-thread-5" />
</exclusive-start>
<af-start id="1071" threadId="0000000001734880" totalBytesRequested="640" timestamp="2023-06-02T09:10:46.426" intervalms="628.925" type="nursery" />
<cycle-start id="1072" type="scavenge" contextid="0" timestamp="2023-06-02T09:10:46.426" intervalms="628.924" />
<gc-start id="1073" type="scavenge" contextid="1072" timestamp="2023-06-02T09:10:46.428">
  <mem-info id="1074" free="338807752" total="1073741824" percent="31">
    <mem type="nursery" free="0" total="268435456" percent="0">
      <mem type="allocate" free="0" total="179765248" percent="0" />
      <mem type="survivor" free="0" total="88670208" percent="0" />
    </mem>
    <mem type="tenure" free="338807752" total="805306368" percent="42">
      <mem type="soa" free="298542024" total="765040640" percent="39" />
      <mem type="loa" free="40265728" total="40265728" percent="100" />
    </mem>
    <remembered-set count="44336" />
  </mem-info>
</gc-start>
<allocation-stats totalBytes="122034472" >
  <allocated-bytes non-tlh="996752" tlh="121037720" />
  <largest-consumer threadName="Default Executor-thread-5" threadId="0000000001733F00" bytes="59051128" />
</allocation-stats>
<gc-op id="1075" type="scavenge" timems="25.836" contextid="1072" timestamp="2023-06-02T09:10:46.454">
  <scavenger-info tenureage="9" tenuremask="7e00" tiltratio="66" />
  <memory-copied type="nursery" objects="1039490" bytes="52113136" bytesdiscarded="224024" />
  <finalization candidates="2432" enqueued="1789" />
  <ownableSynchronizers candidates="11452" cleared="3368" />
  <references type="soft" candidates="10803" cleared="0" enqueued="0" dynamicThreshold="32" maxThreshold="32" />
  <references type="weak" candidates="3329" cleared="223" enqueued="223" />
  <references type="phantom" candidates="13" cleared="0" enqueued="0" />
</gc-op>
<gc-end id="1076" type="scavenge" contextid="1072" durationms="26.350" usertimems="234.375" systemtimems="0.000" timestamp="2023-06-02T09:10:46.454" activeThreads="16">
  <mem-info id="1077" free="470124304" total="1073741824" percent="43">
    <mem type="nursery" free="131316552" total="268435456" percent="48">
      <mem type="allocate" free="131316552" total="183762944" percent="71" />
      <mem type="survivor" free="0" total="84672512" percent="0" />
    </mem>
    <mem type="tenure" free="338807752" total="805306368" percent="42" macro-fragmented="1500163">
      <mem type="soa" free="298542024" total="765040640" percent="39" />
      <mem type="loa" free="40265728" total="40265728" percent="100" />
    </mem>
    <pending-finalizers system="1289" default="500" reference="223" classloader="0" />
    <remembered-set count="42817" />
  </mem-info>
</gc-end>
<cycle-end id="1078" type="scavenge" contextid="1072" timestamp="2023-06-02T09:10:46.456" />
<allocation-satisfied id="1079" threadId="0000000001733F00" bytesRequested="640" />
<af-end id="1080" timestamp="2023-06-02T09:10:46.456" threadId="0000000001734880" success="true" from="nursery"/>
<exclusive-end id="1081" timestamp="2023-06-02T09:10:46.456" durationms="28.843" />

<exclusive-start id="1082" timestamp="2023-06-02T09:10:46.970" intervalms="543.769">
  <response-info timems="0.215" idlems="0.215" threads="0" lastid="000000000186AC00" lastname="Default Executor-thread-21" />
</exclusive-start>
<af-start id="1083" threadId="000000000186B580" totalBytesRequested="79880" timestamp="2023-06-02T09:10:46.970" intervalms="543.789" type="nursery" />
<cycle-start id="1084" type="scavenge" contextid="0" timestamp="2023-06-02T09:10:46.970" intervalms="543.791" />
<gc-start id="1085" type="scavenge" contextid="1084" timestamp="2023-06-02T09:10:46.971">
  <mem-info id="1086" free="338695488" total="1073741824" percent="31">
    <mem type="nursery" free="53440" total="268435456" percent="0">
      <mem type="allocate" free="53440" total="183762944" percent="0" />
      <mem type="survivor" free="0" total="84672512" percent="0" />
    </mem>
    <mem type="tenure" free="338642048" total="805306368" percent="42">
      <mem type="soa" free="298376320" total="765040640" percent="39" />
      <mem type="loa" free="40265728" total="40265728" percent="100" />
    </mem>
    <remembered-set count="46788" />
  </mem-info>
</gc-start>
<allocation-stats totalBytes="131245872" >
  <allocated-bytes non-tlh="6351256" tlh="124894616" />
  <largest-consumer threadName="Default Executor-thread-21" threadId="000000000186AC00" bytes="65655088" />
</allocation-stats>
<gc-op id="1087" type="scavenge" timems="22.247" contextid="1084" timestamp="2023-06-02T09:10:46.993">
  <scavenger-info tenureage="8" tenuremask="7f00" tiltratio="68" />
  <memory-copied type="nursery" objects="852858" bytes="45802128" bytesdiscarded="345696" />
  <memory-copied type="tenure" objects="133765" bytes="6052472" bytesdiscarded="4400" />
  <finalization candidates="3367" enqueued="2640" />
  <ownableSynchronizers candidates="10345" cleared="1095" />
  <references type="soft" candidates="10284" cleared="0" enqueued="0" dynamicThreshold="32" maxThreshold="32" />
  <references type="weak" candidates="3097" cleared="280" enqueued="280" />
  <references type="phantom" candidates="13" cleared="0" enqueued="0" />
</gc-op>
<gc-end id="1088" type="scavenge" contextid="1084" durationms="22.652" usertimems="187.500" systemtimems="0.000" timestamp="2023-06-02T09:10:46.994" activeThreads="16">
  <mem-info id="1089" free="474142456" total="1073741824" percent="44">
    <mem type="nursery" free="141902544" total="268435456" percent="52">
      <mem type="allocate" free="141902544" total="188153856" percent="75" />
      <mem type="survivor" free="0" total="80281600" percent="0" />
    </mem>
    <mem type="tenure" free="332239912" total="805306368" percent="41" macro-fragmented="1500163">
      <mem type="soa" free="291974184" total="765040640" percent="38" />
      <mem type="loa" free="40265728" total="40265728" percent="100" />
    </mem>
    <pending-finalizers system="2451" default="189" reference="280" classloader="0" />
    <remembered-set count="32689" />
  </mem-info>
</gc-end>
<cycle-end id="1090" type="scavenge" contextid="1084" timestamp="2023-06-02T09:10:46.995" />
<allocation-satisfied id="1091" threadId="000000000186AC00" bytesRequested="79880" />
<af-end id="1092" timestamp="2023-06-02T09:10:46.996" threadId="000000000186B580" success="true" from="nursery"/>
<exclusive-end id="1093" timestamp="2023-06-02T09:10:46.996" durationms="25.755" />

<exclusive-start id="1094" timestamp="2023-06-02T09:10:47.493" intervalms="522.843">
  <response-info timems="0.136" idlems="0.136" threads="0" lastid="0000000001733F00" lastname="Default Executor-thread-5" />
</exclusive-start>
<af-start id="1095" threadId="0000000001734880" totalBytesRequested="46736" timestamp="2023-06-02T09:10:47.493" intervalms="522.835" type="nursery" />
<cycle-start id="1096" type="scavenge" contextid="0" timestamp="2023-06-02T09:10:47.493" intervalms="522.872" />
<gc-start id="1097" type="scavenge" contextid="1096" timestamp="2023-06-02T09:10:47.494">
  <mem-info id="1098" free="332070088" total="1073741824" percent="30">
    <mem type="nursery" free="0" total="268435456" percent="0">
      <mem type="allocate" free="0" total="188153856" percent="0" />
      <mem type="survivor" free="0" total="80281600" percent="0" />
    </mem>
    <mem type="tenure" free="332070088" total="805306368" percent="41">
      <mem type="soa" free="291804360" total="765040640" percent="38" />
      <mem type="loa" free="40265728" total="40265728" percent="100" />
    </mem>
    <remembered-set count="37528" />
  </mem-info>
</gc-start>
<allocation-stats totalBytes="141573880" >
  <allocated-bytes non-tlh="2756624" tlh="138817256" />
  <largest-consumer threadName="JTS Status check" threadId="000000000B693A00" bytes="34134840" />
</allocation-stats>
<gc-op id="1099" type="scavenge" timems="29.451" contextid="1096" timestamp="2023-06-02T09:10:47.524">
  <scavenger-info tenureage="9" tenuremask="7e00" tiltratio="70" />
  <memory-copied type="nursery" objects="913273" bytes="51333480" bytesdiscarded="246712" />
  <finalization candidates="3266" enqueued="2526" />
  <ownableSynchronizers candidates="8650" cleared="560" />
  <references type="soft" candidates="11607" cleared="0" enqueued="0" dynamicThreshold="32" maxThreshold="32" />
  <references type="weak" candidates="4513" cleared="907" enqueued="888" />
  <references type="phantom" candidates="34" cleared="1" enqueued="1" />
</gc-op>
<gc-end id="1100" type="scavenge" contextid="1096" durationms="30.050" usertimems="296.875" systemtimems="0.000" timestamp="2023-06-02T09:10:47.524" activeThreads="16">
  <mem-info id="1101" free="470949304" total="1073741824" percent="43">
    <mem type="nursery" free="138879216" total="268435456" percent="51">
      <mem type="allocate" free="138879216" total="190578688" percent="72" />
      <mem type="survivor" free="0" total="77856768" percent="0" />
    </mem>
    <mem type="tenure" free="332070088" total="805306368" percent="41" macro-fragmented="18870">
      <mem type="soa" free="291804360" total="765040640" percent="38" />
      <mem type="loa" free="40265728" total="40265728" percent="100" />
    </mem>
    <pending-finalizers system="2329" default="197" reference="889" classloader="0" />
    <remembered-set count="35794" />
  </mem-info>
</gc-end>
<cycle-end id="1102" type="scavenge" contextid="1096" timestamp="2023-06-02T09:10:47.525" />
<allocation-satisfied id="1103" threadId="0000000001733F00" bytesRequested="46736" />
<af-end id="1104" timestamp="2023-06-02T09:10:47.525" threadId="0000000001734880" success="true" from="nursery"/>
<exclusive-end id="1105" timestamp="2023-06-02T09:10:47.525" durationms="32.921" />

<exclusive-start id="1106" timestamp="2023-06-02T09:10:48.006" intervalms="512.567">
  <response-info timems="0.135" idlems="0.135" threads="0" lastid="000000000B693A00" lastname="JTS Status check" />
</exclusive-start>
<af-start id="1107" threadId="000000000B694380" totalBytesRequested="168" timestamp="2023-06-02T09:10:48.006" intervalms="512.570" type="nursery" />
<cycle-start id="1108" type="scavenge" contextid="0" timestamp="2023-06-02T09:10:48.006" intervalms="512.544" />
<gc-start id="1109" type="scavenge" contextid="1108" timestamp="2023-06-02T09:10:48.007">
  <mem-info id="1110" free="331890600" total="1073741824" percent="30">
    <mem type="nursery" free="0" total="268435456" percent="0">
      <mem type="allocate" free="0" total="190578688" percent="0" />
      <mem type="survivor" free="0" total="77856768" percent="0" />
    </mem>
    <mem type="tenure" free="331890600" total="805306368" percent="41">
      <mem type="soa" free="291624872" total="765040640" percent="38" />
      <mem type="loa" free="40265728" total="40265728" percent="100" />
    </mem>
    <remembered-set count="40658" />
  </mem-info>
</gc-start>
<allocation-stats totalBytes="138893800" >
  <allocated-bytes non-tlh="5137640" tlh="133756160" />
  <largest-consumer threadName="JTS Status check" threadId="000000000B693A00" bytes="72122896" />
</allocation-stats>
<gc-op id="1111" type="scavenge" timems="25.199" contextid="1108" timestamp="2023-06-02T09:10:48.032">
  <scavenger-info tenureage="9" tenuremask="7e00" tiltratio="70" />
  <memory-copied type="nursery" objects="872596" bytes="44940936" bytesdiscarded="222064" />
  <memory-copied type="tenure" objects="128675" bytes="5909688" bytesdiscarded="3544" />
  <finalization candidates="2330" enqueued="1562" />
  <ownableSynchronizers candidates="9088" cleared="422" />
  <references type="soft" candidates="13895" cleared="0" enqueued="0" dynamicThreshold="32" maxThreshold="32" />
  <references type="weak" candidates="4331" cleared="283" enqueued="279" />
  <references type="phantom" candidates="32" cleared="0" enqueued="0" />
</gc-op>
<gc-end id="1112" type="scavenge" contextid="1108" durationms="25.971" usertimems="234.375" systemtimems="0.000" timestamp="2023-06-02T09:10:48.033" activeThreads="16">
  <mem-info id="1113" free="474379000" total="1073741824" percent="44">
    <mem type="nursery" free="148517656" total="268435456" percent="55">
      <mem type="allocate" free="148517656" total="193789952" percent="76" />
      <mem type="survivor" free="0" total="74645504" percent="0" />
    </mem>
    <mem type="tenure" free="325861344" total="805306368" percent="40" macro-fragmented="0">
      <mem type="soa" free="285595616" total="765040640" percent="37" />
      <mem type="loa" free="40265728" total="40265728" percent="100" />
    </mem>
    <pending-finalizers system="1473" default="89" reference="279" classloader="0" />
    <remembered-set count="32017" />
  </mem-info>
</gc-end>
<cycle-end id="1114" type="scavenge" contextid="1108" timestamp="2023-06-02T09:10:48.035" />
<allocation-satisfied id="1115" threadId="000000000B693A00" bytesRequested="168" />
<af-end id="1116" timestamp="2023-06-02T09:10:48.035" threadId="000000000B694380" success="true" from="nursery"/>
<exclusive-end id="1117" timestamp="2023-06-02T09:10:48.035" durationms="29.441" />

<exclusive-start id="1118" timestamp="2023-06-02T09:10:48.524" intervalms="519.139">
  <response-info timems="0.210" idlems="0.210" threads="0" lastid="000000000BB76600" lastname="JTS Status check" />
</exclusive-start>
<af-start id="1119" threadId="000000000BB76F80" totalBytesRequested="72" timestamp="2023-06-02T09:10:48.525" intervalms="519.301" type="nursery" />
<cycle-start id="1120" type="scavenge" contextid="0" timestamp="2023-06-02T09:10:48.525" intervalms="519.437" />
<gc-start id="1121" type="scavenge" contextid="1120" timestamp="2023-06-02T09:10:48.527">
  <mem-info id="1122" free="325665608" total="1073741824" percent="30">
    <mem type="nursery" free="0" total="268435456" percent="0">
      <mem type="allocate" free="0" total="193789952" percent="0" />
      <mem type="survivor" free="0" total="74645504" percent="0" />
    </mem>
    <mem type="tenure" free="325665608" total="805306368" percent="40">
      <mem type="soa" free="285399880" total="765040640" percent="37" />
      <mem type="loa" free="40265728" total="40265728" percent="100" />
    </mem>
    <remembered-set count="37250" />
  </mem-info>
</gc-start>
<allocation-stats totalBytes="148514576" >
  <allocated-bytes non-tlh="9662264" tlh="138852312" />
  <largest-consumer threadName="JTS Status check" threadId="000000000B693A00" bytes="66178456" />
</allocation-stats>
<gc-op id="1123" type="scavenge" timems="20.147" contextid="1120" timestamp="2023-06-02T09:10:48.547">
  <scavenger-info tenureage="7" tenuremask="7f80" tiltratio="72" />
  <memory-copied type="nursery" objects="645095" bytes="39491440" bytesdiscarded="398728" />
  <memory-copied type="tenure" objects="261314" bytes="11130032" bytesdiscarded="4936" />
  <finalization candidates="3646" enqueued="2844" />
  <ownableSynchronizers candidates="7721" cleared="211" />
  <references type="soft" candidates="13263" cleared="0" enqueued="0" dynamicThreshold="32" maxThreshold="32" />
  <references type="weak" candidates="3990" cleared="474" enqueued="471" />
  <references type="phantom" candidates="37" cleared="2" enqueued="2" />
</gc-op>
<gc-end id="1124" type="scavenge" contextid="1120" durationms="20.894" usertimems="250.000" systemtimems="0.000" timestamp="2023-06-02T09:10:48.547" activeThreads="16">
  <mem-info id="1125" free="472619792" total="1073741824" percent="44">
    <mem type="nursery" free="157927720" total="268435456" percent="58">
      <mem type="allocate" free="157927720" total="197918720" percent="79" />
      <mem type="survivor" free="0" total="70516736" percent="0" />
    </mem>
    <mem type="tenure" free="314692072" total="805306368" percent="39" macro-fragmented="0">
      <mem type="soa" free="274426344" total="765040640" percent="35" />
      <mem type="loa" free="40265728" total="40265728" percent="100" />
    </mem>
    <pending-finalizers system="2768" default="76" reference="473" classloader="0" />
    <remembered-set count="29204" />
  </mem-info>
</gc-end>
<cycle-end id="1126" type="scavenge" contextid="1120" timestamp="2023-06-02T09:10:48.548" />
<allocation-satisfied id="1127" threadId="000000000BB76600" bytesRequested="72" />
<af-end id="1128" timestamp="2023-06-02T09:10:48.549" threadId="000000000BB76F80" success="true" from="nursery"/>
<exclusive-end id="1129" timestamp="2023-06-02T09:10:48.549" durationms="23.953" />

<exclusive-start id="1130" timestamp="2023-06-02T09:10:49.269" intervalms="744.386">
  <response-info timems="0.120" idlems="0.120" threads="0" lastid="000000000BB76600" lastname="JTS Status check" />
</exclusive-start>
<af-start id="1131" threadId="000000000BB76F80" totalBytesRequested="56" timestamp="2023-06-02T09:10:49.270" intervalms="744.220" type="nursery" />
<cycle-start id="1132" type="scavenge" contextid="0" timestamp="2023-06-02T09:10:49.270" intervalms="744.071" />
<gc-start id="1133" type="scavenge" contextid="1132" timestamp="2023-06-02T09:10:49.271">
  <mem-info id="1134" free="314394736" total="1073741824" percent="29">
    <mem type="nursery" free="0" total="268435456" percent="0">
      <mem type="allocate" free="0" total="197918720" percent="0" />
      <mem type="survivor" free="0" total="70516736" percent="0" />
    </mem>
    <mem type="tenure" free="314394736" total="805306368" percent="39">
      <mem type="soa" free="274129008" total="765040640" percent="35" />
      <mem type="loa" free="40265728" total="40265728" percent="100" />
    </mem>
    <remembered-set count="36280" />
  </mem-info>
</gc-start>
<allocation-stats totalBytes="158063272" >
  <allocated-bytes non-tlh="3588968" tlh="154474304" />
  <largest-consumer threadName="JTS Status check" threadId="000000000BB76600" bytes="95708888" />
</allocation-stats>
<gc-op id="1135" type="scavenge" timems="33.368" contextid="1132" timestamp="2023-06-02T09:10:49.304">
  <scavenger-info tenureage="5" tenuremask="7ee0" tiltratio="73" />
  <memory-copied type="nursery" objects="367274" bytes="22712576" bytesdiscarded="611480" />
  <memory-copied type="tenure" objects="367947" bytes="18959128" bytesdiscarded="27232" />
  <finalization candidates="3082" enqueued="2351" />
  <ownableSynchronizers candidates="6691" cleared="316" />
  <references type="soft" candidates="14401" cleared="0" enqueued="0" dynamicThreshold="32" maxThreshold="32" />
  <references type="weak" candidates="4028" cleared="285" enqueued="282" />
  <references type="phantom" candidates="33" cleared="1" enqueued="1" />
</gc-op>
<gc-end id="1136" type="scavenge" contextid="1132" durationms="33.750" usertimems="312.500" systemtimems="62.500" timestamp="2023-06-02T09:10:49.304" activeThreads="16">
  <mem-info id="1137" free="475174600" total="1073741824" percent="44">
    <mem type="nursery" free="179152400" total="268435456" percent="66">
      <mem type="allocate" free="179152400" total="202571776" percent="88" />
      <mem type="survivor" free="0" total="65863680" percent="0" />
    </mem>
    <mem type="tenure" free="296022200" total="805306368" percent="36" macro-fragmented="0">
      <mem type="soa" free="255756472" total="765040640" percent="33" />
      <mem type="loa" free="40265728" total="40265728" percent="100" />
    </mem>
    <pending-finalizers system="2291" default="60" reference="283" classloader="0" />
    <remembered-set count="25184" />
  </mem-info>
</gc-end>
<cycle-end id="1138" type="scavenge" contextid="1132" timestamp="2023-06-02T09:10:49.305" />
<allocation-satisfied id="1139" threadId="000000000BB76600" bytesRequested="56" />
<af-end id="1140" timestamp="2023-06-02T09:10:49.305" threadId="000000000BB76F80" success="true" from="nursery"/>
<exclusive-end id="1141" timestamp="2023-06-02T09:10:49.305" durationms="36.615" />

<exclusive-start id="1142" timestamp="2023-06-02T09:10:50.213" intervalms="943.612">
  <response-info timems="0.088" idlems="0.088" threads="0" lastid="000000000BB76600" lastname="JTS Status check" />
</exclusive-start>
<af-start id="1143" threadId="000000000BB76F80" totalBytesRequested="624" timestamp="2023-06-02T09:10:50.213" intervalms="943.569" type="nursery" />
<cycle-start id="1144" type="scavenge" contextid="0" timestamp="2023-06-02T09:10:50.213" intervalms="943.565" />
<gc-start id="1145" type="scavenge" contextid="1144" timestamp="2023-06-02T09:10:50.215">
  <mem-info id="1146" free="295594120" total="1073741824" percent="27">
    <mem type="nursery" free="0" total="268435456" percent="0">
      <mem type="allocate" free="0" total="202571776" percent="0" />
      <mem type="survivor" free="0" total="65863680" percent="0" />
    </mem>
    <mem type="tenure" free="295594120" total="805306368" percent="36">
      <mem type="soa" free="255328392" total="765040640" percent="33" />
      <mem type="loa" free="40265728" total="40265728" percent="100" />
    </mem>
    <remembered-set count="34917" />
  </mem-info>
</gc-start>
<allocation-stats totalBytes="179300816" >
  <allocated-bytes non-tlh="6644584" tlh="172656232" />
  <largest-consumer threadName="JTS Status check" threadId="000000000BB76600" bytes="73842176" />
</allocation-stats>
<gc-op id="1147" type="scavenge" timems="16.761" contextid="1144" timestamp="2023-06-02T09:10:50.231">
  <scavenger-info tenureage="9" tenuremask="7e00" tiltratio="75" />
  <memory-copied type="nursery" objects="460073" bytes="29907808" bytesdiscarded="321128" />
  <finalization candidates="4717" enqueued="3892" />
  <ownableSynchronizers candidates="4919" cleared="267" />
  <references type="soft" candidates="18604" cleared="0" enqueued="0" dynamicThreshold="32" maxThreshold="32" />
  <references type="weak" candidates="5111" cleared="497" enqueued="496" />
  <references type="phantom" candidates="35" cleared="1" enqueued="1" />
</gc-op>
<gc-end id="1148" type="scavenge" contextid="1144" durationms="17.630" usertimems="109.375" systemtimems="0.000" timestamp="2023-06-02T09:10:50.232" activeThreads="16">
  <mem-info id="1149" free="472071560" total="1073741824" percent="43">
    <mem type="nursery" free="176477440" total="268435456" percent="65">
      <mem type="allocate" free="176477440" total="206831616" percent="85" />
      <mem type="survivor" free="0" total="61603840" percent="0" />
    </mem>
    <mem type="tenure" free="295594120" total="805306368" percent="36" macro-fragmented="502401">
      <mem type="soa" free="255328392" total="765040640" percent="33" />
      <mem type="loa" free="40265728" total="40265728" percent="100" />
    </mem>
    <pending-finalizers system="3841" default="51" reference="497" classloader="0" />
    <remembered-set count="31899" />
  </mem-info>
</gc-end>
<cycle-end id="1150" type="scavenge" contextid="1144" timestamp="2023-06-02T09:10:50.234" />
<allocation-satisfied id="1151" threadId="000000000BB76600" bytesRequested="624" />
<af-end id="1152" timestamp="2023-06-02T09:10:50.234" threadId="000000000BB76F80" success="true" from="nursery"/>
<exclusive-end id="1153" timestamp="2023-06-02T09:10:50.234" durationms="21.422" />

<exclusive-start id="1154" timestamp="2023-06-02T09:10:51.115" intervalms="902.356">
  <response-info timems="0.149" idlems="0.149" threads="0" lastid="000000000186AC00" lastname="Default Executor-thread-21" />
</exclusive-start>
<af-start id="1155" threadId="000000000186B580" totalBytesRequested="464" timestamp="2023-06-02T09:10:51.116" intervalms="902.474" type="nursery" />
<cycle-start id="1156" type="scavenge" contextid="0" timestamp="2023-06-02T09:10:51.116" intervalms="902.500" />
<gc-start id="1157" type="scavenge" contextid="1156" timestamp="2023-06-02T09:10:51.118">
  <mem-info id="1158" free="295106296" total="1073741824" percent="27">
    <mem type="nursery" free="0" total="268435456" percent="0">
      <mem type="allocate" free="0" total="206831616" percent="0" />
      <mem type="survivor" free="0" total="61603840" percent="0" />
    </mem>
    <mem type="tenure" free="295106296" total="805306368" percent="36">
      <mem type="soa" free="254840568" total="765040640" percent="33" />
      <mem type="loa" free="40265728" total="40265728" percent="100" />
    </mem>
    <remembered-set count="41085" />
  </mem-info>
</gc-start>
<allocation-stats totalBytes="176768192" >
  <allocated-bytes non-tlh="6768872" tlh="169999320" />
  <largest-consumer threadName="Default Executor-thread-21" threadId="000000000186AC00" bytes="93825896" />
</allocation-stats>
<gc-op id="1159" type="scavenge" timems="13.923" contextid="1156" timestamp="2023-06-02T09:10:51.132">
  <scavenger-info tenureage="6" tenuremask="7e40" tiltratio="77" />
  <memory-copied type="nursery" objects="476151" bytes="27296328" bytesdiscarded="282464" />
  <memory-copied type="tenure" objects="66053" bytes="4039544" bytesdiscarded="2336" />
  <finalization candidates="4080" enqueued="3161" />
  <ownableSynchronizers candidates="5732" cleared="140" />
  <references type="soft" candidates="19981" cleared="0" enqueued="0" dynamicThreshold="32" maxThreshold="32" />
  <references type="weak" candidates="5085" cleared="310" enqueued="307" />
  <references type="phantom" candidates="37" cleared="0" enqueued="0" />
</gc-op>
<gc-end id="1160" type="scavenge" contextid="1156" durationms="14.503" usertimems="46.875" systemtimems="0.000" timestamp="2023-06-02T09:10:51.132" activeThreads="16">
  <mem-info id="1161" free="474780368" total="1073741824" percent="44">
    <mem type="nursery" free="184245440" total="268435456" percent="68">
      <mem type="allocate" free="184245440" total="211943424" percent="86" />
      <mem type="survivor" free="0" total="56492032" percent="0" />
    </mem>
    <mem type="tenure" free="290534928" total="805306368" percent="36" macro-fragmented="1250136">
      <mem type="soa" free="250269200" total="765040640" percent="32" />
      <mem type="loa" free="40265728" total="40265728" percent="100" />
    </mem>
    <pending-finalizers system="3135" default="26" reference="307" classloader="0" />
    <remembered-set count="35063" />
  </mem-info>
</gc-end>
<cycle-end id="1162" type="scavenge" contextid="1156" timestamp="2023-06-02T09:10:51.134" />
<allocation-satisfied id="1163" threadId="000000000186AC00" bytesRequested="464" />
<af-end id="1164" timestamp="2023-06-02T09:10:51.134" threadId="000000000186B580" success="true" from="nursery"/>
<exclusive-end id="1165" timestamp="2023-06-02T09:10:51.134" durationms="18.473" />

<exclusive-start id="1166" timestamp="2023-06-02T09:10:51.989" intervalms="874.005">
  <response-info timems="0.171" idlems="0.171" threads="0" lastid="000000000186AC00" lastname="Default Executor-thread-21" />
</exclusive-start>
<af-start id="1167" threadId="000000000186B580" totalBytesRequested="63104" timestamp="2023-06-02T09:10:51.989" intervalms="873.937" type="nursery" />
<cycle-start id="1168" type="scavenge" contextid="0" timestamp="2023-06-02T09:10:51.989" intervalms="873.913" />
<gc-start id="1169" type="scavenge" contextid="1168" timestamp="2023-06-02T09:10:51.990">
  <mem-info id="1170" free="290119968" total="1073741824" percent="27">
    <mem type="nursery" free="0" total="268435456" percent="0">
      <mem type="allocate" free="0" total="211943424" percent="0" />
      <mem type="survivor" free="0" total="56492032" percent="0" />
    </mem>
    <mem type="tenure" free="290119968" total="805306368" percent="36">
      <mem type="soa" free="249854240" total="765040640" percent="32" />
      <mem type="loa" free="40265728" total="40265728" percent="100" />
    </mem>
    <remembered-set count="81071" />
  </mem-info>
</gc-start>
<allocation-stats totalBytes="184406696" >
  <allocated-bytes non-tlh="2896024" tlh="181510672" />
  <largest-consumer threadName="Default Executor-thread-21" threadId="000000000186AC00" bytes="56591632" />
</allocation-stats>
<gc-op id="1171" type="scavenge" timems="19.876" contextid="1168" timestamp="2023-06-02T09:10:52.010">
  <scavenger-info tenureage="9" tenuremask="7e00" tiltratio="78" />
  <memory-copied type="nursery" objects="767592" bytes="37082208" bytesdiscarded="281840" />
  <finalization candidates="5842" enqueued="4939" />
  <ownableSynchronizers candidates="6269" cleared="969" />
  <references type="soft" candidates="23771" cleared="0" enqueued="0" dynamicThreshold="32" maxThreshold="32" />
  <references type="weak" candidates="5989" cleared="276" enqueued="269" />
  <references type="phantom" candidates="47" cleared="3" enqueued="3" />
</gc-op>
<gc-end id="1172" type="scavenge" contextid="1168" durationms="20.357" usertimems="109.375" systemtimems="0.000" timestamp="2023-06-02T09:10:52.010" activeThreads="16">
  <mem-info id="1173" free="464509080" total="1073741824" percent="43">
    <mem type="nursery" free="174389112" total="268435456" percent="64">
      <mem type="allocate" free="174389112" total="212008960" percent="82" />
      <mem type="survivor" free="0" total="56426496" percent="0" />
    </mem>
    <mem type="tenure" free="290119968" total="805306368" percent="36" macro-fragmented="0">
      <mem type="soa" free="249854240" total="765040640" percent="32" />
      <mem type="loa" free="40265728" total="40265728" percent="100" />
    </mem>
    <pending-finalizers system="4792" default="147" reference="272" classloader="0" />
    <remembered-set count="76127" />
  </mem-info>
</gc-end>
<cycle-end id="1174" type="scavenge" contextid="1168" timestamp="2023-06-02T09:10:52.012" />
<allocation-satisfied id="1175" threadId="000000000186AC00" bytesRequested="63104" />
<af-end id="1176" timestamp="2023-06-02T09:10:52.012" threadId="000000000186B580" success="true" from="nursery"/>
<exclusive-end id="1177" timestamp="2023-06-02T09:10:52.012" durationms="23.333" />

<exclusive-start id="1178" timestamp="2023-06-02T09:10:53.075" intervalms="1085.279">
  <response-info timems="0.146" idlems="0.146" threads="0" lastid="000000000B6A8700" lastname="com.ibm.team.fulltext.service.internal.FullTextServiceImpl$Back" />
</exclusive-start>
<af-start id="1179" threadId="000000000B6A9080" totalBytesRequested="3344" timestamp="2023-06-02T09:10:53.075" intervalms="1085.271" type="nursery" />
<cycle-start id="1180" type="scavenge" contextid="0" timestamp="2023-06-02T09:10:53.075" intervalms="1085.277" />
<gc-start id="1181" type="scavenge" contextid="1180" timestamp="2023-06-02T09:10:53.076">
  <mem-info id="1182" free="289662512" total="1073741824" percent="26">
    <mem type="nursery" free="0" total="268435456" percent="0">
      <mem type="allocate" free="0" total="212008960" percent="0" />
      <mem type="survivor" free="0" total="56426496" percent="0" />
    </mem>
    <mem type="tenure" free="289662512" total="805306368" percent="35">
      <mem type="soa" free="249396784" total="765040640" percent="32" />
      <mem type="loa" free="40265728" total="40265728" percent="100" />
    </mem>
    <remembered-set count="85741" />
  </mem-info>
</gc-start>
<allocation-stats totalBytes="174727568" >
  <allocated-bytes non-tlh="10397088" tlh="164330480" />
  <largest-consumer threadName="Default Executor-thread-21" threadId="000000000186AC00" bytes="92621912" />
</allocation-stats>
<gc-op id="1183" type="scavenge" timems="22.751" contextid="1180" timestamp="2023-06-02T09:10:53.098">
  <scavenger-info tenureage="5" tenuremask="7e60" tiltratio="78" />
  <memory-copied type="nursery" objects="888378" bytes="42867000" bytesdiscarded="324968" />
  <memory-copied type="tenure" objects="124819" bytes="6660456" bytesdiscarded="2664" />
  <finalization candidates="6738" enqueued="5813" />
  <ownableSynchronizers candidates="7478" cleared="999" />
  <references type="soft" candidates="20597" cleared="0" enqueued="0" dynamicThreshold="32" maxThreshold="32" />
  <references type="weak" candidates="5474" cleared="407" enqueued="404" />
  <references type="phantom" candidates="39" cleared="0" enqueued="0" />
</gc-op>
<gc-end id="1184" type="scavenge" contextid="1180" durationms="23.375" usertimems="171.875" systemtimems="0.000" timestamp="2023-06-02T09:10:53.099" activeThreads="16">
  <mem-info id="1185" free="449719744" total="1073741824" percent="41">
    <mem type="nursery" free="166983752" total="268435456" percent="62">
      <mem type="allocate" free="166983752" total="210436096" percent="79" />
      <mem type="survivor" free="0" total="57999360" percent="0" />
    </mem>
    <mem type="tenure" free="282735992" total="805306368" percent="35" macro-fragmented="0">
      <mem type="soa" free="242470264" total="765040640" percent="31" />
      <mem type="loa" free="40265728" total="40265728" percent="100" />
    </mem>
    <pending-finalizers system="5623" default="190" reference="404" classloader="0" />
    <remembered-set count="74672" />
  </mem-info>
</gc-end>
<cycle-end id="1186" type="scavenge" contextid="1180" timestamp="2023-06-02T09:10:53.101" />
<allocation-satisfied id="1187" threadId="000000000B6A8700" bytesRequested="3344" />
<af-end id="1188" timestamp="2023-06-02T09:10:53.101" threadId="000000000B6A9080" success="true" from="nursery"/>
<exclusive-end id="1189" timestamp="2023-06-02T09:10:53.101" durationms="26.554" />

<exclusive-start id="1190" timestamp="2023-06-02T09:10:53.956" intervalms="882.233">
  <response-info timems="0.142" idlems="0.142" threads="0" lastid="000000000186AC00" lastname="Default Executor-thread-21" />
</exclusive-start>
<af-start id="1191" threadId="000000000186B580" totalBytesRequested="1592" timestamp="2023-06-02T09:10:53.957" intervalms="882.287" type="nursery" />
<cycle-start id="1192" type="scavenge" contextid="0" timestamp="2023-06-02T09:10:53.957" intervalms="882.292" />
<gc-start id="1193" type="scavenge" contextid="1192" timestamp="2023-06-02T09:10:53.958">
  <mem-info id="1194" free="282348904" total="1073741824" percent="26">
    <mem type="nursery" free="0" total="268435456" percent="0">
      <mem type="allocate" free="0" total="210436096" percent="0" />
      <mem type="survivor" free="0" total="57999360" percent="0" />
    </mem>
    <mem type="tenure" free="282348904" total="805306368" percent="35">
      <mem type="soa" free="242083176" total="765040640" percent="31" />
      <mem type="loa" free="40265728" total="40265728" percent="100" />
    </mem>
    <remembered-set count="113032" />
  </mem-info>
</gc-start>
<allocation-stats totalBytes="167233440" >
  <allocated-bytes non-tlh="5239848" tlh="161993592" />
  <largest-consumer threadName="qm: AsynchronousTaskRunner-0 @@ 09:10" threadId="0000000008D69300" bytes="60790464" />
</allocation-stats>
<gc-op id="1195" type="scavenge" timems="30.058" contextid="1192" timestamp="2023-06-02T09:10:53.988">
  <scavenger-info tenureage="9" tenuremask="7e00" tiltratio="78" />
  <memory-copied type="nursery" objects="1257285" bytes="53307672" bytesdiscarded="287344" />
  <finalization candidates="5859" enqueued="5035" />
  <ownableSynchronizers candidates="6919" cleared="981" />
  <references type="soft" candidates="21511" cleared="0" enqueued="0" dynamicThreshold="32" maxThreshold="32" />
  <references type="weak" candidates="6339" cleared="723" enqueued="723" />
  <references type="phantom" candidates="52" cleared="0" enqueued="0" />
</gc-op>
<gc-end id="1196" type="scavenge" contextid="1192" durationms="30.627" usertimems="234.375" systemtimems="0.000" timestamp="2023-06-02T09:10:53.988" activeThreads="16">
  <mem-info id="1197" free="424007328" total="1073741824" percent="39">
    <mem type="nursery" free="141658424" total="268435456" percent="52">
      <mem type="allocate" free="141658424" total="195624960" percent="72" />
      <mem type="survivor" free="0" total="72810496" percent="0" />
    </mem>
    <mem type="tenure" free="282348904" total="805306368" percent="35" macro-fragmented="2160235">
      <mem type="soa" free="242083176" total="765040640" percent="31" />
      <mem type="loa" free="40265728" total="40265728" percent="100" />
    </mem>
    <pending-finalizers system="4919" default="116" reference="723" classloader="0" />
    <remembered-set count="109424" />
  </mem-info>
</gc-end>
<cycle-end id="1198" type="scavenge" contextid="1192" timestamp="2023-06-02T09:10:53.991" />
<allocation-satisfied id="1199" threadId="000000000186AC00" bytesRequested="1592" />
<af-end id="1200" timestamp="2023-06-02T09:10:53.991" threadId="000000000186B580" success="true" from="nursery"/>
<exclusive-end id="1201" timestamp="2023-06-02T09:10:53.991" durationms="34.324" />

<exclusive-start id="1202" timestamp="2023-06-02T09:10:55.301" intervalms="1344.577">
  <response-info timems="0.124" idlems="0.124" threads="0" lastid="000000000186AC00" lastname="Default Executor-thread-21" />
</exclusive-start>
<af-start id="1203" threadId="000000000186B580" totalBytesRequested="16392" timestamp="2023-06-02T09:10:55.301" intervalms="1344.505" type="nursery" />
<cycle-start id="1204" type="scavenge" contextid="0" timestamp="2023-06-02T09:10:55.301" intervalms="1344.499" />
<gc-start id="1205" type="scavenge" contextid="1204" timestamp="2023-06-02T09:10:55.302">
  <mem-info id="1206" free="282093984" total="1073741824" percent="26">
    <mem type="nursery" free="0" total="268435456" percent="0">
      <mem type="allocate" free="0" total="195624960" percent="0" />
      <mem type="survivor" free="0" total="72810496" percent="0" />
    </mem>
    <mem type="tenure" free="282093984" total="805306368" percent="35">
      <mem type="soa" free="241828256" total="765040640" percent="31" />
      <mem type="loa" free="40265728" total="40265728" percent="100" />
    </mem>
    <remembered-set count="113333" />
  </mem-info>
</gc-start>
<allocation-stats totalBytes="141791464" >
  <allocated-bytes non-tlh="10890024" tlh="130901440" />
  <largest-consumer threadName="Default Executor-thread-21" threadId="000000000186AC00" bytes="127137328" />
</allocation-stats>
<gc-op id="1207" type="scavenge" timems="27.123" contextid="1204" timestamp="2023-06-02T09:10:55.330">
  <scavenger-info tenureage="3" tenuremask="7e08" tiltratio="72" />
  <memory-copied type="nursery" objects="968886" bytes="39376088" bytesdiscarded="184880" />
  <memory-copied type="tenure" objects="340343" bytes="12711672" bytesdiscarded="5464" />
  <finalization candidates="7742" enqueued="6920" />
  <ownableSynchronizers candidates="6185" cleared="76" />
  <references type="soft" candidates="18492" cleared="0" enqueued="0" dynamicThreshold="32" maxThreshold="32" />
  <references type="weak" candidates="4138" cleared="115" enqueued="115" />
  <references type="phantom" candidates="25" cleared="0" enqueued="0" />
</gc-op>
<gc-end id="1208" type="scavenge" contextid="1204" durationms="27.619" usertimems="250.000" systemtimems="0.000" timestamp="2023-06-02T09:10:55.330" activeThreads="16">
  <mem-info id="1209" free="427300376" total="1073741824" percent="39">
    <mem type="nursery" free="157645992" total="268435456" percent="58">
      <mem type="allocate" free="157645992" total="197394432" percent="79" />
      <mem type="survivor" free="0" total="71041024" percent="0" />
    </mem>
    <mem type="tenure" free="269654384" total="805306368" percent="33" macro-fragmented="0">
      <mem type="soa" free="229388656" total="765040640" percent="29" />
      <mem type="loa" free="40265728" total="40265728" percent="100" />
    </mem>
    <pending-finalizers system="6857" default="63" reference="115" classloader="0" />
    <remembered-set count="68916" />
  </mem-info>
</gc-end>
<cycle-end id="1210" type="scavenge" contextid="1204" timestamp="2023-06-02T09:10:55.333" />
<allocation-satisfied id="1211" threadId="000000000186AC00" bytesRequested="16392" />
<af-end id="1212" timestamp="2023-06-02T09:10:55.333" threadId="000000000186B580" success="true" from="nursery"/>
<exclusive-end id="1213" timestamp="2023-06-02T09:10:55.333" durationms="31.421" />

<exclusive-start id="1214" timestamp="2023-06-02T09:10:57.856" intervalms="2554.540">
  <response-info timems="0.123" idlems="0.123" threads="0" lastid="0000000001742F00" lastname="Default Executor-thread-9 @@ 09:10 &lt;unauthenticated&gt; &lt;" />
</exclusive-start>
<af-start id="1215" threadId="0000000001743880" totalBytesRequested="14464" timestamp="2023-06-02T09:10:57.856" intervalms="2554.551" type="nursery" />
<cycle-start id="1216" type="scavenge" contextid="0" timestamp="2023-06-02T09:10:57.856" intervalms="2554.550" />
<gc-start id="1217" type="scavenge" contextid="1216" timestamp="2023-06-02T09:10:57.857">
  <mem-info id="1218" free="269420744" total="1073741824" percent="25">
    <mem type="nursery" free="0" total="268435456" percent="0">
      <mem type="allocate" free="0" total="197394432" percent="0" />
      <mem type="survivor" free="0" total="71041024" percent="0" />
    </mem>
    <mem type="tenure" free="269420744" total="805306368" percent="33">
      <mem type="soa" free="229155016" total="765040640" percent="29" />
      <mem type="loa" free="40265728" total="40265728" percent="100" />
    </mem>
    <remembered-set count="78283" />
  </mem-info>
</gc-start>
<allocation-stats totalBytes="157728704" >
  <allocated-bytes non-tlh="6984392" tlh="150744312" />
  <largest-consumer threadName="Default Executor-thread-21" threadId="000000000186AC00" bytes="111259336" />
</allocation-stats>
<gc-op id="1219" type="scavenge" timems="23.259" contextid="1216" timestamp="2023-06-02T09:10:57.881">
  <scavenger-info tenureage="3" tenuremask="7e88" tiltratio="73" />
  <memory-copied type="nursery" objects="797964" bytes="34693064" bytesdiscarded="364264" />
  <memory-copied type="tenure" objects="339650" bytes="13239280" bytesdiscarded="4168" />
  <finalization candidates="13467" enqueued="12783" />
  <ownableSynchronizers candidates="8221" cleared="1675" />
  <references type="soft" candidates="12576" cleared="0" enqueued="0" dynamicThreshold="32" maxThreshold="32" />
  <references type="weak" candidates="3400" cleared="301" enqueued="254" />
  <references type="phantom" candidates="28" cleared="0" enqueued="0" />
</gc-op>
<gc-end id="1220" type="scavenge" contextid="1216" durationms="23.971" usertimems="62.500" systemtimems="0.000" timestamp="2023-06-02T09:10:57.881" activeThreads="16">
  <mem-info id="1221" free="422863472" total="1073741824" percent="39">
    <mem type="nursery" free="166882880" total="268435456" percent="62">
      <mem type="allocate" free="166882880" total="202113024" percent="82" />
      <mem type="survivor" free="0" total="66322432" percent="0" />
    </mem>
    <mem type="tenure" free="255980592" total="805306368" percent="31" macro-fragmented="67617">
      <mem type="soa" free="215714864" total="765040640" percent="28" />
      <mem type="loa" free="40265728" total="40265728" percent="100" />
    </mem>
    <pending-finalizers system="12652" default="131" reference="254" classloader="0" />
    <remembered-set count="63022" />
  </mem-info>
</gc-end>
<cycle-end id="1222" type="scavenge" contextid="1216" timestamp="2023-06-02T09:10:57.884" />
<allocation-satisfied id="1223" threadId="0000000001742F00" bytesRequested="14464" />
<af-end id="1224" timestamp="2023-06-02T09:10:57.885" threadId="0000000001743880" success="true" from="nursery"/>
<exclusive-end id="1225" timestamp="2023-06-02T09:10:57.885" durationms="28.714" />

<exclusive-start id="1226" timestamp="2023-06-02T09:11:01.676" intervalms="3820.668">
  <response-info timems="0.097" idlems="0.097" threads="0" lastid="000000000B6E9C00" lastname="Default Executor-thread-40" />
</exclusive-start>
<af-start id="1227" threadId="000000000B6EA580" totalBytesRequested="24944" timestamp="2023-06-02T09:11:01.676" intervalms="3820.683" type="nursery" />
<cycle-start id="1228" type="scavenge" contextid="0" timestamp="2023-06-02T09:11:01.676" intervalms="3820.674" />
<gc-start id="1229" type="scavenge" contextid="1228" timestamp="2023-06-02T09:11:01.678">
  <mem-info id="1230" free="255836616" total="1073741824" percent="23">
    <mem type="nursery" free="0" total="268435456" percent="0">
      <mem type="allocate" free="0" total="202113024" percent="0" />
      <mem type="survivor" free="0" total="66322432" percent="0" />
    </mem>
    <mem type="tenure" free="255836616" total="805306368" percent="31">
      <mem type="soa" free="215570888" total="765040640" percent="28" />
      <mem type="loa" free="40265728" total="40265728" percent="100" />
    </mem>
    <remembered-set count="67937" />
  </mem-info>
</gc-start>
<allocation-stats totalBytes="166798976" >
  <allocated-bytes non-tlh="2661512" tlh="164137464" />
  <largest-consumer threadName="com.ibm.team.fulltext.service.internal.FullTextServiceImpl$BackupServerTask" threadId="0000000001989000" bytes="143903128" />
</allocation-stats>
<gc-op id="1231" type="scavenge" timems="19.746" contextid="1228" timestamp="2023-06-02T09:11:01.697">
  <scavenger-info tenureage="3" tenuremask="7ec8" tiltratio="75" />
  <memory-copied type="nursery" objects="279096" bytes="19377792" bytesdiscarded="272080" />
  <memory-copied type="tenure" objects="535628" bytes="19700088" bytesdiscarded="7336" />
  <finalization candidates="4748" enqueued="4136" />
  <ownableSynchronizers candidates="17975" cleared="12533" />
  <references type="soft" candidates="4720" cleared="0" enqueued="0" dynamicThreshold="32" maxThreshold="32" />
  <references type="weak" candidates="1742" cleared="582" enqueued="485" />
  <references type="phantom" candidates="24" cleared="0" enqueued="0" />
</gc-op>
<gc-end id="1232" type="scavenge" contextid="1228" durationms="20.337" usertimems="93.750" systemtimems="15.625" timestamp="2023-06-02T09:11:01.698" activeThreads="16">
  <mem-info id="1233" free="423612232" total="1073741824" percent="39">
    <mem type="nursery" free="187333120" total="268435456" percent="69">
      <mem type="allocate" free="187333120" total="207028224" percent="90" />
      <mem type="survivor" free="0" total="61407232" percent="0" />
    </mem>
    <mem type="tenure" free="236279112" total="805306368" percent="29" macro-fragmented="0">
      <mem type="soa" free="196013384" total="765040640" percent="25" />
      <mem type="loa" free="40265728" total="40265728" percent="100" />
    </mem>
    <pending-finalizers system="2339" default="1797" reference="485" classloader="0" />
    <remembered-set count="18500" />
  </mem-info>
</gc-end>
<cycle-end id="1234" type="scavenge" contextid="1228" timestamp="2023-06-02T09:11:01.700" />
<allocation-satisfied id="1235" threadId="000000000B6E9C00" bytesRequested="24944" />
<af-end id="1236" timestamp="2023-06-02T09:11:01.700" threadId="000000000B6EA580" success="true" from="nursery"/>
<exclusive-end id="1237" timestamp="2023-06-02T09:11:01.700" durationms="24.170" />

<exclusive-start id="1238" timestamp="2023-06-02T09:11:03.650" intervalms="1974.032">
  <response-info timems="0.451" idlems="0.451" threads="0" lastid="0000000001989000" lastname="com.ibm.team.fulltext.service.internal.FullTextServiceImpl$Back" />
</exclusive-start>
<af-start id="1239" threadId="0000000001989980" totalBytesRequested="16" timestamp="2023-06-02T09:11:03.650" intervalms="1974.253" type="nursery" />
<cycle-start id="1240" type="scavenge" contextid="0" timestamp="2023-06-02T09:11:03.650" intervalms="1974.276" />
<gc-start id="1241" type="scavenge" contextid="1240" timestamp="2023-06-02T09:11:03.652">
  <mem-info id="1242" free="235694560" total="1073741824" percent="21">
    <mem type="nursery" free="0" total="268435456" percent="0">
      <mem type="allocate" free="0" total="207028224" percent="0" />
      <mem type="survivor" free="0" total="61407232" percent="0" />
    </mem>
    <mem type="tenure" free="235694560" total="805306368" percent="29">
      <mem type="soa" free="195428832" total="765040640" percent="25" />
      <mem type="loa" free="40265728" total="40265728" percent="100" />
    </mem>
    <remembered-set count="28699" />
  </mem-info>
</gc-start>
<allocation-stats totalBytes="187790128" >
  <allocated-bytes non-tlh="10706984" tlh="177083144" />
  <largest-consumer threadName="Default Executor-thread-40" threadId="000000000B6E9C00" bytes="132838032" />
</allocation-stats>
<gc-op id="1243" type="scavenge" timems="12.374" contextid="1240" timestamp="2023-06-02T09:11:03.664">
  <scavenger-info tenureage="10" tenuremask="7c00" tiltratio="77" />
  <memory-copied type="nursery" objects="446874" bytes="38729144" bytesdiscarded="268264" />
  <finalization candidates="7973" enqueued="7334" />
  <ownableSynchronizers candidates="10964" cleared="5531" />
  <references type="soft" candidates="7540" cleared="0" enqueued="0" dynamicThreshold="32" maxThreshold="32" />
  <references type="weak" candidates="3837" cleared="1357" enqueued="1339" />
  <references type="phantom" candidates="15" cleared="0" enqueued="0" />
</gc-op>
<gc-end id="1244" type="scavenge" contextid="1240" durationms="12.841" usertimems="46.875" systemtimems="0.000" timestamp="2023-06-02T09:11:03.665" activeThreads="16">
  <mem-info id="1245" free="401994608" total="1073741824" percent="37">
    <mem type="nursery" free="166300048" total="268435456" percent="61">
      <mem type="allocate" free="166300048" total="205389824" percent="80" />
      <mem type="survivor" free="0" total="63045632" percent="0" />
    </mem>
    <mem type="tenure" free="235694560" total="805306368" percent="29" macro-fragmented="0">
      <mem type="soa" free="195428832" total="765040640" percent="25" />
      <mem type="loa" free="40265728" total="40265728" percent="100" />
    </mem>
    <pending-finalizers system="6803" default="531" reference="1339" classloader="0" />
    <remembered-set count="26218" />
  </mem-info>
</gc-end>
<cycle-end id="1246" type="scavenge" contextid="1240" timestamp="2023-06-02T09:11:03.667" />
<allocation-satisfied id="1247" threadId="0000000001989000" bytesRequested="16" />
<af-end id="1248" timestamp="2023-06-02T09:11:03.667" threadId="0000000001989980" success="true" from="nursery"/>
<exclusive-end id="1249" timestamp="2023-06-02T09:11:03.667" durationms="17.246" />

<exclusive-start id="1250" timestamp="2023-06-02T09:11:05.590" intervalms="1939.254">
  <response-info timems="0.122" idlems="0.122" threads="0" lastid="000000000B6E9C00" lastname="Default Executor-thread-40" />
</exclusive-start>
<af-start id="1251" threadId="000000000B6EA580" totalBytesRequested="80" timestamp="2023-06-02T09:11:05.590" intervalms="1939.033" type="nursery" />
<cycle-start id="1252" type="scavenge" contextid="0" timestamp="2023-06-02T09:11:05.590" intervalms="1939.022" />
<gc-start id="1253" type="scavenge" contextid="1252" timestamp="2023-06-02T09:11:05.591">
  <mem-info id="1254" free="235375600" total="1073741824" percent="21">
    <mem type="nursery" free="0" total="268435456" percent="0">
      <mem type="allocate" free="0" total="205389824" percent="0" />
      <mem type="survivor" free="0" total="63045632" percent="0" />
    </mem>
    <mem type="tenure" free="235375600" total="805306368" percent="29">
      <mem type="soa" free="195109872" total="765040640" percent="25" />
      <mem type="loa" free="40265728" total="40265728" percent="100" />
    </mem>
    <remembered-set count="32111" />
  </mem-info>
</gc-start>
<allocation-stats totalBytes="166375928" >
  <allocated-bytes non-tlh="3408256" tlh="162967672" />
  <largest-consumer threadName="Default Executor-thread-40" threadId="000000000B6E9C00" bytes="84049704" />
</allocation-stats>
<gc-op id="1255" type="scavenge" timems="15.590" contextid="1252" timestamp="2023-06-02T09:11:05.607">
  <scavenger-info tenureage="10" tenuremask="7c00" tiltratio="76" />
  <memory-copied type="nursery" objects="631013" bytes="39707520" bytesdiscarded="332152" />
  <finalization candidates="6426" enqueued="5715" />
  <ownableSynchronizers candidates="12731" cleared="5299" />
  <references type="soft" candidates="9718" cleared="0" enqueued="0" dynamicThreshold="32" maxThreshold="32" />
  <references type="weak" candidates="3868" cleared="617" enqueued="419" />
  <references type="phantom" candidates="18" cleared="0" enqueued="0" />
</gc-op>
<gc-end id="1256" type="scavenge" contextid="1252" durationms="15.949" usertimems="15.625" systemtimems="0.000" timestamp="2023-06-02T09:11:05.607" activeThreads="16">
  <mem-info id="1257" free="403441152" total="1073741824" percent="37">
    <mem type="nursery" free="168065552" total="268435456" percent="62">
      <mem type="allocate" free="168065552" total="208207872" percent="80" />
      <mem type="survivor" free="0" total="60227584" percent="0" />
    </mem>
    <mem type="tenure" free="235375600" total="805306368" percent="29" macro-fragmented="0">
      <mem type="soa" free="195109872" total="765040640" percent="25" />
      <mem type="loa" free="40265728" total="40265728" percent="100" />
    </mem>
    <pending-finalizers system="4646" default="1069" reference="419" classloader="0" />
    <remembered-set count="30256" />
  </mem-info>
</gc-end>
<cycle-end id="1258" type="scavenge" contextid="1252" timestamp="2023-06-02T09:11:05.608" />
<allocation-satisfied id="1259" threadId="000000000B6E9C00" bytesRequested="80" />
<af-end id="1260" timestamp="2023-06-02T09:11:05.609" threadId="000000000B6EA580" success="true" from="nursery"/>
<exclusive-end id="1261" timestamp="2023-06-02T09:11:05.609" durationms="19.110" />

<exclusive-start id="1262" timestamp="2023-06-02T09:11:06.323" intervalms="733.695">
  <response-info timems="0.073" idlems="0.073" threads="0" lastid="000000000B6E9C00" lastname="Default Executor-thread-40" />
</exclusive-start>
<af-start id="1263" threadId="000000000B6EA580" totalBytesRequested="32" timestamp="2023-06-02T09:11:06.323" intervalms="733.673" type="nursery" />
<cycle-start id="1264" type="scavenge" contextid="0" timestamp="2023-06-02T09:11:06.323" intervalms="733.665" />
<gc-start id="1265" type="scavenge" contextid="1264" timestamp="2023-06-02T09:11:06.324">
  <mem-info id="1266" free="235328536" total="1073741824" percent="21">
    <mem type="nursery" free="0" total="268435456" percent="0">
      <mem type="allocate" free="0" total="208207872" percent="0" />
      <mem type="survivor" free="0" total="60227584" percent="0" />
    </mem>
    <mem type="tenure" free="235328536" total="805306368" percent="29">
      <mem type="soa" free="195062808" total="765040640" percent="25" />
      <mem type="loa" free="40265728" total="40265728" percent="100" />
    </mem>
    <remembered-set count="31511" />
  </mem-info>
</gc-start>
<allocation-stats totalBytes="168065816" >
  <allocated-bytes non-tlh="716000" tlh="167349816" />
  <largest-consumer threadName="Default Executor-thread-40" threadId="000000000B6E9C00" bytes="164995264" />
</allocation-stats>
<gc-op id="1267" type="scavenge" timems="14.198" contextid="1264" timestamp="2023-06-02T09:11:06.339">
  <scavenger-info tenureage="10" tenuremask="7c00" tiltratio="77" />
  <memory-copied type="nursery" objects="708912" bytes="36844504" bytesdiscarded="324264" />
  <finalization candidates="1580" enqueued="868" />
  <ownableSynchronizers candidates="9495" cleared="1663" />
  <references type="soft" candidates="10066" cleared="0" enqueued="0" dynamicThreshold="32" maxThreshold="32" />
  <references type="weak" candidates="3420" cleared="77" enqueued="76" />
  <references type="phantom" candidates="18" cleared="0" enqueued="0" />
</gc-op>
<gc-end id="1268" type="scavenge" contextid="1264" durationms="14.662" usertimems="78.125" systemtimems="0.000" timestamp="2023-06-02T09:11:06.339" activeThreads="16">
  <mem-info id="1269" free="408782376" total="1073741824" percent="38">
    <mem type="nursery" free="173453840" total="268435456" percent="64">
      <mem type="allocate" free="173453840" total="210698240" percent="82" />
      <mem type="survivor" free="0" total="57737216" percent="0" />
    </mem>
    <mem type="tenure" free="235328536" total="805306368" percent="29" macro-fragmented="0">
      <mem type="soa" free="195062808" total="765040640" percent="25" />
      <mem type="loa" free="40265728" total="40265728" percent="100" />
    </mem>
    <pending-finalizers system="467" default="401" reference="76" classloader="0" />
    <remembered-set count="28377" />
  </mem-info>
</gc-end>
<cycle-end id="1270" type="scavenge" contextid="1264" timestamp="2023-06-02T09:11:06.341" />
<allocation-satisfied id="1271" threadId="000000000B6E9C00" bytesRequested="32" />
<af-end id="1272" timestamp="2023-06-02T09:11:06.341" threadId="000000000B6EA580" success="true" from="nursery"/>
<exclusive-end id="1273" timestamp="2023-06-02T09:11:06.341" durationms="17.488" />

<exclusive-start id="1274" timestamp="2023-06-02T09:11:06.898" intervalms="574.847">
  <response-info timems="0.153" idlems="0.153" threads="0" lastid="000000000B6E9C00" lastname="Default Executor-thread-40" />
</exclusive-start>
<af-start id="1275" threadId="000000000B6EA580" totalBytesRequested="24" timestamp="2023-06-02T09:11:06.898" intervalms="574.970" type="nursery" />
<cycle-start id="1276" type="scavenge" contextid="0" timestamp="2023-06-02T09:11:06.899" intervalms="575.045" />
<gc-start id="1277" type="scavenge" contextid="1276" timestamp="2023-06-02T09:11:06.900">
  <mem-info id="1278" free="235294360" total="1073741824" percent="21">
    <mem type="nursery" free="0" total="268435456" percent="0">
      <mem type="allocate" free="0" total="210698240" percent="0" />
      <mem type="survivor" free="0" total="57737216" percent="0" />
    </mem>
    <mem type="tenure" free="235294360" total="805306368" percent="29">
      <mem type="soa" free="195028632" total="765040640" percent="25" />
      <mem type="loa" free="40265728" total="40265728" percent="100" />
    </mem>
    <remembered-set count="28905" />
  </mem-info>
</gc-start>
<allocation-stats totalBytes="173385144" >
  <allocated-bytes non-tlh="34208" tlh="173350936" />
  <largest-consumer threadName="Default Executor-thread-40" threadId="000000000B6E9C00" bytes="171007184" />
</allocation-stats>
<gc-op id="1279" type="scavenge" timems="15.906" contextid="1276" timestamp="2023-06-02T09:11:06.916">
  <scavenger-info tenureage="3" tenuremask="7c68" tiltratio="78" />
  <memory-copied type="nursery" objects="425191" bytes="23425400" bytesdiscarded="301016" />
  <memory-copied type="tenure" objects="343739" bytes="15494264" bytesdiscarded="7520" />
  <finalization candidates="1586" enqueued="874" />
  <ownableSynchronizers candidates="9632" cleared="1709" />
  <references type="soft" candidates="3542" cleared="0" enqueued="0" dynamicThreshold="32" maxThreshold="32" />
  <references type="weak" candidates="1087" cleared="50" enqueued="50" />
  <references type="phantom" candidates="9" cleared="0" enqueued="0" />
</gc-op>
<gc-end id="1280" type="scavenge" contextid="1276" durationms="16.421" usertimems="93.750" systemtimems="31.250" timestamp="2023-06-02T09:11:06.916" activeThreads="16">
  <mem-info id="1281" free="409470432" total="1073741824" percent="38">
    <mem type="nursery" free="189696328" total="268435456" percent="70">
      <mem type="allocate" free="189696328" total="213450752" percent="88" />
      <mem type="survivor" free="0" total="54984704" percent="0" />
    </mem>
    <mem type="tenure" free="219774104" total="805306368" percent="27" macro-fragmented="1041780">
      <mem type="soa" free="179508376" total="765040640" percent="23" />
      <mem type="loa" free="40265728" total="40265728" percent="100" />
    </mem>
    <pending-finalizers system="461" default="413" reference="50" classloader="0" />
    <remembered-set count="14150" />
  </mem-info>
</gc-end>
<cycle-end id="1282" type="scavenge" contextid="1276" timestamp="2023-06-02T09:11:06.920" />
<allocation-satisfied id="1283" threadId="000000000B6E9C00" bytesRequested="24" />
<af-end id="1284" timestamp="2023-06-02T09:11:06.920" threadId="000000000B6EA580" success="true" from="nursery"/>
<exclusive-end id="1285" timestamp="2023-06-02T09:11:06.920" durationms="21.609" />

<exclusive-start id="1286" timestamp="2023-06-02T09:11:07.431" intervalms="532.934">
  <response-info timems="0.134" idlems="0.134" threads="0" lastid="000000000B6E9C00" lastname="Default Executor-thread-40" />
</exclusive-start>
<af-start id="1287" threadId="000000000B6EA580" totalBytesRequested="80" timestamp="2023-06-02T09:11:07.431" intervalms="532.845" type="nursery" />
<cycle-start id="1288" type="scavenge" contextid="0" timestamp="2023-06-02T09:11:07.431" intervalms="532.785" />
<gc-start id="1289" type="scavenge" contextid="1288" timestamp="2023-06-02T09:11:07.434">
  <mem-info id="1290" free="219759440" total="1073741824" percent="20">
    <mem type="nursery" free="0" total="268435456" percent="0">
      <mem type="allocate" free="0" total="213450752" percent="0" />
      <mem type="survivor" free="0" total="54984704" percent="0" />
    </mem>
    <mem type="tenure" free="219759440" total="805306368" percent="27">
      <mem type="soa" free="179493712" total="765040640" percent="23" />
      <mem type="loa" free="40265728" total="40265728" percent="100" />
    </mem>
    <remembered-set count="14442" />
  </mem-info>
</gc-start>
<allocation-stats totalBytes="189671144" >
  <allocated-bytes non-tlh="14688" tlh="189656456" />
  <largest-consumer threadName="Default Executor-thread-40" threadId="000000000B6E9C00" bytes="188364768" />
</allocation-stats>
<gc-op id="1291" type="scavenge" timems="10.255" contextid="1288" timestamp="2023-06-02T09:11:07.444">
  <scavenger-info tenureage="3" tenuremask="7c28" tiltratio="79" />
  <memory-copied type="nursery" objects="225180" bytes="11619880" bytesdiscarded="210160" />
  <memory-copied type="tenure" objects="212295" bytes="12494928" bytesdiscarded="19712" />
  <finalization candidates="947" enqueued="705" />
  <ownableSynchronizers candidates="5531" cleared="1742" />
  <references type="soft" candidates="523" cleared="0" enqueued="0" dynamicThreshold="32" maxThreshold="32" />
  <references type="weak" candidates="97" cleared="5" enqueued="5" />
</gc-op>
<gc-end id="1292" type="scavenge" contextid="1288" durationms="10.677" usertimems="15.625" systemtimems="0.000" timestamp="2023-06-02T09:11:07.444" activeThreads="16">
  <mem-info id="1293" free="414195848" total="1073741824" percent="38">
    <mem type="nursery" free="206990552" total="268435456" percent="77">
      <mem type="allocate" free="206990552" total="218824704" percent="94" />
      <mem type="survivor" free="0" total="49610752" percent="0" />
    </mem>
    <mem type="tenure" free="207205296" total="805306368" percent="25" macro-fragmented="0">
      <mem type="soa" free="166939568" total="765040640" percent="21" />
      <mem type="loa" free="40265728" total="40265728" percent="100" />
    </mem>
    <pending-finalizers system="316" default="389" reference="5" classloader="0" />
    <remembered-set count="4425" />
  </mem-info>
</gc-end>
<cycle-end id="1294" type="scavenge" contextid="1288" timestamp="2023-06-02T09:11:07.445" />
<allocation-satisfied id="1295" threadId="000000000B6E9C00" bytesRequested="80" />
<af-end id="1296" timestamp="2023-06-02T09:11:07.445" threadId="000000000B6EA580" success="true" from="nursery"/>
<exclusive-end id="1297" timestamp="2023-06-02T09:11:07.445" durationms="13.851" />

<exclusive-start id="1298" timestamp="2023-06-02T09:11:09.761" intervalms="2329.744">
  <response-info timems="0.116" idlems="0.116" threads="0" lastid="000000000B92CF00" lastname="JTS Status check" />
</exclusive-start>
<af-start id="1299" threadId="000000000B92D880" totalBytesRequested="72" timestamp="2023-06-02T09:11:09.761" intervalms="2329.712" type="nursery" />
<cycle-start id="1300" type="scavenge" contextid="0" timestamp="2023-06-02T09:11:09.761" intervalms="2329.705" />
<gc-start id="1301" type="scavenge" contextid="1300" timestamp="2023-06-02T09:11:09.762">
  <mem-info id="1302" free="206808888" total="1073741824" percent="19">
    <mem type="nursery" free="0" total="268435456" percent="0">
      <mem type="allocate" free="0" total="218824704" percent="0" />
      <mem type="survivor" free="0" total="49610752" percent="0" />
    </mem>
    <mem type="tenure" free="206808888" total="805306368" percent="25">
      <mem type="soa" free="166543160" total="765040640" percent="21" />
      <mem type="loa" free="40265728" total="40265728" percent="100" />
    </mem>
    <remembered-set count="15609" />
  </mem-info>
</gc-start>
<allocation-stats totalBytes="207212312" >
  <allocated-bytes non-tlh="2963000" tlh="204249312" />
  <largest-consumer threadName="Default Executor-thread-40" threadId="000000000B6E9C00" bytes="167198312" />
</allocation-stats>
<gc-op id="1303" type="scavenge" timems="10.397" contextid="1300" timestamp="2023-06-02T09:11:09.773">
  <scavenger-info tenureage="11" tenuremask="7800" tiltratio="81" />
  <memory-copied type="nursery" objects="298538" bytes="25150144" bytesdiscarded="240088" />
  <finalization candidates="4425" enqueued="4224" />
  <ownableSynchronizers candidates="4461" cleared="1749" />
  <references type="soft" candidates="5417" cleared="0" enqueued="0" dynamicThreshold="32" maxThreshold="32" />
  <references type="weak" candidates="1962" cleared="481" enqueued="469" />
  <references type="phantom" candidates="5" cleared="1" enqueued="1" />
</gc-op>
<gc-end id="1304" type="scavenge" contextid="1300" durationms="10.765" usertimems="93.750" systemtimems="0.000" timestamp="2023-06-02T09:11:09.773" activeThreads="16">
  <mem-info id="1305" free="400771616" total="1073741824" percent="37">
    <mem type="nursery" free="193962728" total="268435456" percent="72">
      <mem type="allocate" free="193962728" total="219414528" percent="88" />
      <mem type="survivor" free="0" total="49020928" percent="0" />
    </mem>
    <mem type="tenure" free="206808888" total="805306368" percent="25" macro-fragmented="0">
      <mem type="soa" free="166543160" total="765040640" percent="21" />
      <mem type="loa" free="40265728" total="40265728" percent="100" />
    </mem>
    <pending-finalizers system="3902" default="322" reference="470" classloader="0" />
    <remembered-set count="14372" />
  </mem-info>
</gc-end>
<cycle-end id="1306" type="scavenge" contextid="1300" timestamp="2023-06-02T09:11:09.775" />
<allocation-satisfied id="1307" threadId="000000000B92CF00" bytesRequested="72" />
<af-end id="1308" timestamp="2023-06-02T09:11:09.775" threadId="000000000B92D880" success="true" from="nursery"/>
<exclusive-end id="1309" timestamp="2023-06-02T09:11:09.775" durationms="14.026" />

<exclusive-start id="1310" timestamp="2023-06-02T09:11:10.149" intervalms="388.405">
  <response-info timems="0.318" idlems="0.318" threads="0" lastid="0000000001876500" lastname="Default Executor-thread-17 @@ 09:10 &lt;unauthenticated&gt; " />
</exclusive-start>
<af-start id="1311" threadId="0000000001876E80" totalBytesRequested="88" timestamp="2023-06-02T09:11:10.150" intervalms="388.577" type="nursery" />
<cycle-start id="1312" type="scavenge" contextid="0" timestamp="2023-06-02T09:11:10.150" intervalms="388.600" />
<gc-start id="1313" type="scavenge" contextid="1312" timestamp="2023-06-02T09:11:10.152">
  <mem-info id="1314" free="206699336" total="1073741824" percent="19">
    <mem type="nursery" free="0" total="268435456" percent="0">
      <mem type="allocate" free="0" total="219414528" percent="0" />
      <mem type="survivor" free="0" total="49020928" percent="0" />
    </mem>
    <mem type="tenure" free="206699336" total="805306368" percent="25">
      <mem type="soa" free="166433608" total="765040640" percent="21" />
      <mem type="loa" free="40265728" total="40265728" percent="100" />
    </mem>
    <remembered-set count="18757" />
  </mem-info>
</gc-start>
<allocation-stats totalBytes="193764104" >
  <allocated-bytes non-tlh="24729928" tlh="169034176" />
  <largest-consumer threadName="Default Executor-thread-28 @@ 09:10 &lt;unauthenticated&gt; &lt;JazzHttpClient@127.0.0.1&gt; /jts/service/com.ibm.team.reposito..." threadId="00000000018B0000" bytes="34903688" />
</allocation-stats>
<gc-op id="1315" type="scavenge" timems="8.630" contextid="1312" timestamp="2023-06-02T09:11:10.160">
  <scavenger-info tenureage="11" tenuremask="7800" tiltratio="81" />
  <memory-copied type="nursery" objects="360889" bytes="29602240" bytesdiscarded="438016" />
  <finalization candidates="2658" enqueued="2328" />
  <ownableSynchronizers candidates="4503" cleared="1142" />
  <references type="soft" candidates="6548" cleared="0" enqueued="0" dynamicThreshold="32" maxThreshold="32" />
  <references type="weak" candidates="2767" cleared="317" enqueued="313" />
  <references type="phantom" candidates="31" cleared="0" enqueued="0" />
</gc-op>
<gc-end id="1316" type="scavenge" contextid="1312" durationms="9.011" usertimems="15.625" systemtimems="0.000" timestamp="2023-06-02T09:11:10.160" activeThreads="16">
  <mem-info id="1317" free="397637264" total="1073741824" percent="37">
    <mem type="nursery" free="190937928" total="268435456" percent="71">
      <mem type="allocate" free="190937928" total="221052928" percent="86" />
      <mem type="survivor" free="0" total="47382528" percent="0" />
    </mem>
    <mem type="tenure" free="206699336" total="805306368" percent="25" macro-fragmented="0">
      <mem type="soa" free="166433608" total="765040640" percent="21" />
      <mem type="loa" free="40265728" total="40265728" percent="100" />
    </mem>
    <pending-finalizers system="2099" default="229" reference="313" classloader="0" />
    <remembered-set count="17231" />
  </mem-info>
</gc-end>
<cycle-end id="1318" type="scavenge" contextid="1312" timestamp="2023-06-02T09:11:10.162" />
<allocation-satisfied id="1319" threadId="0000000001876500" bytesRequested="88" />
<af-end id="1320" timestamp="2023-06-02T09:11:10.163" threadId="0000000001876E80" success="true" from="nursery"/>
<exclusive-end id="1321" timestamp="2023-06-02T09:11:10.163" durationms="13.777" />

<exclusive-start id="1322" timestamp="2023-06-02T09:11:10.581" intervalms="431.274">
  <response-info timems="0.669" idlems="0.235" threads="2" lastid="0000000001067700" lastname="JIT Compilation Thread-001" />
</exclusive-start>
<af-start id="1323" threadId="00000000018B2280" totalBytesRequested="16" timestamp="2023-06-02T09:11:10.581" intervalms="431.156" type="nursery" />
<cycle-start id="1324" type="scavenge" contextid="0" timestamp="2023-06-02T09:11:10.581" intervalms="431.147" />
<gc-start id="1325" type="scavenge" contextid="1324" timestamp="2023-06-02T09:11:10.583">
  <mem-info id="1326" free="206549280" total="1073741824" percent="19">
    <mem type="nursery" free="0" total="268435456" percent="0">
      <mem type="allocate" free="0" total="221052928" percent="0" />
      <mem type="survivor" free="0" total="47382528" percent="0" />
    </mem>
    <mem type="tenure" free="206549280" total="805306368" percent="25">
      <mem type="soa" free="166283552" total="765040640" percent="21" />
      <mem type="loa" free="40265728" total="40265728" percent="100" />
    </mem>
    <remembered-set count="23717" />
  </mem-info>
</gc-start>
<allocation-stats totalBytes="190891352" >
  <allocated-bytes non-tlh="21497976" tlh="169393376" />
  <largest-consumer threadName="JTS Status check" threadId="000000000B92CF00" bytes="23973888" />
</allocation-stats>
<gc-op id="1327" type="scavenge" timems="12.607" contextid="1324" timestamp="2023-06-02T09:11:10.595">
  <scavenger-info tenureage="11" tenuremask="7800" tiltratio="82" />
  <memory-copied type="nursery" objects="415797" bytes="37990728" bytesdiscarded="269096" />
  <finalization candidates="3164" enqueued="2732" />
  <ownableSynchronizers candidates="5739" cleared="1684" />
  <references type="soft" candidates="8116" cleared="0" enqueued="0" dynamicThreshold="32" maxThreshold="32" />
  <references type="weak" candidates="3615" cleared="322" enqueued="288" />
  <references type="phantom" candidates="44" cleared="3" enqueued="3" />
</gc-op>
<gc-end id="1328" type="scavenge" contextid="1324" durationms="13.102" usertimems="15.625" systemtimems="0.000" timestamp="2023-06-02T09:11:10.596" activeThreads="16">
  <mem-info id="1329" free="382636896" total="1073741824" percent="35">
    <mem type="nursery" free="176087616" total="268435456" percent="65">
      <mem type="allocate" free="176087616" total="214433792" percent="82" />
      <mem type="survivor" free="0" total="54001664" percent="0" />
    </mem>
    <mem type="tenure" free="206549280" total="805306368" percent="25" macro-fragmented="0">
      <mem type="soa" free="166283552" total="765040640" percent="21" />
      <mem type="loa" free="40265728" total="40265728" percent="100" />
    </mem>
    <pending-finalizers system="2384" default="348" reference="291" classloader="0" />
    <remembered-set count="18735" />
  </mem-info>
</gc-end>
<cycle-end id="1330" type="scavenge" contextid="1324" timestamp="2023-06-02T09:11:10.599" />
<allocation-satisfied id="1331" threadId="00000000018B1900" bytesRequested="16" />
<af-end id="1332" timestamp="2023-06-02T09:11:10.599" threadId="00000000018B2280" success="true" from="nursery"/>
<exclusive-end id="1333" timestamp="2023-06-02T09:11:10.599" durationms="18.842" />

<exclusive-start id="1334" timestamp="2023-06-02T09:11:13.159" intervalms="2579.471">
  <response-info timems="0.538" idlems="0.538" threads="0" lastid="000000000B693A00" lastname="rm: AsynchronousTaskRunner-4 @@ 09:11" />
</exclusive-start>
<af-start id="1335" threadId="000000000B694380" totalBytesRequested="24" timestamp="2023-06-02T09:11:13.161" intervalms="2580.099" type="nursery" />
<cycle-start id="1336" type="scavenge" contextid="0" timestamp="2023-06-02T09:11:13.162" intervalms="2580.550" />
<gc-start id="1337" type="scavenge" contextid="1336" timestamp="2023-06-02T09:11:13.166">
  <mem-info id="1338" free="206283160" total="1073741824" percent="19">
    <mem type="nursery" free="0" total="268435456" percent="0">
      <mem type="allocate" free="0" total="214433792" percent="0" />
      <mem type="survivor" free="0" total="54001664" percent="0" />
    </mem>
    <mem type="tenure" free="206283160" total="805306368" percent="25">
      <mem type="soa" free="166017432" total="765040640" percent="21" />
      <mem type="loa" free="40265728" total="40265728" percent="100" />
    </mem>
    <remembered-set count="40337" />
  </mem-info>
</gc-start>
<allocation-stats totalBytes="176109592" >
  <allocated-bytes non-tlh="9634968" tlh="166474624" />
  <largest-consumer threadName="Default Executor-thread-28 @@ 09:10 &lt;unauthenticated&gt; &lt;JazzHttpClient@127.0.0.1&gt; /jts/service/com.ibm.team.reposito..." threadId="00000000018B0000" bytes="27960216" />
</allocation-stats>
<gc-op id="1339" type="scavenge" timems="32.181" contextid="1336" timestamp="2023-06-02T09:11:13.198">
  <scavenger-info tenureage="11" tenuremask="7800" tiltratio="79" />
  <memory-copied type="nursery" objects="591834" bytes="41051376" bytesdiscarded="326400" />
  <finalization candidates="3716" enqueued="3233" />
  <ownableSynchronizers candidates="6034" cleared="1344" />
  <references type="soft" candidates="12129" cleared="0" enqueued="0" dynamicThreshold="32" maxThreshold="32" />
  <references type="weak" candidates="4090" cleared="356" enqueued="350" />
  <references type="phantom" candidates="52" cleared="7" enqueued="7" />
</gc-op>
<gc-end id="1340" type="scavenge" contextid="1336" durationms="33.611" usertimems="250.000" systemtimems="0.000" timestamp="2023-06-02T09:11:13.199" activeThreads="16">
  <mem-info id="1341" free="380043328" total="1073741824" percent="35">
    <mem type="nursery" free="173760168" total="268435456" percent="64">
      <mem type="allocate" free="173760168" total="215285760" percent="80" />
      <mem type="survivor" free="0" total="53149696" percent="0" />
    </mem>
    <mem type="tenure" free="206283160" total="805306368" percent="25" macro-fragmented="1500163">
      <mem type="soa" free="166017432" total="765040640" percent="21" />
      <mem type="loa" free="40265728" total="40265728" percent="100" />
    </mem>
    <pending-finalizers system="2973" default="260" reference="357" classloader="0" />
    <remembered-set count="37850" />
  </mem-info>
</gc-end>
<cycle-end id="1342" type="scavenge" contextid="1336" timestamp="2023-06-02T09:11:13.204" />
<allocation-satisfied id="1343" threadId="000000000B693A00" bytesRequested="24" />
<af-end id="1344" timestamp="2023-06-02T09:11:13.204" threadId="000000000B694380" success="true" from="nursery"/>
<exclusive-end id="1345" timestamp="2023-06-02T09:11:13.204" durationms="43.632" />

<exclusive-start id="1346" timestamp="2023-06-02T09:11:14.860" intervalms="1700.795">
  <response-info timems="0.161" idlems="0.161" threads="0" lastid="00000000018B0000" lastname="Default Executor-thread-28 @@ 09:10 &lt;unauthenticated&gt; " />
</exclusive-start>
<af-start id="1347" threadId="00000000018B0980" totalBytesRequested="72" timestamp="2023-06-02T09:11:14.860" intervalms="1700.152" type="nursery" />
<cycle-start id="1348" type="scavenge" contextid="0" timestamp="2023-06-02T09:11:14.861" intervalms="1699.689" />
<gc-start id="1349" type="scavenge" contextid="1348" timestamp="2023-06-02T09:11:14.862">
  <mem-info id="1350" free="206272336" total="1073741824" percent="19">
    <mem type="nursery" free="0" total="268435456" percent="0">
      <mem type="allocate" free="0" total="215285760" percent="0" />
      <mem type="survivor" free="0" total="53149696" percent="0" />
    </mem>
    <mem type="tenure" free="206272336" total="805306368" percent="25">
      <mem type="soa" free="166006608" total="765040640" percent="21" />
      <mem type="loa" free="40265728" total="40265728" percent="100" />
    </mem>
    <remembered-set count="51933" />
  </mem-info>
</gc-start>
<allocation-stats totalBytes="173658144" >
  <allocated-bytes non-tlh="12150648" tlh="161507496" />
  <largest-consumer threadName="Default Executor-thread-28 @@ 09:10 &lt;unauthenticated&gt; &lt;JazzHttpClient@127.0.0.1&gt; /jts/service/com.ibm.team.reposito..." threadId="00000000018B0000" bytes="72924816" />
</allocation-stats>
<gc-op id="1351" type="scavenge" timems="21.487" contextid="1348" timestamp="2023-06-02T09:11:14.884">
  <scavenger-info tenureage="4" tenuremask="7890" tiltratio="80" />
  <memory-copied type="nursery" objects="507402" bytes="28443608" bytesdiscarded="278040" />
  <memory-copied type="tenure" objects="180347" bytes="10919000" bytesdiscarded="13360" />
  <finalization candidates="1186" enqueued="673" />
  <ownableSynchronizers candidates="5693" cleared="628" />
  <references type="soft" candidates="7098" cleared="0" enqueued="0" dynamicThreshold="32" maxThreshold="32" />
  <references type="weak" candidates="2422" cleared="31" enqueued="30" />
  <references type="phantom" candidates="45" cleared="0" enqueued="0" />
</gc-op>
<gc-end id="1352" type="scavenge" contextid="1348" durationms="22.143" usertimems="171.875" systemtimems="31.250" timestamp="2023-06-02T09:11:14.885" activeThreads="16">
  <mem-info id="1353" free="381853824" total="1073741824" percent="35">
    <mem type="nursery" free="187139512" total="268435456" percent="69">
      <mem type="allocate" free="187139512" total="216006656" percent="86" />
      <mem type="survivor" free="0" total="52428800" percent="0" />
    </mem>
    <mem type="tenure" free="194714312" total="805306368" percent="24" macro-fragmented="0">
      <mem type="soa" free="154448584" total="765040640" percent="20" />
      <mem type="loa" free="40265728" total="40265728" percent="100" />
    </mem>
    <pending-finalizers system="520" default="153" reference="30" classloader="0" />
    <remembered-set count="44776" />
  </mem-info>
</gc-end>
<cycle-end id="1354" type="scavenge" contextid="1348" timestamp="2023-06-02T09:11:14.888" />
<allocation-satisfied id="1355" threadId="00000000018B0000" bytesRequested="72" />
<af-end id="1356" timestamp="2023-06-02T09:11:14.888" threadId="00000000018B0980" success="true" from="nursery"/>
<exclusive-end id="1357" timestamp="2023-06-02T09:11:14.888" durationms="27.107" />

<exclusive-start id="1358" timestamp="2023-06-02T09:12:10.373" intervalms="55512.260">
  <response-info timems="0.116" idlems="0.116" threads="0" lastid="000000000B693A00" lastname="rm: AsynchronousTaskRunner-4 @@ 09:12" />
</exclusive-start>
<af-start id="1359" threadId="000000000B694380" totalBytesRequested="72" timestamp="2023-06-02T09:12:10.373" intervalms="55512.252" type="nursery" />
<cycle-start id="1360" type="scavenge" contextid="0" timestamp="2023-06-02T09:12:10.373" intervalms="55512.254" />
<gc-start id="1361" type="scavenge" contextid="1360" timestamp="2023-06-02T09:12:10.374">
  <mem-info id="1362" free="194609824" total="1073741824" percent="18">
    <mem type="nursery" free="0" total="268435456" percent="0">
      <mem type="allocate" free="0" total="216006656" percent="0" />
      <mem type="survivor" free="0" total="52428800" percent="0" />
    </mem>
    <mem type="tenure" free="194609824" total="805306368" percent="24">
      <mem type="soa" free="154344096" total="765040640" percent="20" />
      <mem type="loa" free="40265728" total="40265728" percent="100" />
    </mem>
    <remembered-set count="54653" />
  </mem-info>
</gc-start>
<allocation-stats totalBytes="186888904" >
  <allocated-bytes non-tlh="3151696" tlh="183737208" />
  <largest-consumer threadName="lqe.Indexer-tdb-thread-0" threadId="0000000003397A00" bytes="32210320" />
</allocation-stats>
<gc-op id="1363" type="scavenge" timems="14.916" contextid="1360" timestamp="2023-06-02T09:12:10.389">
  <scavenger-info tenureage="7" tenuremask="7880" tiltratio="80" />
  <memory-copied type="nursery" objects="593659" bytes="35411360" bytesdiscarded="203480" />
  <memory-copied type="tenure" objects="35369" bytes="1727032" bytesdiscarded="752" />
  <finalization candidates="4395" enqueued="3898" />
  <ownableSynchronizers candidates="11251" cleared="6320" />
  <references type="soft" candidates="7702" cleared="0" enqueued="0" dynamicThreshold="32" maxThreshold="32" />
  <references type="weak" candidates="3235" cleared="285" enqueued="218" />
  <references type="phantom" candidates="67" cleared="0" enqueued="0" />
</gc-op>
<gc-end id="1364" type="scavenge" contextid="1360" durationms="15.336" usertimems="15.625" systemtimems="0.000" timestamp="2023-06-02T09:12:10.389" activeThreads="16">
  <mem-info id="1365" free="373086984" total="1073741824" percent="34">
    <mem type="nursery" free="180569792" total="268435456" percent="67">
      <mem type="allocate" free="180569792" total="216334336" percent="83" />
      <mem type="survivor" free="0" total="52101120" percent="0" />
    </mem>
    <mem type="tenure" free="192517192" total="805306368" percent="23" macro-fragmented="0">
      <mem type="soa" free="152251464" total="765040640" percent="19" />
      <mem type="loa" free="40265728" total="40265728" percent="100" />
    </mem>
    <pending-finalizers system="1047" default="2851" reference="218" classloader="0" />
    <remembered-set count="49941" />
  </mem-info>
</gc-end>
<cycle-end id="1366" type="scavenge" contextid="1360" timestamp="2023-06-02T09:12:10.454" />
<allocation-satisfied id="1367" threadId="000000000B693A00" bytesRequested="72" />
<af-end id="1368" timestamp="2023-06-02T09:12:10.455" threadId="000000000B694380" success="true" from="nursery"/>
<exclusive-end id="1369" timestamp="2023-06-02T09:12:10.455" durationms="82.027" />

<exclusive-start id="1370" timestamp="2023-06-02T09:12:56.843" intervalms="46469.833">
  <response-info timems="0.124" idlems="0.124" threads="0" lastid="0000000008D69300" lastname="qm: AsynchronousTaskRunner-0 @@ 09:12" />
</exclusive-start>
<af-start id="1371" threadId="0000000008D69C80" totalBytesRequested="16936" timestamp="2023-06-02T09:12:56.843" intervalms="46469.828" type="nursery" />
<cycle-start id="1372" type="scavenge" contextid="0" timestamp="2023-06-02T09:12:56.843" intervalms="46469.833" />
<gc-start id="1373" type="scavenge" contextid="1372" timestamp="2023-06-02T09:12:56.844">
  <mem-info id="1374" free="192468992" total="1073741824" percent="17">
    <mem type="nursery" free="0" total="268435456" percent="0">
      <mem type="allocate" free="0" total="216334336" percent="0" />
      <mem type="survivor" free="0" total="52101120" percent="0" />
    </mem>
    <mem type="tenure" free="192468992" total="805306368" percent="23">
      <mem type="soa" free="152203264" total="765040640" percent="19" />
      <mem type="loa" free="40265728" total="40265728" percent="100" />
    </mem>
    <remembered-set count="54422" />
  </mem-info>
</gc-start>
<allocation-stats totalBytes="180148528" >
  <allocated-bytes non-tlh="2320648" tlh="177827880" />
  <largest-consumer threadName="lqe.Indexer-tdb-thread-0" threadId="0000000003397A00" bytes="26085096" />
</allocation-stats>
<gc-op id="1375" type="scavenge" timems="14.844" contextid="1372" timestamp="2023-06-02T09:12:56.860">
  <scavenger-info tenureage="11" tenuremask="7800" tiltratio="80" />
  <memory-copied type="nursery" objects="637122" bytes="36972192" bytesdiscarded="305440" />
  <finalization candidates="3725" enqueued="3124" />
  <ownableSynchronizers candidates="10662" cleared="5100" />
  <references type="soft" candidates="7986" cleared="0" enqueued="0" dynamicThreshold="32" maxThreshold="32" />
  <references type="weak" candidates="3631" cleared="240" enqueued="173" />
  <references type="phantom" candidates="68" cleared="0" enqueued="0" />
</gc-op>
<gc-end id="1376" type="scavenge" contextid="1372" durationms="15.281" usertimems="15.625" systemtimems="0.000" timestamp="2023-06-02T09:12:56.860" activeThreads="16">
  <mem-info id="1377" free="372552728" total="1073741824" percent="34">
    <mem type="nursery" free="180083736" total="268435456" percent="67">
      <mem type="allocate" free="180083736" total="217513984" percent="82" />
      <mem type="survivor" free="0" total="50921472" percent="0" />
    </mem>
    <mem type="tenure" free="192468992" total="805306368" percent="23" macro-fragmented="9100">
      <mem type="soa" free="152203264" total="765040640" percent="19" />
      <mem type="loa" free="40265728" total="40265728" percent="100" />
    </mem>
    <pending-finalizers system="747" default="2377" reference="173" classloader="0" />
    <remembered-set count="52679" />
  </mem-info>
</gc-end>
<cycle-end id="1378" type="scavenge" contextid="1372" timestamp="2023-06-02T09:12:56.929" />
<allocation-satisfied id="1379" threadId="0000000008D69300" bytesRequested="16936" />
<af-end id="1380" timestamp="2023-06-02T09:12:56.929" threadId="0000000008D69C80" success="true" from="nursery"/>
<exclusive-end id="1381" timestamp="2023-06-02T09:12:56.929" durationms="86.090" />

<exclusive-start id="1382" timestamp="2023-06-02T09:14:32.135" intervalms="95292.128">
  <response-info timems="0.064" idlems="0.064" threads="0" lastid="00000000031B7F00" lastname="lqe.lqe.state-reader-thread-0" />
</exclusive-start>
<af-start id="1383" threadId="00000000031B8880" totalBytesRequested="3816" timestamp="2023-06-02T09:14:32.135" intervalms="95292.151" type="nursery" />
<cycle-start id="1384" type="scavenge" contextid="0" timestamp="2023-06-02T09:14:32.135" intervalms="95292.131" />
<gc-start id="1385" type="scavenge" contextid="1384" timestamp="2023-06-02T09:14:32.137">
  <mem-info id="1386" free="192458640" total="1073741824" percent="17">
    <mem type="nursery" free="0" total="268435456" percent="0">
      <mem type="allocate" free="0" total="217513984" percent="0" />
      <mem type="survivor" free="0" total="50921472" percent="0" />
    </mem>
    <mem type="tenure" free="192458640" total="805306368" percent="23">
      <mem type="soa" free="152192912" total="765040640" percent="19" />
      <mem type="loa" free="40265728" total="40265728" percent="100" />
    </mem>
    <remembered-set count="54300" />
  </mem-info>
</gc-start>
<allocation-stats totalBytes="179688608" >
  <allocated-bytes non-tlh="125328" tlh="179563280" />
  <largest-consumer threadName="lqe.Indexer-tdb-thread-0" threadId="0000000003397A00" bytes="54127672" />
</allocation-stats>
<gc-op id="1387" type="scavenge" timems="14.578" contextid="1384" timestamp="2023-06-02T09:14:32.151">
  <scavenger-info tenureage="4" tenuremask="7850" tiltratio="81" />
  <memory-copied type="nursery" objects="384272" bytes="20687032" bytesdiscarded="304232" />
  <memory-copied type="tenure" objects="251931" bytes="14923904" bytesdiscarded="8504" />
  <finalization candidates="5155" enqueued="4551" />
  <ownableSynchronizers candidates="12250" cleared="6673" />
  <references type="soft" candidates="2980" cleared="0" enqueued="0" dynamicThreshold="32" maxThreshold="32" />
  <references type="weak" candidates="1815" cleared="131" enqueued="62" />
  <references type="phantom" candidates="34" cleared="0" enqueued="0" />
</gc-op>
<gc-end id="1388" type="scavenge" contextid="1384" durationms="14.937" usertimems="15.625" systemtimems="0.000" timestamp="2023-06-02T09:14:32.151" activeThreads="16">
  <mem-info id="1389" free="375554032" total="1073741824" percent="34">
    <mem type="nursery" free="197763288" total="268435456" percent="73">
      <mem type="allocate" free="197763288" total="218824704" percent="90" />
      <mem type="survivor" free="0" total="49610752" percent="0" />
    </mem>
    <mem type="tenure" free="177790744" total="805306368" percent="22" macro-fragmented="0">
      <mem type="soa" free="137525016" total="765040640" percent="17" />
      <mem type="loa" free="40265728" total="40265728" percent="100" />
    </mem>
    <pending-finalizers system="145" default="4406" reference="62" classloader="0" />
    <remembered-set count="34263" />
  </mem-info>
</gc-end>
<cycle-end id="1390" type="scavenge" contextid="1384" timestamp="2023-06-02T09:14:32.202" />
<allocation-satisfied id="1391" threadId="00000000031B7F00" bytesRequested="3816" />
<af-end id="1392" timestamp="2023-06-02T09:14:32.202" threadId="00000000031B8880" success="true" from="nursery"/>
<exclusive-end id="1393" timestamp="2023-06-02T09:14:32.202" durationms="67.350" />

<exclusive-start id="1394" timestamp="2023-06-02T09:16:14.140" intervalms="102005.256">
  <response-info timems="0.050" idlems="0.050" threads="0" lastid="00000000031A0A00" lastname="lqe.lqe.config-reader-thread-0" />
</exclusive-start>
<af-start id="1395" threadId="00000000031A1380" totalBytesRequested="24" timestamp="2023-06-02T09:16:14.140" intervalms="102005.238" type="nursery" />
<cycle-start id="1396" type="scavenge" contextid="0" timestamp="2023-06-02T09:16:14.141" intervalms="102005.241" />
<gc-start id="1397" type="scavenge" contextid="1396" timestamp="2023-06-02T09:16:14.144">
  <mem-info id="1398" free="177778616" total="1073741824" percent="16">
    <mem type="nursery" free="0" total="268435456" percent="0">
      <mem type="allocate" free="0" total="218824704" percent="0" />
      <mem type="survivor" free="0" total="49610752" percent="0" />
    </mem>
    <mem type="tenure" free="177778616" total="805306368" percent="22">
      <mem type="soa" free="137512888" total="765040640" percent="17" />
      <mem type="loa" free="40265728" total="40265728" percent="100" />
    </mem>
    <remembered-set count="36443" />
  </mem-info>
</gc-start>
<allocation-stats totalBytes="197398336" >
  <allocated-bytes non-tlh="299272" tlh="197099064" />
  <largest-consumer threadName="lqe.Indexer-tdb-thread-0" threadId="0000000003397A00" bytes="57232896" />
</allocation-stats>
<gc-op id="1399" type="scavenge" timems="11.171" contextid="1396" timestamp="2023-06-02T09:16:14.154">
  <scavenger-info tenureage="9" tenuremask="7200" tiltratio="81" />
  <memory-copied type="nursery" objects="377471" bytes="20938984" bytesdiscarded="373592" />
  <memory-copied type="tenure" objects="25664" bytes="1242952" bytesdiscarded="1648" />
  <finalization candidates="5475" enqueued="5081" />
  <ownableSynchronizers candidates="12919" cleared="8374" />
  <references type="soft" candidates="2967" cleared="0" enqueued="0" dynamicThreshold="32" maxThreshold="32" />
  <references type="weak" candidates="1893" cleared="131" enqueued="58" />
  <references type="phantom" candidates="36" cleared="0" enqueued="0" />
</gc-op>
<gc-end id="1400" type="scavenge" contextid="1396" durationms="11.717" usertimems="15.625" systemtimems="0.000" timestamp="2023-06-02T09:16:14.156" activeThreads="16">
  <mem-info id="1401" free="378492792" total="1073741824" percent="35">
    <mem type="nursery" free="202223080" total="268435456" percent="75">
      <mem type="allocate" free="202223080" total="223608832" percent="90" />
      <mem type="survivor" free="0" total="44826624" percent="0" />
    </mem>
    <mem type="tenure" free="176269712" total="805306368" percent="21" macro-fragmented="0">
      <mem type="soa" free="136003984" total="765040640" percent="17" />
      <mem type="loa" free="40265728" total="40265728" percent="100" />
    </mem>
    <pending-finalizers system="151" default="4930" reference="58" classloader="0" />
    <remembered-set count="33904" />
  </mem-info>
</gc-end>
<cycle-end id="1402" type="scavenge" contextid="1396" timestamp="2023-06-02T09:16:14.214" />
<allocation-satisfied id="1403" threadId="00000000031A0A00" bytesRequested="24" />
<af-end id="1404" timestamp="2023-06-02T09:16:14.214" threadId="00000000031A1380" success="true" from="nursery"/>
<exclusive-end id="1405" timestamp="2023-06-02T09:16:14.214" durationms="73.431" />

<exclusive-start id="1406" timestamp="2023-06-02T09:17:57.613" intervalms="103473.037">
  <response-info timems="0.095" idlems="0.095" threads="0" lastid="000000000AB99500" lastname="qm: AsynchronousTaskRunner-3" />
</exclusive-start>
<af-start id="1407" threadId="000000000AB99E80" totalBytesRequested="272" timestamp="2023-06-02T09:17:57.613" intervalms="103473.138" type="nursery" />
<cycle-start id="1408" type="scavenge" contextid="0" timestamp="2023-06-02T09:17:57.613" intervalms="103473.136" />
<gc-start id="1409" type="scavenge" contextid="1408" timestamp="2023-06-02T09:17:57.614">
  <mem-info id="1410" free="176259048" total="1073741824" percent="16">
    <mem type="nursery" free="0" total="268435456" percent="0">
      <mem type="allocate" free="0" total="223608832" percent="0" />
      <mem type="survivor" free="0" total="44826624" percent="0" />
    </mem>
    <mem type="tenure" free="176259048" total="805306368" percent="21">
      <mem type="soa" free="135993320" total="765040640" percent="17" />
      <mem type="loa" free="40265728" total="40265728" percent="100" />
    </mem>
    <remembered-set count="35475" />
  </mem-info>
</gc-start>
<allocation-stats totalBytes="201825760" >
  <allocated-bytes non-tlh="142600" tlh="201683160" />
  <largest-consumer threadName="lqe.Indexer-tdb-thread-0" threadId="0000000003397A00" bytes="58018416" />
</allocation-stats>
<gc-op id="1411" type="scavenge" timems="8.636" contextid="1408" timestamp="2023-06-02T09:17:57.623">
  <scavenger-info tenureage="5" tenuremask="60a0" tiltratio="83" />
  <memory-copied type="nursery" objects="214624" bytes="13801768" bytesdiscarded="463152" />
  <memory-copied type="tenure" objects="165262" bytes="7216096" bytesdiscarded="1384" />
  <finalization candidates="5524" enqueued="5127" />
  <ownableSynchronizers candidates="12792" cleared="8292" />
  <references type="soft" candidates="1285" cleared="0" enqueued="0" dynamicThreshold="32" maxThreshold="32" />
  <references type="weak" candidates="1414" cleared="129" enqueued="56" />
  <references type="phantom" candidates="29" cleared="0" enqueued="0" />
</gc-op>
<gc-end id="1412" type="scavenge" contextid="1408" durationms="8.997" usertimems="0.000" systemtimems="0.000" timestamp="2023-06-02T09:17:57.624" activeThreads="16">
  <mem-info id="1413" free="382553624" total="1073741824" percent="35">
    <mem type="nursery" free="213246240" total="268435456" percent="79">
      <mem type="allocate" free="213246240" total="227540992" percent="93" />
      <mem type="survivor" free="0" total="40894464" percent="0" />
    </mem>
    <mem type="tenure" free="169307384" total="805306368" percent="21" macro-fragmented="0">
      <mem type="soa" free="129041656" total="765040640" percent="16" />
      <mem type="loa" free="40265728" total="40265728" percent="100" />
    </mem>
    <pending-finalizers system="128" default="4999" reference="56" classloader="0" />
    <remembered-set count="14945" />
  </mem-info>
</gc-end>
<cycle-end id="1414" type="scavenge" contextid="1408" timestamp="2023-06-02T09:17:57.661" />
<allocation-satisfied id="1415" threadId="000000000AB99500" bytesRequested="272" />
<af-end id="1416" timestamp="2023-06-02T09:17:57.661" threadId="000000000AB99E80" success="true" from="nursery"/>
<exclusive-end id="1417" timestamp="2023-06-02T09:17:57.661" durationms="47.834" />

<exclusive-start id="1418" timestamp="2023-06-02T09:19:07.889" intervalms="70275.392">
  <response-info timems="0.097" idlems="0.097" threads="0" lastid="000000000E60B600" lastname="jscompiler" />
</exclusive-start>
<af-start id="1419" threadId="000000000E60BF80" totalBytesRequested="1552" timestamp="2023-06-02T09:19:07.889" intervalms="70275.282" type="nursery" />
<cycle-start id="1420" type="scavenge" contextid="0" timestamp="2023-06-02T09:19:07.889" intervalms="70275.292" />
<gc-start id="1421" type="scavenge" contextid="1420" timestamp="2023-06-02T09:19:07.890">
  <mem-info id="1422" free="168766520" total="1073741824" percent="15">
    <mem type="nursery" free="0" total="268435456" percent="0">
      <mem type="allocate" free="0" total="227540992" percent="0" />
      <mem type="survivor" free="0" total="40894464" percent="0" />
    </mem>
    <mem type="tenure" free="168766520" total="805306368" percent="20">
      <mem type="soa" free="128500792" total="765040640" percent="16" />
      <mem type="loa" free="40265728" total="40265728" percent="100" />
    </mem>
    <remembered-set count="24645" />
  </mem-info>
</gc-start>
<allocation-stats totalBytes="212579224" >
  <allocated-bytes non-tlh="7164336" tlh="205414888" />
  <largest-consumer threadName="jscompiler" threadId="000000000E60B600" bytes="44072200" />
</allocation-stats>
<gc-op id="1423" type="scavenge" timems="9.918" contextid="1420" timestamp="2023-06-02T09:19:07.899">
  <scavenger-info tenureage="5" tenuremask="4020" tiltratio="84" />
  <memory-copied type="nursery" objects="256941" bytes="19456672" bytesdiscarded="362656" />
  <memory-copied type="tenure" objects="104940" bytes="6191344" bytesdiscarded="2880" />
  <finalization candidates="5199" enqueued="4893" />
  <ownableSynchronizers candidates="8813" cleared="5056" />
  <references type="soft" candidates="1074" cleared="0" enqueued="0" dynamicThreshold="32" maxThreshold="32" />
  <references type="weak" candidates="1578" cleared="398" enqueued="300" />
  <references type="phantom" candidates="8" cleared="0" enqueued="0" />
</gc-op>
<gc-end id="1424" type="scavenge" contextid="1420" durationms="10.271" usertimems="0.000" systemtimems="0.000" timestamp="2023-06-02T09:19:07.900" activeThreads="16">
  <mem-info id="1425" free="372397032" total="1073741824" percent="34">
    <mem type="nursery" free="209859688" total="268435456" percent="78">
      <mem type="allocate" free="209859688" total="229703680" percent="91" />
      <mem type="survivor" free="0" total="38731776" percent="0" />
    </mem>
    <mem type="tenure" free="162537344" total="805306368" percent="20" macro-fragmented="13104">
      <mem type="soa" free="122271616" total="765040640" percent="15" />
      <mem type="loa" free="40265728" total="40265728" percent="100" />
    </mem>
    <pending-finalizers system="1636" default="3257" reference="300" classloader="0" />
    <remembered-set count="17438" />
  </mem-info>
</gc-end>
<cycle-end id="1426" type="scavenge" contextid="1420" timestamp="2023-06-02T09:19:07.922" />
<allocation-satisfied id="1427" threadId="000000000E60B600" bytesRequested="1552" />
<af-end id="1428" timestamp="2023-06-02T09:19:07.922" threadId="000000000E60BF80" success="true" from="nursery"/>
<exclusive-end id="1429" timestamp="2023-06-02T09:19:07.922" durationms="33.182" />

<exclusive-start id="1430" timestamp="2023-06-02T09:19:10.095" intervalms="2207.138">
  <response-info timems="0.133" idlems="0.133" threads="0" lastid="000000000B71BC00" lastname="Default Executor-thread-47" />
</exclusive-start>
<af-start id="1431" threadId="000000000B71C580" totalBytesRequested="36872" timestamp="2023-06-02T09:19:10.096" intervalms="2207.217" type="nursery" />
<cycle-start id="1432" type="scavenge" contextid="0" timestamp="2023-06-02T09:19:10.096" intervalms="2207.284" />
<gc-start id="1433" type="scavenge" contextid="1432" timestamp="2023-06-02T09:19:10.098">
  <mem-info id="1434" free="162057624" total="1073741824" percent="15">
    <mem type="nursery" free="0" total="268435456" percent="0">
      <mem type="allocate" free="0" total="229703680" percent="0" />
      <mem type="survivor" free="0" total="38731776" percent="0" />
    </mem>
    <mem type="tenure" free="162057624" total="805306368" percent="20">
      <mem type="soa" free="121791896" total="765040640" percent="15" />
      <mem type="loa" free="40265728" total="40265728" percent="100" />
    </mem>
    <remembered-set count="25216" />
  </mem-info>
</gc-start>
<allocation-stats totalBytes="210191128" >
  <allocated-bytes non-tlh="6050640" tlh="204140488" />
  <largest-consumer threadName="Default Executor-thread-47" threadId="000000000B71BC00" bytes="46072792" />
</allocation-stats>
<gc-op id="1435" type="scavenge" timems="5.113" contextid="1432" timestamp="2023-06-02T09:19:10.103">
  <scavenger-info tenureage="14" tenuremask="4000" tiltratio="85" />
  <memory-copied type="nursery" objects="110050" bytes="19082352" bytesdiscarded="379456" />
  <finalization candidates="2912" enqueued="2533" />
  <ownableSynchronizers candidates="1675" cleared="149" />
  <references type="soft" candidates="1383" cleared="0" enqueued="0" dynamicThreshold="32" maxThreshold="32" />
  <references type="weak" candidates="3130" cleared="776" enqueued="452" />
  <references type="phantom" candidates="8" cleared="0" enqueued="0" />
</gc-op>
<gc-end id="1436" type="scavenge" contextid="1432" durationms="5.463" usertimems="0.000" systemtimems="0.000" timestamp="2023-06-02T09:19:10.103" activeThreads="16">
  <mem-info id="1437" free="375352088" total="1073741824" percent="34">
    <mem type="nursery" free="213294464" total="268435456" percent="79">
      <mem type="allocate" free="213294464" total="232783872" percent="91" />
      <mem type="survivor" free="0" total="35651584" percent="0" />
    </mem>
    <mem type="tenure" free="162057624" total="805306368" percent="20" macro-fragmented="13104">
      <mem type="soa" free="121791896" total="765040640" percent="15" />
      <mem type="loa" free="40265728" total="40265728" percent="100" />
    </mem>
    <pending-finalizers system="2425" default="108" reference="452" classloader="0" />
    <remembered-set count="24860" />
  </mem-info>
</gc-end>
<cycle-end id="1438" type="scavenge" contextid="1432" timestamp="2023-06-02T09:19:10.107" />
<allocation-satisfied id="1439" threadId="000000000B71BC00" bytesRequested="36872" />
<af-end id="1440" timestamp="2023-06-02T09:19:10.107" threadId="000000000B71C580" success="true" from="nursery"/>
<exclusive-end id="1441" timestamp="2023-06-02T09:19:10.107" durationms="11.529" />

<exclusive-start id="1442" timestamp="2023-06-02T09:19:10.923" intervalms="827.430">
  <response-info timems="0.147" idlems="0.147" threads="0" lastid="000000000B71BC00" lastname="Default Executor-thread-47" />
</exclusive-start>
<af-start id="1443" threadId="000000000B71C580" totalBytesRequested="65576" timestamp="2023-06-02T09:19:10.923" intervalms="827.331" type="nursery" />
<cycle-start id="1444" type="scavenge" contextid="0" timestamp="2023-06-02T09:19:10.923" intervalms="827.257" />
<gc-start id="1445" type="scavenge" contextid="1444" timestamp="2023-06-02T09:19:10.926">
  <mem-info id="1446" free="161998840" total="1073741824" percent="15">
    <mem type="nursery" free="0" total="268435456" percent="0">
      <mem type="allocate" free="0" total="232783872" percent="0" />
      <mem type="survivor" free="0" total="35651584" percent="0" />
    </mem>
    <mem type="tenure" free="161998840" total="805306368" percent="20">
      <mem type="soa" free="121733112" total="765040640" percent="15" />
      <mem type="loa" free="40265728" total="40265728" percent="100" />
    </mem>
    <remembered-set count="26232" />
  </mem-info>
</gc-start>
<allocation-stats totalBytes="213222576" >
  <allocated-bytes non-tlh="9733280" tlh="203489296" />
  <largest-consumer threadName="Default Executor-thread-47" threadId="000000000B71BC00" bytes="203039688" />
</allocation-stats>
<gc-op id="1447" type="scavenge" timems="6.708" contextid="1444" timestamp="2023-06-02T09:19:10.933">
  <scavenger-info tenureage="14" tenuremask="4000" tiltratio="86" />
  <memory-copied type="nursery" objects="117467" bytes="20313384" bytesdiscarded="278696" />
  <finalization candidates="1466" enqueued="1179" />
  <ownableSynchronizers candidates="1843" cleared="76" />
  <references type="soft" candidates="1440" cleared="0" enqueued="0" dynamicThreshold="32" maxThreshold="32" />
  <references type="weak" candidates="2408" cleared="38" enqueued="37" />
  <references type="phantom" candidates="8" cleared="0" enqueued="0" />
</gc-op>
<gc-end id="1448" type="scavenge" contextid="1444" durationms="7.060" usertimems="15.625" systemtimems="0.000" timestamp="2023-06-02T09:19:10.933" activeThreads="16">
  <mem-info id="1449" free="376131160" total="1073741824" percent="35">
    <mem type="nursery" free="214132320" total="268435456" percent="79">
      <mem type="allocate" free="214132320" total="234749952" percent="91" />
      <mem type="survivor" free="0" total="33685504" percent="0" />
    </mem>
    <mem type="tenure" free="161998840" total="805306368" percent="20" macro-fragmented="502401">
      <mem type="soa" free="121733112" total="765040640" percent="15" />
      <mem type="loa" free="40265728" total="40265728" percent="100" />
    </mem>
    <pending-finalizers system="1153" default="26" reference="37" classloader="0" />
    <remembered-set count="18745" />
  </mem-info>
</gc-end>
<cycle-end id="1450" type="scavenge" contextid="1444" timestamp="2023-06-02T09:19:10.935" />
<allocation-satisfied id="1451" threadId="000000000B71BC00" bytesRequested="65576" />
<af-end id="1452" timestamp="2023-06-02T09:19:10.935" threadId="000000000B71C580" success="true" from="nursery"/>
<exclusive-end id="1453" timestamp="2023-06-02T09:19:10.935" durationms="11.514" />

<exclusive-start id="1454" timestamp="2023-06-02T09:19:11.785" intervalms="861.465">
  <response-info timems="0.159" idlems="0.159" threads="0" lastid="0000000001994900" lastname="Default Executor-thread-32" />
</exclusive-start>
<af-start id="1455" threadId="0000000001995280" totalBytesRequested="3000" timestamp="2023-06-02T09:19:11.785" intervalms="861.464" type="nursery" />
<cycle-start id="1456" type="scavenge" contextid="0" timestamp="2023-06-02T09:19:11.785" intervalms="861.475" />
<gc-start id="1457" type="scavenge" contextid="1456" timestamp="2023-06-02T09:19:11.788">
  <mem-info id="1458" free="161947392" total="1073741824" percent="15">
    <mem type="nursery" free="0" total="268435456" percent="0">
      <mem type="allocate" free="0" total="234749952" percent="0" />
      <mem type="survivor" free="0" total="33685504" percent="0" />
    </mem>
    <mem type="tenure" free="161947392" total="805306368" percent="20">
      <mem type="soa" free="121681664" total="765040640" percent="15" />
      <mem type="loa" free="40265728" total="40265728" percent="100" />
    </mem>
    <remembered-set count="20657" />
  </mem-info>
</gc-start>
<allocation-stats totalBytes="213230448" >
  <allocated-bytes non-tlh="17895408" tlh="195335040" />
  <largest-consumer threadName="Default Executor-thread-47" threadId="000000000B71BC00" bytes="196463160" />
</allocation-stats>
<gc-op id="1459" type="scavenge" timems="9.536" contextid="1456" timestamp="2023-06-02T09:19:11.797">
  <scavenger-info tenureage="7" tenuremask="4080" tiltratio="87" />
  <memory-copied type="nursery" objects="148635" bytes="28510008" bytesdiscarded="455496" />
  <memory-copied type="tenure" objects="35935" bytes="2460080" bytesdiscarded="2448" />
  <finalization candidates="2412" enqueued="2086" />
  <ownableSynchronizers candidates="2542" cleared="324" />
  <references type="soft" candidates="1208" cleared="0" enqueued="0" dynamicThreshold="32" maxThreshold="32" />
  <references type="weak" candidates="2180" cleared="164" enqueued="156" />
  <references type="phantom" candidates="630" cleared="624" enqueued="624" />
</gc-op>
<gc-end id="1460" type="scavenge" contextid="1456" durationms="9.990" usertimems="31.250" systemtimems="0.000" timestamp="2023-06-02T09:19:11.798" activeThreads="16">
  <mem-info id="1461" free="356463184" total="1073741824" percent="33">
    <mem type="nursery" free="197424040" total="268435456" percent="73">
      <mem type="allocate" free="197424040" total="226426880" percent="87" />
      <mem type="survivor" free="0" total="42008576" percent="0" />
    </mem>
    <mem type="tenure" free="159039144" total="805306368" percent="19" macro-fragmented="0">
      <mem type="soa" free="118773416" total="765040640" percent="15" />
      <mem type="loa" free="40265728" total="40265728" percent="100" />
    </mem>
    <pending-finalizers system="2024" default="62" reference="780" classloader="0" />
    <remembered-set count="11202" />
  </mem-info>
</gc-end>
<cycle-end id="1462" type="scavenge" contextid="1456" timestamp="2023-06-02T09:19:11.800" />
<allocation-satisfied id="1463" threadId="0000000001994900" bytesRequested="3000" />
<af-end id="1464" timestamp="2023-06-02T09:19:11.800" threadId="0000000001995280" success="true" from="nursery"/>
<exclusive-end id="1465" timestamp="2023-06-02T09:19:11.800" durationms="14.879" />

<exclusive-start id="1466" timestamp="2023-06-02T09:19:12.514" intervalms="728.679">
  <response-info timems="0.264" idlems="0.087" threads="3" lastid="000000000106B300" lastname="JIT Compilation Thread-002" />
</exclusive-start>
<af-start id="1467" threadId="000000000491E680" totalBytesRequested="16" timestamp="2023-06-02T09:19:12.514" intervalms="728.718" type="nursery" />
<cycle-start id="1468" type="scavenge" contextid="0" timestamp="2023-06-02T09:19:12.514" intervalms="728.779" />
<gc-start id="1469" type="scavenge" contextid="1468" timestamp="2023-06-02T09:19:12.515">
  <mem-info id="1470" free="158828592" total="1073741824" percent="14">
    <mem type="nursery" free="0" total="268435456" percent="0">
      <mem type="allocate" free="0" total="226426880" percent="0" />
      <mem type="survivor" free="0" total="42008576" percent="0" />
    </mem>
    <mem type="tenure" free="158828592" total="805306368" percent="19">
      <mem type="soa" free="118562864" total="765040640" percent="15" />
      <mem type="loa" free="40265728" total="40265728" percent="100" />
    </mem>
    <remembered-set count="15843" />
  </mem-info>
</gc-start>
<allocation-stats totalBytes="197480128" >
  <allocated-bytes non-tlh="5701336" tlh="191778792" />
  <largest-consumer threadName="jscompiler" threadId="000000000491DD00" bytes="68181488" />
</allocation-stats>
<gc-op id="1471" type="scavenge" timems="10.830" contextid="1468" timestamp="2023-06-02T09:19:12.527">
  <scavenger-info tenureage="14" tenuremask="4000" tiltratio="84" />
  <memory-copied type="nursery" objects="493430" bytes="39880328" bytesdiscarded="356848" />
  <finalization candidates="1313" enqueued="1090" />
  <ownableSynchronizers candidates="3935" cleared="1448" />
  <references type="soft" candidates="1515" cleared="0" enqueued="0" dynamicThreshold="32" maxThreshold="32" />
  <references type="weak" candidates="2559" cleared="172" enqueued="162" />
  <references type="phantom" candidates="7" cleared="0" enqueued="0" />
</gc-op>
<gc-end id="1472" type="scavenge" contextid="1468" durationms="11.180" usertimems="0.000" systemtimems="0.000" timestamp="2023-06-02T09:19:12.527" activeThreads="16">
  <mem-info id="1473" free="329011528" total="1073741824" percent="30">
    <mem type="nursery" free="170182936" total="268435456" percent="63">
      <mem type="allocate" free="170182936" total="210829312" percent="80" />
      <mem type="survivor" free="0" total="57606144" percent="0" />
    </mem>
    <mem type="tenure" free="158828592" total="805306368" percent="19" macro-fragmented="0">
      <mem type="soa" free="118562864" total="765040640" percent="15" />
      <mem type="loa" free="40265728" total="40265728" percent="100" />
    </mem>
    <pending-finalizers system="883" default="207" reference="162" classloader="0" />
    <remembered-set count="14513" />
  </mem-info>
</gc-end>
<cycle-end id="1474" type="scavenge" contextid="1468" timestamp="2023-06-02T09:19:12.528" />
<allocation-satisfied id="1475" threadId="000000000491DD00" bytesRequested="16" />
<af-end id="1476" timestamp="2023-06-02T09:19:12.528" threadId="000000000491E680" success="true" from="nursery"/>
<exclusive-end id="1477" timestamp="2023-06-02T09:19:12.528" durationms="15.014" />

<exclusive-start id="1478" timestamp="2023-06-02T09:19:13.242" intervalms="728.227">
  <response-info timems="0.171" idlems="0.171" threads="0" lastid="00000000018B0000" lastname="Default Executor-thread-28" />
</exclusive-start>
<af-start id="1479" threadId="00000000018B0980" totalBytesRequested="786416" timestamp="2023-06-02T09:19:13.242" intervalms="728.257" type="nursery" />
<cycle-start id="1480" type="scavenge" contextid="0" timestamp="2023-06-02T09:19:13.242" intervalms="728.230" />
<gc-start id="1481" type="scavenge" contextid="1480" timestamp="2023-06-02T09:19:13.245">
  <mem-info id="1482" free="159364480" total="1073741824" percent="14">
    <mem type="nursery" free="599256" total="268435456" percent="0">
      <mem type="allocate" free="599256" total="210829312" percent="0" />
      <mem type="survivor" free="0" total="57606144" percent="0" />
    </mem>
    <mem type="tenure" free="158765224" total="805306368" percent="19">
      <mem type="soa" free="118499496" total="765040640" percent="15" />
      <mem type="loa" free="40265728" total="40265728" percent="100" />
    </mem>
    <remembered-set count="16651" />
  </mem-info>
</gc-start>
<allocation-stats totalBytes="169433096" >
  <allocated-bytes non-tlh="12512200" tlh="156920896" />
  <largest-consumer threadName="Default Executor-thread-28" threadId="00000000018B0000" bytes="29062632" />
</allocation-stats>
<gc-op id="1483" type="scavenge" timems="9.227" contextid="1480" timestamp="2023-06-02T09:19:13.254">
  <scavenger-info tenureage="14" tenuremask="4000" tiltratio="78" />
  <memory-copied type="nursery" objects="315855" bytes="34721136" bytesdiscarded="225632" />
  <finalization candidates="966" enqueued="715" />
  <ownableSynchronizers candidates="3868" cleared="1067" />
  <references type="soft" candidates="1631" cleared="0" enqueued="0" dynamicThreshold="32" maxThreshold="32" />
  <references type="weak" candidates="2772" cleared="177" enqueued="170" />
  <references type="phantom" candidates="9" cleared="0" enqueued="0" />
</gc-op>
<gc-end id="1484" type="scavenge" contextid="1480" durationms="9.657" usertimems="78.125" systemtimems="0.000" timestamp="2023-06-02T09:19:13.254" activeThreads="16">
  <mem-info id="1485" free="336508096" total="1073741824" percent="31">
    <mem type="nursery" free="177742872" total="268435456" percent="66">
      <mem type="allocate" free="177742872" total="212729856" percent="83" />
      <mem type="survivor" free="0" total="55705600" percent="0" />
    </mem>
    <mem type="tenure" free="158765224" total="805306368" percent="19" macro-fragmented="0">
      <mem type="soa" free="118499496" total="765040640" percent="15" />
      <mem type="loa" free="40265728" total="40265728" percent="100" />
    </mem>
    <pending-finalizers system="577" default="138" reference="170" classloader="0" />
    <remembered-set count="15277" />
  </mem-info>
</gc-end>
<cycle-end id="1486" type="scavenge" contextid="1480" timestamp="2023-06-02T09:19:13.257" />
<allocation-satisfied id="1487" threadId="00000000018B0000" bytesRequested="786416" />
<af-end id="1488" timestamp="2023-06-02T09:19:13.257" threadId="00000000018B0980" success="true" from="nursery"/>
<exclusive-end id="1489" timestamp="2023-06-02T09:19:13.257" durationms="15.043" />

<exclusive-start id="1490" timestamp="2023-06-02T09:19:22.503" intervalms="9261.711">
  <response-info timems="0.146" idlems="0.146" threads="0" lastid="000000000B6BED00" lastname="Default Executor-thread-45" />
</exclusive-start>
<af-start id="1491" threadId="000000000B6BF680" totalBytesRequested="88" timestamp="2023-06-02T09:19:22.503" intervalms="9261.673" type="nursery" />
<cycle-start id="1492" type="scavenge" contextid="0" timestamp="2023-06-02T09:19:22.503" intervalms="9261.641" />
<gc-start id="1493" type="scavenge" contextid="1492" timestamp="2023-06-02T09:19:22.506">
  <mem-info id="1494" free="158723776" total="1073741824" percent="14">
    <mem type="nursery" free="0" total="268435456" percent="0">
      <mem type="allocate" free="0" total="212729856" percent="0" />
      <mem type="survivor" free="0" total="55705600" percent="0" />
    </mem>
    <mem type="tenure" free="158723776" total="805306368" percent="19">
      <mem type="soa" free="118458048" total="765040640" percent="15" />
      <mem type="loa" free="40265728" total="40265728" percent="100" />
    </mem>
    <remembered-set count="19276" />
  </mem-info>
</gc-start>
<allocation-stats totalBytes="177185576" >
  <allocated-bytes non-tlh="5299952" tlh="171885624" />
  <largest-consumer threadName="Default Executor-thread-9" threadId="0000000001742F00" bytes="14331728" />
</allocation-stats>
<gc-op id="1495" type="scavenge" timems="11.077" contextid="1492" timestamp="2023-06-02T09:19:22.517">
  <scavenger-info tenureage="3" tenuremask="4008" tiltratio="79" />
  <memory-copied type="nursery" objects="271903" bytes="28594176" bytesdiscarded="343128" />
  <memory-copied type="tenure" objects="60519" bytes="8266344" bytesdiscarded="8184" />
  <finalization candidates="1700" enqueued="1385" />
  <ownableSynchronizers candidates="4812" cleared="1462" />
  <references type="soft" candidates="1768" cleared="0" enqueued="0" dynamicThreshold="32" maxThreshold="32" />
  <references type="weak" candidates="3015" cleared="141" enqueued="133" />
  <references type="phantom" candidates="10" cleared="0" enqueued="0" />
</gc-op>
<gc-end id="1496" type="scavenge" contextid="1492" durationms="11.714" usertimems="15.625" systemtimems="15.625" timestamp="2023-06-02T09:19:22.518" activeThreads="16">
  <mem-info id="1497" free="337343328" total="1073741824" percent="31">
    <mem type="nursery" free="186562432" total="268435456" percent="69">
      <mem type="allocate" free="186562432" total="215547904" percent="86" />
      <mem type="survivor" free="0" total="52887552" percent="0" />
    </mem>
    <mem type="tenure" free="150780896" total="805306368" percent="18" macro-fragmented="0">
      <mem type="soa" free="110515168" total="765040640" percent="14" />
      <mem type="loa" free="40265728" total="40265728" percent="100" />
    </mem>
    <pending-finalizers system="901" default="484" reference="133" classloader="0" />
    <remembered-set count="16334" />
  </mem-info>
</gc-end>
<cycle-end id="1498" type="scavenge" contextid="1492" timestamp="2023-06-02T09:19:22.520" />
<allocation-satisfied id="1499" threadId="000000000B6BED00" bytesRequested="88" />
<af-end id="1500" timestamp="2023-06-02T09:19:22.520" threadId="000000000B6BF680" success="true" from="nursery"/>
<exclusive-end id="1501" timestamp="2023-06-02T09:19:22.520" durationms="16.659" />

<exclusive-start id="1502" timestamp="2023-06-02T09:19:26.506" intervalms="4002.268">
  <response-info timems="0.064" idlems="0.064" threads="0" lastid="0000000001730300" lastname="Default Executor-thread-4" />
</exclusive-start>
<af-start id="1503" threadId="0000000001730C80" totalBytesRequested="5376" timestamp="2023-06-02T09:19:26.506" intervalms="4002.241" type="nursery" />
<cycle-start id="1504" type="scavenge" contextid="0" timestamp="2023-06-02T09:19:26.506" intervalms="4002.221" />
<gc-start id="1505" type="scavenge" contextid="1504" timestamp="2023-06-02T09:19:26.508">
  <mem-info id="1506" free="150701256" total="1073741824" percent="14">
    <mem type="nursery" free="0" total="268435456" percent="0">
      <mem type="allocate" free="0" total="215547904" percent="0" />
      <mem type="survivor" free="0" total="52887552" percent="0" />
    </mem>
    <mem type="tenure" free="150701256" total="805306368" percent="18">
      <mem type="soa" free="110435528" total="765040640" percent="14" />
      <mem type="loa" free="40265728" total="40265728" percent="100" />
    </mem>
    <remembered-set count="20418" />
  </mem-info>
</gc-start>
<allocation-stats totalBytes="186294112" >
  <allocated-bytes non-tlh="27541512" tlh="158752600" />
  <largest-consumer threadName="Default Executor-thread-48" threadId="000000000B726D00" bytes="85661496" />
</allocation-stats>
<gc-op id="1507" type="scavenge" timems="10.973" contextid="1504" timestamp="2023-06-02T09:19:26.519">
  <scavenger-info tenureage="5" tenuremask="4060" tiltratio="80" />
  <memory-copied type="nursery" objects="327207" bytes="32919384" bytesdiscarded="193800" />
  <memory-copied type="tenure" objects="27125" bytes="7727504" bytesdiscarded="16592" />
  <finalization candidates="1886" enqueued="1548" />
  <ownableSynchronizers candidates="5525" cleared="2090" />
  <references type="soft" candidates="1850" cleared="0" enqueued="0" dynamicThreshold="32" maxThreshold="32" />
  <references type="weak" candidates="2333" cleared="281" enqueued="233" />
  <references type="phantom" candidates="12" cleared="0" enqueued="0" />
</gc-op>
<gc-end id="1508" type="scavenge" contextid="1504" durationms="11.331" usertimems="15.625" systemtimems="0.000" timestamp="2023-06-02T09:19:26.519" activeThreads="16">
  <mem-info id="1509" free="326730120" total="1073741824" percent="30">
    <mem type="nursery" free="184020440" total="268435456" percent="68">
      <mem type="allocate" free="184020440" total="217186304" percent="84" />
      <mem type="survivor" free="0" total="51249152" percent="0" />
    </mem>
    <mem type="tenure" free="142709680" total="805306368" percent="17" macro-fragmented="0">
      <mem type="soa" free="102443952" total="765040640" percent="13" />
      <mem type="loa" free="40265728" total="40265728" percent="100" />
    </mem>
    <pending-finalizers system="1245" default="303" reference="233" classloader="0" />
    <remembered-set count="16648" />
  </mem-info>
</gc-end>
<cycle-end id="1510" type="scavenge" contextid="1504" timestamp="2023-06-02T09:19:26.521" />
<allocation-satisfied id="1511" threadId="0000000001730300" bytesRequested="5376" />
<af-end id="1512" timestamp="2023-06-02T09:19:26.521" threadId="0000000001730C80" success="true" from="nursery"/>
<exclusive-end id="1513" timestamp="2023-06-02T09:19:26.521" durationms="15.547" />

<exclusive-start id="1514" timestamp="2023-06-02T09:19:26.876" intervalms="371.048">
  <response-info timems="0.112" idlems="0.112" threads="0" lastid="0000000001730300" lastname="Default Executor-thread-4" />
</exclusive-start>
<af-start id="1515" threadId="0000000001730C80" totalBytesRequested="8200" timestamp="2023-06-02T09:19:26.877" intervalms="371.069" type="nursery" />
<cycle-start id="1516" type="scavenge" contextid="0" timestamp="2023-06-02T09:19:26.877" intervalms="371.146" />
<gc-start id="1517" type="scavenge" contextid="1516" timestamp="2023-06-02T09:19:26.878">
  <mem-info id="1518" free="142705384" total="1073741824" percent="13">
    <mem type="nursery" free="0" total="268435456" percent="0">
      <mem type="allocate" free="0" total="217186304" percent="0" />
      <mem type="survivor" free="0" total="51249152" percent="0" />
    </mem>
    <mem type="tenure" free="142705384" total="805306368" percent="17">
      <mem type="soa" free="102439656" total="765040640" percent="13" />
      <mem type="loa" free="40265728" total="40265728" percent="100" />
    </mem>
    <remembered-set count="16993" />
  </mem-info>
</gc-start>
<allocation-stats totalBytes="183835424" >
  <allocated-bytes non-tlh="24881632" tlh="158953792" />
  <largest-consumer threadName="Default Executor-thread-4" threadId="0000000001730300" bytes="167529392" />
</allocation-stats>
<gc-op id="1519" type="scavenge" timems="9.428" contextid="1516" timestamp="2023-06-02T09:19:26.888">
  <scavenger-info tenureage="4" tenuremask="4010" tiltratio="80" />
  <memory-copied type="nursery" objects="218505" bytes="34071544" bytesdiscarded="204784" />
  <memory-copied type="tenure" objects="117232" bytes="6025832" bytesdiscarded="5192" />
  <finalization candidates="1402" enqueued="1101" />
  <ownableSynchronizers candidates="3310" cleared="13" />
  <references type="soft" candidates="1544" cleared="0" enqueued="0" dynamicThreshold="32" maxThreshold="32" />
  <references type="weak" candidates="1698" cleared="10" enqueued="9" />
  <references type="phantom" candidates="11" cleared="0" enqueued="0" />
</gc-op>
<gc-end id="1520" type="scavenge" contextid="1516" durationms="9.757" usertimems="0.000" systemtimems="0.000" timestamp="2023-06-02T09:19:26.888" activeThreads="16">
  <mem-info id="1521" free="321875528" total="1073741824" percent="29">
    <mem type="nursery" free="184651456" total="268435456" percent="68">
      <mem type="allocate" free="184651456" total="218955776" percent="84" />
      <mem type="survivor" free="0" total="49479680" percent="0" />
    </mem>
    <mem type="tenure" free="137224072" total="805306368" percent="17" macro-fragmented="0">
      <mem type="soa" free="96958344" total="765040640" percent="12" />
      <mem type="loa" free="40265728" total="40265728" percent="100" />
    </mem>
    <pending-finalizers system="1099" default="2" reference="9" classloader="0" />
    <remembered-set count="14826" />
  </mem-info>
</gc-end>
<cycle-end id="1522" type="scavenge" contextid="1516" timestamp="2023-06-02T09:19:26.889" />
<allocation-satisfied id="1523" threadId="0000000001730300" bytesRequested="8200" />
<af-end id="1524" timestamp="2023-06-02T09:19:26.889" threadId="0000000001730C80" success="true" from="nursery"/>
<exclusive-end id="1525" timestamp="2023-06-02T09:19:26.889" durationms="13.060" />

<exclusive-start id="1526" timestamp="2023-06-02T09:19:27.258" intervalms="381.152">
  <response-info timems="0.067" idlems="0.057" threads="1" lastid="000000000B726D00" lastname="Default Executor-thread-48" />
</exclusive-start>
<af-start id="1527" threadId="0000000008A7E480" totalBytesRequested="32" timestamp="2023-06-02T09:19:27.258" intervalms="381.119" type="nursery" />
<cycle-start id="1528" type="scavenge" contextid="0" timestamp="2023-06-02T09:19:27.258" intervalms="381.040" />
<gc-start id="1529" type="scavenge" contextid="1528" timestamp="2023-06-02T09:19:27.260">
  <mem-info id="1530" free="137215592" total="1073741824" percent="12">
    <mem type="nursery" free="0" total="268435456" percent="0">
      <mem type="allocate" free="0" total="218955776" percent="0" />
      <mem type="survivor" free="0" total="49479680" percent="0" />
    </mem>
    <mem type="tenure" free="137215592" total="805306368" percent="17">
      <mem type="soa" free="96949864" total="765040640" percent="12" />
      <mem type="loa" free="40265728" total="40265728" percent="100" />
    </mem>
    <remembered-set count="15368" />
  </mem-info>
</gc-start>
<allocation-stats totalBytes="184491064" >
  <allocated-bytes non-tlh="30326152" tlh="154164912" />
  <largest-consumer threadName="Default Executor-thread-48" threadId="000000000B726D00" bytes="93085976" />
</allocation-stats>
<gc-op id="1531" type="scavenge" timems="11.455" contextid="1528" timestamp="2023-06-02T09:19:27.271">
  <scavenger-info tenureage="4" tenuremask="4010" tiltratio="81" />
  <memory-copied type="nursery" objects="192652" bytes="43738504" bytesdiscarded="317336" />
  <memory-copied type="tenure" objects="39854" bytes="2982352" bytesdiscarded="1288" />
  <finalization candidates="1890" enqueued="1581" />
  <ownableSynchronizers candidates="2598" cleared="39" />
  <references type="soft" candidates="1426" cleared="0" enqueued="0" dynamicThreshold="32" maxThreshold="32" />
  <references type="weak" candidates="1496" cleared="15" enqueued="12" />
  <references type="phantom" candidates="89" cleared="59" enqueued="59" />
</gc-op>
<gc-end id="1532" type="scavenge" contextid="1528" durationms="11.796" usertimems="62.500" systemtimems="0.000" timestamp="2023-06-02T09:19:27.271" activeThreads="16">
  <mem-info id="1533" free="296751248" total="1073741824" percent="27">
    <mem type="nursery" free="163142144" total="268435456" percent="60">
      <mem type="allocate" free="163142144" total="207224832" percent="78" />
      <mem type="survivor" free="0" total="61210624" percent="0" />
    </mem>
    <mem type="tenure" free="133609104" total="805306368" percent="16" macro-fragmented="168253">
      <mem type="soa" free="93343376" total="765040640" percent="12" />
      <mem type="loa" free="40265728" total="40265728" percent="100" />
    </mem>
    <pending-finalizers system="1515" default="66" reference="71" classloader="0" />
    <remembered-set count="13402" />
  </mem-info>
</gc-end>
<cycle-end id="1534" type="scavenge" contextid="1528" timestamp="2023-06-02T09:19:27.273" />
<allocation-satisfied id="1535" threadId="0000000008A7DB00" bytesRequested="32" />
<af-end id="1536" timestamp="2023-06-02T09:19:27.273" threadId="0000000008A7E480" success="true" from="nursery"/>
<exclusive-end id="1537" timestamp="2023-06-02T09:19:27.273" durationms="15.725" />

<exclusive-start id="1538" timestamp="2023-06-02T09:19:27.785" intervalms="527.623">
  <response-info timems="0.085" idlems="0.085" threads="0" lastid="000000000E5EE500" lastname="jscompiler" />
</exclusive-start>
<af-start id="1539" threadId="000000000E5EEE80" totalBytesRequested="40" timestamp="2023-06-02T09:19:27.785" intervalms="527.667" type="nursery" />
<cycle-start id="1540" type="scavenge" contextid="0" timestamp="2023-06-02T09:19:27.786" intervalms="527.768" />
<gc-start id="1541" type="scavenge" contextid="1540" timestamp="2023-06-02T09:19:27.787">
  <mem-info id="1542" free="133526888" total="1073741824" percent="12">
    <mem type="nursery" free="0" total="268435456" percent="0">
      <mem type="allocate" free="0" total="207224832" percent="0" />
      <mem type="survivor" free="0" total="61210624" percent="0" />
    </mem>
    <mem type="tenure" free="133526888" total="805306368" percent="16">
      <mem type="soa" free="93261160" total="765040640" percent="12" />
      <mem type="loa" free="40265728" total="40265728" percent="100" />
    </mem>
    <remembered-set count="14511" />
  </mem-info>
</gc-start>
<allocation-stats totalBytes="162233888" >
  <allocated-bytes non-tlh="1255616" tlh="160978272" />
  <largest-consumer threadName="jscompiler" threadId="000000000E5EE500" bytes="58796304" />
</allocation-stats>
<gc-op id="1543" type="scavenge" timems="14.390" contextid="1540" timestamp="2023-06-02T09:19:27.801">
  <scavenger-info tenureage="3" tenuremask="4018" tiltratio="77" />
  <memory-copied type="nursery" objects="269508" bytes="33080832" bytesdiscarded="374448" />
  <memory-copied type="tenure" objects="121337" bytes="12573672" bytesdiscarded="8704" />
  <finalization candidates="1166" enqueued="884" />
  <ownableSynchronizers candidates="2389" cleared="64" />
  <references type="soft" candidates="709" cleared="0" enqueued="0" dynamicThreshold="32" maxThreshold="32" />
  <references type="weak" candidates="774" cleared="22" enqueued="21" />
  <references type="phantom" candidates="683" cleared="679" enqueued="679" />
</gc-op>
<gc-end id="1544" type="scavenge" contextid="1540" durationms="14.725" usertimems="93.750" systemtimems="0.000" timestamp="2023-06-02T09:19:27.802" activeThreads="16">
  <mem-info id="1545" free="296112520" total="1073741824" percent="27">
    <mem type="nursery" free="175160488" total="268435456" percent="65">
      <mem type="allocate" free="175160488" total="208994304" percent="83" />
      <mem type="survivor" free="0" total="59441152" percent="0" />
    </mem>
    <mem type="tenure" free="120952032" total="805306368" percent="15" macro-fragmented="0">
      <mem type="soa" free="80686304" total="765040640" percent="10" />
      <mem type="loa" free="40265728" total="40265728" percent="100" />
    </mem>
    <pending-finalizers system="876" default="8" reference="700" classloader="0" />
    <remembered-set count="10186" />
  </mem-info>
</gc-end>
<cycle-end id="1546" type="scavenge" contextid="1540" timestamp="2023-06-02T09:19:27.803" />
<allocation-satisfied id="1547" threadId="000000000E5EE500" bytesRequested="40" />
<af-end id="1548" timestamp="2023-06-02T09:19:27.803" threadId="000000000E5EEE80" success="true" from="nursery"/>
<exclusive-end id="1549" timestamp="2023-06-02T09:19:27.803" durationms="17.835" />

<exclusive-start id="1550" timestamp="2023-06-02T09:19:28.687" intervalms="901.887">
  <response-info timems="0.304" idlems="0.304" threads="0" lastid="000000000B6E9C00" lastname="Default Executor-thread-40" />
</exclusive-start>
<af-start id="1551" threadId="000000000B6EA580" totalBytesRequested="16" timestamp="2023-06-02T09:19:28.687" intervalms="902.039" type="nursery" />
<cycle-start id="1552" type="scavenge" contextid="0" timestamp="2023-06-02T09:19:28.688" intervalms="902.009" />
<gc-start id="1553" type="scavenge" contextid="1552" timestamp="2023-06-02T09:19:28.692">
  <mem-info id="1554" free="120894200" total="1073741824" percent="11">
    <mem type="nursery" free="0" total="268435456" percent="0">
      <mem type="allocate" free="0" total="208994304" percent="0" />
      <mem type="survivor" free="0" total="59441152" percent="0" />
    </mem>
    <mem type="tenure" free="120894200" total="805306368" percent="15">
      <mem type="soa" free="80628472" total="765040640" percent="10" />
      <mem type="loa" free="40265728" total="40265728" percent="100" />
    </mem>
    <remembered-set count="14604" />
  </mem-info>
</gc-start>
<allocation-stats totalBytes="174950688" >
  <allocated-bytes non-tlh="11265912" tlh="163684776" />
  <largest-consumer threadName="Default Executor-thread-31" threadId="0000000001990D00" bytes="23961200" />
</allocation-stats>
<gc-op id="1555" type="scavenge" timems="13.745" contextid="1552" timestamp="2023-06-02T09:19:28.705">
  <scavenger-info tenureage="11" tenuremask="4800" tiltratio="77" />
  <memory-copied type="nursery" objects="105823" bytes="29368320" bytesdiscarded="232304" />
  <memory-copied type="tenure" objects="22803" bytes="3609600" bytesdiscarded="3808" />
  <finalization candidates="1422" enqueued="1175" />
  <ownableSynchronizers candidates="2954" cleared="1258" />
  <references type="soft" candidates="595" cleared="0" enqueued="0" dynamicThreshold="32" maxThreshold="32" />
  <references type="weak" candidates="781" cleared="142" enqueued="128" />
  <references type="phantom" candidates="13" cleared="0" enqueued="0" />
</gc-op>
<gc-end id="1556" type="scavenge" contextid="1552" durationms="14.715" usertimems="15.625" systemtimems="0.000" timestamp="2023-06-02T09:19:28.706" activeThreads="16">
  <mem-info id="1557" free="300568920" total="1073741824" percent="27">
    <mem type="nursery" free="183303680" total="268435456" percent="68">
      <mem type="allocate" free="183303680" total="212926464" percent="86" />
      <mem type="survivor" free="0" total="55508992" percent="0" />
    </mem>
    <mem type="tenure" free="117265240" total="805306368" percent="14" macro-fragmented="39130">
      <mem type="soa" free="76999512" total="765040640" percent="10" />
      <mem type="loa" free="40265728" total="40265728" percent="100" />
    </mem>
    <pending-finalizers system="1032" default="143" reference="128" classloader="0" />
    <remembered-set count="8863" />
  </mem-info>
</gc-end>
<cycle-end id="1558" type="scavenge" contextid="1552" timestamp="2023-06-02T09:19:28.711" />
<allocation-satisfied id="1559" threadId="000000000B6E9C00" bytesRequested="16" />
<af-end id="1560" timestamp="2023-06-02T09:19:28.711" threadId="000000000B6EA580" success="true" from="nursery"/>
<exclusive-end id="1561" timestamp="2023-06-02T09:19:28.711" durationms="23.369" />

<exclusive-start id="1562" timestamp="2023-06-02T09:19:29.923" intervalms="1237.024">
  <response-info timems="0.091" idlems="0.091" threads="0" lastid="0000000001876500" lastname="Default Executor-thread-17" />
</exclusive-start>
<af-start id="1563" threadId="0000000001876E80" totalBytesRequested="72" timestamp="2023-06-02T09:19:29.923" intervalms="1236.833" type="nursery" />
<cycle-start id="1564" type="scavenge" contextid="0" timestamp="2023-06-02T09:19:29.925" intervalms="1236.768" />
<gc-start id="1565" type="scavenge" contextid="1564" timestamp="2023-06-02T09:19:29.926">
  <mem-info id="1566" free="116827080" total="1073741824" percent="10">
    <mem type="nursery" free="0" total="268435456" percent="0">
      <mem type="allocate" free="0" total="212926464" percent="0" />
      <mem type="survivor" free="0" total="55508992" percent="0" />
    </mem>
    <mem type="tenure" free="116827080" total="805306368" percent="14">
      <mem type="soa" free="76561352" total="765040640" percent="10" />
      <mem type="loa" free="40265728" total="40265728" percent="100" />
    </mem>
    <remembered-set count="19218" />
  </mem-info>
</gc-start>
<allocation-stats totalBytes="183369376" >
  <allocated-bytes non-tlh="15247008" tlh="168122368" />
  <largest-consumer threadName="Default Executor-thread-39" threadId="000000000B67AE00" bytes="37867696" />
</allocation-stats>
<gc-op id="1567" type="scavenge" timems="13.585" contextid="1564" timestamp="2023-06-02T09:19:29.940">
  <scavenger-info tenureage="3" tenuremask="4018" tiltratio="79" />
  <memory-copied type="nursery" objects="180796" bytes="39734992" bytesdiscarded="301288" />
  <memory-copied type="tenure" objects="34195" bytes="18838920" bytesdiscarded="18816" />
  <finalization candidates="6951" enqueued="6605" />
  <ownableSynchronizers candidates="4043" cleared="1649" />
  <references type="soft" candidates="1079" cleared="0" enqueued="0" dynamicThreshold="32" maxThreshold="32" />
  <references type="weak" candidates="1655" cleared="581" enqueued="548" />
  <references type="phantom" candidates="241" cleared="215" enqueued="215" />
</gc-op>
<gc-end id="1568" type="scavenge" contextid="1564" durationms="13.947" usertimems="15.625" systemtimems="0.000" timestamp="2023-06-02T09:19:29.941" activeThreads="16">
  <mem-info id="1569" free="267188600" total="1073741824" percent="24">
    <mem type="nursery" free="169083208" total="268435456" percent="62">
      <mem type="allocate" free="169083208" total="209190912" percent="80" />
      <mem type="survivor" free="0" total="59244544" percent="0" />
    </mem>
    <mem type="tenure" free="98105392" total="805306368" percent="12" macro-fragmented="0">
      <mem type="soa" free="57839664" total="765040640" percent="7" />
      <mem type="loa" free="40265728" total="40265728" percent="100" />
    </mem>
    <pending-finalizers system="6364" default="241" reference="763" classloader="0" />
    <remembered-set count="15049" />
  </mem-info>
</gc-end>
<cycle-end id="1570" type="scavenge" contextid="1564" timestamp="2023-06-02T09:19:29.942" />
<allocation-satisfied id="1571" threadId="0000000001876500" bytesRequested="72" />
<af-end id="1572" timestamp="2023-06-02T09:19:29.942" threadId="0000000001876E80" success="true" from="nursery"/>
<exclusive-end id="1573" timestamp="2023-06-02T09:19:29.942" durationms="17.380" />

<exclusive-start id="1574" timestamp="2023-06-02T09:19:32.989" intervalms="3064.974">
  <response-info timems="0.129" idlems="0.129" threads="0" lastid="00000000016EAB00" lastname="Default Executor-thread-2" />
</exclusive-start>
<af-start id="1575" threadId="00000000016EB480" totalBytesRequested="8200" timestamp="2023-06-02T09:19:32.989" intervalms="3065.033" type="nursery" />
<cycle-start id="1576" type="scavenge" contextid="0" timestamp="2023-06-02T09:19:32.989" intervalms="3065.045" />
<gc-start id="1577" type="scavenge" contextid="1576" timestamp="2023-06-02T09:19:32.991">
  <mem-info id="1578" free="97751264" total="1073741824" percent="9">
    <mem type="nursery" free="0" total="268435456" percent="0">
      <mem type="allocate" free="0" total="209190912" percent="0" />
      <mem type="survivor" free="0" total="59244544" percent="0" />
    </mem>
    <mem type="tenure" free="97751264" total="805306368" percent="12">
      <mem type="soa" free="57485536" total="765040640" percent="7" />
      <mem type="loa" free="40265728" total="40265728" percent="100" />
    </mem>
    <remembered-set count="22791" />
  </mem-info>
</gc-start>
<allocation-stats totalBytes="169280384" >
  <allocated-bytes non-tlh="15802344" tlh="153478040" />
  <largest-consumer threadName="Default Executor-thread-33" threadId="000000000B5B9B00" bytes="86651696" />
</allocation-stats>
<gc-op id="1579" type="scavenge" timems="21.935" contextid="1576" timestamp="2023-06-02T09:19:33.013">
  <scavenger-info tenureage="14" tenuremask="4000" tiltratio="77" />
  <memory-copied type="nursery" objects="529506" bytes="59150360" bytesdiscarded="25088" />
  <memory-copied type="tenure" objects="11550" bytes="7202920" bytesdiscarded="36952" />
  <copy-failed type="nursery" objects="6807" bytes="6924488" />
  <finalization candidates="7403" enqueued="6546" />
  <ownableSynchronizers candidates="3766" cleared="1640" />
  <references type="soft" candidates="1853" cleared="0" enqueued="0" dynamicThreshold="32" maxThreshold="32" />
  <references type="weak" candidates="2060" cleared="454" enqueued="421" />
  <references type="phantom" candidates="26" cleared="0" enqueued="0" />
</gc-op>
<gc-end id="1580" type="scavenge" contextid="1576" durationms="22.402" usertimems="109.375" systemtimems="0.000" timestamp="2023-06-02T09:19:33.014" activeThreads="16">
  <mem-info id="1581" free="189063280" total="1073741824" percent="17">
    <mem type="nursery" free="98238464" total="268435456" percent="36">
      <mem type="allocate" free="98238464" total="157483008" percent="62" />
      <mem type="survivor" free="0" total="110952448" percent="0" />
    </mem>
    <mem type="tenure" free="90824816" total="805306368" percent="11" macro-fragmented="0">
      <mem type="soa" free="50559088" total="765040640" percent="6" />
      <mem type="loa" free="40265728" total="40265728" percent="100" />
    </mem>
    <pending-finalizers system="6099" default="447" reference="421" classloader="0" />
    <remembered-set count="20020" />
  </mem-info>
</gc-end>
<cycle-end id="1582" type="scavenge" contextid="1576" timestamp="2023-06-02T09:19:33.018" />
<allocation-satisfied id="1583" threadId="00000000016EAB00" bytesRequested="8200" />
<af-end id="1584" timestamp="2023-06-02T09:19:33.018" threadId="00000000016EB480" success="true" from="nursery"/>
<exclusive-end id="1585" timestamp="2023-06-02T09:19:33.018" durationms="29.164" />

<exclusive-start id="1586" timestamp="2023-06-02T09:19:34.980" intervalms="1990.234">
  <response-info timems="0.071" idlems="0.071" threads="0" lastid="000000000B726D00" lastname="Default Executor-thread-48 @@ 09:19 PiotrAniola &lt;Mozilla/5.0" />
</exclusive-start>
<af-start id="1587" threadId="000000000B727680" totalBytesRequested="8200" timestamp="2023-06-02T09:19:34.980" intervalms="1990.172" type="nursery" />
<cycle-start id="1588" type="scavenge" contextid="0" timestamp="2023-06-02T09:19:34.980" intervalms="1990.162" />
<gc-start id="1589" type="scavenge" contextid="1588" timestamp="2023-06-02T09:19:34.982">
  <mem-info id="1590" free="90513944" total="1073741824" percent="8">
    <mem type="nursery" free="0" total="268435456" percent="0">
      <mem type="allocate" free="0" total="157483008" percent="0" />
      <mem type="survivor" free="0" total="110952448" percent="0" />
    </mem>
    <mem type="tenure" free="90513944" total="805306368" percent="11">
      <mem type="soa" free="50248216" total="765040640" percent="6" />
      <mem type="loa" free="40265728" total="40265728" percent="100" />
    </mem>
    <remembered-set count="25832" />
  </mem-info>
</gc-start>
<allocation-stats totalBytes="97184744" >
  <allocated-bytes non-tlh="5521960" tlh="91662784" />
  <largest-consumer threadName="Default Executor-thread-28" threadId="00000000018B0000" bytes="28476352" />
</allocation-stats>
<gc-op id="1591" type="scavenge" timems="16.460" contextid="1588" timestamp="2023-06-02T09:19:34.998">
  <scavenger-info tenureage="13" tenuremask="6000" tiltratio="58" />
  <memory-copied type="nursery" objects="595797" bytes="68270456" bytesdiscarded="239424" />
  <finalization candidates="4900" enqueued="3950" />
  <ownableSynchronizers candidates="2743" cleared="487" />
  <references type="soft" candidates="2098" cleared="0" enqueued="0" dynamicThreshold="32" maxThreshold="32" />
  <references type="weak" candidates="2259" cleared="216" enqueued="198" />
  <references type="phantom" candidates="222" cleared="196" enqueued="196" />
</gc-op>
<gc-end id="1592" type="scavenge" contextid="1588" durationms="16.779" usertimems="15.625" systemtimems="15.625" timestamp="2023-06-02T09:19:34.999" activeThreads="16">
  <mem-info id="1593" free="200523584" total="1073741824" percent="18">
    <mem type="nursery" free="110009640" total="268435456" percent="40">
      <mem type="allocate" free="110009640" total="178585600" percent="61" />
      <mem type="survivor" free="0" total="89849856" percent="0" />
    </mem>
    <mem type="tenure" free="90513944" total="805306368" percent="11" macro-fragmented="0">
      <mem type="soa" free="50248216" total="765040640" percent="6" />
      <mem type="loa" free="40265728" total="40265728" percent="100" />
    </mem>
    <pending-finalizers system="3802" default="148" reference="394" classloader="0" />
    <remembered-set count="21659" />
  </mem-info>
</gc-end>
<cycle-end id="1594" type="scavenge" contextid="1588" timestamp="2023-06-02T09:19:35.001" />
<allocation-satisfied id="1595" threadId="000000000B726D00" bytesRequested="8200" />
<af-end id="1596" timestamp="2023-06-02T09:19:35.001" threadId="000000000B727680" success="true" from="nursery"/>
<exclusive-end id="1597" timestamp="2023-06-02T09:19:35.001" durationms="21.144" />

<exclusive-start id="1598" timestamp="2023-06-02T09:19:36.311" intervalms="1332.104">
  <response-info timems="0.407" idlems="0.155" threads="2" lastid="0000000001063B00" lastname="JIT Compilation Thread-000" />
</exclusive-start>
<af-start id="1599" threadId="0000000001991680" totalBytesRequested="72" timestamp="2023-06-02T09:19:36.311" intervalms="1332.253" type="nursery" />
<cycle-start id="1600" type="scavenge" contextid="0" timestamp="2023-06-02T09:19:36.312" intervalms="1332.272" />
<gc-start id="1601" type="scavenge" contextid="1600" timestamp="2023-06-02T09:19:36.313">
  <mem-info id="1602" free="90502584" total="1073741824" percent="8">
    <mem type="nursery" free="0" total="268435456" percent="0">
      <mem type="allocate" free="0" total="178585600" percent="0" />
      <mem type="survivor" free="0" total="89849856" percent="0" />
    </mem>
    <mem type="tenure" free="90502584" total="805306368" percent="11">
      <mem type="soa" free="50236856" total="765040640" percent="6" />
      <mem type="loa" free="40265728" total="40265728" percent="100" />
    </mem>
    <remembered-set count="23009" />
  </mem-info>
</gc-start>
<allocation-stats totalBytes="109800104" >
  <allocated-bytes non-tlh="26728912" tlh="83071192" />
  <largest-consumer threadName="Default Executor-thread-17" threadId="0000000001876500" bytes="70350968" />
</allocation-stats>
<gc-op id="1603" type="scavenge" timems="23.908" contextid="1600" timestamp="2023-06-02T09:19:36.338">
  <scavenger-info tenureage="3" tenuremask="7008" tiltratio="66" />
  <memory-copied type="nursery" objects="492319" bytes="48017344" bytesdiscarded="355528" />
  <memory-copied type="tenure" objects="99390" bytes="18896728" bytesdiscarded="5488" />
  <finalization candidates="1795" enqueued="841" />
  <ownableSynchronizers candidates="2759" cleared="390" />
  <references type="soft" candidates="1652" cleared="0" enqueued="0" dynamicThreshold="32" maxThreshold="32" />
  <references type="weak" candidates="1610" cleared="73" enqueued="59" />
  <references type="phantom" candidates="12" cleared="0" enqueued="0" />
</gc-op>
<gc-end id="1604" type="scavenge" contextid="1600" durationms="24.617" usertimems="140.625" systemtimems="0.000" timestamp="2023-06-02T09:19:36.339" activeThreads="16">
  <mem-info id="1605" free="203080248" total="1073741824" percent="18">
    <mem type="nursery" free="131761424" total="268435456" percent="49">
      <mem type="allocate" free="131761424" total="180158464" percent="73" />
      <mem type="survivor" free="0" total="88276992" percent="0" />
    </mem>
    <mem type="tenure" free="71318824" total="805306368" percent="8" macro-fragmented="502401">
      <mem type="soa" free="31053096" total="765040640" percent="4" />
      <mem type="loa" free="40265728" total="40265728" percent="100" />
    </mem>
    <pending-finalizers system="734" default="107" reference="59" classloader="0" />
    <remembered-set count="17703" />
  </mem-info>
</gc-end>
<cycle-end id="1606" type="scavenge" contextid="1600" timestamp="2023-06-02T09:19:36.341" />
<allocation-satisfied id="1607" threadId="0000000001990D00" bytesRequested="72" />
<af-end id="1608" timestamp="2023-06-02T09:19:36.341" threadId="0000000001991680" success="true" from="nursery"/>
<exclusive-end id="1609" timestamp="2023-06-02T09:19:36.341" durationms="29.769" />

<concurrent-kickoff id="1610" timestamp="2023-06-02T09:19:37.932">
  <kickoff reason="threshold reached" targetBytes="239014924" thresholdFreeBytes="33024922"  remainingFree="32974096" tenureFreeBytes="71184864" nurseryFreeBytes="32974096" />
</concurrent-kickoff>
<exclusive-start id="1611" timestamp="2023-06-02T09:19:37.941" intervalms="1629.250">
  <response-info timems="0.114" idlems="0.114" threads="0" lastid="0000000001874E00" lastname="Default Executor-thread-15" />
</exclusive-start>
<cycle-start id="1612" type="global" contextid="0" timestamp="2023-06-02T09:19:37.941" intervalms="676752.399" />
<exclusive-end id="1613" timestamp="2023-06-02T09:19:37.941" durationms="0.328" />

<exclusive-start id="1614" timestamp="2023-06-02T09:19:38.581" intervalms="640.336">
  <response-info timems="0.133" idlems="0.133" threads="0" lastid="0000000001742F00" lastname="Default Executor-thread-9" />
</exclusive-start>
<af-start id="1615" threadId="0000000001743880" totalBytesRequested="72" timestamp="2023-06-02T09:19:38.581" intervalms="2269.541" type="nursery" />
<cycle-start id="1616" type="scavenge" contextid="0" timestamp="2023-06-02T09:19:38.581" intervalms="2269.523" />
<gc-start id="1617" type="scavenge" contextid="1616" timestamp="2023-06-02T09:19:38.583">
  <mem-info id="1618" free="71162928" total="1073741824" percent="6">
    <mem type="nursery" free="0" total="268435456" percent="0">
      <mem type="allocate" free="0" total="180158464" percent="0" />
      <mem type="survivor" free="0" total="88276992" percent="0" />
    </mem>
    <mem type="tenure" free="71162928" total="805306368" percent="8">
      <mem type="soa" free="30897200" total="765040640" percent="4" />
      <mem type="loa" free="40265728" total="40265728" percent="100" />
    </mem>
    <remembered-set count="24910" />
  </mem-info>
</gc-start>
<allocation-stats totalBytes="131754176" >
  <allocated-bytes non-tlh="2103224" tlh="129650952" />
  <largest-consumer threadName="Default Executor-thread-25" threadId="00000000018B5500" bytes="42354840" />
</allocation-stats>
<gc-op id="1619" type="scavenge" timems="19.274" contextid="1616" timestamp="2023-06-02T09:19:38.603">
  <scavenger-info tenureage="3" tenuremask="7028" tiltratio="67" />
  <memory-copied type="nursery" objects="223375" bytes="20325096" bytesdiscarded="237976" />
  <memory-copied type="tenure" objects="401991" bytes="33174568" bytesdiscarded="12112" />
  <finalization candidates="3164" enqueued="2307" />
  <ownableSynchronizers candidates="6915" cleared="3253" />
  <references type="soft" candidates="2730" cleared="0" enqueued="0" dynamicThreshold="32" maxThreshold="32" />
  <references type="weak" candidates="1603" cleared="525" enqueued="504" />
  <references type="phantom" candidates="7" cleared="0" enqueued="0" />
</gc-op>
<gc-end id="1620" type="scavenge" contextid="1616" durationms="19.702" usertimems="15.625" systemtimems="15.625" timestamp="2023-06-02T09:19:38.603" activeThreads="16">
  <mem-info id="1621" free="203443784" total="1073741824" percent="18">
    <mem type="nursery" free="165658880" total="268435456" percent="61">
      <mem type="allocate" free="165658880" total="186253312" percent="88" />
      <mem type="survivor" free="0" total="82182144" percent="0" />
    </mem>
    <mem type="tenure" free="37784904" total="805306368" percent="4" macro-fragmented="201903">
      <mem type="soa" free="1713488" total="765040640" percent="0" />
      <mem type="loa" free="36071416" total="40265728" percent="89" />
    </mem>
    <pending-finalizers system="1991" default="316" reference="504" classloader="0" />
    <remembered-set count="12665" />
  </mem-info>
</gc-end>
<cycle-end id="1622" type="scavenge" contextid="1616" timestamp="2023-06-02T09:19:38.606" />
<allocation-satisfied id="1623" threadId="0000000001742F00" bytesRequested="72" />
<af-end id="1624" timestamp="2023-06-02T09:19:38.606" threadId="0000000001743880" success="true" from="nursery"/>
<exclusive-end id="1625" timestamp="2023-06-02T09:19:38.606" durationms="24.744" />

<exclusive-start id="1626" timestamp="2023-06-02T09:19:38.633" intervalms="51.874">
  <response-info timems="0.119" idlems="0.119" threads="0" lastid="0000000001742F00" lastname="Default Executor-thread-9" />
</exclusive-start>
<concurrent-collection-start id="1627" timestamp="2023-06-02T09:19:38.633" intervalms="677444.524" >
  <concurrent-trace-info reason="card cleaning threshold reached" tracedByMutators="110146960" tracedByHelpers="264062944" cardsCleaned="5255" workStackOverflowCount="0" />
</concurrent-collection-start>
<gc-start id="1628" type="global" contextid="1612" timestamp="2023-06-02T09:19:38.635">
  <mem-info id="1629" free="201944576" total="1073741824" percent="18">
    <mem type="nursery" free="164159672" total="268435456" percent="61">
      <mem type="allocate" free="164159672" total="186253312" percent="88" />
      <mem type="survivor" free="0" total="82182144" percent="0" />
    </mem>
    <mem type="tenure" free="37784904" total="805306368" percent="4">
      <mem type="soa" free="1713488" total="765040640" percent="0" />
      <mem type="loa" free="36071416" total="40265728" percent="89" />
    </mem>
    <remembered-set count="12705" />
  </mem-info>
</gc-start>
<allocation-stats totalBytes="1491904" >
  <allocated-bytes non-tlh="72" tlh="1491832" />
  <largest-consumer threadName="Default Executor-thread-9" threadId="0000000001742F00" bytes="1055584" />
</allocation-stats>
<gc-op id="1630" type="rs-scan" timems="8.212" contextid="1612" timestamp="2023-06-02T09:19:38.644">
  <scan objectsFound="10206" bytesTraced="7345260" workStackOverflowCount="0" />
</gc-op>
<gc-op id="1631" type="card-cleaning" timems="0.467" contextid="1612" timestamp="2023-06-02T09:19:38.644">
  <card-cleaning cardsCleaned="0" bytesTraced="13048" workStackOverflowCount="0" />
</gc-op>
<gc-op id="1632" type="mark" timems="31.178" contextid="1612" timestamp="2023-06-02T09:19:38.676">
  <trace-info objectcount="100174" scancount="94335" scanbytes="4070520" />
  <finalization candidates="14288" enqueued="8855" />
  <ownableSynchronizers candidates="69549" cleared="14308" />
  <references type="soft" candidates="126845" cleared="0" enqueued="0" dynamicThreshold="32" maxThreshold="32" />
  <references type="weak" candidates="49155" cleared="294" enqueued="184" />
  <references type="phantom" candidates="277" cleared="15" enqueued="15" />
  <stringconstants candidates="133140" cleared="12377"  />
</gc-op>
<gc-op id="1633" type="classunload" timems="51.170" contextid="1612" timestamp="2023-06-02T09:19:38.727">
  <classunload-info classloadercandidates="9093" classloadersunloaded="142" classesunloaded="141" anonymousclassesunloaded="4" quiescems="0.000" setupms="46.756" scanms="4.203" postms="0.211" />
</gc-op>
<gc-op id="1634" type="sweep" timems="10.241" contextid="1612" timestamp="2023-06-02T09:19:38.737" />
<gc-end id="1635" type="global" contextid="1612" durationms="103.260" usertimems="296.875" systemtimems="15.625" timestamp="2023-06-02T09:19:38.738" activeThreads="16">
  <mem-info id="1636" free="275116320" total="1073741824" percent="25">
    <mem type="nursery" free="169184176" total="268435456" percent="63">
      <mem type="allocate" free="169184176" total="186253312" percent="90" />
      <mem type="survivor" free="0" total="82182144" percent="0" />
    </mem>
    <mem type="tenure" free="105932144" total="805306368" percent="13" micro-fragmented="12563921" macro-fragmented="0">
      <mem type="soa" free="69860728" total="765040640" percent="9" />
      <mem type="loa" free="36071416" total="40265728" percent="89" />
    </mem>
    <pending-finalizers system="8854" default="1" reference="199" classloader="0" />
    <remembered-set count="11941" />
  </mem-info>
</gc-end>
<cycle-end id="1637" type="global" contextid="1612" timestamp="2023-06-02T09:19:38.740" />
<concurrent-collection-end id="1638" timestamp="2023-06-02T09:19:38.740" />
<exclusive-end id="1639" timestamp="2023-06-02T09:19:38.740" durationms="106.404" />

<exclusive-start id="1640" timestamp="2023-06-02T09:19:40.497" intervalms="1863.783">
  <response-info timems="0.125" idlems="0.125" threads="0" lastid="0000000001877E00" lastname="Default Executor-thread-13" />
</exclusive-start>
<af-start id="1641" threadId="0000000001878780" totalBytesRequested="72" timestamp="2023-06-02T09:19:40.497" intervalms="1915.570" type="nursery" />
<cycle-start id="1642" type="scavenge" contextid="0" timestamp="2023-06-02T09:19:40.497" intervalms="1915.569" />
<gc-start id="1643" type="scavenge" contextid="1642" timestamp="2023-06-02T09:19:40.499">
  <mem-info id="1644" free="105912944" total="1073741824" percent="9">
    <mem type="nursery" free="0" total="268435456" percent="0">
      <mem type="allocate" free="0" total="186253312" percent="0" />
      <mem type="survivor" free="0" total="82182144" percent="0" />
    </mem>
    <mem type="tenure" free="105912944" total="805306368" percent="13">
      <mem type="soa" free="69841528" total="765040640" percent="9" />
      <mem type="loa" free="36071416" total="40265728" percent="89" />
    </mem>
    <remembered-set count="13977" />
  </mem-info>
</gc-start>
<allocation-stats totalBytes="169029936" >
  <allocated-bytes non-tlh="113400" tlh="168916536" />
  <largest-consumer threadName="Default Executor-thread-14 @@ 09:19 PiotrAniola &lt;Mozilla/5.0 (Windows NT 10.0; Win64; x64; rv:109.0) Gecko/20100101 Firefox/..." threadId="0000000001878A00" bytes="22726040" />
</allocation-stats>
<gc-op id="1645" type="scavenge" timems="5.516" contextid="1642" timestamp="2023-06-02T09:19:40.504">
  <scavenger-info tenureage="12" tenuremask="7000" tiltratio="69" />
  <memory-copied type="nursery" objects="222215" bytes="19099592" bytesdiscarded="191712" />
  <finalization candidates="937" enqueued="670" />
  <ownableSynchronizers candidates="112018" cleared="109619" />
  <references type="soft" candidates="2859" cleared="0" enqueued="0" dynamicThreshold="4" maxThreshold="32" />
  <references type="weak" candidates="1405" cleared="42" enqueued="31" />
  <references type="phantom" candidates="13" cleared="6" enqueued="6" />
</gc-op>
<gc-end id="1646" type="scavenge" contextid="1642" durationms="5.865" usertimems="0.000" systemtimems="0.000" timestamp="2023-06-02T09:19:40.505" activeThreads="16">
  <mem-info id="1647" free="284440248" total="1073741824" percent="26">
    <mem type="nursery" free="178527304" total="268435456" percent="66">
      <mem type="allocate" free="178527304" total="197853184" percent="90" />
      <mem type="survivor" free="0" total="70582272" percent="0" />
    </mem>
    <mem type="tenure" free="105912944" total="805306368" percent="13" macro-fragmented="688152">
      <mem type="soa" free="69841528" total="765040640" percent="9" />
      <mem type="loa" free="36071416" total="40265728" percent="89" />
    </mem>
    <pending-finalizers system="330" default="340" reference="37" classloader="0" />
    <remembered-set count="12427" />
  </mem-info>
</gc-end>
<cycle-end id="1648" type="scavenge" contextid="1642" timestamp="2023-06-02T09:19:40.507" />
<allocation-satisfied id="1649" threadId="0000000001877E00" bytesRequested="72" />
<af-end id="1650" timestamp="2023-06-02T09:19:40.507" threadId="0000000001878780" success="true" from="nursery"/>
<exclusive-end id="1651" timestamp="2023-06-02T09:19:40.507" durationms="9.947" />

<exclusive-start id="1652" timestamp="2023-06-02T09:19:55.897" intervalms="15400.145">
  <response-info timems="0.140" idlems="0.140" threads="0" lastid="0000000001994900" lastname="Default Executor-thread-32 @@ 09:19 PiotrAniola &lt;Mozilla/5.0" />
</exclusive-start>
<af-start id="1653" threadId="0000000001995280" totalBytesRequested="9712" timestamp="2023-06-02T09:19:55.897" intervalms="15400.180" type="nursery" />
<cycle-start id="1654" type="scavenge" contextid="0" timestamp="2023-06-02T09:19:55.897" intervalms="15400.200" />
<gc-start id="1655" type="scavenge" contextid="1654" timestamp="2023-06-02T09:19:55.899">
  <mem-info id="1656" free="105893976" total="1073741824" percent="9">
    <mem type="nursery" free="0" total="268435456" percent="0">
      <mem type="allocate" free="0" total="197853184" percent="0" />
      <mem type="survivor" free="0" total="70582272" percent="0" />
    </mem>
    <mem type="tenure" free="105893976" total="805306368" percent="13">
      <mem type="soa" free="69822560" total="765040640" percent="9" />
      <mem type="loa" free="36071416" total="40265728" percent="89" />
    </mem>
    <remembered-set count="15298" />
  </mem-info>
</gc-start>
<allocation-stats totalBytes="178423576" >
  <allocated-bytes non-tlh="152496" tlh="178271080" />
  <largest-consumer threadName="Default Executor-thread-14" threadId="0000000001878A00" bytes="22983952" />
</allocation-stats>
<gc-op id="1657" type="scavenge" timems="6.510" contextid="1654" timestamp="2023-06-02T09:19:55.905">
  <scavenger-info tenureage="13" tenuremask="6000" tiltratio="73" />
  <memory-copied type="nursery" objects="224911" bytes="19023928" bytesdiscarded="294520" />
  <finalization candidates="1978" enqueued="1714" />
  <ownableSynchronizers candidates="6500" cleared="4288" />
  <references type="soft" candidates="2943" cleared="0" enqueued="0" dynamicThreshold="4" maxThreshold="32" />
  <references type="weak" candidates="1655" cleared="67" enqueued="29" />
  <references type="phantom" candidates="8" cleared="0" enqueued="0" />
</gc-op>
<gc-end id="1658" type="scavenge" contextid="1654" durationms="7.044" usertimems="15.625" systemtimems="0.000" timestamp="2023-06-02T09:19:55.906" activeThreads="16">
  <mem-info id="1659" free="293909048" total="1073741824" percent="27">
    <mem type="nursery" free="188015072" total="268435456" percent="70">
      <mem type="allocate" free="188015072" total="207355904" percent="90" />
      <mem type="survivor" free="0" total="61079552" percent="0" />
    </mem>
    <mem type="tenure" free="105893976" total="805306368" percent="13" macro-fragmented="688152">
      <mem type="soa" free="69822560" total="765040640" percent="9" />
      <mem type="loa" free="36071416" total="40265728" percent="89" />
    </mem>
    <pending-finalizers system="399" default="1315" reference="29" classloader="0" />
    <remembered-set count="11934" />
  </mem-info>
</gc-end>
<cycle-end id="1660" type="scavenge" contextid="1654" timestamp="2023-06-02T09:19:55.925" />
<allocation-satisfied id="1661" threadId="0000000001994900" bytesRequested="9712" />
<af-end id="1662" timestamp="2023-06-02T09:19:55.925" threadId="0000000001995280" success="true" from="nursery"/>
<exclusive-end id="1663" timestamp="2023-06-02T09:19:55.925" durationms="28.503" />

<exclusive-start id="1664" timestamp="2023-06-02T09:19:59.047" intervalms="3150.523">
  <response-info timems="0.125" idlems="0.125" threads="0" lastid="000000000AB9D100" lastname="qm: AsynchronousTaskRunner-4 @@ 09:19" />
</exclusive-start>
<af-start id="1665" threadId="000000000AB9DA80" totalBytesRequested="32776" timestamp="2023-06-02T09:19:59.047" intervalms="3150.484" type="nursery" />
<cycle-start id="1666" type="scavenge" contextid="0" timestamp="2023-06-02T09:19:59.047" intervalms="3150.472" />
<gc-start id="1667" type="scavenge" contextid="1666" timestamp="2023-06-02T09:19:59.050">
  <mem-info id="1668" free="105752184" total="1073741824" percent="9">
    <mem type="nursery" free="0" total="268435456" percent="0">
      <mem type="allocate" free="0" total="207355904" percent="0" />
      <mem type="survivor" free="0" total="61079552" percent="0" />
    </mem>
    <mem type="tenure" free="105752184" total="805306368" percent="13">
      <mem type="soa" free="69680768" total="765040640" percent="9" />
      <mem type="loa" free="36071416" total="40265728" percent="89" />
    </mem>
    <remembered-set count="17421" />
  </mem-info>
</gc-start>
<allocation-stats totalBytes="187998872" >
  <allocated-bytes non-tlh="545792" tlh="187453080" />
  <largest-consumer threadName="Default Executor-thread-9 @@ 09:19 PiotrAniola &lt;Mozilla/5.0 (Windows NT 10.0; Win64; x64; rv:109.0) Gecko/20100101 Firefox/1..." threadId="0000000001742F00" bytes="128338280" />
</allocation-stats>
<gc-op id="1669" type="scavenge" timems="8.871" contextid="1666" timestamp="2023-06-02T09:19:59.059">
  <scavenger-info tenureage="4" tenuremask="4030" tiltratio="77" />
  <memory-copied type="nursery" objects="273042" bytes="18625056" bytesdiscarded="396184" />
  <memory-copied type="tenure" objects="73061" bytes="9399672" bytesdiscarded="62752" />
  <finalization candidates="2392" enqueued="2092" />
  <ownableSynchronizers candidates="16219" cleared="13312" />
  <references type="soft" candidates="3952" cleared="0" enqueued="0" dynamicThreshold="4" maxThreshold="32" />
  <references type="weak" candidates="1953" cleared="517" enqueued="499" />
  <references type="phantom" candidates="20" cleared="0" enqueued="0" />
</gc-op>
<gc-end id="1670" type="scavenge" contextid="1666" durationms="9.246" usertimems="0.000" systemtimems="0.000" timestamp="2023-06-02T09:19:59.059" activeThreads="16">
  <mem-info id="1671" free="292112408" total="1073741824" percent="27">
    <mem type="nursery" free="195968296" total="268435456" percent="73">
      <mem type="allocate" free="195968296" total="215023616" percent="91" />
      <mem type="survivor" free="0" total="53411840" percent="0" />
    </mem>
    <mem type="tenure" free="96144112" total="805306368" percent="11" macro-fragmented="0">
      <mem type="soa" free="60072696" total="765040640" percent="7" />
      <mem type="loa" free="36071416" total="40265728" percent="89" />
    </mem>
    <pending-finalizers system="1378" default="714" reference="499" classloader="0" />
    <remembered-set count="13261" />
  </mem-info>
</gc-end>
<cycle-end id="1672" type="scavenge" contextid="1666" timestamp="2023-06-02T09:19:59.070" />
<allocation-satisfied id="1673" threadId="000000000AB9D100" bytesRequested="32776" />
<af-end id="1674" timestamp="2023-06-02T09:19:59.070" threadId="000000000AB9DA80" success="true" from="nursery"/>
<exclusive-end id="1675" timestamp="2023-06-02T09:19:59.070" durationms="21.841" />

<exclusive-start id="1676" timestamp="2023-06-02T09:20:00.069" intervalms="1022.141">
  <response-info timems="0.142" idlems="0.142" threads="0" lastid="0000000001878A00" lastname="[SQL@09:20:00.060], select t1.ITEM_ID, 78, t1.SUBJECT_ITEM_ITEM" />
</exclusive-start>
<af-start id="1677" threadId="0000000001879380" totalBytesRequested="33554440" timestamp="2023-06-02T09:20:00.070" intervalms="1022.201" type="nursery" />
<cycle-start id="1678" type="scavenge" contextid="0" timestamp="2023-06-02T09:20:00.070" intervalms="1022.217" />
<gc-start id="1679" type="scavenge" contextid="1678" timestamp="2023-06-02T09:20:00.072">
  <mem-info id="1680" free="115714256" total="1073741824" percent="10">
    <mem type="nursery" free="19729696" total="268435456" percent="7">
      <mem type="allocate" free="19729696" total="215023616" percent="9" />
      <mem type="survivor" free="0" total="53411840" percent="0" />
    </mem>
    <mem type="tenure" free="95984560" total="805306368" percent="11">
      <mem type="soa" free="59913144" total="765040640" percent="7" />
      <mem type="loa" free="36071416" total="40265728" percent="89" />
    </mem>
    <remembered-set count="18782" />
  </mem-info>
</gc-start>
<allocation-stats totalBytes="176155496" >
  <allocated-bytes non-tlh="37004184" tlh="139151312" />
  <largest-consumer threadName="Default Executor-thread-42" threadId="000000000B6FD100" bytes="55804144" />
</allocation-stats>
<gc-op id="1681" type="scavenge" timems="8.232" contextid="1678" timestamp="2023-06-02T09:20:00.081">
  <scavenger-info tenureage="14" tenuremask="4000" tiltratio="80" />
  <memory-copied type="nursery" objects="365971" bytes="23682272" bytesdiscarded="243872" />
  <finalization candidates="1495" enqueued="1312" />
  <ownableSynchronizers candidates="12657" cleared="8901" />
  <references type="soft" candidates="5129" cleared="0" enqueued="0" dynamicThreshold="4" maxThreshold="32" />
  <references type="weak" candidates="3123" cleared="226" enqueued="183" />
  <references type="phantom" candidates="22" cleared="0" enqueued="0" />
</gc-op>
<gc-end id="1682" type="scavenge" contextid="1678" durationms="8.645" usertimems="109.375" systemtimems="0.000" timestamp="2023-06-02T09:20:00.081" activeThreads="16">
  <mem-info id="1683" free="290779528" total="1073741824" percent="27">
    <mem type="nursery" free="194794968" total="268435456" percent="72">
      <mem type="allocate" free="194794968" total="218759168" percent="89" />
      <mem type="survivor" free="0" total="49676288" percent="0" />
    </mem>
    <mem type="tenure" free="95984560" total="805306368" percent="11" macro-fragmented="0">
      <mem type="soa" free="59913144" total="765040640" percent="7" />
      <mem type="loa" free="36071416" total="40265728" percent="89" />
    </mem>
    <pending-finalizers system="1114" default="198" reference="183" classloader="0" />
    <remembered-set count="16947" />
  </mem-info>
</gc-end>
<cycle-end id="1684" type="scavenge" contextid="1678" timestamp="2023-06-02T09:20:00.084" />
<allocation-satisfied id="1685" threadId="0000000001878A00" bytesRequested="33554440" />
<af-end id="1686" timestamp="2023-06-02T09:20:00.087" threadId="0000000001879380" success="true" from="nursery"/>
<exclusive-end id="1687" timestamp="2023-06-02T09:20:00.087" durationms="16.922" />

<exclusive-start id="1688" timestamp="2023-06-02T09:20:00.647" intervalms="577.363">
  <response-info timems="0.189" idlems="0.189" threads="0" lastid="0000000001746B00" lastname="[SQL@09:20:00.639], select t1.ITEM_ID, 78, t1.SUBJECT_ITEM_ITEM" />
</exclusive-start>
<af-start id="1689" threadId="0000000001747480" totalBytesRequested="33554440" timestamp="2023-06-02T09:20:00.647" intervalms="577.369" type="nursery" />
<cycle-start id="1690" type="scavenge" contextid="0" timestamp="2023-06-02T09:20:00.647" intervalms="577.383" />
<gc-start id="1691" type="scavenge" contextid="1690" timestamp="2023-06-02T09:20:00.649">
  <mem-info id="1692" free="124977904" total="1073741824" percent="11">
    <mem type="nursery" free="28997032" total="268435456" percent="10">
      <mem type="allocate" free="28997032" total="218759168" percent="13" />
      <mem type="survivor" free="0" total="49676288" percent="0" />
    </mem>
    <mem type="tenure" free="95980872" total="805306368" percent="11">
      <mem type="soa" free="59909456" total="765040640" percent="7" />
      <mem type="loa" free="36071416" total="40265728" percent="89" />
    </mem>
    <remembered-set count="18142" />
  </mem-info>
</gc-start>
<allocation-stats totalBytes="165601912" >
  <allocated-bytes non-tlh="68193944" tlh="97407968" />
  <largest-consumer threadName="Default Executor-thread-45" threadId="000000000B6BED00" bytes="40415328" />
</allocation-stats>
<gc-op id="1693" type="scavenge" timems="6.938" contextid="1690" timestamp="2023-06-02T09:20:00.657">
  <scavenger-info tenureage="14" tenuremask="4000" tiltratio="81" />
  <memory-copied type="nursery" objects="370108" bytes="21137744" bytesdiscarded="195136" />
  <finalization candidates="456" enqueued="268" />
  <ownableSynchronizers candidates="8902" cleared="5102" />
  <references type="soft" candidates="5171" cleared="0" enqueued="0" dynamicThreshold="4" maxThreshold="32" />
  <references type="weak" candidates="3088" cleared="59" enqueued="41" />
  <references type="phantom" candidates="38" cleared="0" enqueued="0" />
</gc-op>
<gc-end id="1694" type="scavenge" contextid="1690" durationms="7.452" usertimems="15.625" systemtimems="0.000" timestamp="2023-06-02T09:20:00.657" activeThreads="16">
  <mem-info id="1695" free="297640048" total="1073741824" percent="27">
    <mem type="nursery" free="201659176" total="268435456" percent="75">
      <mem type="allocate" free="201659176" total="223019008" percent="90" />
      <mem type="survivor" free="0" total="45416448" percent="0" />
    </mem>
    <mem type="tenure" free="95980872" total="805306368" percent="11" macro-fragmented="0">
      <mem type="soa" free="59909456" total="765040640" percent="7" />
      <mem type="loa" free="36071416" total="40265728" percent="89" />
    </mem>
    <pending-finalizers system="110" default="158" reference="41" classloader="0" />
    <remembered-set count="15902" />
  </mem-info>
</gc-end>
<cycle-end id="1696" type="scavenge" contextid="1690" timestamp="2023-06-02T09:20:00.659" />
<allocation-satisfied id="1697" threadId="0000000001746B00" bytesRequested="33554440" />
<af-end id="1698" timestamp="2023-06-02T09:20:00.661" threadId="0000000001747480" success="true" from="nursery"/>
<exclusive-end id="1699" timestamp="2023-06-02T09:20:00.661" durationms="13.597" />

<exclusive-start id="1700" timestamp="2023-06-02T09:20:01.256" intervalms="608.670">
  <response-info timems="0.132" idlems="0.132" threads="0" lastid="000000000B6B4400" lastname="[SQL@09:20:01.248], select t1.ITEM_ID, 78, t1.SUBJECT_ITEM_ITEM" />
</exclusive-start>
<af-start id="1701" threadId="000000000B6B4D80" totalBytesRequested="33554440" timestamp="2023-06-02T09:20:01.256" intervalms="608.746" type="nursery" />
<cycle-start id="1702" type="scavenge" contextid="0" timestamp="2023-06-02T09:20:01.256" intervalms="608.735" />
<gc-start id="1703" type="scavenge" contextid="1702" timestamp="2023-06-02T09:20:01.258">
  <mem-info id="1704" free="139379736" total="1073741824" percent="12">
    <mem type="nursery" free="43404960" total="268435456" percent="16">
      <mem type="allocate" free="43404960" total="223019008" percent="19" />
      <mem type="survivor" free="0" total="45416448" percent="0" />
    </mem>
    <mem type="tenure" free="95974776" total="805306368" percent="11">
      <mem type="soa" free="59903360" total="765040640" percent="7" />
      <mem type="loa" free="36071416" total="40265728" percent="89" />
    </mem>
    <remembered-set count="17130" />
  </mem-info>
</gc-start>
<allocation-stats totalBytes="158186256" >
  <allocated-bytes non-tlh="68262312" tlh="89923944" />
  <largest-consumer threadName="Default Executor-thread-38" threadId="000000000B6A6500" bytes="41433456" />
</allocation-stats>
<gc-op id="1705" type="scavenge" timems="7.330" contextid="1702" timestamp="2023-06-02T09:20:01.265">
  <scavenger-info tenureage="3" tenuremask="5048" tiltratio="83" />
  <memory-copied type="nursery" objects="141586" bytes="8410800" bytesdiscarded="847536" />
  <memory-copied type="tenure" objects="234732" bytes="13606808" bytesdiscarded="114080" />
  <finalization candidates="576" enqueued="384" />
  <ownableSynchronizers candidates="10530" cleared="6659" />
  <references type="soft" candidates="1845" cleared="0" enqueued="0" dynamicThreshold="4" maxThreshold="32" />
  <references type="weak" candidates="2209" cleared="21" enqueued="11" />
  <references type="phantom" candidates="8" cleared="0" enqueued="0" />
</gc-op>
<gc-end id="1706" type="scavenge" contextid="1702" durationms="7.679" usertimems="31.250" systemtimems="0.000" timestamp="2023-06-02T09:20:01.266" activeThreads="16">
  <mem-info id="1707" free="299882880" total="1073741824" percent="27">
    <mem type="nursery" free="217738096" total="268435456" percent="81">
      <mem type="allocate" free="217738096" total="227016704" percent="95" />
      <mem type="survivor" free="0" total="41418752" percent="0" />
    </mem>
    <mem type="tenure" free="82144784" total="805306368" percent="10" macro-fragmented="0">
      <mem type="soa" free="46073368" total="765040640" percent="6" />
      <mem type="loa" free="36071416" total="40265728" percent="89" />
    </mem>
    <pending-finalizers system="130" default="254" reference="11" classloader="0" />
    <remembered-set count="8165" />
  </mem-info>
</gc-end>
<cycle-end id="1708" type="scavenge" contextid="1702" timestamp="2023-06-02T09:20:01.267" />
<allocation-satisfied id="1709" threadId="000000000B6B4400" bytesRequested="33554440" />
<af-end id="1710" timestamp="2023-06-02T09:20:01.269" threadId="000000000B6B4D80" success="true" from="nursery"/>
<exclusive-end id="1711" timestamp="2023-06-02T09:20:01.269" durationms="13.231" />

<exclusive-start id="1712" timestamp="2023-06-02T09:20:01.982" intervalms="726.140">
  <response-info timems="0.106" idlems="0.106" threads="0" lastid="0000000001746B00" lastname="[SQL@09:20:01.978], select t1.ITEM_ID, 78, t1.SUBJECT_ITEM_ITEM" />
</exclusive-start>
<af-start id="1713" threadId="0000000001747480" totalBytesRequested="33554440" timestamp="2023-06-02T09:20:01.982" intervalms="726.067" type="nursery" />
<cycle-start id="1714" type="scavenge" contextid="0" timestamp="2023-06-02T09:20:01.982" intervalms="726.044" />
<gc-start id="1715" type="scavenge" contextid="1714" timestamp="2023-06-02T09:20:01.984">
  <mem-info id="1716" free="112980576" total="1073741824" percent="10">
    <mem type="nursery" free="30845744" total="268435456" percent="11">
      <mem type="allocate" free="30845744" total="227016704" percent="13" />
      <mem type="survivor" free="0" total="41418752" percent="0" />
    </mem>
    <mem type="tenure" free="82134832" total="805306368" percent="10">
      <mem type="soa" free="46063416" total="765040640" percent="6" />
      <mem type="loa" free="36071416" total="40265728" percent="89" />
    </mem>
    <remembered-set count="9691" />
  </mem-info>
</gc-start>
<allocation-stats totalBytes="186657472" >
  <allocated-bytes non-tlh="68249376" tlh="118408096" />
  <largest-consumer threadName="Default Executor-thread-47" threadId="000000000B71BC00" bytes="40631344" />
</allocation-stats>
<gc-op id="1717" type="scavenge" timems="3.590" contextid="1714" timestamp="2023-06-02T09:20:01.988">
  <scavenger-info tenureage="14" tenuremask="4000" tiltratio="84" />
  <memory-copied type="nursery" objects="150526" bytes="8917464" bytesdiscarded="194000" />
  <finalization candidates="551" enqueued="456" />
  <ownableSynchronizers candidates="9163" cleared="7663" />
  <references type="soft" candidates="1921" cleared="0" enqueued="0" dynamicThreshold="4" maxThreshold="32" />
  <references type="weak" candidates="2322" cleared="15" enqueued="8" />
  <references type="phantom" candidates="8" cleared="0" enqueued="0" />
</gc-op>
<gc-end id="1718" type="scavenge" contextid="1714" durationms="3.909" usertimems="0.000" systemtimems="0.000" timestamp="2023-06-02T09:20:01.988" activeThreads="16">
  <mem-info id="1719" free="306046752" total="1073741824" percent="28">
    <mem type="nursery" free="223911920" total="268435456" percent="83">
      <mem type="allocate" free="223911920" total="233046016" percent="96" />
      <mem type="survivor" free="0" total="35389440" percent="0" />
    </mem>
    <mem type="tenure" free="82134832" total="805306368" percent="10" macro-fragmented="0">
      <mem type="soa" free="46063416" total="765040640" percent="6" />
      <mem type="loa" free="36071416" total="40265728" percent="89" />
    </mem>
    <pending-finalizers system="212" default="244" reference="8" classloader="0" />
    <remembered-set count="8531" />
  </mem-info>
</gc-end>
<cycle-end id="1720" type="scavenge" contextid="1714" timestamp="2023-06-02T09:20:01.989" />
<allocation-satisfied id="1721" threadId="0000000001746B00" bytesRequested="33554440" />
<af-end id="1722" timestamp="2023-06-02T09:20:01.991" threadId="0000000001747480" success="true" from="nursery"/>
<exclusive-end id="1723" timestamp="2023-06-02T09:20:01.991" durationms="9.070" />

<exclusive-start id="1724" timestamp="2023-06-02T09:20:02.660" intervalms="678.745">
  <response-info timems="0.204" idlems="0.204" threads="0" lastid="000000000B6A6500" lastname="[SQL@09:20:02.650], select t1.ITEM_ID, 78, t1.SUBJECT_ITEM_ITEM" />
</exclusive-start>
<af-start id="1725" threadId="000000000B6A6E80" totalBytesRequested="33554440" timestamp="2023-06-02T09:20:02.661" intervalms="678.706" type="nursery" />
<cycle-start id="1726" type="scavenge" contextid="0" timestamp="2023-06-02T09:20:02.661" intervalms="678.742" />
<gc-start id="1727" type="scavenge" contextid="1726" timestamp="2023-06-02T09:20:02.663">
  <mem-info id="1728" free="136249360" total="1073741824" percent="12">
    <mem type="nursery" free="54119240" total="268435456" percent="20">
      <mem type="allocate" free="54119240" total="233046016" percent="23" />
      <mem type="survivor" free="0" total="35389440" percent="0" />
    </mem>
    <mem type="tenure" free="82130120" total="805306368" percent="10">
      <mem type="soa" free="46058704" total="765040640" percent="6" />
      <mem type="loa" free="36071416" total="40265728" percent="89" />
    </mem>
    <remembered-set count="10239" />
  </mem-info>
</gc-start>
<allocation-stats totalBytes="169546648" >
  <allocated-bytes non-tlh="68357072" tlh="101189576" />
  <largest-consumer threadName="Default Executor-thread-17" threadId="0000000001876500" bytes="40479192" />
</allocation-stats>
<gc-op id="1729" type="scavenge" timems="9.576" contextid="1726" timestamp="2023-06-02T09:20:02.673">
  <scavenger-info tenureage="4" tenuremask="4010" tiltratio="86" />
  <memory-copied type="nursery" objects="96905" bytes="6599784" bytesdiscarded="341832" />
  <memory-copied type="tenure" objects="62352" bytes="3205016" bytesdiscarded="31688" />
  <finalization candidates="559" enqueued="459" />
  <ownableSynchronizers candidates="8581" cleared="6932" />
  <references type="soft" candidates="583" cleared="0" enqueued="0" dynamicThreshold="4" maxThreshold="32" />
  <references type="weak" candidates="940" cleared="23" enqueued="11" />
  <references type="phantom" candidates="8" cleared="0" enqueued="0" />
</gc-op>
<gc-end id="1730" type="scavenge" contextid="1726" durationms="9.925" usertimems="15.625" systemtimems="0.000" timestamp="2023-06-02T09:20:02.673" activeThreads="16">
  <mem-info id="1731" free="309829000" total="1073741824" percent="28">
    <mem type="nursery" free="231002560" total="268435456" percent="86">
      <mem type="allocate" free="231002560" total="237961216" percent="97" />
      <mem type="survivor" free="0" total="30474240" percent="0" />
    </mem>
    <mem type="tenure" free="78826440" total="805306368" percent="9" macro-fragmented="0">
      <mem type="soa" free="42755024" total="765040640" percent="5" />
      <mem type="loa" free="36071416" total="40265728" percent="89" />
    </mem>
    <pending-finalizers system="173" default="286" reference="11" classloader="0" />
    <remembered-set count="5639" />
  </mem-info>
</gc-end>
<cycle-end id="1732" type="scavenge" contextid="1726" timestamp="2023-06-02T09:20:02.675" />
<allocation-satisfied id="1733" threadId="000000000B6A6500" bytesRequested="33554440" />
<af-end id="1734" timestamp="2023-06-02T09:20:02.676" threadId="000000000B6A6E80" success="true" from="nursery"/>
<exclusive-end id="1735" timestamp="2023-06-02T09:20:02.676" durationms="15.706" />

<exclusive-start id="1736" timestamp="2023-06-02T09:20:03.485" intervalms="823.718">
  <response-info timems="0.124" idlems="0.124" threads="0" lastid="000000000B6FD100" lastname="Default Executor-thread-42 @@ 09:20 PiotrAniola &lt;Mozilla/5.0" />
</exclusive-start>
<af-start id="1737" threadId="000000000B6FDA80" totalBytesRequested="1640" timestamp="2023-06-02T09:20:03.485" intervalms="823.689" type="nursery" />
<cycle-start id="1738" type="scavenge" contextid="0" timestamp="2023-06-02T09:20:03.485" intervalms="823.662" />
<gc-start id="1739" type="scavenge" contextid="1738" timestamp="2023-06-02T09:20:03.486">
  <mem-info id="1740" free="78822288" total="1073741824" percent="7">
    <mem type="nursery" free="0" total="268435456" percent="0">
      <mem type="allocate" free="0" total="237961216" percent="0" />
      <mem type="survivor" free="0" total="30474240" percent="0" />
    </mem>
    <mem type="tenure" free="78822288" total="805306368" percent="9">
      <mem type="soa" free="42750872" total="765040640" percent="5" />
      <mem type="loa" free="36071416" total="40265728" percent="89" />
    </mem>
    <remembered-set count="7314" />
  </mem-info>
</gc-start>
<allocation-stats totalBytes="230840392" >
  <allocated-bytes non-tlh="101994696" tlh="128845696" />
  <largest-consumer threadName="Default Executor-thread-47" threadId="000000000B71BC00" bytes="41826928" />
</allocation-stats>
<gc-op id="1741" type="scavenge" timems="3.033" contextid="1738" timestamp="2023-06-02T09:20:03.490">
  <scavenger-info tenureage="4" tenuremask="4010" tiltratio="88" />
  <memory-copied type="nursery" objects="56584" bytes="4425592" bytesdiscarded="283720" />
  <memory-copied type="tenure" objects="6512" bytes="748744" bytesdiscarded="4368" />
  <finalization candidates="538" enqueued="467" />
  <ownableSynchronizers candidates="9771" cleared="9181" />
  <references type="soft" candidates="619" cleared="0" enqueued="0" dynamicThreshold="4" maxThreshold="32" />
  <references type="weak" candidates="911" cleared="17" enqueued="8" />
  <references type="phantom" candidates="6" cleared="0" enqueued="0" />
</gc-op>
<gc-end id="1742" type="scavenge" contextid="1738" durationms="3.479" usertimems="0.000" systemtimems="0.000" timestamp="2023-06-02T09:20:03.490" activeThreads="16">
  <mem-info id="1743" free="314905832" total="1073741824" percent="29">
    <mem type="nursery" free="236838824" total="268435456" percent="88">
      <mem type="allocate" free="236838824" total="241565696" percent="98" />
      <mem type="survivor" free="0" total="26869760" percent="0" />
    </mem>
    <mem type="tenure" free="78067008" total="805306368" percent="9" macro-fragmented="0">
      <mem type="soa" free="41995592" total="765040640" percent="5" />
      <mem type="loa" free="36071416" total="40265728" percent="89" />
    </mem>
    <pending-finalizers system="163" default="304" reference="8" classloader="0" />
    <remembered-set count="5548" />
  </mem-info>
</gc-end>
<cycle-end id="1744" type="scavenge" contextid="1738" timestamp="2023-06-02T09:20:03.491" />
<allocation-satisfied id="1745" threadId="000000000B6FD100" bytesRequested="1640" />
<af-end id="1746" timestamp="2023-06-02T09:20:03.491" threadId="000000000B6FDA80" success="true" from="nursery"/>
<exclusive-end id="1747" timestamp="2023-06-02T09:20:03.491" durationms="7.027" />

<exclusive-start id="1748" timestamp="2023-06-02T09:20:04.152" intervalms="667.776">
  <response-info timems="0.163" idlems="0.163" threads="0" lastid="000000000B71BC00" lastname="[SQL@09:20:04.146], select t1.ITEM_ID, 78, t1.SUBJECT_ITEM_ITEM" />
</exclusive-start>
<af-start id="1749" threadId="000000000B71C580" totalBytesRequested="33554440" timestamp="2023-06-02T09:20:04.153" intervalms="667.851" type="nursery" />
<cycle-start id="1750" type="scavenge" contextid="0" timestamp="2023-06-02T09:20:04.153" intervalms="667.935" />
<gc-start id="1751" type="scavenge" contextid="1750" timestamp="2023-06-02T09:20:04.155">
  <mem-info id="1752" free="128120000" total="1073741824" percent="11">
    <mem type="nursery" free="50063568" total="268435456" percent="18">
      <mem type="allocate" free="50063568" total="241565696" percent="20" />
      <mem type="survivor" free="0" total="26869760" percent="0" />
    </mem>
    <mem type="tenure" free="78056432" total="805306368" percent="9">
      <mem type="soa" free="41985016" total="765040640" percent="5" />
      <mem type="loa" free="36071416" total="40265728" percent="89" />
    </mem>
    <remembered-set count="7275" />
  </mem-info>
</gc-start>
<allocation-stats totalBytes="186545904" >
  <allocated-bytes non-tlh="68889976" tlh="117655928" />
  <largest-consumer threadName="[SQL@09:20:04.146], select t1.ITEM_ID, 78, t1.SUBJECT_ITEM_ITEM_ID, t1.JZ_SUBJECT_ITEM_DISCRIMINATOR, t1.OBJECT_ITEM_ITEM_ID, t..." threadId="000000000B71BC00" bytes="45328880" />
</allocation-stats>
<gc-op id="1753" type="scavenge" timems="3.337" contextid="1750" timestamp="2023-06-02T09:20:04.158">
  <scavenger-info tenureage="6" tenuremask="fdc0" tiltratio="89" />
  <memory-copied type="nursery" objects="95366" bytes="6190392" bytesdiscarded="179712" />
  <memory-copied type="tenure" objects="5457" bytes="431560" bytesdiscarded="1576" />
  <finalization candidates="449" enqueued="376" />
  <ownableSynchronizers candidates="7230" cleared="6676" />
  <references type="soft" candidates="574" cleared="0" enqueued="0" dynamicThreshold="4" maxThreshold="32" />
  <references type="weak" candidates="712" cleared="13" enqueued="8" />
  <references type="phantom" candidates="5" cleared="0" enqueued="0" />
</gc-op>
<gc-end id="1754" type="scavenge" contextid="1750" durationms="3.651" usertimems="0.000" systemtimems="0.000" timestamp="2023-06-02T09:20:04.158" activeThreads="16">
  <mem-info id="1755" free="312803384" total="1073741824" percent="29">
    <mem type="nursery" free="235177920" total="268435456" percent="87">
      <mem type="allocate" free="235177920" total="241565696" percent="97" />
      <mem type="survivor" free="0" total="26869760" percent="0" />
    </mem>
    <mem type="tenure" free="77625464" total="805306368" percent="9" macro-fragmented="2539">
      <mem type="soa" free="41554048" total="765040640" percent="5" />
      <mem type="loa" free="36071416" total="40265728" percent="89" />
    </mem>
    <pending-finalizers system="160" default="216" reference="8" classloader="0" />
    <remembered-set count="4757" />
  </mem-info>
</gc-end>
<cycle-end id="1756" type="scavenge" contextid="1750" timestamp="2023-06-02T09:20:04.160" />
<allocation-satisfied id="1757" threadId="000000000B71BC00" bytesRequested="33554440" />
<af-end id="1758" timestamp="2023-06-02T09:20:04.162" threadId="000000000B71C580" success="true" from="nursery"/>
<exclusive-end id="1759" timestamp="2023-06-02T09:20:04.162" durationms="10.198" />

<exclusive-start id="1760" timestamp="2023-06-02T09:20:21.868" intervalms="17715.802">
  <response-info timems="0.108" idlems="0.108" threads="0" lastid="0000000001877E00" lastname="Default Executor-thread-13" />
</exclusive-start>
<af-start id="1761" threadId="0000000001878780" totalBytesRequested="72" timestamp="2023-06-02T09:20:21.868" intervalms="17715.724" type="nursery" />
<cycle-start id="1762" type="scavenge" contextid="0" timestamp="2023-06-02T09:20:21.868" intervalms="17715.632" />
<gc-start id="1763" type="scavenge" contextid="1762" timestamp="2023-06-02T09:20:21.869">
  <mem-info id="1764" free="77608568" total="1073741824" percent="7">
    <mem type="nursery" free="0" total="268435456" percent="0">
      <mem type="allocate" free="0" total="241565696" percent="0" />
      <mem type="survivor" free="0" total="26869760" percent="0" />
    </mem>
    <mem type="tenure" free="77608568" total="805306368" percent="9">
      <mem type="soa" free="41537152" total="765040640" percent="5" />
      <mem type="loa" free="36071416" total="40265728" percent="89" />
    </mem>
    <remembered-set count="9220" />
  </mem-info>
</gc-start>
<allocation-stats totalBytes="235054640" >
  <allocated-bytes non-tlh="33636184" tlh="201418456" />
  <largest-consumer threadName="Default Executor-thread-47" threadId="000000000B71BC00" bytes="36273464" />
</allocation-stats>
<gc-op id="1765" type="scavenge" timems="4.458" contextid="1762" timestamp="2023-06-02T09:20:21.873">
  <scavenger-info tenureage="4" tenuremask="f9f0" tiltratio="89" />
  <memory-copied type="nursery" objects="57384" bytes="5193488" bytesdiscarded="305360" />
  <memory-copied type="tenure" objects="14170" bytes="1086768" bytesdiscarded="1840" />
  <finalization candidates="1603" enqueued="1523" />
  <ownableSynchronizers candidates="6119" cleared="5178" />
  <references type="soft" candidates="453" cleared="0" enqueued="0" dynamicThreshold="4" maxThreshold="32" />
  <references type="weak" candidates="706" cleared="55" enqueued="42" />
  <references type="phantom" candidates="6" cleared="0" enqueued="0" />
</gc-op>
<gc-end id="1766" type="scavenge" contextid="1762" durationms="4.777" usertimems="0.000" systemtimems="0.000" timestamp="2023-06-02T09:20:21.873" activeThreads="16">
  <mem-info id="1767" free="312608392" total="1073741824" percent="29">
    <mem type="nursery" free="236043488" total="268435456" percent="87">
      <mem type="allocate" free="236043488" total="241565696" percent="97" />
      <mem type="survivor" free="0" total="26869760" percent="0" />
    </mem>
    <mem type="tenure" free="76564904" total="805306368" percent="9" macro-fragmented="32800">
      <mem type="soa" free="40493488" total="765040640" percent="5" />
      <mem type="loa" free="36071416" total="40265728" percent="89" />
    </mem>
    <pending-finalizers system="308" default="1215" reference="42" classloader="0" />
    <remembered-set count="6487" />
  </mem-info>
</gc-end>
<cycle-end id="1768" type="scavenge" contextid="1762" timestamp="2023-06-02T09:20:21.884" />
<allocation-satisfied id="1769" threadId="0000000001877E00" bytesRequested="72" />
<af-end id="1770" timestamp="2023-06-02T09:20:21.884" threadId="0000000001878780" success="true" from="nursery"/>
<exclusive-end id="1771" timestamp="2023-06-02T09:20:21.884" durationms="16.385" />

<exclusive-start id="1772" timestamp="2023-06-02T09:20:29.783" intervalms="7915.578">
  <response-info timems="0.206" idlems="0.206" threads="0" lastid="000000000B6FA100" lastname="Default Executor-thread-43 @@ 09:20 PiotrAniola &lt;Mozilla/5.0" />
</exclusive-start>
<af-start id="1773" threadId="000000000B6FAA80" totalBytesRequested="40" timestamp="2023-06-02T09:20:29.783" intervalms="7915.643" type="nursery" />
<cycle-start id="1774" type="scavenge" contextid="0" timestamp="2023-06-02T09:20:29.783" intervalms="7915.657" />
<gc-start id="1775" type="scavenge" contextid="1774" timestamp="2023-06-02T09:20:29.786">
  <mem-info id="1776" free="76562904" total="1073741824" percent="7">
    <mem type="nursery" free="0" total="268435456" percent="0">
      <mem type="allocate" free="0" total="241565696" percent="0" />
      <mem type="survivor" free="0" total="26869760" percent="0" />
    </mem>
    <mem type="tenure" free="76562904" total="805306368" percent="9">
      <mem type="soa" free="40491488" total="765040640" percent="5" />
      <mem type="loa" free="36071416" total="40265728" percent="89" />
    </mem>
    <remembered-set count="10124" />
  </mem-info>
</gc-start>
<allocation-stats totalBytes="235771520" >
  <allocated-bytes non-tlh="509232" tlh="235262288" />
  <largest-consumer threadName="Default Executor-thread-43 @@ 09:20 PiotrAniola &lt;Mozilla/5.0 (Windows NT 10.0; Win64; x64; rv:109.0) Gecko/20100101 Firefox/..." threadId="000000000B6FA100" bytes="60235528" />
</allocation-stats>
<gc-op id="1777" type="scavenge" timems="5.358" contextid="1774" timestamp="2023-06-02T09:20:29.791">
  <scavenger-info tenureage="7" tenuremask="f780" tiltratio="89" />
  <memory-copied type="nursery" objects="122071" bytes="10833144" bytesdiscarded="320176" />
  <finalization candidates="2207" enqueued="2107" />
  <ownableSynchronizers candidates="9081" cleared="7083" />
  <references type="soft" candidates="1840" cleared="0" enqueued="0" dynamicThreshold="4" maxThreshold="32" />
  <references type="weak" candidates="1755" cleared="71" enqueued="26" />
  <references type="phantom" candidates="7" cleared="0" enqueued="0" />
</gc-op>
<gc-end id="1778" type="scavenge" contextid="1774" durationms="5.834" usertimems="31.250" systemtimems="0.000" timestamp="2023-06-02T09:20:29.791" activeThreads="16">
  <mem-info id="1779" free="306891896" total="1073741824" percent="28">
    <mem type="nursery" free="230328992" total="268435456" percent="85">
      <mem type="allocate" free="230328992" total="241565696" percent="95" />
      <mem type="survivor" free="0" total="26869760" percent="0" />
    </mem>
    <mem type="tenure" free="76562904" total="805306368" percent="9" macro-fragmented="659064">
      <mem type="soa" free="40491488" total="765040640" percent="5" />
      <mem type="loa" free="36071416" total="40265728" percent="89" />
    </mem>
    <pending-finalizers system="776" default="1331" reference="26" classloader="0" />
    <remembered-set count="8168" />
  </mem-info>
</gc-end>
<cycle-end id="1780" type="scavenge" contextid="1774" timestamp="2023-06-02T09:20:29.838" />
<allocation-satisfied id="1781" threadId="000000000B6FA100" bytesRequested="40" />
<af-end id="1782" timestamp="2023-06-02T09:20:29.838" threadId="000000000B6FAA80" success="true" from="nursery"/>
<exclusive-end id="1783" timestamp="2023-06-02T09:20:29.838" durationms="54.196" />

<exclusive-start id="1784" timestamp="2023-06-02T09:20:30.689" intervalms="905.899">
  <response-info timems="0.121" idlems="0.121" threads="0" lastid="00000000018AE900" lastname="Default Executor-thread-26 @@ 09:20 &lt;unauthenticated&gt; " />
</exclusive-start>
<af-start id="1785" threadId="00000000018AF280" totalBytesRequested="14752" timestamp="2023-06-02T09:20:30.690" intervalms="905.944" type="nursery" />
<cycle-start id="1786" type="scavenge" contextid="0" timestamp="2023-06-02T09:20:30.690" intervalms="906.023" />
<gc-start id="1787" type="scavenge" contextid="1786" timestamp="2023-06-02T09:20:30.692">
  <mem-info id="1788" free="76505024" total="1073741824" percent="7">
    <mem type="nursery" free="0" total="268435456" percent="0">
      <mem type="allocate" free="0" total="241565696" percent="0" />
      <mem type="survivor" free="0" total="26869760" percent="0" />
    </mem>
    <mem type="tenure" free="76505024" total="805306368" percent="9">
      <mem type="soa" free="40433608" total="765040640" percent="5" />
      <mem type="loa" free="36071416" total="40265728" percent="89" />
    </mem>
    <remembered-set count="11055" />
  </mem-info>
</gc-start>
<allocation-stats totalBytes="230269288" >
  <allocated-bytes non-tlh="6263336" tlh="224005952" />
  <largest-consumer threadName="[SQL@09:20:30.518], INSERT INTO PLANNING.TEST_CASE(STATE_ID, ITEM_ID, CONTEXT_ID, MODIFIED, MODIFIED_BY_ITEM_ID, STRING_EXTENSI..." threadId="000000000B6FA100" bytes="71253440" />
</allocation-stats>
<gc-op id="1789" type="scavenge" timems="5.154" contextid="1786" timestamp="2023-06-02T09:20:30.697">
  <scavenger-info tenureage="14" tenuremask="4000" tiltratio="89" />
  <memory-copied type="nursery" objects="165717" bytes="12548328" bytesdiscarded="248560" />
  <finalization candidates="1052" enqueued="930" />
  <ownableSynchronizers candidates="11415" cleared="8841" />
  <references type="soft" candidates="2483" cleared="0" enqueued="0" dynamicThreshold="4" maxThreshold="32" />
  <references type="weak" candidates="2159" cleared="137" enqueued="132" />
  <references type="phantom" candidates="7" cleared="0" enqueued="0" />
</gc-op>
<gc-end id="1790" type="scavenge" contextid="1786" durationms="5.689" usertimems="0.000" systemtimems="0.000" timestamp="2023-06-02T09:20:30.697" activeThreads="16">
  <mem-info id="1791" free="305243992" total="1073741824" percent="28">
    <mem type="nursery" free="228738968" total="268435456" percent="85">
      <mem type="allocate" free="228738968" total="241565696" percent="94" />
      <mem type="survivor" free="0" total="26869760" percent="0" />
    </mem>
    <mem type="tenure" free="76505024" total="805306368" percent="9" macro-fragmented="10920">
      <mem type="soa" free="40433608" total="765040640" percent="5" />
      <mem type="loa" free="36071416" total="40265728" percent="89" />
    </mem>
    <pending-finalizers system="501" default="429" reference="132" classloader="0" />
    <remembered-set count="10275" />
  </mem-info>
</gc-end>
<cycle-end id="1792" type="scavenge" contextid="1786" timestamp="2023-06-02T09:20:30.716" />
<allocation-satisfied id="1793" threadId="00000000018AE900" bytesRequested="14752" />
<af-end id="1794" timestamp="2023-06-02T09:20:30.716" threadId="00000000018AF280" success="true" from="nursery"/>
<exclusive-end id="1795" timestamp="2023-06-02T09:20:30.717" durationms="27.537" />

<exclusive-start id="1796" timestamp="2023-06-02T09:20:34.218" intervalms="3528.465">
  <response-info timems="0.141" idlems="0.141" threads="0" lastid="000000000AB91D00" lastname="qm: AsynchronousTaskRunner-1 @@ 09:20" />
</exclusive-start>
<af-start id="1797" threadId="000000000AB92680" totalBytesRequested="312" timestamp="2023-06-02T09:20:34.218" intervalms="3528.432" type="nursery" />
<cycle-start id="1798" type="scavenge" contextid="0" timestamp="2023-06-02T09:20:34.218" intervalms="3528.409" />
<gc-start id="1799" type="scavenge" contextid="1798" timestamp="2023-06-02T09:20:34.220">
  <mem-info id="1800" free="76416600" total="1073741824" percent="7">
    <mem type="nursery" free="0" total="268435456" percent="0">
      <mem type="allocate" free="0" total="241565696" percent="0" />
      <mem type="survivor" free="0" total="26869760" percent="0" />
    </mem>
    <mem type="tenure" free="76416600" total="805306368" percent="9">
      <mem type="soa" free="40345184" total="765040640" percent="5" />
      <mem type="loa" free="36071416" total="40265728" percent="89" />
    </mem>
    <remembered-set count="14319" />
  </mem-info>
</gc-start>
<allocation-stats totalBytes="228595944" >
  <allocated-bytes non-tlh="2760008" tlh="225835936" />
  <largest-consumer threadName="Default Executor-thread-43" threadId="000000000B6FA100" bytes="42441840" />
</allocation-stats>
<gc-op id="1801" type="scavenge" timems="6.363" contextid="1798" timestamp="2023-06-02T09:20:34.227">
  <scavenger-info tenureage="14" tenuremask="4000" tiltratio="89" />
  <memory-copied type="nursery" objects="227684" bytes="18145496" bytesdiscarded="423488" />
  <finalization candidates="2648" enqueued="2516" />
  <ownableSynchronizers candidates="10133" cleared="7018" />
  <references type="soft" candidates="2713" cleared="0" enqueued="0" dynamicThreshold="4" maxThreshold="32" />
  <references type="weak" candidates="3827" cleared="1926" enqueued="1832" />
  <references type="phantom" candidates="64" cleared="3" enqueued="3" />
</gc-op>
<gc-end id="1802" type="scavenge" contextid="1798" durationms="6.864" usertimems="0.000" systemtimems="0.000" timestamp="2023-06-02T09:20:34.227" activeThreads="16">
  <mem-info id="1803" free="299382568" total="1073741824" percent="27">
    <mem type="nursery" free="222965968" total="268435456" percent="83">
      <mem type="allocate" free="222965968" total="241565696" percent="92" />
      <mem type="survivor" free="0" total="26869760" percent="0" />
    </mem>
    <mem type="tenure" free="76416600" total="805306368" percent="9" macro-fragmented="0">
      <mem type="soa" free="40345184" total="765040640" percent="5" />
      <mem type="loa" free="36071416" total="40265728" percent="89" />
    </mem>
    <pending-finalizers system="1316" default="1200" reference="1835" classloader="0" />
    <remembered-set count="12490" />
  </mem-info>
</gc-end>
<cycle-end id="1804" type="scavenge" contextid="1798" timestamp="2023-06-02T09:20:34.231" />
<allocation-satisfied id="1805" threadId="000000000AB91D00" bytesRequested="312" />
<af-end id="1806" timestamp="2023-06-02T09:20:34.231" threadId="000000000AB92680" success="true" from="nursery"/>
<exclusive-end id="1807" timestamp="2023-06-02T09:20:34.231" durationms="12.787" />

<exclusive-start id="1808" timestamp="2023-06-02T09:20:45.384" intervalms="11166.236">
  <response-info timems="0.059" idlems="0.059" threads="0" lastid="000000000E5EC200" lastname="RM-Task-Executor-10" />
</exclusive-start>
<af-start id="1809" threadId="000000000E5ECB80" totalBytesRequested="56" timestamp="2023-06-02T09:20:45.385" intervalms="11166.173" type="nursery" />
<cycle-start id="1810" type="scavenge" contextid="0" timestamp="2023-06-02T09:20:45.385" intervalms="11166.097" />
<gc-start id="1811" type="scavenge" contextid="1810" timestamp="2023-06-02T09:20:45.385">
  <mem-info id="1812" free="76407840" total="1073741824" percent="7">
    <mem type="nursery" free="0" total="268435456" percent="0">
      <mem type="allocate" free="0" total="241565696" percent="0" />
      <mem type="survivor" free="0" total="26869760" percent="0" />
    </mem>
    <mem type="tenure" free="76407840" total="805306368" percent="9">
      <mem type="soa" free="40336424" total="765040640" percent="5" />
      <mem type="loa" free="36071416" total="40265728" percent="89" />
    </mem>
    <remembered-set count="14948" />
  </mem-info>
</gc-start>
<allocation-stats totalBytes="222787448" >
  <allocated-bytes non-tlh="270192" tlh="222517256" />
  <largest-consumer threadName="qm: AsynchronousTaskRunner-1" threadId="000000000AB91D00" bytes="23873728" />
</allocation-stats>
<gc-op id="1813" type="scavenge" timems="5.064" contextid="1810" timestamp="2023-06-02T09:20:45.391">
  <scavenger-info tenureage="14" tenuremask="4000" tiltratio="89" />
  <memory-copied type="nursery" objects="218144" bytes="16703136" bytesdiscarded="196256" />
  <memory-copied type="tenure" objects="3056" bytes="125792" bytesdiscarded="440" />
  <finalization candidates="1244" enqueued="1092" />
  <ownableSynchronizers candidates="6309" cleared="2961" />
  <references type="soft" candidates="2636" cleared="0" enqueued="0" dynamicThreshold="4" maxThreshold="32" />
  <references type="weak" candidates="1747" cleared="76" enqueued="29" />
  <references type="phantom" candidates="61" cleared="0" enqueued="0" />
</gc-op>
<gc-end id="1814" type="scavenge" contextid="1810" durationms="5.413" usertimems="15.625" systemtimems="0.000" timestamp="2023-06-02T09:20:45.391" activeThreads="16">
  <mem-info id="1815" free="300710112" total="1073741824" percent="28">
    <mem type="nursery" free="224633464" total="268435456" percent="83">
      <mem type="allocate" free="224633464" total="241565696" percent="92" />
      <mem type="survivor" free="0" total="26869760" percent="0" />
    </mem>
    <mem type="tenure" free="76076648" total="805306368" percent="9" macro-fragmented="0">
      <mem type="soa" free="40005232" total="765040640" percent="5" />
      <mem type="loa" free="36071416" total="40265728" percent="89" />
    </mem>
    <pending-finalizers system="239" default="853" reference="29" classloader="0" />
    <remembered-set count="12163" />
  </mem-info>
</gc-end>
<cycle-end id="1816" type="scavenge" contextid="1810" timestamp="2023-06-02T09:20:45.393" />
<allocation-satisfied id="1817" threadId="000000000E5EC200" bytesRequested="56" />
<af-end id="1818" timestamp="2023-06-02T09:20:45.393" threadId="000000000E5ECB80" success="true" from="nursery"/>
<exclusive-end id="1819" timestamp="2023-06-02T09:20:45.393" durationms="9.798" />

<exclusive-start id="1820" timestamp="2023-06-02T09:21:26.533" intervalms="41149.038">
  <response-info timems="0.131" idlems="0.131" threads="0" lastid="0000000001733F00" lastname="Default Executor-thread-5" />
</exclusive-start>
<af-start id="1821" threadId="0000000001734880" totalBytesRequested="72" timestamp="2023-06-02T09:21:26.533" intervalms="41149.082" type="nursery" />
<cycle-start id="1822" type="scavenge" contextid="0" timestamp="2023-06-02T09:21:26.533" intervalms="41149.098" />
<gc-start id="1823" type="scavenge" contextid="1822" timestamp="2023-06-02T09:21:26.535">
  <mem-info id="1824" free="76024048" total="1073741824" percent="7">
    <mem type="nursery" free="0" total="268435456" percent="0">
      <mem type="allocate" free="0" total="241565696" percent="0" />
      <mem type="survivor" free="0" total="26869760" percent="0" />
    </mem>
    <mem type="tenure" free="76024048" total="805306368" percent="9">
      <mem type="soa" free="39952632" total="765040640" percent="5" />
      <mem type="loa" free="36071416" total="40265728" percent="89" />
    </mem>
    <remembered-set count="16002" />
  </mem-info>
</gc-start>
<allocation-stats totalBytes="224412840" >
  <allocated-bytes non-tlh="429648" tlh="223983192" />
  <largest-consumer threadName="RM-Task-Executor-9" threadId="00000000039D9300" bytes="50844208" />
</allocation-stats>
<gc-op id="1825" type="scavenge" timems="5.790" contextid="1822" timestamp="2023-06-02T09:21:26.541">
  <scavenger-info tenureage="6" tenuremask="40c0" tiltratio="89" />
  <memory-copied type="nursery" objects="218582" bytes="17741248" bytesdiscarded="269400" />
  <memory-copied type="tenure" objects="11009" bytes="988512" bytesdiscarded="4680" />
  <finalization candidates="3391" enqueued="3223" />
  <ownableSynchronizers candidates="11012" cleared="7164" />
  <references type="soft" candidates="2598" cleared="0" enqueued="0" dynamicThreshold="4" maxThreshold="32" />
  <references type="weak" candidates="1880" cleared="183" enqueued="113" />
  <references type="phantom" candidates="58" cleared="0" enqueued="0" />
</gc-op>
<gc-end id="1826" type="scavenge" contextid="1822" durationms="6.249" usertimems="0.000" systemtimems="0.000" timestamp="2023-06-02T09:21:26.541" activeThreads="16">
  <mem-info id="1827" free="298395680" total="1073741824" percent="27">
    <mem type="nursery" free="223536720" total="268435456" percent="83">
      <mem type="allocate" free="223536720" total="241565696" percent="92" />
      <mem type="survivor" free="0" total="26869760" percent="0" />
    </mem>
    <mem type="tenure" free="74858960" total="805306368" percent="9" macro-fragmented="1250136">
      <mem type="soa" free="38787544" total="765040640" percent="5" />
      <mem type="loa" free="36071416" total="40265728" percent="89" />
    </mem>
    <pending-finalizers system="416" default="2807" reference="113" classloader="0" />
    <remembered-set count="13125" />
  </mem-info>
</gc-end>
<cycle-end id="1828" type="scavenge" contextid="1822" timestamp="2023-06-02T09:21:26.584" />
<allocation-satisfied id="1829" threadId="0000000001733F00" bytesRequested="72" />
<af-end id="1830" timestamp="2023-06-02T09:21:26.584" threadId="0000000001734880" success="true" from="nursery"/>
<exclusive-end id="1831" timestamp="2023-06-02T09:21:26.584" durationms="51.004" />

<exclusive-start id="1832" timestamp="2023-06-02T09:21:29.839" intervalms="3306.573">
  <response-info timems="0.182" idlems="0.182" threads="0" lastid="00000000018B0000" lastname="Default Executor-thread-28 @@ 09:21 &lt;unauthenticated&gt; " />
</exclusive-start>
<af-start id="1833" threadId="00000000018B0980" totalBytesRequested="464" timestamp="2023-06-02T09:21:29.840" intervalms="3306.634" type="nursery" />
<cycle-start id="1834" type="scavenge" contextid="0" timestamp="2023-06-02T09:21:29.840" intervalms="3306.689" />
<gc-start id="1835" type="scavenge" contextid="1834" timestamp="2023-06-02T09:21:29.841">
  <mem-info id="1836" free="74857904" total="1073741824" percent="6">
    <mem type="nursery" free="0" total="268435456" percent="0">
      <mem type="allocate" free="0" total="241565696" percent="0" />
      <mem type="survivor" free="0" total="26869760" percent="0" />
    </mem>
    <mem type="tenure" free="74857904" total="805306368" percent="9">
      <mem type="soa" free="38786488" total="765040640" percent="5" />
      <mem type="loa" free="36071416" total="40265728" percent="89" />
    </mem>
    <remembered-set count="14620" />
  </mem-info>
</gc-start>
<allocation-stats totalBytes="223398496" >
  <allocated-bytes non-tlh="5773856" tlh="217624640" />
  <largest-consumer threadName="Default Executor-thread-38" threadId="000000000B6A6500" bytes="52376904" />
</allocation-stats>
<gc-op id="1837" type="scavenge" timems="6.453" contextid="1834" timestamp="2023-06-02T09:21:29.848">
  <scavenger-info tenureage="14" tenuremask="4000" tiltratio="89" />
  <memory-copied type="nursery" objects="215676" bytes="17611792" bytesdiscarded="250360" />
  <finalization candidates="765" enqueued="603" />
  <ownableSynchronizers candidates="9656" cleared="5800" />
  <references type="soft" candidates="2600" cleared="0" enqueued="0" dynamicThreshold="4" maxThreshold="32" />
  <references type="weak" candidates="1826" cleared="49" enqueued="18" />
  <references type="phantom" candidates="58" cleared="0" enqueued="0" />
</gc-op>
<gc-end id="1838" type="scavenge" contextid="1834" durationms="7.095" usertimems="15.625" systemtimems="0.000" timestamp="2023-06-02T09:21:29.849" activeThreads="16">
  <mem-info id="1839" free="298532312" total="1073741824" percent="27">
    <mem type="nursery" free="223674408" total="268435456" percent="83">
      <mem type="allocate" free="223674408" total="241565696" percent="92" />
      <mem type="survivor" free="0" total="26869760" percent="0" />
    </mem>
    <mem type="tenure" free="74857904" total="805306368" percent="9" macro-fragmented="3145752">
      <mem type="soa" free="38786488" total="765040640" percent="5" />
      <mem type="loa" free="36071416" total="40265728" percent="89" />
    </mem>
    <pending-finalizers system="240" default="363" reference="18" classloader="0" />
    <remembered-set count="13234" />
  </mem-info>
</gc-end>
<cycle-end id="1840" type="scavenge" contextid="1834" timestamp="2023-06-02T09:21:29.868" />
<allocation-satisfied id="1841" threadId="00000000018B0000" bytesRequested="464" />
<af-end id="1842" timestamp="2023-06-02T09:21:29.868" threadId="00000000018B0980" success="true" from="nursery"/>
<exclusive-end id="1843" timestamp="2023-06-02T09:21:29.868" durationms="27.519" />

<exclusive-start id="1844" timestamp="2023-06-02T09:21:31.915" intervalms="2075.350">
  <response-info timems="0.350" idlems="0.350" threads="0" lastid="00000000015D4D00" lastname="Default Executor-thread-7 @@ 09:21 PiotrAniola &lt;Mozilla/5.0 " />
</exclusive-start>
<af-start id="1845" threadId="00000000015D5680" totalBytesRequested="48" timestamp="2023-06-02T09:21:31.915" intervalms="2075.436" type="nursery" />
<cycle-start id="1846" type="scavenge" contextid="0" timestamp="2023-06-02T09:21:31.915" intervalms="2075.398" />
<gc-start id="1847" type="scavenge" contextid="1846" timestamp="2023-06-02T09:21:31.918">
  <mem-info id="1848" free="74854608" total="1073741824" percent="6">
    <mem type="nursery" free="0" total="268435456" percent="0">
      <mem type="allocate" free="0" total="241565696" percent="0" />
      <mem type="survivor" free="0" total="26869760" percent="0" />
    </mem>
    <mem type="tenure" free="74854608" total="805306368" percent="9">
      <mem type="soa" free="38783192" total="765040640" percent="5" />
      <mem type="loa" free="36071416" total="40265728" percent="89" />
    </mem>
    <remembered-set count="14757" />
  </mem-info>
</gc-start>
<allocation-stats totalBytes="223442200" >
  <allocated-bytes non-tlh="5444952" tlh="217997248" />
  <largest-consumer threadName="Default Executor-thread-7 @@ 09:21 PiotrAniola &lt;Mozilla/5.0 (Windows NT 10.0; Win64; x64; rv:109.0) Gecko/20100101 Firefox/1..." threadId="00000000015D4D00" bytes="77178600" />
</allocation-stats>
<gc-op id="1849" type="scavenge" timems="5.521" contextid="1846" timestamp="2023-06-02T09:21:31.925">
  <scavenger-info tenureage="10" tenuremask="4400" tiltratio="89" />
  <memory-copied type="nursery" objects="211680" bytes="18233456" bytesdiscarded="238728" />
  <memory-copied type="tenure" objects="8804" bytes="619736" bytesdiscarded="3976" />
  <finalization candidates="1578" enqueued="1416" />
  <ownableSynchronizers candidates="15159" cleared="11341" />
  <references type="soft" candidates="2845" cleared="0" enqueued="0" dynamicThreshold="4" maxThreshold="32" />
  <references type="weak" candidates="2179" cleared="100" enqueued="90" />
  <references type="phantom" candidates="66" cleared="3" enqueued="3" />
</gc-op>
<gc-end id="1850" type="scavenge" contextid="1846" durationms="5.868" usertimems="109.375" systemtimems="0.000" timestamp="2023-06-02T09:21:31.925" activeThreads="16">
  <mem-info id="1851" free="297534088" total="1073741824" percent="27">
    <mem type="nursery" free="223072624" total="268435456" percent="83">
      <mem type="allocate" free="223072624" total="241565696" percent="92" />
      <mem type="survivor" free="0" total="26869760" percent="0" />
    </mem>
    <mem type="tenure" free="74461464" total="805306368" percent="9" macro-fragmented="3732887">
      <mem type="soa" free="38390048" total="765040640" percent="5" />
      <mem type="loa" free="36071416" total="40265728" percent="89" />
    </mem>
    <pending-finalizers system="74" default="1342" reference="93" classloader="0" />
    <remembered-set count="12237" />
  </mem-info>
</gc-end>
<cycle-end id="1852" type="scavenge" contextid="1846" timestamp="2023-06-02T09:21:31.961" />
<allocation-satisfied id="1853" threadId="00000000015D4D00" bytesRequested="48" />
<af-end id="1854" timestamp="2023-06-02T09:21:31.961" threadId="00000000015D5680" success="true" from="nursery"/>
<exclusive-end id="1855" timestamp="2023-06-02T09:21:31.961" durationms="46.263" />

<exclusive-start id="1856" timestamp="2023-06-02T09:21:33.143" intervalms="1227.923">
  <response-info timems="0.136" idlems="0.136" threads="0" lastid="00000000015D4D00" lastname="[SQL@09:21:33.142], select distinct t1.ITEM_ID, t1.STATE_ID, t1" />
</exclusive-start>
<af-start id="1857" threadId="00000000015D5680" totalBytesRequested="4104" timestamp="2023-06-02T09:21:33.143" intervalms="1227.716" type="nursery" />
<cycle-start id="1858" type="scavenge" contextid="0" timestamp="2023-06-02T09:21:33.143" intervalms="1227.689" />
<gc-start id="1859" type="scavenge" contextid="1858" timestamp="2023-06-02T09:21:33.147">
  <mem-info id="1860" free="74461280" total="1073741824" percent="6">
    <mem type="nursery" free="0" total="268435456" percent="0">
      <mem type="allocate" free="0" total="241565696" percent="0" />
      <mem type="survivor" free="0" total="26869760" percent="0" />
    </mem>
    <mem type="tenure" free="74461280" total="805306368" percent="9">
      <mem type="soa" free="38389864" total="765040640" percent="5" />
      <mem type="loa" free="36071416" total="40265728" percent="89" />
    </mem>
    <remembered-set count="12595" />
  </mem-info>
</gc-start>
<allocation-stats totalBytes="223010008" >
  <allocated-bytes non-tlh="331152" tlh="222678856" />
  <largest-consumer threadName="[SQL@09:21:33.142], select distinct t1.ITEM_ID, t1.STATE_ID, t1.JZ_DISCRIMINATOR from &#xA;(select t1q.*, T1V.ITEM_TYPE_DBID fr..." threadId="00000000015D4D00" bytes="214864992" />
</allocation-stats>
<gc-op id="1861" type="scavenge" timems="5.806" contextid="1858" timestamp="2023-06-02T09:21:33.153">
  <scavenger-info tenureage="14" tenuremask="4000" tiltratio="89" />
  <memory-copied type="nursery" objects="293211" bytes="20843000" bytesdiscarded="153576" />
  <finalization candidates="936" enqueued="780" />
  <ownableSynchronizers candidates="18726" cleared="15225" />
  <references type="soft" candidates="3493" cleared="0" enqueued="0" dynamicThreshold="4" maxThreshold="32" />
  <references type="weak" candidates="2920" cleared="24" enqueued="22" />
  <references type="phantom" candidates="63" cleared="0" enqueued="0" />
</gc-op>
<gc-end id="1862" type="scavenge" contextid="1858" durationms="6.236" usertimems="15.625" systemtimems="0.000" timestamp="2023-06-02T09:21:33.153" activeThreads="16">
  <mem-info id="1863" free="294870904" total="1073741824" percent="27">
    <mem type="nursery" free="220409624" total="268435456" percent="82">
      <mem type="allocate" free="220409624" total="241434624" percent="91" />
      <mem type="survivor" free="0" total="27000832" percent="0" />
    </mem>
    <mem type="tenure" free="74461280" total="805306368" percent="9" macro-fragmented="786456">
      <mem type="soa" free="38389864" total="765040640" percent="5" />
      <mem type="loa" free="36071416" total="40265728" percent="89" />
    </mem>
    <pending-finalizers system="57" default="723" reference="22" classloader="0" />
    <remembered-set count="12177" />
  </mem-info>
</gc-end>
<cycle-end id="1864" type="scavenge" contextid="1858" timestamp="2023-06-02T09:21:33.155" />
<allocation-satisfied id="1865" threadId="00000000015D4D00" bytesRequested="4104" />
<af-end id="1866" timestamp="2023-06-02T09:21:33.155" threadId="00000000015D5680" success="true" from="nursery"/>
<exclusive-end id="1867" timestamp="2023-06-02T09:21:33.155" durationms="12.038" />

<exclusive-start id="1868" timestamp="2023-06-02T09:21:35.314" intervalms="2170.729">
  <response-info timems="0.188" idlems="0.188" threads="0" lastid="0000000001791900" lastname="[SQL@09:21:35.310], select t1.ITEM_ID, 78, t1.SUBJECT_ITEM_ITEM" />
</exclusive-start>
<af-start id="1869" threadId="0000000001792280" totalBytesRequested="33554440" timestamp="2023-06-02T09:21:35.314" intervalms="2170.758" type="nursery" />
<cycle-start id="1870" type="scavenge" contextid="0" timestamp="2023-06-02T09:21:35.314" intervalms="2170.763" />
<gc-start id="1871" type="scavenge" contextid="1870" timestamp="2023-06-02T09:21:35.317">
  <mem-info id="1872" free="111594960" total="1073741824" percent="10">
    <mem type="nursery" free="37135816" total="268435456" percent="13">
      <mem type="allocate" free="37135816" total="241434624" percent="15" />
      <mem type="survivor" free="0" total="27000832" percent="0" />
    </mem>
    <mem type="tenure" free="74459144" total="805306368" percent="9">
      <mem type="soa" free="38387728" total="765040640" percent="5" />
      <mem type="loa" free="36071416" total="40265728" percent="89" />
    </mem>
    <remembered-set count="13510" />
  </mem-info>
</gc-start>
<allocation-stats totalBytes="183114752" >
  <allocated-bytes non-tlh="945904" tlh="182168848" />
  <largest-consumer threadName="Default Executor-thread-7 @@ 09:21 PiotrAniola &lt;Mozilla/5.0 (Windows NT 10.0; Win64; x64; rv:109.0) Gecko/20100101 Firefox/1..." threadId="00000000015D4D00" bytes="144458176" />
</allocation-stats>
<gc-op id="1873" type="scavenge" timems="8.577" contextid="1870" timestamp="2023-06-02T09:21:35.326">
  <scavenger-info tenureage="14" tenuremask="4000" tiltratio="89" />
  <memory-copied type="nursery" objects="338858" bytes="21592080" bytesdiscarded="257872" />
  <finalization candidates="1017" enqueued="848" />
  <ownableSynchronizers candidates="13527" cleared="9504" />
  <references type="soft" candidates="3576" cleared="0" enqueued="0" dynamicThreshold="4" maxThreshold="32" />
  <references type="weak" candidates="3006" cleared="1229" enqueued="1227" />
  <references type="phantom" candidates="68" cleared="0" enqueued="0" />
</gc-op>
<gc-end id="1874" type="scavenge" contextid="1870" durationms="9.011" usertimems="31.250" systemtimems="0.000" timestamp="2023-06-02T09:21:35.326" activeThreads="16">
  <mem-info id="1875" free="294151512" total="1073741824" percent="27">
    <mem type="nursery" free="219692368" total="268435456" percent="81">
      <mem type="allocate" free="219692368" total="241565696" percent="90" />
      <mem type="survivor" free="0" total="26869760" percent="0" />
    </mem>
    <mem type="tenure" free="74459144" total="805306368" percent="9" macro-fragmented="786456">
      <mem type="soa" free="38387728" total="765040640" percent="5" />
      <mem type="loa" free="36071416" total="40265728" percent="89" />
    </mem>
    <pending-finalizers system="539" default="309" reference="1227" classloader="0" />
    <remembered-set count="12521" />
  </mem-info>
</gc-end>
<cycle-end id="1876" type="scavenge" contextid="1870" timestamp="2023-06-02T09:21:35.328" />
<allocation-satisfied id="1877" threadId="0000000001791900" bytesRequested="33554440" />
<af-end id="1878" timestamp="2023-06-02T09:21:35.330" threadId="0000000001792280" success="true" from="nursery"/>
<exclusive-end id="1879" timestamp="2023-06-02T09:21:35.330" durationms="16.179" />

<exclusive-start id="1880" timestamp="2023-06-02T09:21:35.952" intervalms="637.719">
  <response-info timems="0.146" idlems="0.146" threads="0" lastid="000000000B67AE00" lastname="Default Executor-thread-39 @@ 09:21 PiotrAniola &lt;Mozilla/5.0" />
</exclusive-start>
<af-start id="1881" threadId="000000000B67B780" totalBytesRequested="16" timestamp="2023-06-02T09:21:35.952" intervalms="637.822" type="nursery" />
<cycle-start id="1882" type="scavenge" contextid="0" timestamp="2023-06-02T09:21:35.952" intervalms="637.845" />
<gc-start id="1883" type="scavenge" contextid="1882" timestamp="2023-06-02T09:21:35.954">
  <mem-info id="1884" free="74458960" total="1073741824" percent="6">
    <mem type="nursery" free="0" total="268435456" percent="0">
      <mem type="allocate" free="0" total="241565696" percent="0" />
      <mem type="survivor" free="0" total="26869760" percent="0" />
    </mem>
    <mem type="tenure" free="74458960" total="805306368" percent="9">
      <mem type="soa" free="38387544" total="765040640" percent="5" />
      <mem type="loa" free="36071416" total="40265728" percent="89" />
    </mem>
    <remembered-set count="14418" />
  </mem-info>
</gc-start>
<allocation-stats totalBytes="219498520" >
  <allocated-bytes non-tlh="68028888" tlh="151469632" />
  <largest-consumer threadName="Default Executor-thread-2" threadId="00000000016EAB00" bytes="40182312" />
</allocation-stats>
<gc-op id="1885" type="scavenge" timems="6.615" contextid="1882" timestamp="2023-06-02T09:21:35.960">
  <scavenger-info tenureage="8" tenuremask="4100" tiltratio="89" />
  <memory-copied type="nursery" objects="274280" bytes="19253512" bytesdiscarded="188208" />
  <memory-copied type="tenure" objects="29095" bytes="1330336" bytesdiscarded="10320" />
  <finalization candidates="522" enqueued="349" />
  <ownableSynchronizers candidates="10175" cleared="6062" />
  <references type="soft" candidates="3222" cleared="0" enqueued="0" dynamicThreshold="4" maxThreshold="32" />
  <references type="weak" candidates="1907" cleared="69" enqueued="49" />
  <references type="phantom" candidates="76" cleared="0" enqueued="0" />
</gc-op>
<gc-end id="1886" type="scavenge" contextid="1882" durationms="6.957" usertimems="0.000" systemtimems="0.000" timestamp="2023-06-02T09:21:35.960" activeThreads="16">
  <mem-info id="1887" free="295099000" total="1073741824" percent="27">
    <mem type="nursery" free="222065368" total="268435456" percent="82">
      <mem type="allocate" free="222065368" total="241565696" percent="91" />
      <mem type="survivor" free="0" total="26869760" percent="0" />
    </mem>
    <mem type="tenure" free="73033632" total="805306368" percent="9" macro-fragmented="0">
      <mem type="soa" free="36962216" total="765040640" percent="4" />
      <mem type="loa" free="36071416" total="40265728" percent="89" />
    </mem>
    <pending-finalizers system="127" default="222" reference="49" classloader="0" />
    <remembered-set count="13884" />
  </mem-info>
</gc-end>
<cycle-end id="1888" type="scavenge" contextid="1882" timestamp="2023-06-02T09:21:35.963" />
<allocation-satisfied id="1889" threadId="000000000B67AE00" bytesRequested="16" />
<af-end id="1890" timestamp="2023-06-02T09:21:35.963" threadId="000000000B67B780" success="true" from="nursery"/>
<exclusive-end id="1891" timestamp="2023-06-02T09:21:35.963" durationms="11.387" />

<exclusive-start id="1892" timestamp="2023-06-02T09:21:36.641" intervalms="688.983">
  <response-info timems="0.139" idlems="0.139" threads="0" lastid="0000000001876500" lastname="[SQL@09:21:36.634], select t1.ITEM_ID, 78, t1.SUBJECT_ITEM_ITEM" />
</exclusive-start>
<af-start id="1893" threadId="0000000001876E80" totalBytesRequested="33554440" timestamp="2023-06-02T09:21:36.641" intervalms="688.858" type="nursery" />
<cycle-start id="1894" type="scavenge" contextid="0" timestamp="2023-06-02T09:21:36.641" intervalms="688.835" />
<gc-start id="1895" type="scavenge" contextid="1894" timestamp="2023-06-02T09:21:36.643">
  <mem-info id="1896" free="82195576" total="1073741824" percent="7">
    <mem type="nursery" free="9162248" total="268435456" percent="3">
      <mem type="allocate" free="9162248" total="241565696" percent="3" />
      <mem type="survivor" free="0" total="26869760" percent="0" />
    </mem>
    <mem type="tenure" free="73033328" total="805306368" percent="9">
      <mem type="soa" free="36961912" total="765040640" percent="4" />
      <mem type="loa" free="36071416" total="40265728" percent="89" />
    </mem>
    <remembered-set count="15545" />
  </mem-info>
</gc-start>
<allocation-stats totalBytes="212663808" >
  <allocated-bytes non-tlh="68912640" tlh="143751168" />
  <largest-consumer threadName="Default Executor-thread-25" threadId="00000000018B5500" bytes="41596880" />
</allocation-stats>
<gc-op id="1897" type="scavenge" timems="7.564" contextid="1894" timestamp="2023-06-02T09:21:36.650">
  <scavenger-info tenureage="8" tenuremask="4100" tiltratio="89" />
  <memory-copied type="nursery" objects="291123" bytes="16469928" bytesdiscarded="287688" />
  <memory-copied type="tenure" objects="28828" bytes="4713704" bytesdiscarded="33352" />
  <finalization candidates="568" enqueued="405" />
  <ownableSynchronizers candidates="13347" cleared="9423" />
  <references type="soft" candidates="2954" cleared="0" enqueued="0" dynamicThreshold="4" maxThreshold="32" />
  <references type="weak" candidates="1668" cleared="85" enqueued="62" />
  <references type="phantom" candidates="29" cleared="0" enqueued="0" />
</gc-op>
<gc-end id="1898" type="scavenge" contextid="1894" durationms="7.930" usertimems="0.000" systemtimems="0.000" timestamp="2023-06-02T09:21:36.651" activeThreads="16">
  <mem-info id="1899" free="292943944" total="1073741824" percent="27">
    <mem type="nursery" free="224782208" total="268435456" percent="83">
      <mem type="allocate" free="224782208" total="241565696" percent="93" />
      <mem type="survivor" free="0" total="26869760" percent="0" />
    </mem>
    <mem type="tenure" free="68161736" total="805306368" percent="8" macro-fragmented="0">
      <mem type="soa" free="32090320" total="765040640" percent="4" />
      <mem type="loa" free="36071416" total="40265728" percent="89" />
    </mem>
    <pending-finalizers system="140" default="265" reference="62" classloader="0" />
    <remembered-set count="13200" />
  </mem-info>
</gc-end>
<cycle-end id="1900" type="scavenge" contextid="1894" timestamp="2023-06-02T09:21:36.652" />
<allocation-satisfied id="1901" threadId="0000000001876500" bytesRequested="33554440" />
<af-end id="1902" timestamp="2023-06-02T09:21:36.653" threadId="0000000001876E80" success="true" from="nursery"/>
<exclusive-end id="1903" timestamp="2023-06-02T09:21:36.653" durationms="13.166" />

<exclusive-start id="1904" timestamp="2023-06-02T09:21:37.313" intervalms="672.361">
  <response-info timems="0.231" idlems="0.231" threads="0" lastid="000000000AB95900" lastname="qm: AsynchronousTaskRunner-2 @@ 09:21" />
</exclusive-start>
<af-start id="1905" threadId="000000000AB96280" totalBytesRequested="4320" timestamp="2023-06-02T09:21:37.313" intervalms="672.517" type="nursery" />
<cycle-start id="1906" type="scavenge" contextid="0" timestamp="2023-06-02T09:21:37.314" intervalms="672.576" />
<gc-start id="1907" type="scavenge" contextid="1906" timestamp="2023-06-02T09:21:37.318">
  <mem-info id="1908" free="68161736" total="1073741824" percent="6">
    <mem type="nursery" free="0" total="268435456" percent="0">
      <mem type="allocate" free="0" total="241565696" percent="0" />
      <mem type="survivor" free="0" total="26869760" percent="0" />
    </mem>
    <mem type="tenure" free="68161736" total="805306368" percent="8">
      <mem type="soa" free="32090320" total="765040640" percent="4" />
      <mem type="loa" free="36071416" total="40265728" percent="89" />
    </mem>
    <remembered-set count="14504" />
  </mem-info>
</gc-start>
<allocation-stats totalBytes="224583384" >
  <allocated-bytes non-tlh="101897480" tlh="122685904" />
  <largest-consumer threadName="Default Executor-thread-17" threadId="0000000001876500" bytes="75332600" />
</allocation-stats>
<gc-op id="1909" type="scavenge" timems="8.527" contextid="1906" timestamp="2023-06-02T09:21:37.327">
  <scavenger-info tenureage="14" tenuremask="4000" tiltratio="89" />
  <memory-copied type="nursery" objects="251168" bytes="15085520" bytesdiscarded="221744" />
  <finalization candidates="476" enqueued="320" />
  <ownableSynchronizers candidates="10497" cleared="6931" />
  <references type="soft" candidates="2979" cleared="0" enqueued="0" dynamicThreshold="4" maxThreshold="32" />
  <references type="weak" candidates="1998" cleared="286" enqueued="267" />
  <references type="phantom" candidates="25" cleared="0" enqueued="0" />
</gc-op>
<gc-end id="1910" type="scavenge" contextid="1906" durationms="9.055" usertimems="0.000" systemtimems="0.000" timestamp="2023-06-02T09:21:37.327" activeThreads="16">
  <mem-info id="1911" free="294396448" total="1073741824" percent="27">
    <mem type="nursery" free="226234712" total="268435456" percent="84">
      <mem type="allocate" free="226234712" total="241565696" percent="93" />
      <mem type="survivor" free="0" total="26869760" percent="0" />
    </mem>
    <mem type="tenure" free="68161736" total="805306368" percent="8" macro-fragmented="7583">
      <mem type="soa" free="32090320" total="765040640" percent="4" />
      <mem type="loa" free="36071416" total="40265728" percent="89" />
    </mem>
    <pending-finalizers system="122" default="198" reference="267" classloader="0" />
    <remembered-set count="13270" />
  </mem-info>
</gc-end>
<cycle-end id="1912" type="scavenge" contextid="1906" timestamp="2023-06-02T09:21:37.329" />
<allocation-satisfied id="1913" threadId="000000000AB95900" bytesRequested="4320" />
<af-end id="1914" timestamp="2023-06-02T09:21:37.329" threadId="000000000AB96280" success="true" from="nursery"/>
<exclusive-end id="1915" timestamp="2023-06-02T09:21:37.329" durationms="16.688" />

<exclusive-start id="1916" timestamp="2023-06-02T09:21:37.949" intervalms="636.937">
  <response-info timems="0.153" idlems="0.153" threads="0" lastid="0000000001994900" lastname="[SQL@09:21:37.944], select t1.ITEM_ID, 78, t1.SUBJECT_ITEM_ITEM" />
</exclusive-start>
<af-start id="1917" threadId="0000000001995280" totalBytesRequested="33554440" timestamp="2023-06-02T09:21:37.950" intervalms="636.833" type="nursery" />
<cycle-start id="1918" type="scavenge" contextid="0" timestamp="2023-06-02T09:21:37.950" intervalms="636.794" />
<gc-start id="1919" type="scavenge" contextid="1918" timestamp="2023-06-02T09:21:37.952">
  <mem-info id="1920" free="100880616" total="1073741824" percent="9">
    <mem type="nursery" free="32718880" total="268435456" percent="12">
      <mem type="allocate" free="32718880" total="241565696" percent="13" />
      <mem type="survivor" free="0" total="26869760" percent="0" />
    </mem>
    <mem type="tenure" free="68161736" total="805306368" percent="8">
      <mem type="soa" free="32090320" total="765040640" percent="4" />
      <mem type="loa" free="36071416" total="40265728" percent="89" />
    </mem>
    <remembered-set count="14542" />
  </mem-info>
</gc-start>
<allocation-stats totalBytes="193326912" >
  <allocated-bytes non-tlh="68817208" tlh="124509704" />
  <largest-consumer threadName="Default Executor-thread-9" threadId="0000000001742F00" bytes="40786344" />
</allocation-stats>
<gc-op id="1921" type="scavenge" timems="6.154" contextid="1918" timestamp="2023-06-02T09:21:37.959">
  <scavenger-info tenureage="4" tenuremask="50f0" tiltratio="89" />
  <memory-copied type="nursery" objects="112884" bytes="6844752" bytesdiscarded="760928" />
  <memory-copied type="tenure" objects="181785" bytes="10023360" bytesdiscarded="118608" />
  <finalization candidates="460" enqueued="293" />
  <ownableSynchronizers candidates="10067" cleared="6478" />
  <references type="soft" candidates="1550" cleared="0" enqueued="0" dynamicThreshold="4" maxThreshold="32" />
  <references type="weak" candidates="701" cleared="78" enqueued="61" />
  <references type="phantom" candidates="14" cleared="0" enqueued="0" />
</gc-op>
<gc-end id="1922" type="scavenge" contextid="1918" durationms="6.595" usertimems="0.000" systemtimems="0.000" timestamp="2023-06-02T09:21:37.959" activeThreads="16">
  <mem-info id="1923" free="292182496" total="1073741824" percent="27">
    <mem type="nursery" free="233941584" total="268435456" percent="87">
      <mem type="allocate" free="233941584" total="241565696" percent="96" />
      <mem type="survivor" free="0" total="26869760" percent="0" />
    </mem>
    <mem type="tenure" free="58240912" total="805306368" percent="7" macro-fragmented="46956">
      <mem type="soa" free="22169496" total="765040640" percent="2" />
      <mem type="loa" free="36071416" total="40265728" percent="89" />
    </mem>
    <pending-finalizers system="136" default="157" reference="61" classloader="0" />
    <remembered-set count="9181" />
  </mem-info>
</gc-end>
<cycle-end id="1924" type="scavenge" contextid="1918" timestamp="2023-06-02T09:21:37.960" />
<allocation-satisfied id="1925" threadId="0000000001994900" bytesRequested="33554440" />
<af-end id="1926" timestamp="2023-06-02T09:21:37.963" threadId="0000000001995280" success="true" from="nursery"/>
<exclusive-end id="1927" timestamp="2023-06-02T09:21:37.963" durationms="13.310" />

<exclusive-start id="1928" timestamp="2023-06-02T09:21:38.625" intervalms="675.334">
  <response-info timems="0.117" idlems="0.117" threads="0" lastid="000000000173B700" lastname="Default Executor-thread-8 @@ 09:21 &lt;unauthenticated&gt; &lt;" />
</exclusive-start>
<af-start id="1929" threadId="000000000173C080" totalBytesRequested="72" timestamp="2023-06-02T09:21:38.625" intervalms="675.307" type="nursery" />
<cycle-start id="1930" type="scavenge" contextid="0" timestamp="2023-06-02T09:21:38.625" intervalms="675.333" />
<gc-start id="1931" type="scavenge" contextid="1930" timestamp="2023-06-02T09:21:38.626">
  <mem-info id="1932" free="58240912" total="1073741824" percent="5">
    <mem type="nursery" free="0" total="268435456" percent="0">
      <mem type="allocate" free="0" total="241565696" percent="0" />
      <mem type="survivor" free="0" total="26869760" percent="0" />
    </mem>
    <mem type="tenure" free="58240912" total="805306368" percent="7">
      <mem type="soa" free="22169496" total="765040640" percent="2" />
      <mem type="loa" free="36071416" total="40265728" percent="89" />
    </mem>
    <remembered-set count="10724" />
  </mem-info>
</gc-start>
<allocation-stats totalBytes="233721856" >
  <allocated-bytes non-tlh="102019304" tlh="131702552" />
  <largest-consumer threadName="Default Executor-thread-11" threadId="0000000001791900" bytes="44076152" />
</allocation-stats>
<gc-op id="1933" type="scavenge" timems="4.076" contextid="1930" timestamp="2023-06-02T09:21:38.630">
  <scavenger-info tenureage="9" tenuremask="4200" tiltratio="89" />
  <memory-copied type="nursery" objects="45616" bytes="3041680" bytesdiscarded="425976" />
  <memory-copied type="tenure" objects="24887" bytes="1972280" bytesdiscarded="47552" />
  <finalization candidates="478" enqueued="362" />
  <ownableSynchronizers candidates="9443" cleared="8260" />
  <references type="soft" candidates="1474" cleared="0" enqueued="0" dynamicThreshold="4" maxThreshold="32" />
  <references type="weak" candidates="329" cleared="32" enqueued="13" />
  <references type="phantom" candidates="8" cleared="0" enqueued="0" />
</gc-op>
<gc-end id="1934" type="scavenge" contextid="1930" durationms="4.448" usertimems="0.000" systemtimems="0.000" timestamp="2023-06-02T09:21:38.631" activeThreads="16">
  <mem-info id="1935" free="294241160" total="1073741824" percent="27">
    <mem type="nursery" free="238084872" total="268435456" percent="88">
      <mem type="allocate" free="238084872" total="241565696" percent="98" />
      <mem type="survivor" free="0" total="26869760" percent="0" />
    </mem>
    <mem type="tenure" free="56156288" total="805306368" percent="6" macro-fragmented="0">
      <mem type="soa" free="20084872" total="765040640" percent="2" />
      <mem type="loa" free="36071416" total="40265728" percent="89" />
    </mem>
    <pending-finalizers system="117" default="245" reference="13" classloader="0" />
    <remembered-set count="5819" />
  </mem-info>
</gc-end>
<cycle-end id="1936" type="scavenge" contextid="1930" timestamp="2023-06-02T09:21:38.632" />
<allocation-satisfied id="1937" threadId="000000000173B700" bytesRequested="72" />
<af-end id="1938" timestamp="2023-06-02T09:21:38.632" threadId="000000000173C080" success="true" from="nursery"/>
<exclusive-end id="1939" timestamp="2023-06-02T09:21:38.632" durationms="7.460" />

<exclusive-start id="1940" timestamp="2023-06-02T09:21:39.292" intervalms="666.769">
  <response-info timems="0.206" idlems="0.206" threads="0" lastid="00000000018B0000" lastname="Default Executor-thread-28" />
</exclusive-start>
<af-start id="1941" threadId="00000000018B0980" totalBytesRequested="72" timestamp="2023-06-02T09:21:39.292" intervalms="666.833" type="nursery" />
<cycle-start id="1942" type="scavenge" contextid="0" timestamp="2023-06-02T09:21:39.292" intervalms="666.871" />
<gc-start id="1943" type="scavenge" contextid="1942" timestamp="2023-06-02T09:21:39.296">
  <mem-info id="1944" free="56156288" total="1073741824" percent="5">
    <mem type="nursery" free="0" total="268435456" percent="0">
      <mem type="allocate" free="0" total="241565696" percent="0" />
      <mem type="survivor" free="0" total="26869760" percent="0" />
    </mem>
    <mem type="tenure" free="56156288" total="805306368" percent="6">
      <mem type="soa" free="20084872" total="765040640" percent="2" />
      <mem type="loa" free="36071416" total="40265728" percent="89" />
    </mem>
    <remembered-set count="7311" />
  </mem-info>
</gc-start>
<allocation-stats totalBytes="237881640" >
  <allocated-bytes non-tlh="102453536" tlh="135428104" />
  <largest-consumer threadName="Default Executor-thread-15" threadId="0000000001874E00" bytes="44409760" />
</allocation-stats>
<gc-op id="1945" type="scavenge" timems="2.728" contextid="1942" timestamp="2023-06-02T09:21:39.298">
  <scavenger-info tenureage="14" tenuremask="4000" tiltratio="89" />
  <memory-copied type="nursery" objects="47653" bytes="3616952" bytesdiscarded="160752" />
  <finalization candidates="440" enqueued="370" />
  <ownableSynchronizers candidates="8231" cleared="7848" />
  <references type="soft" candidates="1501" cleared="0" enqueued="0" dynamicThreshold="4" maxThreshold="32" />
  <references type="weak" candidates="324" cleared="25" enqueued="6" />
</gc-op>
<gc-end id="1946" type="scavenge" contextid="1942" durationms="3.091" usertimems="0.000" systemtimems="0.000" timestamp="2023-06-02T09:21:39.299" activeThreads="16">
  <mem-info id="1947" free="293931064" total="1073741824" percent="27">
    <mem type="nursery" free="237774776" total="268435456" percent="88">
      <mem type="allocate" free="237774776" total="241565696" percent="98" />
      <mem type="survivor" free="0" total="26869760" percent="0" />
    </mem>
    <mem type="tenure" free="56156288" total="805306368" percent="6" macro-fragmented="0">
      <mem type="soa" free="20084872" total="765040640" percent="2" />
      <mem type="loa" free="36071416" total="40265728" percent="89" />
    </mem>
    <pending-finalizers system="147" default="223" reference="6" classloader="0" />
    <remembered-set count="5902" />
  </mem-info>
</gc-end>
<cycle-end id="1948" type="scavenge" contextid="1942" timestamp="2023-06-02T09:21:39.300" />
<allocation-satisfied id="1949" threadId="00000000018B0000" bytesRequested="72" />
<af-end id="1950" timestamp="2023-06-02T09:21:39.300" threadId="00000000018B0980" success="true" from="nursery"/>
<exclusive-end id="1951" timestamp="2023-06-02T09:21:39.300" durationms="8.326" />

<exclusive-start id="1952" timestamp="2023-06-02T09:21:39.953" intervalms="661.290">
  <response-info timems="0.392" idlems="0.392" threads="0" lastid="00000000018B0000" lastname="Default Executor-thread-28 @@ 09:21 &lt;unauthenticated&gt; " />
</exclusive-start>
<af-start id="1953" threadId="00000000018B0980" totalBytesRequested="72" timestamp="2023-06-02T09:21:39.954" intervalms="661.774" type="nursery" />
<cycle-start id="1954" type="scavenge" contextid="0" timestamp="2023-06-02T09:21:39.954" intervalms="662.278" />
<gc-start id="1955" type="scavenge" contextid="1954" timestamp="2023-06-02T09:21:39.960">
  <mem-info id="1956" free="56156288" total="1073741824" percent="5">
    <mem type="nursery" free="0" total="268435456" percent="0">
      <mem type="allocate" free="0" total="241565696" percent="0" />
      <mem type="survivor" free="0" total="26869760" percent="0" />
    </mem>
    <mem type="tenure" free="56156288" total="805306368" percent="6">
      <mem type="soa" free="20084872" total="765040640" percent="2" />
      <mem type="loa" free="36071416" total="40265728" percent="89" />
    </mem>
    <remembered-set count="7534" />
  </mem-info>
</gc-start>
<allocation-stats totalBytes="237656592" >
  <allocated-bytes non-tlh="102360848" tlh="135295744" />
  <largest-consumer threadName="Default Executor-thread-24" threadId="00000000018B1900" bytes="41384840" />
</allocation-stats>
<gc-op id="1957" type="scavenge" timems="3.605" contextid="1954" timestamp="2023-06-02T09:21:39.964">
  <scavenger-info tenureage="6" tenuremask="5040" tiltratio="89" />
  <memory-copied type="nursery" objects="32640" bytes="2620072" bytesdiscarded="286400" />
  <memory-copied type="tenure" objects="16561" bytes="849000" bytesdiscarded="8832" />
  <finalization candidates="404" enqueued="325" />
  <ownableSynchronizers candidates="8311" cleared="7923" />
  <references type="soft" candidates="248" cleared="0" enqueued="0" dynamicThreshold="4" maxThreshold="32" />
  <references type="weak" candidates="245" cleared="31" enqueued="11" />
  <references type="phantom" candidates="1" cleared="0" enqueued="0" />
</gc-op>
<gc-end id="1958" type="scavenge" contextid="1954" durationms="4.081" usertimems="0.000" systemtimems="0.000" timestamp="2023-06-02T09:21:39.964" activeThreads="16">
  <mem-info id="1959" free="293973656" total="1073741824" percent="27">
    <mem type="nursery" free="238650352" total="268435456" percent="88">
      <mem type="allocate" free="238650352" total="241565696" percent="98" />
      <mem type="survivor" free="0" total="26869760" percent="0" />
    </mem>
    <mem type="tenure" free="55323304" total="805306368" percent="6" macro-fragmented="32608">
      <mem type="soa" free="19251888" total="765040640" percent="2" />
      <mem type="loa" free="36071416" total="40265728" percent="89" />
    </mem>
    <pending-finalizers system="134" default="191" reference="11" classloader="0" />
    <remembered-set count="3621" />
  </mem-info>
</gc-end>
<cycle-end id="1960" type="scavenge" contextid="1954" timestamp="2023-06-02T09:21:39.968" />
<allocation-satisfied id="1961" threadId="00000000018B0000" bytesRequested="72" />
<af-end id="1962" timestamp="2023-06-02T09:21:39.968" threadId="00000000018B0980" success="true" from="nursery"/>
<exclusive-end id="1963" timestamp="2023-06-02T09:21:39.968" durationms="15.186" />

<exclusive-start id="1964" timestamp="2023-06-02T09:21:40.664" intervalms="710.952">
  <response-info timems="0.157" idlems="0.157" threads="0" lastid="0000000001877E00" lastname="[SQL@09:21:40.658], select t1.ITEM_ID, 78, t1.SUBJECT_ITEM_ITEM" />
</exclusive-start>
<af-start id="1965" threadId="0000000001878780" totalBytesRequested="33554440" timestamp="2023-06-02T09:21:40.664" intervalms="710.433" type="nursery" />
<cycle-start id="1966" type="scavenge" contextid="0" timestamp="2023-06-02T09:21:40.664" intervalms="709.851" />
<gc-start id="1967" type="scavenge" contextid="1966" timestamp="2023-06-02T09:21:40.666">
  <mem-info id="1968" free="111815576" total="1073741824" percent="10">
    <mem type="nursery" free="56492272" total="268435456" percent="21">
      <mem type="allocate" free="56492272" total="241565696" percent="23" />
      <mem type="survivor" free="0" total="26869760" percent="0" />
    </mem>
    <mem type="tenure" free="55323304" total="805306368" percent="6">
      <mem type="soa" free="19251888" total="765040640" percent="2" />
      <mem type="loa" free="36071416" total="40265728" percent="89" />
    </mem>
    <remembered-set count="5277" />
  </mem-info>
</gc-start>
<allocation-stats totalBytes="182010648" >
  <allocated-bytes non-tlh="34706176" tlh="147304472" />
  <largest-consumer threadName="Default Executor-thread-4" threadId="0000000001730300" bytes="40069008" />
</allocation-stats>
<gc-op id="1969" type="scavenge" timems="2.058" contextid="1966" timestamp="2023-06-02T09:21:40.668">
  <scavenger-info tenureage="14" tenuremask="4000" tiltratio="89" />
  <memory-copied type="nursery" objects="80496" bytes="4302696" bytesdiscarded="228744" />
  <finalization candidates="463" enqueued="411" />
  <ownableSynchronizers candidates="7863" cleared="7737" />
  <references type="soft" candidates="292" cleared="0" enqueued="0" dynamicThreshold="4" maxThreshold="32" />
  <references type="weak" candidates="281" cleared="29" enqueued="6" />
</gc-op>
<gc-end id="1970" type="scavenge" contextid="1966" durationms="2.431" usertimems="0.000" systemtimems="0.000" timestamp="2023-06-02T09:21:40.668" activeThreads="16">
  <mem-info id="1971" free="292347304" total="1073741824" percent="27">
    <mem type="nursery" free="237024000" total="268435456" percent="88">
      <mem type="allocate" free="237024000" total="241565696" percent="98" />
      <mem type="survivor" free="0" total="26869760" percent="0" />
    </mem>
    <mem type="tenure" free="55323304" total="805306368" percent="6" macro-fragmented="2116">
      <mem type="soa" free="19251888" total="765040640" percent="2" />
      <mem type="loa" free="36071416" total="40265728" percent="89" />
    </mem>
    <pending-finalizers system="138" default="273" reference="6" classloader="0" />
    <remembered-set count="3684" />
  </mem-info>
</gc-end>
<cycle-end id="1972" type="scavenge" contextid="1966" timestamp="2023-06-02T09:21:40.671" />
<allocation-satisfied id="1973" threadId="0000000001877E00" bytesRequested="33554440" />
<af-end id="1974" timestamp="2023-06-02T09:21:40.673" threadId="0000000001878780" success="true" from="nursery"/>
<exclusive-end id="1975" timestamp="2023-06-02T09:21:40.673" durationms="8.746" />

<exclusive-start id="1976" timestamp="2023-06-02T09:21:41.323" intervalms="658.647">
  <response-info timems="0.182" idlems="0.182" threads="0" lastid="000000000B455D00" lastname="ccm: AsynchronousTaskRunner-3 @@ 09:21" />
</exclusive-start>
<af-start id="1977" threadId="000000000B456680" totalBytesRequested="264" timestamp="2023-06-02T09:21:41.323" intervalms="658.669" type="nursery" />
<cycle-start id="1978" type="scavenge" contextid="0" timestamp="2023-06-02T09:21:41.323" intervalms="658.737" />
<gc-start id="1979" type="scavenge" contextid="1978" timestamp="2023-06-02T09:21:41.326">
  <mem-info id="1980" free="55323304" total="1073741824" percent="5">
    <mem type="nursery" free="0" total="268435456" percent="0">
      <mem type="allocate" free="0" total="241565696" percent="0" />
      <mem type="survivor" free="0" total="26869760" percent="0" />
    </mem>
    <mem type="tenure" free="55323304" total="805306368" percent="6">
      <mem type="soa" free="19251888" total="765040640" percent="2" />
      <mem type="loa" free="36071416" total="40265728" percent="89" />
    </mem>
    <remembered-set count="5298" />
  </mem-info>
</gc-start>
<allocation-stats totalBytes="236840608" >
  <allocated-bytes non-tlh="101929168" tlh="134911440" />
  <largest-consumer threadName="Default Executor-thread-21" threadId="000000000186AC00" bytes="40766240" />
</allocation-stats>
<gc-op id="1981" type="scavenge" timems="2.858" contextid="1978" timestamp="2023-06-02T09:21:41.329">
  <scavenger-info tenureage="14" tenuremask="4000" tiltratio="89" />
  <memory-copied type="nursery" objects="42618" bytes="2521968" bytesdiscarded="197848" />
  <finalization candidates="448" enqueued="391" />
  <ownableSynchronizers candidates="8653" cleared="8537" />
  <references type="soft" candidates="330" cleared="0" enqueued="0" dynamicThreshold="4" maxThreshold="32" />
  <references type="weak" candidates="364" cleared="69" enqueued="48" />
  <references type="phantom" candidates="21" cleared="0" enqueued="0" />
</gc-op>
<gc-end id="1982" type="scavenge" contextid="1978" durationms="3.207" usertimems="0.000" systemtimems="0.000" timestamp="2023-06-02T09:21:41.329" activeThreads="16">
  <mem-info id="1983" free="294159776" total="1073741824" percent="27">
    <mem type="nursery" free="238836472" total="268435456" percent="88">
      <mem type="allocate" free="238836472" total="241565696" percent="98" />
      <mem type="survivor" free="0" total="26869760" percent="0" />
    </mem>
    <mem type="tenure" free="55323304" total="805306368" percent="6" macro-fragmented="10920">
      <mem type="soa" free="19251888" total="765040640" percent="2" />
      <mem type="loa" free="36071416" total="40265728" percent="89" />
    </mem>
    <pending-finalizers system="134" default="257" reference="48" classloader="0" />
    <remembered-set count="3786" />
  </mem-info>
</gc-end>
<cycle-end id="1984" type="scavenge" contextid="1978" timestamp="2023-06-02T09:21:41.331" />
<allocation-satisfied id="1985" threadId="000000000B455D00" bytesRequested="264" />
<af-end id="1986" timestamp="2023-06-02T09:21:41.331" threadId="000000000B456680" success="true" from="nursery"/>
<exclusive-end id="1987" timestamp="2023-06-02T09:21:41.331" durationms="8.443" />

<exclusive-start id="1988" timestamp="2023-06-02T09:21:41.760" intervalms="437.724">
  <response-info timems="0.234" idlems="0.234" threads="0" lastid="0000000001874E00" lastname="[SQL@09:21:41.755], select t1.ITEM_ID, 78, t1.SUBJECT_ITEM_ITEM" />
</exclusive-start>
<af-start id="1989" threadId="0000000001875780" totalBytesRequested="33554440" timestamp="2023-06-02T09:21:41.761" intervalms="437.919" type="nursery" />
<cycle-start id="1990" type="scavenge" contextid="0" timestamp="2023-06-02T09:21:41.761" intervalms="438.104" />
<gc-start id="1991" type="scavenge" contextid="1990" timestamp="2023-06-02T09:21:41.763">
  <mem-info id="1992" free="112915544" total="1073741824" percent="10">
    <mem type="nursery" free="57592240" total="268435456" percent="21">
      <mem type="allocate" free="57592240" total="241565696" percent="23" />
      <mem type="survivor" free="0" total="26869760" percent="0" />
    </mem>
    <mem type="tenure" free="55323304" total="805306368" percent="6">
      <mem type="soa" free="19251888" total="765040640" percent="2" />
      <mem type="loa" free="36071416" total="40265728" percent="89" />
    </mem>
    <remembered-set count="5228" />
  </mem-info>
</gc-start>
<allocation-stats totalBytes="181093144" >
  <allocated-bytes non-tlh="68747592" tlh="112345552" />
  <largest-consumer threadName="Default Executor-thread-4" threadId="0000000001730300" bytes="41699296" />
</allocation-stats>
<gc-op id="1993" type="scavenge" timems="2.540" contextid="1990" timestamp="2023-06-02T09:21:41.766">
  <scavenger-info tenureage="14" tenuremask="4000" tiltratio="89" />
  <memory-copied type="nursery" objects="82637" bytes="4336968" bytesdiscarded="189392" />
  <finalization candidates="304" enqueued="242" />
  <ownableSynchronizers candidates="6928" cleared="6766" />
  <references type="soft" candidates="356" cleared="0" enqueued="0" dynamicThreshold="4" maxThreshold="32" />
  <references type="weak" candidates="299" cleared="25" enqueued="6" />
</gc-op>
<gc-end id="1994" type="scavenge" contextid="1990" durationms="2.951" usertimems="0.000" systemtimems="0.000" timestamp="2023-06-02T09:21:41.767" activeThreads="16">
  <mem-info id="1995" free="292355776" total="1073741824" percent="27">
    <mem type="nursery" free="237032472" total="268435456" percent="88">
      <mem type="allocate" free="237032472" total="241565696" percent="98" />
      <mem type="survivor" free="0" total="26869760" percent="0" />
    </mem>
    <mem type="tenure" free="55323304" total="805306368" percent="6" macro-fragmented="10920">
      <mem type="soa" free="19251888" total="765040640" percent="2" />
      <mem type="loa" free="36071416" total="40265728" percent="89" />
    </mem>
    <pending-finalizers system="90" default="152" reference="6" classloader="0" />
    <remembered-set count="3987" />
  </mem-info>
</gc-end>
<cycle-end id="1996" type="scavenge" contextid="1990" timestamp="2023-06-02T09:21:41.768" />
<allocation-satisfied id="1997" threadId="0000000001874E00" bytesRequested="33554440" />
<af-end id="1998" timestamp="2023-06-02T09:21:41.770" threadId="0000000001875780" success="true" from="nursery"/>
<exclusive-end id="1999" timestamp="2023-06-02T09:21:41.770" durationms="9.813" />

<exclusive-start id="2000" timestamp="2023-06-02T09:21:42.385" intervalms="624.461">
  <response-info timems="0.260" idlems="0.260" threads="0" lastid="000000000186AC00" lastname="[SQL@09:21:42.380], select t1.ITEM_ID, 78, t1.SUBJECT_ITEM_ITEM" />
</exclusive-start>
<af-start id="2001" threadId="000000000186B580" totalBytesRequested="33554440" timestamp="2023-06-02T09:21:42.385" intervalms="624.243" type="nursery" />
<cycle-start id="2002" type="scavenge" contextid="0" timestamp="2023-06-02T09:21:42.386" intervalms="624.015" />
<gc-start id="2003" type="scavenge" contextid="2002" timestamp="2023-06-02T09:21:42.388">
  <mem-info id="2004" free="82619888" total="1073741824" percent="7">
    <mem type="nursery" free="27296584" total="268435456" percent="10">
      <mem type="allocate" free="27296584" total="241565696" percent="11" />
      <mem type="survivor" free="0" total="26869760" percent="0" />
    </mem>
    <mem type="tenure" free="55323304" total="805306368" percent="6">
      <mem type="soa" free="19251888" total="765040640" percent="2" />
      <mem type="loa" free="36071416" total="40265728" percent="89" />
    </mem>
    <remembered-set count="5520" />
  </mem-info>
</gc-start>
<allocation-stats totalBytes="209546416" >
  <allocated-bytes non-tlh="68391120" tlh="141155296" />
  <largest-consumer threadName="Default Executor-thread-34" threadId="000000000B5B7B00" bytes="43729312" />
</allocation-stats>
<gc-op id="2005" type="scavenge" timems="2.883" contextid="2002" timestamp="2023-06-02T09:21:42.391">
  <scavenger-info tenureage="14" tenuremask="4000" tiltratio="89" />
  <memory-copied type="nursery" objects="94534" bytes="4862560" bytesdiscarded="248816" />
  <finalization candidates="464" enqueued="396" />
  <ownableSynchronizers candidates="8412" cleared="8230" />
  <references type="soft" candidates="387" cleared="0" enqueued="0" dynamicThreshold="4" maxThreshold="32" />
  <references type="weak" candidates="490" cleared="118" enqueued="94" />
  <references type="phantom" candidates="26" cleared="0" enqueued="0" />
</gc-op>
<gc-end id="2006" type="scavenge" contextid="2002" durationms="3.284" usertimems="78.125" systemtimems="0.000" timestamp="2023-06-02T09:21:42.391" activeThreads="16">
  <mem-info id="2007" free="291767928" total="1073741824" percent="27">
    <mem type="nursery" free="236444624" total="268435456" percent="88">
      <mem type="allocate" free="236444624" total="241565696" percent="97" />
      <mem type="survivor" free="0" total="26869760" percent="0" />
    </mem>
    <mem type="tenure" free="55323304" total="805306368" percent="6" macro-fragmented="0">
      <mem type="soa" free="19251888" total="765040640" percent="2" />
      <mem type="loa" free="36071416" total="40265728" percent="89" />
    </mem>
    <pending-finalizers system="133" default="263" reference="94" classloader="0" />
    <remembered-set count="4078" />
  </mem-info>
</gc-end>
<cycle-end id="2008" type="scavenge" contextid="2002" timestamp="2023-06-02T09:21:42.393" />
<allocation-satisfied id="2009" threadId="000000000186AC00" bytesRequested="33554440" />
<af-end id="2010" timestamp="2023-06-02T09:21:42.395" threadId="000000000186B580" success="true" from="nursery"/>
<exclusive-end id="2011" timestamp="2023-06-02T09:21:42.395" durationms="10.692" />

<exclusive-start id="2012" timestamp="2023-06-02T09:21:43.034" intervalms="648.748">
  <response-info timems="0.222" idlems="0.222" threads="0" lastid="000000000B6E9C00" lastname="Default Executor-thread-40" />
</exclusive-start>
<af-start id="2013" threadId="000000000B6EA580" totalBytesRequested="72" timestamp="2023-06-02T09:21:43.034" intervalms="648.811" type="nursery" />
<cycle-start id="2014" type="scavenge" contextid="0" timestamp="2023-06-02T09:21:43.035" intervalms="648.917" />
<gc-start id="2015" type="scavenge" contextid="2014" timestamp="2023-06-02T09:21:43.037">
  <mem-info id="2016" free="55323304" total="1073741824" percent="5">
    <mem type="nursery" free="0" total="268435456" percent="0">
      <mem type="allocate" free="0" total="241565696" percent="0" />
      <mem type="survivor" free="0" total="26869760" percent="0" />
    </mem>
    <mem type="tenure" free="55323304" total="805306368" percent="6">
      <mem type="soa" free="19251888" total="765040640" percent="2" />
      <mem type="loa" free="36071416" total="40265728" percent="89" />
    </mem>
    <remembered-set count="5969" />
  </mem-info>
</gc-start>
<allocation-stats totalBytes="236301000" >
  <allocated-bytes non-tlh="101777472" tlh="134523528" />
  <largest-consumer threadName="Default Executor-thread-32" threadId="0000000001994900" bytes="43945832" />
</allocation-stats>
<gc-op id="2017" type="scavenge" timems="2.275" contextid="2014" timestamp="2023-06-02T09:21:43.039">
  <scavenger-info tenureage="14" tenuremask="4000" tiltratio="89" />
  <memory-copied type="nursery" objects="50356" bytes="3101936" bytesdiscarded="157888" />
  <finalization candidates="465" enqueued="381" />
  <ownableSynchronizers candidates="8819" cleared="8541" />
  <references type="soft" candidates="418" cleared="0" enqueued="0" dynamicThreshold="4" maxThreshold="32" />
  <references type="weak" candidates="323" cleared="32" enqueued="10" />
  <references type="phantom" candidates="1" cleared="0" enqueued="0" />
</gc-op>
<gc-end id="2018" type="scavenge" contextid="2014" durationms="2.572" usertimems="0.000" systemtimems="0.000" timestamp="2023-06-02T09:21:43.039" activeThreads="16">
  <mem-info id="2019" free="293618896" total="1073741824" percent="27">
    <mem type="nursery" free="238295592" total="268435456" percent="88">
      <mem type="allocate" free="238295592" total="241565696" percent="98" />
      <mem type="survivor" free="0" total="26869760" percent="0" />
    </mem>
    <mem type="tenure" free="55323304" total="805306368" percent="6" macro-fragmented="0">
      <mem type="soa" free="19251888" total="765040640" percent="2" />
      <mem type="loa" free="36071416" total="40265728" percent="89" />
    </mem>
    <pending-finalizers system="131" default="250" reference="10" classloader="0" />
    <remembered-set count="4468" />
  </mem-info>
</gc-end>
<cycle-end id="2020" type="scavenge" contextid="2014" timestamp="2023-06-02T09:21:43.041" />
<allocation-satisfied id="2021" threadId="000000000B6E9C00" bytesRequested="72" />
<af-end id="2022" timestamp="2023-06-02T09:21:43.041" threadId="000000000B6EA580" success="true" from="nursery"/>
<exclusive-end id="2023" timestamp="2023-06-02T09:21:43.041" durationms="7.061" />

<exclusive-start id="2024" timestamp="2023-06-02T09:21:46.348" intervalms="3314.938">
  <response-info timems="0.117" idlems="0.117" threads="0" lastid="00000000018B5500" lastname="Default Executor-thread-25 @@ 09:21 &lt;unauthenticated&gt; " />
</exclusive-start>
<af-start id="2025" threadId="00000000018B5E80" totalBytesRequested="16936" timestamp="2023-06-02T09:21:46.348" intervalms="3314.824" type="nursery" />
<cycle-start id="2026" type="scavenge" contextid="0" timestamp="2023-06-02T09:21:46.348" intervalms="3314.692" />
<gc-start id="2027" type="scavenge" contextid="2026" timestamp="2023-06-02T09:21:46.350">
  <mem-info id="2028" free="55323144" total="1073741824" percent="5">
    <mem type="nursery" free="0" total="268435456" percent="0">
      <mem type="allocate" free="0" total="241565696" percent="0" />
      <mem type="survivor" free="0" total="26869760" percent="0" />
    </mem>
    <mem type="tenure" free="55323144" total="805306368" percent="6">
      <mem type="soa" free="19251728" total="765040640" percent="2" />
      <mem type="loa" free="36071416" total="40265728" percent="89" />
    </mem>
    <remembered-set count="7923" />
  </mem-info>
</gc-start>
<allocation-stats totalBytes="238066976" >
  <allocated-bytes non-tlh="34165104" tlh="203901872" />
  <largest-consumer threadName="Default Executor-thread-21" threadId="000000000186AC00" bytes="45186800" />
</allocation-stats>
<gc-op id="2029" type="scavenge" timems="2.584" contextid="2026" timestamp="2023-06-02T09:21:46.352">
  <scavenger-info tenureage="14" tenuremask="4000" tiltratio="89" />
  <memory-copied type="nursery" objects="64399" bytes="5347408" bytesdiscarded="187424" />
  <finalization candidates="804" enqueued="709" />
  <ownableSynchronizers candidates="8553" cleared="7897" />
  <references type="soft" candidates="460" cleared="0" enqueued="0" dynamicThreshold="4" maxThreshold="32" />
  <references type="weak" candidates="427" cleared="51" enqueued="18" />
  <references type="phantom" candidates="1" cleared="0" enqueued="0" />
</gc-op>
<gc-end id="2030" type="scavenge" contextid="2026" durationms="2.894" usertimems="0.000" systemtimems="0.000" timestamp="2023-06-02T09:21:46.352" activeThreads="16">
  <mem-info id="2031" free="291338024" total="1073741824" percent="27">
    <mem type="nursery" free="236014880" total="268435456" percent="87">
      <mem type="allocate" free="236014880" total="241565696" percent="97" />
      <mem type="survivor" free="0" total="26869760" percent="0" />
    </mem>
    <mem type="tenure" free="55323144" total="805306368" percent="6" macro-fragmented="0">
      <mem type="soa" free="19251728" total="765040640" percent="2" />
      <mem type="loa" free="36071416" total="40265728" percent="89" />
    </mem>
    <pending-finalizers system="180" default="529" reference="18" classloader="0" />
    <remembered-set count="5899" />
  </mem-info>
</gc-end>
<cycle-end id="2032" type="scavenge" contextid="2026" timestamp="2023-06-02T09:21:46.354" />
<allocation-satisfied id="2033" threadId="00000000018B5500" bytesRequested="16936" />
<af-end id="2034" timestamp="2023-06-02T09:21:46.354" threadId="00000000018B5E80" success="true" from="nursery"/>
<exclusive-end id="2035" timestamp="2023-06-02T09:21:46.354" durationms="5.703" />

<exclusive-start id="2036" timestamp="2023-06-02T09:21:54.619" intervalms="8270.820">
  <response-info timems="0.144" idlems="0.144" threads="0" lastid="000000000186A100" lastname="Default Executor-thread-20 @@ 09:21 &lt;unauthenticated&gt; " />
</exclusive-start>
<af-start id="2037" threadId="000000000186AA80" totalBytesRequested="72" timestamp="2023-06-02T09:21:54.620" intervalms="8270.919" type="nursery" />
<cycle-start id="2038" type="scavenge" contextid="0" timestamp="2023-06-02T09:21:54.620" intervalms="8270.942" />
<gc-start id="2039" type="scavenge" contextid="2038" timestamp="2023-06-02T09:21:54.621">
  <mem-info id="2040" free="55323064" total="1073741824" percent="5">
    <mem type="nursery" free="0" total="268435456" percent="0">
      <mem type="allocate" free="0" total="241565696" percent="0" />
      <mem type="survivor" free="0" total="26869760" percent="0" />
    </mem>
    <mem type="tenure" free="55323064" total="805306368" percent="6">
      <mem type="soa" free="19251648" total="765040640" percent="2" />
      <mem type="loa" free="36071416" total="40265728" percent="89" />
    </mem>
    <remembered-set count="8157" />
  </mem-info>
</gc-start>
<allocation-stats totalBytes="235840192" >
  <allocated-bytes non-tlh="17016" tlh="235823176" />
  <largest-consumer threadName="Default Executor-thread-13" threadId="0000000001877E00" bytes="38158528" />
</allocation-stats>
<gc-op id="2041" type="scavenge" timems="2.882" contextid="2038" timestamp="2023-06-02T09:21:54.624">
  <scavenger-info tenureage="14" tenuremask="4000" tiltratio="89" />
  <memory-copied type="nursery" objects="74816" bytes="6570448" bytesdiscarded="312560" />
  <finalization candidates="1349" enqueued="1235" />
  <ownableSynchronizers candidates="4081" cleared="3275" />
  <references type="soft" candidates="483" cleared="0" enqueued="0" dynamicThreshold="4" maxThreshold="32" />
  <references type="weak" candidates="425" cleared="44" enqueued="11" />
  <references type="phantom" candidates="1" cleared="0" enqueued="0" />
</gc-op>
<gc-end id="2042" type="scavenge" contextid="2038" durationms="3.318" usertimems="15.625" systemtimems="0.000" timestamp="2023-06-02T09:21:54.624" activeThreads="16">
  <mem-info id="2043" free="289987624" total="1073741824" percent="27">
    <mem type="nursery" free="234664560" total="268435456" percent="87">
      <mem type="allocate" free="234664560" total="241565696" percent="97" />
      <mem type="survivor" free="0" total="26869760" percent="0" />
    </mem>
    <mem type="tenure" free="55323064" total="805306368" percent="6" macro-fragmented="0">
      <mem type="soa" free="19251648" total="765040640" percent="2" />
      <mem type="loa" free="36071416" total="40265728" percent="89" />
    </mem>
    <pending-finalizers system="292" default="943" reference="11" classloader="0" />
    <remembered-set count="6325" />
  </mem-info>
</gc-end>
<cycle-end id="2044" type="scavenge" contextid="2038" timestamp="2023-06-02T09:21:54.629" />
<allocation-satisfied id="2045" threadId="000000000186A100" bytesRequested="72" />
<af-end id="2046" timestamp="2023-06-02T09:21:54.629" threadId="000000000186AA80" success="true" from="nursery"/>
<exclusive-end id="2047" timestamp="2023-06-02T09:21:54.629" durationms="9.674" />

<exclusive-start id="2048" timestamp="2023-06-02T09:21:59.569" intervalms="4949.841">
  <response-info timems="0.099" idlems="0.099" threads="0" lastid="000000000B67AE00" lastname="Default Executor-thread-39 @@ 09:21 PiotrAniola &lt;Mozilla/5.0" />
</exclusive-start>
<af-start id="2049" threadId="000000000B67B780" totalBytesRequested="16" timestamp="2023-06-02T09:21:59.569" intervalms="4949.737" type="nursery" />
<cycle-start id="2050" type="scavenge" contextid="0" timestamp="2023-06-02T09:21:59.569" intervalms="4949.700" />
<gc-start id="2051" type="scavenge" contextid="2050" timestamp="2023-06-02T09:21:59.570">
  <mem-info id="2052" free="55322440" total="1073741824" percent="5">
    <mem type="nursery" free="0" total="268435456" percent="0">
      <mem type="allocate" free="0" total="241565696" percent="0" />
      <mem type="survivor" free="0" total="26869760" percent="0" />
    </mem>
    <mem type="tenure" free="55322440" total="805306368" percent="6">
      <mem type="soa" free="19251024" total="765040640" percent="2" />
      <mem type="loa" free="36071416" total="40265728" percent="89" />
    </mem>
    <remembered-set count="8930" />
  </mem-info>
</gc-start>
<allocation-stats totalBytes="234579392" >
  <allocated-bytes non-tlh="34568" tlh="234544824" />
  <largest-consumer threadName="Default Executor-thread-39 @@ 09:21 PiotrAniola &lt;Mozilla/5.0 (Windows NT 10.0; Win64; x64; rv:109.0) Gecko/20100101 Firefox/..." threadId="000000000B67AE00" bytes="181997168" />
</allocation-stats>
<gc-op id="2053" type="scavenge" timems="3.584" contextid="2050" timestamp="2023-06-02T09:21:59.574">
  <scavenger-info tenureage="14" tenuremask="4000" tiltratio="89" />
  <memory-copied type="nursery" objects="110725" bytes="8649888" bytesdiscarded="190424" />
  <finalization candidates="916" enqueued="808" />
  <ownableSynchronizers candidates="14722" cleared="13801" />
  <references type="soft" candidates="924" cleared="0" enqueued="0" dynamicThreshold="4" maxThreshold="32" />
  <references type="weak" candidates="962" cleared="14" enqueued="9" />
  <references type="phantom" candidates="1" cleared="0" enqueued="0" />
</gc-op>
<gc-end id="2054" type="scavenge" contextid="2050" durationms="3.940" usertimems="0.000" systemtimems="0.000" timestamp="2023-06-02T09:21:59.574" activeThreads="16">
  <mem-info id="2055" free="288032800" total="1073741824" percent="26">
    <mem type="nursery" free="232710360" total="268435456" percent="86">
      <mem type="allocate" free="232710360" total="241565696" percent="96" />
      <mem type="survivor" free="0" total="26869760" percent="0" />
    </mem>
    <mem type="tenure" free="55322440" total="805306368" percent="6" macro-fragmented="0">
      <mem type="soa" free="19251024" total="765040640" percent="2" />
      <mem type="loa" free="36071416" total="40265728" percent="89" />
    </mem>
    <pending-finalizers system="87" default="721" reference="9" classloader="0" />
    <remembered-set count="7389" />
  </mem-info>
</gc-end>
<cycle-end id="2056" type="scavenge" contextid="2050" timestamp="2023-06-02T09:21:59.589" />
<allocation-satisfied id="2057" threadId="000000000B67AE00" bytesRequested="16" />
<af-end id="2058" timestamp="2023-06-02T09:21:59.589" threadId="000000000B67B780" success="true" from="nursery"/>
<exclusive-end id="2059" timestamp="2023-06-02T09:21:59.589" durationms="20.140" />

<exclusive-start id="2060" timestamp="2023-06-02T09:22:00.525" intervalms="955.437">
  <response-info timems="0.112" idlems="0.112" threads="0" lastid="000000000B67AE00" lastname="Default Executor-thread-39 @@ 09:21 PiotrAniola &lt;Mozilla/5.0" />
</exclusive-start>
<af-start id="2061" threadId="000000000B67B780" totalBytesRequested="48" timestamp="2023-06-02T09:22:00.525" intervalms="955.431" type="nursery" />
<cycle-start id="2062" type="scavenge" contextid="0" timestamp="2023-06-02T09:22:00.525" intervalms="955.445" />
<gc-start id="2063" type="scavenge" contextid="2062" timestamp="2023-06-02T09:22:00.529">
  <mem-info id="2064" free="55322280" total="1073741824" percent="5">
    <mem type="nursery" free="0" total="268435456" percent="0">
      <mem type="allocate" free="0" total="241565696" percent="0" />
      <mem type="survivor" free="0" total="26869760" percent="0" />
    </mem>
    <mem type="tenure" free="55322280" total="805306368" percent="6">
      <mem type="soa" free="19250864" total="765040640" percent="2" />
      <mem type="loa" free="36071416" total="40265728" percent="89" />
    </mem>
    <remembered-set count="8198" />
  </mem-info>
</gc-start>
<allocation-stats totalBytes="232644672" >
  <allocated-bytes non-tlh="176" tlh="232644496" />
  <largest-consumer threadName="Default Executor-thread-39 @@ 09:21 PiotrAniola &lt;Mozilla/5.0 (Windows NT 10.0; Win64; x64; rv:109.0) Gecko/20100101 Firefox/..." threadId="000000000B67AE00" bytes="229057816" />
</allocation-stats>
<gc-op id="2065" type="scavenge" timems="3.905" contextid="2062" timestamp="2023-06-02T09:22:00.532">
  <scavenger-info tenureage="14" tenuremask="4000" tiltratio="89" />
  <memory-copied type="nursery" objects="136403" bytes="8969744" bytesdiscarded="195408" />
  <memory-copied type="tenure" objects="3569" bytes="138784" bytesdiscarded="2400" />
  <finalization candidates="637" enqueued="529" />
  <ownableSynchronizers candidates="16794" cleared="15978" />
  <references type="soft" candidates="1316" cleared="0" enqueued="0" dynamicThreshold="4" maxThreshold="32" />
  <references type="weak" candidates="1420" cleared="0" enqueued="0" />
  <references type="phantom" candidates="1" cleared="0" enqueued="0" />
</gc-op>
<gc-end id="2066" type="scavenge" contextid="2062" durationms="4.560" usertimems="0.000" systemtimems="0.000" timestamp="2023-06-02T09:22:00.532" activeThreads="16">
  <mem-info id="2067" free="287532856" total="1073741824" percent="26">
    <mem type="nursery" free="232388656" total="268435456" percent="86">
      <mem type="allocate" free="232388656" total="241565696" percent="96" />
      <mem type="survivor" free="0" total="26869760" percent="0" />
    </mem>
    <mem type="tenure" free="55144200" total="805306368" percent="6" macro-fragmented="32608">
      <mem type="soa" free="19072784" total="765040640" percent="2" />
      <mem type="loa" free="36071416" total="40265728" percent="89" />
    </mem>
    <pending-finalizers system="35" default="494" reference="0" classloader="0" />
    <remembered-set count="7205" />
  </mem-info>
</gc-end>
<cycle-end id="2068" type="scavenge" contextid="2062" timestamp="2023-06-02T09:22:00.540" />
<allocation-satisfied id="2069" threadId="000000000B67AE00" bytesRequested="48" />
<af-end id="2070" timestamp="2023-06-02T09:22:00.540" threadId="000000000B67B780" success="true" from="nursery"/>
<exclusive-end id="2071" timestamp="2023-06-02T09:22:00.540" durationms="15.463" />

<exclusive-start id="2072" timestamp="2023-06-02T09:22:01.471" intervalms="946.721">
  <response-info timems="0.092" idlems="0.092" threads="0" lastid="000000000B67AE00" lastname="Default Executor-thread-39 @@ 09:21 PiotrAniola &lt;Mozilla/5.0" />
</exclusive-start>
<af-start id="2073" threadId="000000000B67B780" totalBytesRequested="24" timestamp="2023-06-02T09:22:01.472" intervalms="946.714" type="nursery" />
<cycle-start id="2074" type="scavenge" contextid="0" timestamp="2023-06-02T09:22:01.472" intervalms="946.702" />
<gc-start id="2075" type="scavenge" contextid="2074" timestamp="2023-06-02T09:22:01.475">
  <mem-info id="2076" free="55143736" total="1073741824" percent="5">
    <mem type="nursery" free="0" total="268435456" percent="0">
      <mem type="allocate" free="0" total="241565696" percent="0" />
      <mem type="survivor" free="0" total="26869760" percent="0" />
    </mem>
    <mem type="tenure" free="55143736" total="805306368" percent="6">
      <mem type="soa" free="19072320" total="765040640" percent="2" />
      <mem type="loa" free="36071416" total="40265728" percent="89" />
    </mem>
    <remembered-set count="8168" />
  </mem-info>
</gc-start>
<allocation-stats totalBytes="232334056" >
  <allocated-bytes non-tlh="62072" tlh="232271984" />
  <largest-consumer threadName="Default Executor-thread-39 @@ 09:21 PiotrAniola &lt;Mozilla/5.0 (Windows NT 10.0; Win64; x64; rv:109.0) Gecko/20100101 Firefox/..." threadId="000000000B67AE00" bytes="227168976" />
</allocation-stats>
<gc-op id="2077" type="scavenge" timems="7.929" contextid="2074" timestamp="2023-06-02T09:22:01.483">
  <scavenger-info tenureage="14" tenuremask="4000" tiltratio="89" />
  <memory-copied type="nursery" objects="169959" bytes="10113352" bytesdiscarded="186312" />
  <memory-copied type="tenure" objects="1435" bytes="55776" bytesdiscarded="1200" />
  <finalization candidates="643" enqueued="542" />
  <ownableSynchronizers candidates="16963" cleared="16129" />
  <references type="soft" candidates="1783" cleared="0" enqueued="0" dynamicThreshold="4" maxThreshold="32" />
  <references type="weak" candidates="2038" cleared="7" enqueued="6" />
  <references type="phantom" candidates="1" cleared="0" enqueued="0" />
</gc-op>
<gc-end id="2078" type="scavenge" contextid="2074" durationms="8.256" usertimems="0.000" systemtimems="0.000" timestamp="2023-06-02T09:22:01.483" activeThreads="16">
  <mem-info id="2079" free="286359864" total="1073741824" percent="26">
    <mem type="nursery" free="231254200" total="268435456" percent="86">
      <mem type="allocate" free="231254200" total="241565696" percent="95" />
      <mem type="survivor" free="0" total="26869760" percent="0" />
    </mem>
    <mem type="tenure" free="55105664" total="805306368" percent="6" macro-fragmented="0">
      <mem type="soa" free="19034248" total="765040640" percent="2" />
      <mem type="loa" free="36071416" total="40265728" percent="89" />
    </mem>
    <pending-finalizers system="38" default="504" reference="6" classloader="0" />
    <remembered-set count="7247" />
  </mem-info>
</gc-end>
<cycle-end id="2080" type="scavenge" contextid="2074" timestamp="2023-06-02T09:22:01.490" />
<allocation-satisfied id="2081" threadId="000000000B67AE00" bytesRequested="24" />
<af-end id="2082" timestamp="2023-06-02T09:22:01.490" threadId="000000000B67B780" success="true" from="nursery"/>
<exclusive-end id="2083" timestamp="2023-06-02T09:22:01.490" durationms="17.839" />

<exclusive-start id="2084" timestamp="2023-06-02T09:22:02.417" intervalms="945.179">
  <response-info timems="0.076" idlems="0.076" threads="0" lastid="000000000B67AE00" lastname="[SQL@09:22:02.416], select distinct t1.ITEM_ID, t1.STATE_ID, t1" />
</exclusive-start>
<af-start id="2085" threadId="000000000B67B780" totalBytesRequested="16" timestamp="2023-06-02T09:22:02.417" intervalms="945.185" type="nursery" />
<cycle-start id="2086" type="scavenge" contextid="0" timestamp="2023-06-02T09:22:02.417" intervalms="945.190" />
<gc-start id="2087" type="scavenge" contextid="2086" timestamp="2023-06-02T09:22:02.423">
  <mem-info id="2088" free="55105664" total="1073741824" percent="5">
    <mem type="nursery" free="0" total="268435456" percent="0">
      <mem type="allocate" free="0" total="241565696" percent="0" />
      <mem type="survivor" free="0" total="26869760" percent="0" />
    </mem>
    <mem type="tenure" free="55105664" total="805306368" percent="6">
      <mem type="soa" free="19034248" total="765040640" percent="2" />
      <mem type="loa" free="36071416" total="40265728" percent="89" />
    </mem>
    <remembered-set count="8002" />
  </mem-info>
</gc-start>
<allocation-stats totalBytes="231191968" >
  <allocated-bytes non-tlh="20600" tlh="231171368" />
  <largest-consumer threadName="[SQL@09:22:02.416], select distinct t1.ITEM_ID, t1.STATE_ID, t1.JZ_DISCRIMINATOR from &#xA;(select t1q.*, T1V.ITEM_TYPE_DBID fr..." threadId="000000000B67AE00" bytes="227392432" />
</allocation-stats>
<gc-op id="2089" type="scavenge" timems="5.683" contextid="2086" timestamp="2023-06-02T09:22:02.429">
  <scavenger-info tenureage="13" tenuremask="6000" tiltratio="89" />
  <memory-copied type="nursery" objects="216583" bytes="11506568" bytesdiscarded="197496" />
  <memory-copied type="tenure" objects="4250" bytes="302392" bytesdiscarded="2888" />
  <finalization candidates="627" enqueued="531" />
  <ownableSynchronizers candidates="16563" cleared="15684" />
  <references type="soft" candidates="2188" cleared="0" enqueued="0" dynamicThreshold="4" maxThreshold="32" />
  <references type="weak" candidates="2543" cleared="2" enqueued="2" />
  <references type="phantom" candidates="1" cleared="0" enqueued="0" />
</gc-op>
<gc-end id="2090" type="scavenge" contextid="2086" durationms="6.013" usertimems="0.000" systemtimems="0.000" timestamp="2023-06-02T09:22:02.429" activeThreads="16">
  <mem-info id="2091" free="284646336" total="1073741824" percent="26">
    <mem type="nursery" free="229850720" total="268435456" percent="85">
      <mem type="allocate" free="229850720" total="241565696" percent="95" />
      <mem type="survivor" free="0" total="26869760" percent="0" />
    </mem>
    <mem type="tenure" free="54795616" total="805306368" percent="6" macro-fragmented="0">
      <mem type="soa" free="18724200" total="765040640" percent="2" />
      <mem type="loa" free="36071416" total="40265728" percent="89" />
    </mem>
    <pending-finalizers system="35" default="496" reference="2" classloader="0" />
    <remembered-set count="7203" />
  </mem-info>
</gc-end>
<cycle-end id="2092" type="scavenge" contextid="2086" timestamp="2023-06-02T09:22:02.439" />
<allocation-satisfied id="2093" threadId="000000000B67AE00" bytesRequested="16" />
<af-end id="2094" timestamp="2023-06-02T09:22:02.439" threadId="000000000B67B780" success="true" from="nursery"/>
<exclusive-end id="2095" timestamp="2023-06-02T09:22:02.439" durationms="22.904" />

<exclusive-start id="2096" timestamp="2023-06-02T09:22:04.333" intervalms="1917.067">
  <response-info timems="0.113" idlems="0.113" threads="0" lastid="000000000B67AE00" lastname="[SQL@09:22:04.325], INSERT INTO PLANNING.TEST_CASE_SECTIONS(JZ_" />
</exclusive-start>
<af-start id="2097" threadId="000000000B67B780" totalBytesRequested="16" timestamp="2023-06-02T09:22:04.334" intervalms="1917.082" type="nursery" />
<cycle-start id="2098" type="scavenge" contextid="0" timestamp="2023-06-02T09:22:04.334" intervalms="1917.087" />
<gc-start id="2099" type="scavenge" contextid="2098" timestamp="2023-06-02T09:22:04.339">
  <mem-info id="2100" free="54795616" total="1073741824" percent="5">
    <mem type="nursery" free="0" total="268435456" percent="0">
      <mem type="allocate" free="0" total="241565696" percent="0" />
      <mem type="survivor" free="0" total="26869760" percent="0" />
    </mem>
    <mem type="tenure" free="54795616" total="805306368" percent="6">
      <mem type="soa" free="18724200" total="765040640" percent="2" />
      <mem type="loa" free="36071416" total="40265728" percent="89" />
    </mem>
    <remembered-set count="8533" />
  </mem-info>
</gc-start>
<allocation-stats totalBytes="229695304" >
  <allocated-bytes non-tlh="184464" tlh="229510840" />
  <largest-consumer threadName="[SQL@09:22:04.325], INSERT INTO PLANNING.TEST_CASE_SECTIONS(JZ_PARENT_ID, INTERNAL_ID, ID, NAME, SECTIONS_SMALL_STRING_EXTENSNS..." threadId="000000000B67AE00" bytes="221752456" />
</allocation-stats>
<gc-op id="2101" type="scavenge" timems="7.096" contextid="2098" timestamp="2023-06-02T09:22:04.346">
  <scavenger-info tenureage="4" tenuremask="4a10" tiltratio="89" />
  <memory-copied type="nursery" objects="316505" bytes="13342816" bytesdiscarded="199480" />
  <memory-copied type="tenure" objects="38095" bytes="1920944" bytesdiscarded="11792" />
  <finalization candidates="424" enqueued="342" />
  <ownableSynchronizers candidates="13397" cleared="8992" />
  <references type="soft" candidates="1807" cleared="0" enqueued="0" dynamicThreshold="4" maxThreshold="32" />
  <references type="weak" candidates="2123" cleared="0" enqueued="0" />
  <references type="phantom" candidates="1" cleared="0" enqueued="0" />
</gc-op>
<gc-end id="2102" type="scavenge" contextid="2098" durationms="7.569" usertimems="15.625" systemtimems="0.000" timestamp="2023-06-02T09:22:04.346" activeThreads="16">
  <mem-info id="2103" free="280790648" total="1073741824" percent="26">
    <mem type="nursery" free="228013360" total="268435456" percent="84">
      <mem type="allocate" free="228013360" total="241565696" percent="94" />
      <mem type="survivor" free="0" total="26869760" percent="0" />
    </mem>
    <mem type="tenure" free="52777288" total="805306368" percent="6" macro-fragmented="0">
      <mem type="soa" free="16705872" total="765040640" percent="2" />
      <mem type="loa" free="36071416" total="40265728" percent="89" />
    </mem>
    <pending-finalizers system="18" default="324" reference="0" classloader="0" />
    <remembered-set count="7962" />
  </mem-info>
</gc-end>
<cycle-end id="2104" type="scavenge" contextid="2098" timestamp="2023-06-02T09:22:04.359" />
<allocation-satisfied id="2105" threadId="000000000B67AE00" bytesRequested="16" />
<af-end id="2106" timestamp="2023-06-02T09:22:04.359" threadId="000000000B67B780" success="true" from="nursery"/>
<exclusive-end id="2107" timestamp="2023-06-02T09:22:04.359" durationms="25.711" />

<exclusive-start id="2108" timestamp="2023-06-02T09:22:05.979" intervalms="1645.282">
  <response-info timems="0.208" idlems="0.208" threads="0" lastid="000000000173B700" lastname="[SQL@09:22:05.972], select t1.ITEM_ID, 78, t1.SUBJECT_ITEM_ITEM" />
</exclusive-start>
<af-start id="2109" threadId="000000000173C080" totalBytesRequested="33554440" timestamp="2023-06-02T09:22:05.979" intervalms="1645.304" type="nursery" />
<cycle-start id="2110" type="scavenge" contextid="0" timestamp="2023-06-02T09:22:05.979" intervalms="1645.316" />
<gc-start id="2111" type="scavenge" contextid="2110" timestamp="2023-06-02T09:22:05.985">
  <mem-info id="2112" free="60441824" total="1073741824" percent="5">
    <mem type="nursery" free="7664936" total="268435456" percent="2">
      <mem type="allocate" free="7664936" total="241565696" percent="3" />
      <mem type="survivor" free="0" total="26869760" percent="0" />
    </mem>
    <mem type="tenure" free="52776888" total="805306368" percent="6">
      <mem type="soa" free="16705472" total="765040640" percent="2" />
      <mem type="loa" free="36071416" total="40265728" percent="89" />
    </mem>
    <remembered-set count="9625" />
  </mem-info>
</gc-start>
<allocation-stats totalBytes="220190152" >
  <allocated-bytes non-tlh="35058336" tlh="185131816" />
  <largest-consumer threadName="Default Executor-thread-39 @@ 09:21 PiotrAniola &lt;Mozilla/5.0 (Windows NT 10.0; Win64; x64; rv:109.0) Gecko/20100101 Firefox/..." threadId="000000000B67AE00" bytes="123656952" />
</allocation-stats>
<gc-op id="2113" type="scavenge" timems="5.395" contextid="2110" timestamp="2023-06-02T09:22:05.990">
  <scavenger-info tenureage="9" tenuremask="4a00" tiltratio="89" />
  <memory-copied type="nursery" objects="291324" bytes="14054432" bytesdiscarded="207792" />
  <memory-copied type="tenure" objects="8218" bytes="352456" bytesdiscarded="1456" />
  <finalization candidates="1290" enqueued="1218" />
  <ownableSynchronizers candidates="14472" cleared="12636" />
  <references type="soft" candidates="1762" cleared="0" enqueued="0" dynamicThreshold="4" maxThreshold="32" />
  <references type="weak" candidates="2138" cleared="16" enqueued="9" />
  <references type="phantom" candidates="1" cleared="0" enqueued="0" />
</gc-op>
<gc-end id="2114" type="scavenge" contextid="2110" durationms="5.731" usertimems="0.000" systemtimems="0.000" timestamp="2023-06-02T09:22:05.990" activeThreads="16">
  <mem-info id="2115" free="279587568" total="1073741824" percent="26">
    <mem type="nursery" free="227293312" total="268435456" percent="84">
      <mem type="allocate" free="227293312" total="241565696" percent="94" />
      <mem type="survivor" free="0" total="26869760" percent="0" />
    </mem>
    <mem type="tenure" free="52294256" total="805306368" percent="6" macro-fragmented="0">
      <mem type="soa" free="16222840" total="765040640" percent="2" />
      <mem type="loa" free="36071416" total="40265728" percent="89" />
    </mem>
    <pending-finalizers system="1041" default="177" reference="9" classloader="0" />
    <remembered-set count="7983" />
  </mem-info>
</gc-end>
<cycle-end id="2116" type="scavenge" contextid="2110" timestamp="2023-06-02T09:22:06.016" />
<allocation-satisfied id="2117" threadId="000000000173B700" bytesRequested="33554440" />
<af-end id="2118" timestamp="2023-06-02T09:22:06.017" threadId="000000000173C080" success="true" from="nursery"/>
<exclusive-end id="2119" timestamp="2023-06-02T09:22:06.017" durationms="38.418" />

<exclusive-start id="2120" timestamp="2023-06-02T09:22:06.669" intervalms="690.891">
  <response-info timems="0.133" idlems="0.133" threads="0" lastid="000000000AB99500" lastname="qm: AsynchronousTaskRunner-3 @@ 09:22" />
</exclusive-start>
<af-start id="2121" threadId="000000000AB99E80" totalBytesRequested="16392" timestamp="2023-06-02T09:22:06.669" intervalms="690.865" type="nursery" />
<cycle-start id="2122" type="scavenge" contextid="0" timestamp="2023-06-02T09:22:06.670" intervalms="690.853" />
<gc-start id="2123" type="scavenge" contextid="2122" timestamp="2023-06-02T09:22:06.672">
  <mem-info id="2124" free="52294256" total="1073741824" percent="4">
    <mem type="nursery" free="0" total="268435456" percent="0">
      <mem type="allocate" free="0" total="241565696" percent="0" />
      <mem type="survivor" free="0" total="26869760" percent="0" />
    </mem>
    <mem type="tenure" free="52294256" total="805306368" percent="6">
      <mem type="soa" free="16222840" total="765040640" percent="2" />
      <mem type="loa" free="36071416" total="40265728" percent="89" />
    </mem>
    <remembered-set count="9538" />
  </mem-info>
</gc-start>
<allocation-stats totalBytes="227160848" >
  <allocated-bytes non-tlh="101995264" tlh="125165584" />
  <largest-consumer threadName="Default Executor-thread-40" threadId="000000000B6E9C00" bytes="41720008" />
</allocation-stats>
<gc-op id="2125" type="scavenge" timems="4.310" contextid="2122" timestamp="2023-06-02T09:22:06.677">
  <scavenger-info tenureage="14" tenuremask="4000" tiltratio="89" />
  <memory-copied type="nursery" objects="252569" bytes="12689328" bytesdiscarded="229864" />
  <memory-copied type="tenure" objects="2308" bytes="87264" bytesdiscarded="1664" />
  <finalization candidates="384" enqueued="327" />
  <ownableSynchronizers candidates="9910" cleared="8065" />
  <references type="soft" candidates="1800" cleared="0" enqueued="0" dynamicThreshold="4" maxThreshold="32" />
  <references type="weak" candidates="2225" cleared="78" enqueued="56" />
  <references type="phantom" candidates="16" cleared="0" enqueued="0" />
</gc-op>
<gc-end id="2126" type="scavenge" contextid="2122" durationms="4.714" usertimems="0.000" systemtimems="0.000" timestamp="2023-06-02T09:22:06.677" activeThreads="16">
  <mem-info id="2127" free="280881816" total="1073741824" percent="26">
    <mem type="nursery" free="228632872" total="268435456" percent="85">
      <mem type="allocate" free="228632872" total="241565696" percent="94" />
      <mem type="survivor" free="0" total="26869760" percent="0" />
    </mem>
    <mem type="tenure" free="52248944" total="805306368" percent="6" macro-fragmented="0">
      <mem type="soa" free="16177528" total="765040640" percent="2" />
      <mem type="loa" free="36071416" total="40265728" percent="89" />
    </mem>
    <pending-finalizers system="108" default="219" reference="56" classloader="0" />
    <remembered-set count="7786" />
  </mem-info>
</gc-end>
<cycle-end id="2128" type="scavenge" contextid="2122" timestamp="2023-06-02T09:22:06.711" />
<allocation-satisfied id="2129" threadId="000000000AB99500" bytesRequested="16392" />
<af-end id="2130" timestamp="2023-06-02T09:22:06.712" threadId="000000000AB99E80" success="true" from="nursery"/>
<exclusive-end id="2131" timestamp="2023-06-02T09:22:06.712" durationms="41.410" />

<exclusive-start id="2132" timestamp="2023-06-02T09:22:07.500" intervalms="830.000">
  <response-info timems="0.174" idlems="0.174" threads="0" lastid="000000000B6FA100" lastname="Default Executor-thread-43" />
</exclusive-start>
<af-start id="2133" threadId="000000000B6FAA80" totalBytesRequested="72" timestamp="2023-06-02T09:22:07.500" intervalms="830.034" type="nursery" />
<cycle-start id="2134" type="scavenge" contextid="0" timestamp="2023-06-02T09:22:07.500" intervalms="830.036" />
<gc-start id="2135" type="scavenge" contextid="2134" timestamp="2023-06-02T09:22:07.503">
  <mem-info id="2136" free="52248944" total="1073741824" percent="4">
    <mem type="nursery" free="0" total="268435456" percent="0">
      <mem type="allocate" free="0" total="241565696" percent="0" />
      <mem type="survivor" free="0" total="26869760" percent="0" />
    </mem>
    <mem type="tenure" free="52248944" total="805306368" percent="6">
      <mem type="soa" free="16177528" total="765040640" percent="2" />
      <mem type="loa" free="36071416" total="40265728" percent="89" />
    </mem>
    <remembered-set count="9547" />
  </mem-info>
</gc-start>
<allocation-stats totalBytes="228399816" >
  <allocated-bytes non-tlh="68300984" tlh="160098832" />
  <largest-consumer threadName="Default Executor-thread-28" threadId="00000000018B0000" bytes="43505904" />
</allocation-stats>
<gc-op id="2137" type="scavenge" timems="5.445" contextid="2134" timestamp="2023-06-02T09:22:07.509">
  <scavenger-info tenureage="3" tenuremask="4008" tiltratio="89" />
  <memory-copied type="nursery" objects="208795" bytes="10816224" bytesdiscarded="174584" />
  <memory-copied type="tenure" objects="48027" bytes="2295072" bytesdiscarded="19912" />
  <finalization candidates="521" enqueued="453" />
  <ownableSynchronizers candidates="10592" cleared="8729" />
  <references type="soft" candidates="1705" cleared="0" enqueued="0" dynamicThreshold="4" maxThreshold="32" />
  <references type="weak" candidates="1933" cleared="30" enqueued="6" />
  <references type="phantom" candidates="1" cleared="0" enqueued="0" />
</gc-op>
<gc-end id="2138" type="scavenge" contextid="2134" durationms="5.821" usertimems="15.625" systemtimems="0.000" timestamp="2023-06-02T09:22:07.509" activeThreads="16">
  <mem-info id="2139" free="280524152" total="1073741824" percent="26">
    <mem type="nursery" free="230559280" total="268435456" percent="85">
      <mem type="allocate" free="230559280" total="241565696" percent="95" />
      <mem type="survivor" free="0" total="26869760" percent="0" />
    </mem>
    <mem type="tenure" free="49964872" total="805306368" percent="6" macro-fragmented="0">
      <mem type="soa" free="13893456" total="765040640" percent="1" />
      <mem type="loa" free="36071416" total="40265728" percent="89" />
    </mem>
    <pending-finalizers system="159" default="294" reference="6" classloader="0" />
    <remembered-set count="12563" />
  </mem-info>
</gc-end>
<cycle-end id="2140" type="scavenge" contextid="2134" timestamp="2023-06-02T09:22:07.544" />
<allocation-satisfied id="2141" threadId="000000000B6FA100" bytesRequested="72" />
<af-end id="2142" timestamp="2023-06-02T09:22:07.544" threadId="000000000B6FAA80" success="true" from="nursery"/>
<exclusive-end id="2143" timestamp="2023-06-02T09:22:07.544" durationms="44.376" />

<exclusive-start id="2144" timestamp="2023-06-02T09:22:08.436" intervalms="936.926">
  <response-info timems="0.188" idlems="0.165" threads="1" lastid="000000000173B700" lastname="Default Executor-thread-8 @@ 09:22 &lt;unauthenticated&gt; &lt;" />
</exclusive-start>
<af-start id="2145" threadId="000000000B452A80" totalBytesRequested="32" timestamp="2023-06-02T09:22:08.437" intervalms="936.997" type="nursery" />
<cycle-start id="2146" type="scavenge" contextid="0" timestamp="2023-06-02T09:22:08.437" intervalms="937.097" />
<gc-start id="2147" type="scavenge" contextid="2146" timestamp="2023-06-02T09:22:08.440">
  <mem-info id="2148" free="49964872" total="1073741824" percent="4">
    <mem type="nursery" free="0" total="268435456" percent="0">
      <mem type="allocate" free="0" total="241565696" percent="0" />
      <mem type="survivor" free="0" total="26869760" percent="0" />
    </mem>
    <mem type="tenure" free="49964872" total="805306368" percent="6">
      <mem type="soa" free="13893456" total="765040640" percent="1" />
      <mem type="loa" free="36071416" total="40265728" percent="89" />
    </mem>
    <remembered-set count="14363" />
  </mem-info>
</gc-start>
<allocation-stats totalBytes="230371480" >
  <allocated-bytes non-tlh="68309240" tlh="162062240" />
  <largest-consumer threadName="Default Executor-thread-38" threadId="000000000B6A6500" bytes="42318000" />
</allocation-stats>
<gc-op id="2149" type="scavenge" timems="4.623" contextid="2146" timestamp="2023-06-02T09:22:08.445">
  <scavenger-info tenureage="5" tenuremask="40e0" tiltratio="89" />
  <memory-copied type="nursery" objects="122286" bytes="7466088" bytesdiscarded="172936" />
  <memory-copied type="tenure" objects="91923" bytes="3466712" bytesdiscarded="5568" />
  <finalization candidates="529" enqueued="459" />
  <ownableSynchronizers candidates="11011" cleared="9349" />
  <references type="soft" candidates="425" cleared="0" enqueued="0" dynamicThreshold="4" maxThreshold="32" />
  <references type="weak" candidates="242" cleared="37" enqueued="6" />
  <references type="phantom" candidates="1" cleared="0" enqueued="0" />
</gc-op>
<gc-end id="2150" type="scavenge" contextid="2146" durationms="5.092" usertimems="15.625" systemtimems="0.000" timestamp="2023-06-02T09:22:08.445" activeThreads="16">
  <mem-info id="2151" free="280121264" total="1073741824" percent="26">
    <mem type="nursery" free="233911096" total="268435456" percent="87">
      <mem type="allocate" free="233911096" total="241565696" percent="96" />
      <mem type="survivor" free="0" total="26869760" percent="0" />
    </mem>
    <mem type="tenure" free="46210168" total="805306368" percent="5" macro-fragmented="262176">
      <mem type="soa" free="10138752" total="765040640" percent="1" />
      <mem type="loa" free="36071416" total="40265728" percent="89" />
    </mem>
    <pending-finalizers system="145" default="314" reference="6" classloader="0" />
    <remembered-set count="8004" />
  </mem-info>
</gc-end>
<cycle-end id="2152" type="scavenge" contextid="2146" timestamp="2023-06-02T09:22:08.476" />
<allocation-satisfied id="2153" threadId="000000000B452100" bytesRequested="32" />
<af-end id="2154" timestamp="2023-06-02T09:22:08.476" threadId="000000000B452A80" success="true" from="nursery"/>
<exclusive-end id="2155" timestamp="2023-06-02T09:22:08.476" durationms="39.389" />

<exclusive-start id="2156" timestamp="2023-06-02T09:22:09.207" intervalms="770.094">
  <response-info timems="0.115" idlems="0.115" threads="0" lastid="0000000001876500" lastname="[SQL@09:22:09.205], select t1.ITEM_ID, 78, t1.SUBJECT_ITEM_ITEM" />
</exclusive-start>
<af-start id="2157" threadId="0000000001876E80" totalBytesRequested="524296" timestamp="2023-06-02T09:22:09.207" intervalms="769.999" type="nursery" />
<cycle-start id="2158" type="scavenge" contextid="0" timestamp="2023-06-02T09:22:09.207" intervalms="769.909" />
<gc-start id="2159" type="scavenge" contextid="2158" timestamp="2023-06-02T09:22:09.209">
  <mem-info id="2160" free="46595760" total="1073741824" percent="4">
    <mem type="nursery" free="385752" total="268435456" percent="0">
      <mem type="allocate" free="385752" total="241565696" percent="0" />
      <mem type="survivor" free="0" total="26869760" percent="0" />
    </mem>
    <mem type="tenure" free="46210008" total="805306368" percent="5">
      <mem type="soa" free="10138592" total="765040640" percent="1" />
      <mem type="loa" free="36071416" total="40265728" percent="89" />
    </mem>
    <remembered-set count="9664" />
  </mem-info>
</gc-start>
<allocation-stats totalBytes="233385544" >
  <allocated-bytes non-tlh="68309344" tlh="165076200" />
  <largest-consumer threadName="Default Executor-thread-8" threadId="000000000173B700" bytes="43859568" />
</allocation-stats>
<gc-op id="2161" type="scavenge" timems="4.296" contextid="2158" timestamp="2023-06-02T09:22:09.213">
  <scavenger-info tenureage="4" tenuremask="4010" tiltratio="89" />
  <memory-copied type="nursery" objects="68092" bytes="4545560" bytesdiscarded="254624" />
  <memory-copied type="tenure" objects="79316" bytes="4036448" bytesdiscarded="9216" />
  <finalization candidates="522" enqueued="450" />
  <ownableSynchronizers candidates="8924" cleared="7255" />
  <references type="soft" candidates="439" cleared="0" enqueued="0" dynamicThreshold="4" maxThreshold="32" />
  <references type="weak" candidates="227" cleared="30" enqueued="8" />
  <references type="phantom" candidates="1" cleared="0" enqueued="0" />
</gc-op>
<gc-end id="2162" type="scavenge" contextid="2158" durationms="4.803" usertimems="0.000" systemtimems="0.000" timestamp="2023-06-02T09:22:09.213" activeThreads="16">
  <mem-info id="2163" free="278970376" total="1073741824" percent="25">
    <mem type="nursery" free="236753856" total="268435456" percent="88">
      <mem type="allocate" free="236753856" total="241565696" percent="98" />
      <mem type="survivor" free="0" total="26869760" percent="0" />
    </mem>
    <mem type="tenure" free="42216520" total="805306368" percent="5" macro-fragmented="32608">
      <mem type="soa" free="6145104" total="765040640" percent="0" />
      <mem type="loa" free="36071416" total="40265728" percent="89" />
    </mem>
    <pending-finalizers system="171" default="279" reference="8" classloader="0" />
    <remembered-set count="4967" />
  </mem-info>
</gc-end>
<cycle-end id="2164" type="scavenge" contextid="2158" timestamp="2023-06-02T09:22:09.230" />
<allocation-satisfied id="2165" threadId="0000000001876500" bytesRequested="524296" />
<af-end id="2166" timestamp="2023-06-02T09:22:09.230" threadId="0000000001876E80" success="true" from="nursery"/>
<exclusive-end id="2167" timestamp="2023-06-02T09:22:09.230" durationms="23.031" />

<concurrent-kickoff id="2168" timestamp="2023-06-02T09:22:09.789">
  <kickoff reason="threshold reached" targetBytes="264898947" thresholdFreeBytes="36630340"  remainingFree="36537176" tenureFreeBytes="42216520" nurseryFreeBytes="36537176" />
</concurrent-kickoff>
<exclusive-start id="2169" timestamp="2023-06-02T09:22:09.792" intervalms="585.286">
  <response-info timems="0.149" idlems="0.149" threads="0" lastid="000000000AB99500" lastname="qm: AsynchronousTaskRunner-3 @@ 09:22" />
</exclusive-start>
<cycle-start id="2170" type="global" contextid="0" timestamp="2023-06-02T09:22:09.792" intervalms="151850.974" />
<exclusive-end id="2171" timestamp="2023-06-02T09:22:09.792" durationms="0.039" />

<exclusive-start id="2172" timestamp="2023-06-02T09:22:10.125" intervalms="332.433">
  <response-info timems="0.113" idlems="0.113" threads="0" lastid="000000000B726D00" lastname="[SQL@09:22:10.069], select t1.ITEM_ID, 78, t1.SUBJECT_ITEM_ITEM" />
</exclusive-start>
<af-start id="2173" threadId="000000000B727680" totalBytesRequested="33554440" timestamp="2023-06-02T09:22:10.143" intervalms="935.622" type="nursery" />
<cycle-start id="2174" type="scavenge" contextid="0" timestamp="2023-06-02T09:22:10.143" intervalms="935.636" />
<gc-start id="2175" type="scavenge" contextid="2174" timestamp="2023-06-02T09:22:10.145">
  <mem-info id="2176" free="44789656" total="1073741824" percent="4">
    <mem type="nursery" free="2573136" total="268435456" percent="0">
      <mem type="allocate" free="2573136" total="241565696" percent="1" />
      <mem type="survivor" free="0" total="26869760" percent="0" />
    </mem>
    <mem type="tenure" free="42216520" total="805306368" percent="5">
      <mem type="soa" free="6145104" total="765040640" percent="0" />
      <mem type="loa" free="36071416" total="40265728" percent="89" />
    </mem>
    <remembered-set count="6641" />
  </mem-info>
</gc-start>
<allocation-stats totalBytes="234032984" >
  <allocated-bytes non-tlh="68878448" tlh="165154536" />
  <largest-consumer threadName="[SQL@09:22:10.069], select t1.ITEM_ID, 78, t1.SUBJECT_ITEM_ITEM_ID, t1.JZ_SUBJECT_ITEM_DISCRIMINATOR, t1.OBJECT_ITEM_ITEM_ID, t..." threadId="000000000B726D00" bytes="45446672" />
</allocation-stats>
<gc-op id="2177" type="scavenge" timems="3.485" contextid="2174" timestamp="2023-06-02T09:22:10.149">
  <scavenger-info tenureage="12" tenuremask="5000" tiltratio="89" />
  <memory-copied type="nursery" objects="91773" bytes="5485304" bytesdiscarded="245880" />
  <memory-copied type="tenure" objects="5642" bytes="691072" bytesdiscarded="216" />
  <finalization candidates="555" enqueued="480" />
  <ownableSynchronizers candidates="9924" cleared="9537" />
  <references type="soft" candidates="478" cleared="0" enqueued="0" dynamicThreshold="4" maxThreshold="32" />
  <references type="weak" candidates="441" cleared="159" enqueued="130" />
  <references type="phantom" candidates="16" cleared="0" enqueued="0" />
</gc-op>
<gc-end id="2178" type="scavenge" contextid="2174" durationms="3.829" usertimems="0.000" systemtimems="0.000" timestamp="2023-06-02T09:22:10.149" activeThreads="16">
  <mem-info id="2179" free="277355304" total="1073741824" percent="25">
    <mem type="nursery" free="235822640" total="268435456" percent="87">
      <mem type="allocate" free="235822640" total="241565696" percent="97" />
      <mem type="survivor" free="0" total="26869760" percent="0" />
    </mem>
    <mem type="tenure" free="41532664" total="805306368" percent="5" macro-fragmented="0">
      <mem type="soa" free="5461248" total="765040640" percent="0" />
      <mem type="loa" free="36071416" total="40265728" percent="89" />
    </mem>
    <pending-finalizers system="174" default="306" reference="130" classloader="0" />
    <remembered-set count="4410" />
  </mem-info>
</gc-end>
<cycle-end id="2180" type="scavenge" contextid="2174" timestamp="2023-06-02T09:22:10.157" />
<allocation-satisfied id="2181" threadId="000000000B726D00" bytesRequested="33554440" />
<af-end id="2182" timestamp="2023-06-02T09:22:10.339" threadId="000000000B727680" success="true" from="nursery"/>
<exclusive-end id="2183" timestamp="2023-06-02T09:22:10.339" durationms="214.306" />

<exclusive-start id="2184" timestamp="2023-06-02T09:22:10.340" intervalms="214.738">
  <response-info timems="0.257" idlems="0.257" threads="0" lastid="000000000186C300" lastname="com.ibm.team.fulltext.service.internal.FullTextServiceImpl$Back" />
</exclusive-start>
<concurrent-collection-start id="2185" timestamp="2023-06-02T09:22:10.342" intervalms="151708.482" >
  <concurrent-trace-info reason="card cleaning threshold reached" tracedByMutators="243588200" tracedByHelpers="146579380" cardsCleaned="2349" workStackOverflowCount="0" />
</concurrent-collection-start>
<gc-start id="2186" type="global" contextid="2170" timestamp="2023-06-02T09:22:10.346">
  <mem-info id="2187" free="243460896" total="1073741824" percent="22">
    <mem type="nursery" free="201928232" total="268435456" percent="75">
      <mem type="allocate" free="201928232" total="241565696" percent="83" />
      <mem type="survivor" free="0" total="26869760" percent="0" />
    </mem>
    <mem type="tenure" free="41532664" total="805306368" percent="5">
      <mem type="soa" free="5461248" total="765040640" percent="0" />
      <mem type="loa" free="36071416" total="40265728" percent="89" />
    </mem>
    <pending-finalizers system="174" default="305" reference="0" classloader="0" />
    <remembered-set count="4424" />
  </mem-info>
</gc-start>
<allocation-stats totalBytes="33894400" >
  <allocated-bytes non-tlh="33554440" tlh="339960" />
  <largest-consumer threadName="[SQL@09:22:10.069], select t1.ITEM_ID, 78, t1.SUBJECT_ITEM_ITEM_ID, t1.JZ_SUBJECT_ITEM_DISCRIMINATOR, t1.OBJECT_ITEM_ITEM_ID, t..." threadId="000000000B726D00" bytes="33619976" />
</allocation-stats>
<gc-op id="2188" type="rs-scan" timems="5.704" contextid="2170" timestamp="2023-06-02T09:22:10.351">
  <scan objectsFound="3308" bytesTraced="4789824" workStackOverflowCount="0" />
</gc-op>
<gc-op id="2189" type="card-cleaning" timems="0.591" contextid="2170" timestamp="2023-06-02T09:22:10.352">
  <card-cleaning cardsCleaned="104" bytesTraced="67600" workStackOverflowCount="0" />
</gc-op>
<gc-op id="2190" type="mark" timems="35.034" contextid="2170" timestamp="2023-06-02T09:22:10.387">
  <trace-info objectcount="32722" scancount="28819" scanbytes="35142892" />
  <finalization candidates="5893" enqueued="469" />
  <ownableSynchronizers candidates="63362" cleared="7295" />
  <references type="soft" candidates="135443" cleared="0" enqueued="0" dynamicThreshold="4" maxThreshold="32" />
  <references type="weak" candidates="56381" cleared="2360" enqueued="2343" />
  <references type="phantom" candidates="359" cleared="0" enqueued="0" />
  <stringconstants candidates="123910" cleared="388"  />
</gc-op>
<gc-op id="2191" type="classunload" timems="61.251" contextid="2170" timestamp="2023-06-02T09:22:10.448">
  <classunload-info classloadercandidates="9719" classloadersunloaded="151" classesunloaded="151" anonymousclassesunloaded="0" quiescems="0.000" setupms="59.832" scanms="1.245" postms="0.173" />
</gc-op>
<gc-op id="2192" type="sweep" timems="4.253" contextid="2170" timestamp="2023-06-02T09:22:10.453" />
<gc-end id="2193" type="global" contextid="2170" durationms="140.587" usertimems="531.250" systemtimems="0.000" timestamp="2023-06-02T09:22:10.486" activeThreads="16">
  <mem-info id="2194" free="271982472" total="1073741824" percent="25">
    <mem type="nursery" free="202566048" total="268435456" percent="75">
      <mem type="allocate" free="202566048" total="241565696" percent="83" />
      <mem type="survivor" free="0" total="26869760" percent="0" />
    </mem>
    <mem type="tenure" free="69416424" total="805306368" percent="8" micro-fragmented="16781948" macro-fragmented="0">
      <mem type="soa" free="33345008" total="765040640" percent="4" />
      <mem type="loa" free="36071416" total="40265728" percent="89" />
    </mem>
    <pending-finalizers system="643" default="305" reference="2343" classloader="0" />
    <remembered-set count="3961" />
  </mem-info>
</gc-end>
<cycle-end id="2195" type="global" contextid="2170" timestamp="2023-06-02T09:22:10.487" />
<concurrent-collection-end id="2196" timestamp="2023-06-02T09:22:10.487" />
<exclusive-end id="2197" timestamp="2023-06-02T09:22:10.487" durationms="148.101" />

<exclusive-start id="2198" timestamp="2023-06-02T09:22:10.948" intervalms="608.847">
  <response-info timems="0.165" idlems="0.165" threads="0" lastid="000000000B726D00" lastname="[SQL@09:22:10.941], select t1.ITEM_ID, 78, t1.SUBJECT_ITEM_ITEM" />
</exclusive-start>
<af-start id="2199" threadId="000000000B727680" totalBytesRequested="33554440" timestamp="2023-06-02T09:22:10.948" intervalms="805.768" type="nursery" />
<cycle-start id="2200" type="scavenge" contextid="0" timestamp="2023-06-02T09:22:10.948" intervalms="805.832" />
<gc-start id="2201" type="scavenge" contextid="2200" timestamp="2023-06-02T09:22:10.951">
  <mem-info id="2202" free="88663176" total="1073741824" percent="8">
    <mem type="nursery" free="19259328" total="268435456" percent="7">
      <mem type="allocate" free="19259328" total="241565696" percent="7" />
      <mem type="survivor" free="0" total="26869760" percent="0" />
    </mem>
    <mem type="tenure" free="69403848" total="805306368" percent="8">
      <mem type="soa" free="33332432" total="765040640" percent="4" />
      <mem type="loa" free="36071416" total="40265728" percent="89" />
    </mem>
    <remembered-set count="9544" />
  </mem-info>
</gc-start>
<allocation-stats totalBytes="183122288" >
  <allocated-bytes non-tlh="35025576" tlh="148096712" />
  <largest-consumer threadName="Default Executor-thread-39 @@ 09:21 PiotrAniola &lt;Mozilla/5.0 (Windows NT 10.0; Win64; x64; rv:109.0) Gecko/20100101 Firefox/..." threadId="000000000B67AE00" bytes="46633984" />
</allocation-stats>
<gc-op id="2203" type="scavenge" timems="2.763" contextid="2200" timestamp="2023-06-02T09:22:10.954">
  <scavenger-info tenureage="14" tenuremask="4000" tiltratio="89" />
  <memory-copied type="nursery" objects="87164" bytes="4918368" bytesdiscarded="159720" />
  <memory-copied type="tenure" objects="2356" bytes="86168" bytesdiscarded="3672" />
  <finalization candidates="334" enqueued="264" />
  <ownableSynchronizers candidates="118060" cleared="117895" />
  <references type="soft" candidates="2237" cleared="0" enqueued="0" dynamicThreshold="2" maxThreshold="32" />
  <references type="weak" candidates="118" cleared="24" enqueued="6" />
</gc-op>
<gc-end id="2204" type="scavenge" contextid="2200" durationms="3.084" usertimems="0.000" systemtimems="0.000" timestamp="2023-06-02T09:22:10.954" activeThreads="16">
  <mem-info id="2205" free="305776504" total="1073741824" percent="28">
    <mem type="nursery" free="236480552" total="268435456" percent="88">
      <mem type="allocate" free="236480552" total="241565696" percent="97" />
      <mem type="survivor" free="0" total="26869760" percent="0" />
    </mem>
    <mem type="tenure" free="69295952" total="805306368" percent="8" macro-fragmented="0">
      <mem type="soa" free="33224536" total="765040640" percent="4" />
      <mem type="loa" free="36071416" total="40265728" percent="89" />
    </mem>
    <pending-finalizers system="86" default="178" reference="6" classloader="0" />
    <remembered-set count="8099" />
  </mem-info>
</gc-end>
<cycle-end id="2206" type="scavenge" contextid="2200" timestamp="2023-06-02T09:22:10.956" />
<allocation-satisfied id="2207" threadId="000000000B726D00" bytesRequested="33554440" />
<af-end id="2208" timestamp="2023-06-02T09:22:10.958" threadId="000000000B727680" success="true" from="nursery"/>
<exclusive-end id="2209" timestamp="2023-06-02T09:22:10.958" durationms="9.697" />

<exclusive-start id="2210" timestamp="2023-06-02T09:22:11.503" intervalms="554.477">
  <response-info timems="0.173" idlems="0.173" threads="0" lastid="0000000001746B00" lastname="Default Executor-thread-10" />
</exclusive-start>
<af-start id="2211" threadId="0000000001747480" totalBytesRequested="272" timestamp="2023-06-02T09:22:11.503" intervalms="554.464" type="nursery" />
<cycle-start id="2212" type="scavenge" contextid="0" timestamp="2023-06-02T09:22:11.503" intervalms="554.447" />
<gc-start id="2213" type="scavenge" contextid="2212" timestamp="2023-06-02T09:22:11.507">
  <mem-info id="2214" free="69295840" total="1073741824" percent="6">
    <mem type="nursery" free="0" total="268435456" percent="0">
      <mem type="allocate" free="0" total="241565696" percent="0" />
      <mem type="survivor" free="0" total="26869760" percent="0" />
    </mem>
    <mem type="tenure" free="69295840" total="805306368" percent="8">
      <mem type="soa" free="33224424" total="765040640" percent="4" />
      <mem type="loa" free="36071416" total="40265728" percent="89" />
    </mem>
    <remembered-set count="9611" />
  </mem-info>
</gc-start>
<allocation-stats totalBytes="236246640" >
  <allocated-bytes non-tlh="101929280" tlh="134317360" />
  <largest-consumer threadName="Default Executor-thread-21" threadId="000000000186AC00" bytes="42427264" />
</allocation-stats>
<gc-op id="2215" type="scavenge" timems="9.942" contextid="2212" timestamp="2023-06-02T09:22:11.517">
  <scavenger-info tenureage="14" tenuremask="4000" tiltratio="89" />
  <memory-copied type="nursery" objects="48418" bytes="3209472" bytesdiscarded="204328" />
  <finalization candidates="412" enqueued="335" />
  <ownableSynchronizers candidates="8283" cleared="8120" />
  <references type="soft" candidates="2270" cleared="0" enqueued="0" dynamicThreshold="2" maxThreshold="32" />
  <references type="weak" candidates="119" cleared="26" enqueued="6" />
</gc-op>
<gc-end id="2216" type="scavenge" contextid="2212" durationms="10.282" usertimems="0.000" systemtimems="0.000" timestamp="2023-06-02T09:22:11.517" activeThreads="16">
  <mem-info id="2217" free="307437568" total="1073741824" percent="28">
    <mem type="nursery" free="238141728" total="268435456" percent="88">
      <mem type="allocate" free="238141728" total="241565696" percent="98" />
      <mem type="survivor" free="0" total="26869760" percent="0" />
    </mem>
    <mem type="tenure" free="69295840" total="805306368" percent="8" macro-fragmented="0">
      <mem type="soa" free="33224424" total="765040640" percent="4" />
      <mem type="loa" free="36071416" total="40265728" percent="89" />
    </mem>
    <pending-finalizers system="116" default="219" reference="6" classloader="0" />
    <remembered-set count="8198" />
  </mem-info>
</gc-end>
<cycle-end id="2218" type="scavenge" contextid="2212" timestamp="2023-06-02T09:22:11.519" />
<allocation-satisfied id="2219" threadId="0000000001746B00" bytesRequested="272" />
<af-end id="2220" timestamp="2023-06-02T09:22:11.519" threadId="0000000001747480" success="true" from="nursery"/>
<exclusive-end id="2221" timestamp="2023-06-02T09:22:11.519" durationms="16.352" />

<exclusive-start id="2222" timestamp="2023-06-02T09:22:12.107" intervalms="604.294">
  <response-info timems="0.281" idlems="0.281" threads="0" lastid="0000000001791900" lastname="[SQL@09:22:12.099], select t1.ITEM_ID, 78, t1.SUBJECT_ITEM_ITEM" />
</exclusive-start>
<af-start id="2223" threadId="0000000001792280" totalBytesRequested="33554440" timestamp="2023-06-02T09:22:12.108" intervalms="604.435" type="nursery" />
<cycle-start id="2224" type="scavenge" contextid="0" timestamp="2023-06-02T09:22:12.108" intervalms="604.367" />
<gc-start id="2225" type="scavenge" contextid="2224" timestamp="2023-06-02T09:22:12.110">
  <mem-info id="2226" free="84573032" total="1073741824" percent="7">
    <mem type="nursery" free="15278360" total="268435456" percent="5">
      <mem type="allocate" free="15278360" total="241565696" percent="6" />
      <mem type="survivor" free="0" total="26869760" percent="0" />
    </mem>
    <mem type="tenure" free="69294672" total="805306368" percent="8">
      <mem type="soa" free="33223256" total="765040640" percent="4" />
      <mem type="loa" free="36071416" total="40265728" percent="89" />
    </mem>
    <remembered-set count="9882" />
  </mem-info>
</gc-start>
<allocation-stats totalBytes="222606048" >
  <allocated-bytes non-tlh="68748016" tlh="153858032" />
  <largest-consumer threadName="Default Executor-thread-2" threadId="00000000016EAB00" bytes="40250312" />
</allocation-stats>
<gc-op id="2227" type="scavenge" timems="7.362" contextid="2224" timestamp="2023-06-02T09:22:12.117">
  <scavenger-info tenureage="14" tenuremask="4000" tiltratio="89" />
  <memory-copied type="nursery" objects="95067" bytes="4845392" bytesdiscarded="321544" />
  <memory-copied type="tenure" objects="1783" bytes="169744" bytesdiscarded="3224" />
  <finalization candidates="510" enqueued="437" />
  <ownableSynchronizers candidates="9728" cleared="9535" />
  <references type="soft" candidates="2289" cleared="0" enqueued="0" dynamicThreshold="2" maxThreshold="32" />
  <references type="weak" candidates="119" cleared="33" enqueued="7" />
  <references type="phantom" candidates="1" cleared="0" enqueued="0" />
</gc-op>
<gc-end id="2228" type="scavenge" contextid="2224" durationms="7.702" usertimems="0.000" systemtimems="0.000" timestamp="2023-06-02T09:22:12.117" activeThreads="16">
  <mem-info id="2229" free="305499928" total="1073741824" percent="28">
    <mem type="nursery" free="236388656" total="268435456" percent="88">
      <mem type="allocate" free="236388656" total="241565696" percent="97" />
      <mem type="survivor" free="0" total="26869760" percent="0" />
    </mem>
    <mem type="tenure" free="69111272" total="805306368" percent="8" macro-fragmented="0">
      <mem type="soa" free="33039856" total="765040640" percent="4" />
      <mem type="loa" free="36071416" total="40265728" percent="89" />
    </mem>
    <pending-finalizers system="140" default="297" reference="7" classloader="0" />
    <remembered-set count="5634" />
  </mem-info>
</gc-end>
<cycle-end id="2230" type="scavenge" contextid="2224" timestamp="2023-06-02T09:22:12.118" />
<allocation-satisfied id="2231" threadId="0000000001791900" bytesRequested="33554440" />
<af-end id="2232" timestamp="2023-06-02T09:22:12.120" threadId="0000000001792280" success="true" from="nursery"/>
<exclusive-end id="2233" timestamp="2023-06-02T09:22:12.120" durationms="13.399" />

<exclusive-start id="2234" timestamp="2023-06-02T09:22:12.690" intervalms="583.606">
  <response-info timems="0.606" idlems="0.606" threads="0" lastid="00000000015D4D00" lastname="Default Executor-thread-7 @@ 09:22 &lt;unauthenticated&gt; &lt;" />
</exclusive-start>
<af-start id="2235" threadId="00000000015D5680" totalBytesRequested="72" timestamp="2023-06-02T09:22:12.691" intervalms="583.752" type="nursery" />
<cycle-start id="2236" type="scavenge" contextid="0" timestamp="2023-06-02T09:22:12.691" intervalms="583.823" />
<gc-start id="2237" type="scavenge" contextid="2236" timestamp="2023-06-02T09:22:12.699">
  <mem-info id="2238" free="69110952" total="1073741824" percent="6">
    <mem type="nursery" free="0" total="268435456" percent="0">
      <mem type="allocate" free="0" total="241565696" percent="0" />
      <mem type="survivor" free="0" total="26869760" percent="0" />
    </mem>
    <mem type="tenure" free="69110952" total="805306368" percent="8">
      <mem type="soa" free="33039536" total="765040640" percent="4" />
      <mem type="loa" free="36071416" total="40265728" percent="89" />
    </mem>
    <remembered-set count="7198" />
  </mem-info>
</gc-start>
<allocation-stats totalBytes="236183632" >
  <allocated-bytes non-tlh="101929488" tlh="134254144" />
  <largest-consumer threadName="Default Executor-thread-7 @@ 09:22 &lt;unauthenticated&gt; &lt;Mozilla/5.0 (Windows NT 10.0, Win64, x64, rv:109.0) Gecko/201001..." threadId="00000000015D4D00" bytes="44008248" />
</allocation-stats>
<gc-op id="2239" type="scavenge" timems="4.646" contextid="2236" timestamp="2023-06-02T09:22:12.704">
  <scavenger-info tenureage="14" tenuremask="4000" tiltratio="89" />
  <memory-copied type="nursery" objects="55002" bytes="3094064" bytesdiscarded="135560" />
  <finalization candidates="405" enqueued="336" />
  <ownableSynchronizers candidates="8372" cleared="8208" />
  <references type="soft" candidates="2325" cleared="0" enqueued="0" dynamicThreshold="2" maxThreshold="32" />
  <references type="weak" candidates="177" cleared="59" enqueued="34" />
  <references type="phantom" candidates="11" cleared="0" enqueued="0" />
</gc-op>
<gc-end id="2240" type="scavenge" contextid="2236" durationms="5.080" usertimems="15.625" systemtimems="0.000" timestamp="2023-06-02T09:22:12.704" activeThreads="16">
  <mem-info id="2241" free="307437424" total="1073741824" percent="28">
    <mem type="nursery" free="238326472" total="268435456" percent="88">
      <mem type="allocate" free="238326472" total="241565696" percent="98" />
      <mem type="survivor" free="0" total="26869760" percent="0" />
    </mem>
    <mem type="tenure" free="69110952" total="805306368" percent="8" macro-fragmented="0">
      <mem type="soa" free="33039536" total="765040640" percent="4" />
      <mem type="loa" free="36071416" total="40265728" percent="89" />
    </mem>
    <pending-finalizers system="117" default="219" reference="34" classloader="0" />
    <remembered-set count="5797" />
  </mem-info>
</gc-end>
<cycle-end id="2242" type="scavenge" contextid="2236" timestamp="2023-06-02T09:22:12.707" />
<allocation-satisfied id="2243" threadId="00000000015D4D00" bytesRequested="72" />
<af-end id="2244" timestamp="2023-06-02T09:22:12.707" threadId="00000000015D5680" success="true" from="nursery"/>
<exclusive-end id="2245" timestamp="2023-06-02T09:22:12.707" durationms="16.448" />

<exclusive-start id="2246" timestamp="2023-06-02T09:22:13.334" intervalms="643.247">
  <response-info timems="0.215" idlems="0.215" threads="0" lastid="0000000001877000" lastname="[SQL@09:22:13.330], select t1.ITEM_ID, 78, t1.SUBJECT_ITEM_ITEM" />
</exclusive-start>
<af-start id="2247" threadId="0000000001877980" totalBytesRequested="33554440" timestamp="2023-06-02T09:22:13.334" intervalms="642.962" type="nursery" />
<cycle-start id="2248" type="scavenge" contextid="0" timestamp="2023-06-02T09:22:13.335" intervalms="643.007" />
<gc-start id="2249" type="scavenge" contextid="2248" timestamp="2023-06-02T09:22:13.337">
  <mem-info id="2250" free="80678720" total="1073741824" percent="7">
    <mem type="nursery" free="11567808" total="268435456" percent="4">
      <mem type="allocate" free="11567808" total="241565696" percent="4" />
      <mem type="survivor" free="0" total="26869760" percent="0" />
    </mem>
    <mem type="tenure" free="69110912" total="805306368" percent="8">
      <mem type="soa" free="33039496" total="765040640" percent="4" />
      <mem type="loa" free="36071416" total="40265728" percent="89" />
    </mem>
    <remembered-set count="7411" />
  </mem-info>
</gc-start>
<allocation-stats totalBytes="226555488" >
  <allocated-bytes non-tlh="68784408" tlh="157771080" />
  <largest-consumer threadName="Default Executor-thread-9" threadId="0000000001742F00" bytes="44004408" />
</allocation-stats>
<gc-op id="2251" type="scavenge" timems="4.441" contextid="2248" timestamp="2023-06-02T09:22:13.340">
  <scavenger-info tenureage="14" tenuremask="4000" tiltratio="89" />
  <memory-copied type="nursery" objects="102974" bytes="5344000" bytesdiscarded="208488" />
  <finalization candidates="474" enqueued="409" />
  <ownableSynchronizers candidates="9177" cleared="8989" />
  <references type="soft" candidates="2358" cleared="0" enqueued="0" dynamicThreshold="2" maxThreshold="32" />
  <references type="weak" candidates="215" cleared="78" enqueued="54" />
  <references type="phantom" candidates="13" cleared="0" enqueued="0" />
</gc-op>
<gc-end id="2252" type="scavenge" contextid="2248" durationms="4.763" usertimems="0.000" systemtimems="0.000" timestamp="2023-06-02T09:22:13.341" activeThreads="16">
  <mem-info id="2253" free="305113520" total="1073741824" percent="28">
    <mem type="nursery" free="236002608" total="268435456" percent="87">
      <mem type="allocate" free="236002608" total="241565696" percent="97" />
      <mem type="survivor" free="0" total="26869760" percent="0" />
    </mem>
    <mem type="tenure" free="69110912" total="805306368" percent="8" macro-fragmented="0">
      <mem type="soa" free="33039496" total="765040640" percent="4" />
      <mem type="loa" free="36071416" total="40265728" percent="89" />
    </mem>
    <pending-finalizers system="141" default="268" reference="54" classloader="0" />
    <remembered-set count="5861" />
  </mem-info>
</gc-end>
<cycle-end id="2254" type="scavenge" contextid="2248" timestamp="2023-06-02T09:22:13.342" />
<allocation-satisfied id="2255" threadId="0000000001877000" bytesRequested="33554440" />
<af-end id="2256" timestamp="2023-06-02T09:22:13.345" threadId="0000000001877980" success="true" from="nursery"/>
<exclusive-end id="2257" timestamp="2023-06-02T09:22:13.345" durationms="12.084" />

<exclusive-start id="2258" timestamp="2023-06-02T09:22:13.911" intervalms="577.782">
  <response-info timems="0.152" idlems="0.152" threads="0" lastid="000000000B5B9B00" lastname="Default Executor-thread-33 @@ 09:22 PiotrAniola &lt;Mozilla/5.0" />
</exclusive-start>
<af-start id="2259" threadId="000000000B5BA480" totalBytesRequested="8200" timestamp="2023-06-02T09:22:13.911" intervalms="577.737" type="nursery" />
<cycle-start id="2260" type="scavenge" contextid="0" timestamp="2023-06-02T09:22:13.911" intervalms="577.628" />
<gc-start id="2261" type="scavenge" contextid="2260" timestamp="2023-06-02T09:22:13.914">
  <mem-info id="2262" free="69110392" total="1073741824" percent="6">
    <mem type="nursery" free="0" total="268435456" percent="0">
      <mem type="allocate" free="0" total="241565696" percent="0" />
      <mem type="survivor" free="0" total="26869760" percent="0" />
    </mem>
    <mem type="tenure" free="69110392" total="805306368" percent="8">
      <mem type="soa" free="33038976" total="765040640" percent="4" />
      <mem type="loa" free="36071416" total="40265728" percent="89" />
    </mem>
    <remembered-set count="7367" />
  </mem-info>
</gc-start>
<allocation-stats totalBytes="235806440" >
  <allocated-bytes non-tlh="101843552" tlh="133962888" />
  <largest-consumer threadName="Default Executor-thread-21" threadId="000000000186AC00" bytes="42585320" />
</allocation-stats>
<gc-op id="2263" type="scavenge" timems="2.441" contextid="2260" timestamp="2023-06-02T09:22:13.916">
  <scavenger-info tenureage="14" tenuremask="4000" tiltratio="89" />
  <memory-copied type="nursery" objects="59431" bytes="3842056" bytesdiscarded="211864" />
  <finalization candidates="410" enqueued="339" />
  <ownableSynchronizers candidates="7950" cleared="7761" />
  <references type="soft" candidates="2378" cleared="0" enqueued="0" dynamicThreshold="2" maxThreshold="32" />
  <references type="weak" candidates="128" cleared="28" enqueued="7" />
</gc-op>
<gc-end id="2264" type="scavenge" contextid="2260" durationms="2.787" usertimems="15.625" systemtimems="0.000" timestamp="2023-06-02T09:22:13.916" activeThreads="16">
  <mem-info id="2265" free="306613392" total="1073741824" percent="28">
    <mem type="nursery" free="237503000" total="268435456" percent="88">
      <mem type="allocate" free="237503000" total="241565696" percent="98" />
      <mem type="survivor" free="0" total="26869760" percent="0" />
    </mem>
    <mem type="tenure" free="69110392" total="805306368" percent="8" macro-fragmented="0">
      <mem type="soa" free="33038976" total="765040640" percent="4" />
      <mem type="loa" free="36071416" total="40265728" percent="89" />
    </mem>
    <pending-finalizers system="149" default="190" reference="7" classloader="0" />
    <remembered-set count="5922" />
  </mem-info>
</gc-end>
<cycle-end id="2266" type="scavenge" contextid="2260" timestamp="2023-06-02T09:22:13.918" />
<allocation-satisfied id="2267" threadId="000000000B5B9B00" bytesRequested="8200" />
<af-end id="2268" timestamp="2023-06-02T09:22:13.918" threadId="000000000B5BA480" success="true" from="nursery"/>
<exclusive-end id="2269" timestamp="2023-06-02T09:22:13.918" durationms="6.683" />

<exclusive-start id="2270" timestamp="2023-06-02T09:22:14.450" intervalms="538.336">
  <response-info timems="0.169" idlems="0.169" threads="0" lastid="0000000001878A00" lastname="Default Executor-thread-14" />
</exclusive-start>
<af-start id="2271" threadId="0000000001879380" totalBytesRequested="1592" timestamp="2023-06-02T09:22:14.450" intervalms="538.303" type="nursery" />
<cycle-start id="2272" type="scavenge" contextid="0" timestamp="2023-06-02T09:22:14.450" intervalms="538.295" />
<gc-start id="2273" type="scavenge" contextid="2272" timestamp="2023-06-02T09:22:14.452">
  <mem-info id="2274" free="69110392" total="1073741824" percent="6">
    <mem type="nursery" free="0" total="268435456" percent="0">
      <mem type="allocate" free="0" total="241565696" percent="0" />
      <mem type="survivor" free="0" total="26869760" percent="0" />
    </mem>
    <mem type="tenure" free="69110392" total="805306368" percent="8">
      <mem type="soa" free="33038976" total="765040640" percent="4" />
      <mem type="loa" free="36071416" total="40265728" percent="89" />
    </mem>
    <remembered-set count="7401" />
  </mem-info>
</gc-start>
<allocation-stats totalBytes="237297184" >
  <allocated-bytes non-tlh="102478056" tlh="134819128" />
  <largest-consumer threadName="Default Executor-thread-32" threadId="0000000001994900" bytes="41384512" />
</allocation-stats>
<gc-op id="2275" type="scavenge" timems="2.299" contextid="2272" timestamp="2023-06-02T09:22:14.454">
  <scavenger-info tenureage="14" tenuremask="4000" tiltratio="89" />
  <memory-copied type="nursery" objects="56108" bytes="3415096" bytesdiscarded="277032" />
  <finalization candidates="385" enqueued="307" />
  <ownableSynchronizers candidates="7331" cleared="7151" />
  <references type="soft" candidates="2395" cleared="0" enqueued="0" dynamicThreshold="2" maxThreshold="32" />
  <references type="weak" candidates="123" cleared="20" enqueued="6" />
</gc-op>
<gc-end id="2276" type="scavenge" contextid="2272" durationms="2.640" usertimems="0.000" systemtimems="0.000" timestamp="2023-06-02T09:22:14.454" activeThreads="16">
  <mem-info id="2277" free="306976088" total="1073741824" percent="28">
    <mem type="nursery" free="237865696" total="268435456" percent="88">
      <mem type="allocate" free="237865696" total="241565696" percent="98" />
      <mem type="survivor" free="0" total="26869760" percent="0" />
    </mem>
    <mem type="tenure" free="69110392" total="805306368" percent="8" macro-fragmented="0">
      <mem type="soa" free="33038976" total="765040640" percent="4" />
      <mem type="loa" free="36071416" total="40265728" percent="89" />
    </mem>
    <pending-finalizers system="123" default="184" reference="6" classloader="0" />
    <remembered-set count="5952" />
  </mem-info>
</gc-end>
<cycle-end id="2278" type="scavenge" contextid="2272" timestamp="2023-06-02T09:22:14.456" />
<allocation-satisfied id="2279" threadId="0000000001878A00" bytesRequested="1592" />
<af-end id="2280" timestamp="2023-06-02T09:22:14.456" threadId="0000000001879380" success="true" from="nursery"/>
<exclusive-end id="2281" timestamp="2023-06-02T09:22:14.456" durationms="6.241" />

<exclusive-start id="2282" timestamp="2023-06-02T09:22:15.108" intervalms="657.914">
  <response-info timems="1.788" idlems="0.912" threads="2" lastid="000000000106EF00" lastname="JIT Compilation Thread-003" />
</exclusive-start>
<af-start id="2283" threadId="0000000001730C80" totalBytesRequested="33554440" timestamp="2023-06-02T09:22:15.108" intervalms="657.986" type="nursery" />
<cycle-start id="2284" type="scavenge" contextid="0" timestamp="2023-06-02T09:22:15.108" intervalms="657.993" />
<gc-start id="2285" type="scavenge" contextid="2284" timestamp="2023-06-02T09:22:15.110">
  <mem-info id="2286" free="89906864" total="1073741824" percent="8">
    <mem type="nursery" free="20796472" total="268435456" percent="7">
      <mem type="allocate" free="20796472" total="241565696" percent="8" />
      <mem type="survivor" free="0" total="26869760" percent="0" />
    </mem>
    <mem type="tenure" free="69110392" total="805306368" percent="8">
      <mem type="soa" free="33038976" total="765040640" percent="4" />
      <mem type="loa" free="36071416" total="40265728" percent="89" />
    </mem>
    <remembered-set count="7481" />
  </mem-info>
</gc-start>
<allocation-stats totalBytes="216838160" >
  <allocated-bytes non-tlh="68880040" tlh="147958120" />
  <largest-consumer threadName="[SQL@09:22:15.100], select t1.ITEM_ID, 78, t1.SUBJECT_ITEM_ITEM_ID, t1.JZ_SUBJECT_ITEM_DISCRIMINATOR, t1.OBJECT_ITEM_ITEM_ID, t..." threadId="0000000001730300" bytes="49435416" />
</allocation-stats>
<gc-op id="2287" type="scavenge" timems="3.469" contextid="2284" timestamp="2023-06-02T09:22:15.114">
  <scavenger-info tenureage="7" tenuremask="4080" tiltratio="89" />
  <memory-copied type="nursery" objects="94256" bytes="5365904" bytesdiscarded="226672" />
  <memory-copied type="tenure" objects="9821" bytes="385632" bytesdiscarded="3712" />
  <finalization candidates="433" enqueued="346" />
  <ownableSynchronizers candidates="7126" cleared="6886" />
  <references type="soft" candidates="617" cleared="0" enqueued="0" dynamicThreshold="2" maxThreshold="32" />
  <references type="weak" candidates="124" cleared="23" enqueued="6" />
</gc-op>
<gc-end id="2288" type="scavenge" contextid="2284" durationms="3.855" usertimems="0.000" systemtimems="0.000" timestamp="2023-06-02T09:22:15.114" activeThreads="16">
  <mem-info id="2289" free="304672032" total="1073741824" percent="28">
    <mem type="nursery" free="235963880" total="268435456" percent="87">
      <mem type="allocate" free="235963880" total="241565696" percent="97" />
      <mem type="survivor" free="0" total="26869760" percent="0" />
    </mem>
    <mem type="tenure" free="68708152" total="805306368" percent="8" macro-fragmented="418667">
      <mem type="soa" free="32636736" total="765040640" percent="4" />
      <mem type="loa" free="36071416" total="40265728" percent="89" />
    </mem>
    <pending-finalizers system="154" default="192" reference="6" classloader="0" />
    <remembered-set count="4365" />
  </mem-info>
</gc-end>
<cycle-end id="2290" type="scavenge" contextid="2284" timestamp="2023-06-02T09:22:15.116" />
<allocation-satisfied id="2291" threadId="0000000001730300" bytesRequested="33554440" />
<af-end id="2292" timestamp="2023-06-02T09:22:15.118" threadId="0000000001730C80" success="true" from="nursery"/>
<exclusive-end id="2293" timestamp="2023-06-02T09:22:15.118" durationms="10.529" />

<exclusive-start id="2294" timestamp="2023-06-02T09:22:15.622" intervalms="513.312">
  <response-info timems="0.171" idlems="0.171" threads="0" lastid="000000000B6A6500" lastname="[SQL@09:22:15.618], select t1.ITEM_ID, 78, t1.SUBJECT_ITEM_ITEM" />
</exclusive-start>
<af-start id="2295" threadId="000000000B6A6E80" totalBytesRequested="33554440" timestamp="2023-06-02T09:22:15.622" intervalms="513.259" type="nursery" />
<cycle-start id="2296" type="scavenge" contextid="0" timestamp="2023-06-02T09:22:15.622" intervalms="513.244" />
<gc-start id="2297" type="scavenge" contextid="2296" timestamp="2023-06-02T09:22:15.624">
  <mem-info id="2298" free="121953288" total="1073741824" percent="11">
    <mem type="nursery" free="53245216" total="268435456" percent="19">
      <mem type="allocate" free="53245216" total="241565696" percent="22" />
      <mem type="survivor" free="0" total="26869760" percent="0" />
    </mem>
    <mem type="tenure" free="68708072" total="805306368" percent="8">
      <mem type="soa" free="32636656" total="765040640" percent="4" />
      <mem type="loa" free="36071416" total="40265728" percent="89" />
    </mem>
    <remembered-set count="5960" />
  </mem-info>
</gc-start>
<allocation-stats totalBytes="182506432" >
  <allocated-bytes non-tlh="68374808" tlh="114131624" />
  <largest-consumer threadName="Default Executor-thread-24" threadId="00000000018B1900" bytes="39939672" />
</allocation-stats>
<gc-op id="2299" type="scavenge" timems="2.905" contextid="2296" timestamp="2023-06-02T09:22:15.627">
  <scavenger-info tenureage="14" tenuremask="4000" tiltratio="89" />
  <memory-copied type="nursery" objects="94134" bytes="4799072" bytesdiscarded="239792" />
  <finalization candidates="407" enqueued="318" />
  <ownableSynchronizers candidates="6943" cleared="6706" />
  <references type="soft" candidates="636" cleared="0" enqueued="0" dynamicThreshold="2" maxThreshold="32" />
  <references type="weak" candidates="122" cleared="21" enqueued="6" />
  <references type="phantom" candidates="1" cleared="0" enqueued="0" />
</gc-op>
<gc-end id="2300" type="scavenge" contextid="2296" durationms="4.010" usertimems="0.000" systemtimems="0.000" timestamp="2023-06-02T09:22:15.628" activeThreads="16">
  <mem-info id="2301" free="305226560" total="1073741824" percent="28">
    <mem type="nursery" free="236518488" total="268435456" percent="88">
      <mem type="allocate" free="236518488" total="241565696" percent="97" />
      <mem type="survivor" free="0" total="26869760" percent="0" />
    </mem>
    <mem type="tenure" free="68708072" total="805306368" percent="8" macro-fragmented="0">
      <mem type="soa" free="32636656" total="765040640" percent="4" />
      <mem type="loa" free="36071416" total="40265728" percent="89" />
    </mem>
    <pending-finalizers system="126" default="192" reference="6" classloader="0" />
    <remembered-set count="4489" />
  </mem-info>
</gc-end>
<cycle-end id="2302" type="scavenge" contextid="2296" timestamp="2023-06-02T09:22:15.629" />
<allocation-satisfied id="2303" threadId="000000000B6A6500" bytesRequested="33554440" />
<af-end id="2304" timestamp="2023-06-02T09:22:15.631" threadId="000000000B6A6E80" success="true" from="nursery"/>
<exclusive-end id="2305" timestamp="2023-06-02T09:22:15.631" durationms="10.008" />

<exclusive-start id="2306" timestamp="2023-06-02T09:22:16.144" intervalms="523.370">
  <response-info timems="0.175" idlems="0.175" threads="0" lastid="000000000173B700" lastname="Default Executor-thread-8 @@ 09:22 PiotrAniola &lt;Mozilla/5.0 " />
</exclusive-start>
<af-start id="2307" threadId="000000000173C080" totalBytesRequested="16" timestamp="2023-06-02T09:22:16.145" intervalms="523.557" type="nursery" />
<cycle-start id="2308" type="scavenge" contextid="0" timestamp="2023-06-02T09:22:16.145" intervalms="523.579" />
<gc-start id="2309" type="scavenge" contextid="2308" timestamp="2023-06-02T09:22:16.147">
  <mem-info id="2310" free="68708072" total="1073741824" percent="6">
    <mem type="nursery" free="0" total="268435456" percent="0">
      <mem type="allocate" free="0" total="241565696" percent="0" />
      <mem type="survivor" free="0" total="26869760" percent="0" />
    </mem>
    <mem type="tenure" free="68708072" total="805306368" percent="8">
      <mem type="soa" free="32636656" total="765040640" percent="4" />
      <mem type="loa" free="36071416" total="40265728" percent="89" />
    </mem>
    <remembered-set count="5990" />
  </mem-info>
</gc-start>
<allocation-stats totalBytes="236379408" >
  <allocated-bytes non-tlh="101843032" tlh="134536376" />
  <largest-consumer threadName="Default Executor-thread-40" threadId="000000000B6E9C00" bytes="44619536" />
</allocation-stats>
<gc-op id="2311" type="scavenge" timems="2.358" contextid="2308" timestamp="2023-06-02T09:22:16.149">
  <scavenger-info tenureage="14" tenuremask="4000" tiltratio="89" />
  <memory-copied type="nursery" objects="55389" bytes="3372000" bytesdiscarded="255224" />
  <memory-copied type="tenure" objects="2475" bytes="123872" bytesdiscarded="1576" />
  <finalization candidates="436" enqueued="343" />
  <ownableSynchronizers candidates="8697" cleared="8460" />
  <references type="soft" candidates="609" cleared="0" enqueued="0" dynamicThreshold="2" maxThreshold="32" />
  <references type="weak" candidates="127" cleared="30" enqueued="6" />
</gc-op>
<gc-end id="2312" type="scavenge" contextid="2308" durationms="2.695" usertimems="0.000" systemtimems="0.000" timestamp="2023-06-02T09:22:16.149" activeThreads="16">
  <mem-info id="2313" free="306504752" total="1073741824" percent="28">
    <mem type="nursery" free="237929728" total="268435456" percent="88">
      <mem type="allocate" free="237929728" total="241565696" percent="98" />
      <mem type="survivor" free="0" total="26869760" percent="0" />
    </mem>
    <mem type="tenure" free="68575024" total="805306368" percent="8" macro-fragmented="0">
      <mem type="soa" free="32503608" total="765040640" percent="4" />
      <mem type="loa" free="36071416" total="40265728" percent="89" />
    </mem>
    <pending-finalizers system="116" default="227" reference="6" classloader="0" />
    <remembered-set count="4377" />
  </mem-info>
</gc-end>
<cycle-end id="2314" type="scavenge" contextid="2308" timestamp="2023-06-02T09:22:16.151" />
<allocation-satisfied id="2315" threadId="000000000173B700" bytesRequested="16" />
<af-end id="2316" timestamp="2023-06-02T09:22:16.151" threadId="000000000173C080" success="true" from="nursery"/>
<exclusive-end id="2317" timestamp="2023-06-02T09:22:16.151" durationms="6.358" />

<exclusive-start id="2318" timestamp="2023-06-02T09:22:16.663" intervalms="518.326">
  <response-info timems="0.190" idlems="0.190" threads="0" lastid="00000000016EAB00" lastname="[SQL@09:22:16.656], select t1.ITEM_ID, 78, t1.SUBJECT_ITEM_ITEM" />
</exclusive-start>
<af-start id="2319" threadId="00000000016EB480" totalBytesRequested="33554440" timestamp="2023-06-02T09:22:16.663" intervalms="518.200" type="nursery" />
<cycle-start id="2320" type="scavenge" contextid="0" timestamp="2023-06-02T09:22:16.663" intervalms="518.272" />
<gc-start id="2321" type="scavenge" contextid="2320" timestamp="2023-06-02T09:22:16.665">
  <mem-info id="2322" free="111289216" total="1073741824" percent="10">
    <mem type="nursery" free="42714192" total="268435456" percent="15">
      <mem type="allocate" free="42714192" total="241565696" percent="17" />
      <mem type="survivor" free="0" total="26869760" percent="0" />
    </mem>
    <mem type="tenure" free="68575024" total="805306368" percent="8">
      <mem type="soa" free="32503608" total="765040640" percent="4" />
      <mem type="loa" free="36071416" total="40265728" percent="89" />
    </mem>
    <remembered-set count="5751" />
  </mem-info>
</gc-start>
<allocation-stats totalBytes="195054056" >
  <allocated-bytes non-tlh="68767920" tlh="126286136" />
  <largest-consumer threadName="Default Executor-thread-40" threadId="000000000B6E9C00" bytes="40723864" />
</allocation-stats>
<gc-op id="2323" type="scavenge" timems="2.696" contextid="2320" timestamp="2023-06-02T09:22:16.667">
  <scavenger-info tenureage="14" tenuremask="4000" tiltratio="89" />
  <memory-copied type="nursery" objects="96910" bytes="5119472" bytesdiscarded="224680" />
  <memory-copied type="tenure" objects="2791" bytes="105680" bytesdiscarded="1520" />
  <finalization candidates="402" enqueued="301" />
  <ownableSynchronizers candidates="7459" cleared="7228" />
  <references type="soft" candidates="571" cleared="0" enqueued="0" dynamicThreshold="2" maxThreshold="32" />
  <references type="weak" candidates="204" cleared="73" enqueued="54" />
  <references type="phantom" candidates="13" cleared="0" enqueued="0" />
</gc-op>
<gc-end id="2324" type="scavenge" contextid="2320" durationms="3.039" usertimems="0.000" systemtimems="0.000" timestamp="2023-06-02T09:22:16.667" activeThreads="16">
  <mem-info id="2325" free="304694912" total="1073741824" percent="28">
    <mem type="nursery" free="236213048" total="268435456" percent="87">
      <mem type="allocate" free="236213048" total="241565696" percent="97" />
      <mem type="survivor" free="0" total="26869760" percent="0" />
    </mem>
    <mem type="tenure" free="68481864" total="805306368" percent="8" macro-fragmented="0">
      <mem type="soa" free="32410448" total="765040640" percent="4" />
      <mem type="loa" free="36071416" total="40265728" percent="89" />
    </mem>
    <pending-finalizers system="111" default="190" reference="54" classloader="0" />
    <remembered-set count="4341" />
  </mem-info>
</gc-end>
<cycle-end id="2326" type="scavenge" contextid="2320" timestamp="2023-06-02T09:22:16.669" />
<allocation-satisfied id="2327" threadId="00000000016EAB00" bytesRequested="33554440" />
<af-end id="2328" timestamp="2023-06-02T09:22:16.671" threadId="00000000016EB480" success="true" from="nursery"/>
<exclusive-end id="2329" timestamp="2023-06-02T09:22:16.671" durationms="8.438" />

<exclusive-start id="2330" timestamp="2023-06-02T09:22:17.248" intervalms="585.286">
  <response-info timems="0.172" idlems="0.172" threads="0" lastid="000000000AB95900" lastname="qm: AsynchronousTaskRunner-2 @@ 09:22" />
</exclusive-start>
<af-start id="2331" threadId="000000000AB96280" totalBytesRequested="32776" timestamp="2023-06-02T09:22:17.248" intervalms="585.226" type="nursery" />
<cycle-start id="2332" type="scavenge" contextid="0" timestamp="2023-06-02T09:22:17.248" intervalms="585.134" />
<gc-start id="2333" type="scavenge" contextid="2332" timestamp="2023-06-02T09:22:17.250">
  <mem-info id="2334" free="68481864" total="1073741824" percent="6">
    <mem type="nursery" free="0" total="268435456" percent="0">
      <mem type="allocate" free="0" total="241565696" percent="0" />
      <mem type="survivor" free="0" total="26869760" percent="0" />
    </mem>
    <mem type="tenure" free="68481864" total="805306368" percent="8">
      <mem type="soa" free="32410448" total="765040640" percent="4" />
      <mem type="loa" free="36071416" total="40265728" percent="89" />
    </mem>
    <remembered-set count="5803" />
  </mem-info>
</gc-start>
<allocation-stats totalBytes="235922160" >
  <allocated-bytes non-tlh="101831376" tlh="134090784" />
  <largest-consumer threadName="Default Executor-thread-47" threadId="000000000B71BC00" bytes="41789832" />
</allocation-stats>
<gc-op id="2335" type="scavenge" timems="2.538" contextid="2332" timestamp="2023-06-02T09:22:17.253">
  <scavenger-info tenureage="14" tenuremask="4000" tiltratio="89" />
  <memory-copied type="nursery" objects="50686" bytes="3603312" bytesdiscarded="195408" />
  <memory-copied type="tenure" objects="3295" bytes="162880" bytesdiscarded="3232" />
  <finalization candidates="453" enqueued="345" />
  <ownableSynchronizers candidates="7293" cleared="7062" />
  <references type="soft" candidates="527" cleared="0" enqueued="0" dynamicThreshold="2" maxThreshold="32" />
  <references type="weak" candidates="99" cleared="23" enqueued="6" />
</gc-op>
<gc-end id="2336" type="scavenge" contextid="2332" durationms="2.919" usertimems="0.000" systemtimems="0.000" timestamp="2023-06-02T09:22:17.253" activeThreads="16">
  <mem-info id="2337" free="306066992" total="1073741824" percent="28">
    <mem type="nursery" free="237757808" total="268435456" percent="88">
      <mem type="allocate" free="237757808" total="241565696" percent="98" />
      <mem type="survivor" free="0" total="26869760" percent="0" />
    </mem>
    <mem type="tenure" free="68309184" total="805306368" percent="8" macro-fragmented="0">
      <mem type="soa" free="32237768" total="765040640" percent="4" />
      <mem type="loa" free="36071416" total="40265728" percent="89" />
    </mem>
    <pending-finalizers system="138" default="207" reference="6" classloader="0" />
    <remembered-set count="4232" />
  </mem-info>
</gc-end>
<cycle-end id="2338" type="scavenge" contextid="2332" timestamp="2023-06-02T09:22:17.255" />
<allocation-satisfied id="2339" threadId="000000000AB95900" bytesRequested="32776" />
<af-end id="2340" timestamp="2023-06-02T09:22:17.255" threadId="000000000AB96280" success="true" from="nursery"/>
<exclusive-end id="2341" timestamp="2023-06-02T09:22:17.255" durationms="6.691" />

<exclusive-start id="2342" timestamp="2023-06-02T09:22:17.723" intervalms="474.516">
  <response-info timems="0.172" idlems="0.172" threads="0" lastid="00000000018AE900" lastname="[SQL@09:22:17.719], select t1.ITEM_ID, 78, t1.SUBJECT_ITEM_ITEM" />
</exclusive-start>
<af-start id="2343" threadId="00000000018AF280" totalBytesRequested="33554440" timestamp="2023-06-02T09:22:17.723" intervalms="474.568" type="nursery" />
<cycle-start id="2344" type="scavenge" contextid="0" timestamp="2023-06-02T09:22:17.723" intervalms="474.669" />
<gc-start id="2345" type="scavenge" contextid="2344" timestamp="2023-06-02T09:22:17.724">
  <mem-info id="2346" free="124626152" total="1073741824" percent="11">
    <mem type="nursery" free="56317200" total="268435456" percent="20">
      <mem type="allocate" free="56317200" total="241565696" percent="23" />
      <mem type="survivor" free="0" total="26869760" percent="0" />
    </mem>
    <mem type="tenure" free="68308952" total="805306368" percent="8">
      <mem type="soa" free="32237536" total="765040640" percent="4" />
      <mem type="loa" free="36071416" total="40265728" percent="89" />
    </mem>
    <remembered-set count="5500" />
  </mem-info>
</gc-start>
<allocation-stats totalBytes="181313616" >
  <allocated-bytes non-tlh="68845896" tlh="112467720" />
  <largest-consumer threadName="Default Executor-thread-34" threadId="000000000B5B7B00" bytes="43407824" />
</allocation-stats>
<gc-op id="2347" type="scavenge" timems="3.333" contextid="2344" timestamp="2023-06-02T09:22:17.729">
  <scavenger-info tenureage="14" tenuremask="4000" tiltratio="89" />
  <memory-copied type="nursery" objects="93918" bytes="4944312" bytesdiscarded="169408" />
  <memory-copied type="tenure" objects="2085" bytes="179416" bytesdiscarded="2896" />
  <finalization candidates="352" enqueued="249" />
  <ownableSynchronizers candidates="6417" cleared="6194" />
  <references type="soft" candidates="485" cleared="0" enqueued="0" dynamicThreshold="2" maxThreshold="32" />
  <references type="weak" candidates="202" cleared="77" enqueued="63" />
  <references type="phantom" candidates="14" cleared="0" enqueued="0" />
</gc-op>
<gc-end id="2348" type="scavenge" contextid="2344" durationms="3.681" usertimems="0.000" systemtimems="0.000" timestamp="2023-06-02T09:22:17.729" activeThreads="16">
  <mem-info id="2349" free="304561976" total="1073741824" percent="28">
    <mem type="nursery" free="236443840" total="268435456" percent="88">
      <mem type="allocate" free="236443840" total="241565696" percent="97" />
      <mem type="survivor" free="0" total="26869760" percent="0" />
    </mem>
    <mem type="tenure" free="68118136" total="805306368" percent="8" macro-fragmented="0">
      <mem type="soa" free="32046720" total="765040640" percent="4" />
      <mem type="loa" free="36071416" total="40265728" percent="89" />
    </mem>
    <pending-finalizers system="117" default="132" reference="63" classloader="0" />
    <remembered-set count="4179" />
  </mem-info>
</gc-end>
<cycle-end id="2350" type="scavenge" contextid="2344" timestamp="2023-06-02T09:22:17.731" />
<allocation-satisfied id="2351" threadId="00000000018AE900" bytesRequested="33554440" />
<af-end id="2352" timestamp="2023-06-02T09:22:17.733" threadId="00000000018AF280" success="true" from="nursery"/>
<exclusive-end id="2353" timestamp="2023-06-02T09:22:17.733" durationms="10.919" />

<exclusive-start id="2354" timestamp="2023-06-02T09:22:18.312" intervalms="590.188">
  <response-info timems="0.201" idlems="0.201" threads="0" lastid="000000000173B700" lastname="Default Executor-thread-8 @@ 09:22 PiotrAniola &lt;Mozilla/5.0 " />
</exclusive-start>
<af-start id="2355" threadId="000000000173C080" totalBytesRequested="24" timestamp="2023-06-02T09:22:18.313" intervalms="590.218" type="nursery" />
<cycle-start id="2356" type="scavenge" contextid="0" timestamp="2023-06-02T09:22:18.313" intervalms="590.179" />
<gc-start id="2357" type="scavenge" contextid="2356" timestamp="2023-06-02T09:22:18.315">
  <mem-info id="2358" free="68117744" total="1073741824" percent="6">
    <mem type="nursery" free="0" total="268435456" percent="0">
      <mem type="allocate" free="0" total="241565696" percent="0" />
      <mem type="survivor" free="0" total="26869760" percent="0" />
    </mem>
    <mem type="tenure" free="68117744" total="805306368" percent="8">
      <mem type="soa" free="32046328" total="765040640" percent="4" />
      <mem type="loa" free="36071416" total="40265728" percent="89" />
    </mem>
    <remembered-set count="5701" />
  </mem-info>
</gc-start>
<allocation-stats totalBytes="236259816" >
  <allocated-bytes non-tlh="101814832" tlh="134444984" />
  <largest-consumer threadName="Default Executor-thread-40" threadId="000000000B6E9C00" bytes="40723624" />
</allocation-stats>
<gc-op id="2359" type="scavenge" timems="3.401" contextid="2356" timestamp="2023-06-02T09:22:18.319">
  <scavenger-info tenureage="14" tenuremask="4000" tiltratio="89" />
  <memory-copied type="nursery" objects="50862" bytes="3217008" bytesdiscarded="205688" />
  <memory-copied type="tenure" objects="3075" bytes="120464" bytesdiscarded="3648" />
  <finalization candidates="452" enqueued="353" />
  <ownableSynchronizers candidates="8413" cleared="8190" />
  <references type="soft" candidates="441" cleared="0" enqueued="0" dynamicThreshold="2" maxThreshold="32" />
  <references type="weak" candidates="96" cleared="26" enqueued="6" />
</gc-op>
<gc-end id="2360" type="scavenge" contextid="2356" durationms="3.756" usertimems="15.625" systemtimems="0.000" timestamp="2023-06-02T09:22:18.319" activeThreads="16">
  <mem-info id="2361" free="306116880" total="1073741824" percent="28">
    <mem type="nursery" free="238134336" total="268435456" percent="88">
      <mem type="allocate" free="238134336" total="241565696" percent="98" />
      <mem type="survivor" free="0" total="26869760" percent="0" />
    </mem>
    <mem type="tenure" free="67982544" total="805306368" percent="8" macro-fragmented="0">
      <mem type="soa" free="31911128" total="765040640" percent="4" />
      <mem type="loa" free="36071416" total="40265728" percent="89" />
    </mem>
    <pending-finalizers system="116" default="237" reference="6" classloader="0" />
    <remembered-set count="4021" />
  </mem-info>
</gc-end>
<cycle-end id="2362" type="scavenge" contextid="2356" timestamp="2023-06-02T09:22:18.321" />
<allocation-satisfied id="2363" threadId="000000000173B700" bytesRequested="24" />
<af-end id="2364" timestamp="2023-06-02T09:22:18.321" threadId="000000000173C080" success="true" from="nursery"/>
<exclusive-end id="2365" timestamp="2023-06-02T09:22:18.321" durationms="7.854" />

<exclusive-start id="2366" timestamp="2023-06-02T09:22:19.001" intervalms="688.426">
  <response-info timems="0.168" idlems="0.168" threads="0" lastid="00000000016EAB00" lastname="[SQL@09:22:18.997], select t1.ITEM_ID, 78, t1.SUBJECT_ITEM_ITEM" />
</exclusive-start>
<af-start id="2367" threadId="00000000016EB480" totalBytesRequested="33554440" timestamp="2023-06-02T09:22:19.001" intervalms="688.347" type="nursery" />
<cycle-start id="2368" type="scavenge" contextid="0" timestamp="2023-06-02T09:22:19.001" intervalms="688.290" />
<gc-start id="2369" type="scavenge" contextid="2368" timestamp="2023-06-02T09:22:19.005">
  <mem-info id="2370" free="68897032" total="1073741824" percent="6">
    <mem type="nursery" free="914488" total="268435456" percent="0">
      <mem type="allocate" free="914488" total="241565696" percent="0" />
      <mem type="survivor" free="0" total="26869760" percent="0" />
    </mem>
    <mem type="tenure" free="67982544" total="805306368" percent="8">
      <mem type="soa" free="31911128" total="765040640" percent="4" />
      <mem type="loa" free="36071416" total="40265728" percent="89" />
    </mem>
    <remembered-set count="5763" />
  </mem-info>
</gc-start>
<allocation-stats totalBytes="237054752" >
  <allocated-bytes non-tlh="68829304" tlh="168225448" />
  <largest-consumer threadName="Default Executor-thread-20" threadId="000000000186A100" bytes="41758824" />
</allocation-stats>
<gc-op id="2371" type="scavenge" timems="2.769" contextid="2368" timestamp="2023-06-02T09:22:19.007">
  <scavenger-info tenureage="14" tenuremask="4000" tiltratio="89" />
  <memory-copied type="nursery" objects="99038" bytes="5292880" bytesdiscarded="141080" />
  <finalization candidates="545" enqueued="445" />
  <ownableSynchronizers candidates="10056" cleared="9800" />
  <references type="soft" candidates="479" cleared="0" enqueued="0" dynamicThreshold="2" maxThreshold="32" />
  <references type="weak" candidates="182" cleared="74" enqueued="48" />
  <references type="phantom" candidates="12" cleared="0" enqueued="0" />
</gc-op>
<gc-end id="2372" type="scavenge" contextid="2368" durationms="3.189" usertimems="0.000" systemtimems="0.000" timestamp="2023-06-02T09:22:19.008" activeThreads="16">
  <mem-info id="2373" free="304102848" total="1073741824" percent="28">
    <mem type="nursery" free="236120304" total="268435456" percent="87">
      <mem type="allocate" free="236120304" total="241565696" percent="97" />
      <mem type="survivor" free="0" total="26869760" percent="0" />
    </mem>
    <mem type="tenure" free="67982544" total="805306368" percent="8" macro-fragmented="0">
      <mem type="soa" free="31911128" total="765040640" percent="4" />
      <mem type="loa" free="36071416" total="40265728" percent="89" />
    </mem>
    <pending-finalizers system="159" default="286" reference="48" classloader="0" />
    <remembered-set count="4166" />
  </mem-info>
</gc-end>
<cycle-end id="2374" type="scavenge" contextid="2368" timestamp="2023-06-02T09:22:19.009" />
<allocation-satisfied id="2375" threadId="00000000016EAB00" bytesRequested="33554440" />
<af-end id="2376" timestamp="2023-06-02T09:22:19.011" threadId="00000000016EB480" success="true" from="nursery"/>
<exclusive-end id="2377" timestamp="2023-06-02T09:22:19.011" durationms="10.477" />

<exclusive-start id="2378" timestamp="2023-06-02T09:22:19.571" intervalms="569.506">
  <response-info timems="0.133" idlems="0.133" threads="0" lastid="0000000001746B00" lastname="Default Executor-thread-10" />
</exclusive-start>
<af-start id="2379" threadId="0000000001747480" totalBytesRequested="72" timestamp="2023-06-02T09:22:19.571" intervalms="569.501" type="nursery" />
<cycle-start id="2380" type="scavenge" contextid="0" timestamp="2023-06-02T09:22:19.571" intervalms="569.493" />
<gc-start id="2381" type="scavenge" contextid="2380" timestamp="2023-06-02T09:22:19.573">
  <mem-info id="2382" free="67982544" total="1073741824" percent="6">
    <mem type="nursery" free="0" total="268435456" percent="0">
      <mem type="allocate" free="0" total="241565696" percent="0" />
      <mem type="survivor" free="0" total="26869760" percent="0" />
    </mem>
    <mem type="tenure" free="67982544" total="805306368" percent="8">
      <mem type="soa" free="31911128" total="765040640" percent="4" />
      <mem type="loa" free="36071416" total="40265728" percent="89" />
    </mem>
    <remembered-set count="5730" />
  </mem-info>
</gc-start>
<allocation-stats totalBytes="235948680" >
  <allocated-bytes non-tlh="101863608" tlh="134085072" />
  <largest-consumer threadName="Default Executor-thread-20" threadId="000000000186A100" bytes="40335208" />
</allocation-stats>
<gc-op id="2383" type="scavenge" timems="2.414" contextid="2380" timestamp="2023-06-02T09:22:19.576">
  <scavenger-info tenureage="14" tenuremask="4000" tiltratio="89" />
  <memory-copied type="nursery" objects="52638" bytes="3406184" bytesdiscarded="190944" />
  <memory-copied type="tenure" objects="2212" bytes="88616" bytesdiscarded="3384" />
  <finalization candidates="491" enqueued="375" />
  <ownableSynchronizers candidates="8760" cleared="8512" />
  <references type="soft" candidates="480" cleared="0" enqueued="0" dynamicThreshold="2" maxThreshold="32" />
  <references type="weak" candidates="99" cleared="28" enqueued="6" />
</gc-op>
<gc-end id="2384" type="scavenge" contextid="2380" durationms="2.754" usertimems="0.000" systemtimems="0.000" timestamp="2023-06-02T09:22:19.576" activeThreads="16">
  <mem-info id="2385" free="305853680" total="1073741824" percent="28">
    <mem type="nursery" free="237958552" total="268435456" percent="88">
      <mem type="allocate" free="237958552" total="241565696" percent="98" />
      <mem type="survivor" free="0" total="26869760" percent="0" />
    </mem>
    <mem type="tenure" free="67895128" total="805306368" percent="8" macro-fragmented="140211">
      <mem type="soa" free="31823712" total="765040640" percent="4" />
      <mem type="loa" free="36071416" total="40265728" percent="89" />
    </mem>
    <pending-finalizers system="134" default="241" reference="6" classloader="0" />
    <remembered-set count="4154" />
  </mem-info>
</gc-end>
<cycle-end id="2386" type="scavenge" contextid="2380" timestamp="2023-06-02T09:22:19.578" />
<allocation-satisfied id="2387" threadId="0000000001746B00" bytesRequested="72" />
<af-end id="2388" timestamp="2023-06-02T09:22:19.578" threadId="0000000001747480" success="true" from="nursery"/>
<exclusive-end id="2389" timestamp="2023-06-02T09:22:19.578" durationms="6.998" />

<exclusive-start id="2390" timestamp="2023-06-02T09:22:20.190" intervalms="619.413">
  <response-info timems="0.200" idlems="0.200" threads="0" lastid="000000000B6BED00" lastname="Default Executor-thread-45 @@ 09:22 &lt;unauthenticated&gt; " />
</exclusive-start>
<af-start id="2391" threadId="000000000B6BF680" totalBytesRequested="72" timestamp="2023-06-02T09:22:20.190" intervalms="619.465" type="nursery" />
<cycle-start id="2392" type="scavenge" contextid="0" timestamp="2023-06-02T09:22:20.190" intervalms="619.545" />
<gc-start id="2393" type="scavenge" contextid="2392" timestamp="2023-06-02T09:22:20.192">
  <mem-info id="2394" free="67894240" total="1073741824" percent="6">
    <mem type="nursery" free="0" total="268435456" percent="0">
      <mem type="allocate" free="0" total="241565696" percent="0" />
      <mem type="survivor" free="0" total="26869760" percent="0" />
    </mem>
    <mem type="tenure" free="67894240" total="805306368" percent="8">
      <mem type="soa" free="31822824" total="765040640" percent="4" />
      <mem type="loa" free="36071416" total="40265728" percent="89" />
    </mem>
    <remembered-set count="5765" />
  </mem-info>
</gc-start>
<allocation-stats totalBytes="237766240" >
  <allocated-bytes non-tlh="68326336" tlh="169439904" />
  <largest-consumer threadName="Default Executor-thread-15" threadId="0000000001874E00" bytes="40335624" />
</allocation-stats>
<gc-op id="2395" type="scavenge" timems="2.579" contextid="2392" timestamp="2023-06-02T09:22:20.194">
  <scavenger-info tenureage="14" tenuremask="4000" tiltratio="89" />
  <memory-copied type="nursery" objects="51284" bytes="3795336" bytesdiscarded="152960" />
  <memory-copied type="tenure" objects="4668" bytes="201976" bytesdiscarded="5528" />
  <finalization candidates="548" enqueued="425" />
  <ownableSynchronizers candidates="9009" cleared="8746" />
  <references type="soft" candidates="483" cleared="0" enqueued="0" dynamicThreshold="2" maxThreshold="32" />
  <references type="weak" candidates="101" cleared="35" enqueued="7" />
</gc-op>
<gc-end id="2396" type="scavenge" contextid="2392" durationms="3.021" usertimems="0.000" systemtimems="0.000" timestamp="2023-06-02T09:22:20.196" activeThreads="16">
  <mem-info id="2397" free="305307656" total="1073741824" percent="28">
    <mem type="nursery" free="237606224" total="268435456" percent="88">
      <mem type="allocate" free="237606224" total="241565696" percent="98" />
      <mem type="survivor" free="0" total="26869760" percent="0" />
    </mem>
    <mem type="tenure" free="67701432" total="805306368" percent="8" macro-fragmented="0">
      <mem type="soa" free="31630016" total="765040640" percent="4" />
      <mem type="loa" free="36071416" total="40265728" percent="89" />
    </mem>
    <pending-finalizers system="142" default="283" reference="7" classloader="0" />
    <remembered-set count="4145" />
  </mem-info>
</gc-end>
<cycle-end id="2398" type="scavenge" contextid="2392" timestamp="2023-06-02T09:22:20.198" />
<allocation-satisfied id="2399" threadId="000000000B6BED00" bytesRequested="72" />
<af-end id="2400" timestamp="2023-06-02T09:22:20.198" threadId="000000000B6BF680" success="true" from="nursery"/>
<exclusive-end id="2401" timestamp="2023-06-02T09:22:20.198" durationms="7.215" />

<exclusive-start id="2402" timestamp="2023-06-02T09:22:20.741" intervalms="550.772">
  <response-info timems="0.149" idlems="0.149" threads="0" lastid="00000000018AE900" lastname="[SQL@09:22:20.738], select t1.ITEM_ID, 78, t1.SUBJECT_ITEM_ITEM" />
</exclusive-start>
<af-start id="2403" threadId="00000000018AF280" totalBytesRequested="33554440" timestamp="2023-06-02T09:22:20.741" intervalms="550.740" type="nursery" />
<cycle-start id="2404" type="scavenge" contextid="0" timestamp="2023-06-02T09:22:20.741" intervalms="550.664" />
<gc-start id="2405" type="scavenge" contextid="2404" timestamp="2023-06-02T09:22:20.743">
  <mem-info id="2406" free="95498000" total="1073741824" percent="8">
    <mem type="nursery" free="27796632" total="268435456" percent="10">
      <mem type="allocate" free="27796632" total="241565696" percent="11" />
      <mem type="survivor" free="0" total="26869760" percent="0" />
    </mem>
    <mem type="tenure" free="67701368" total="805306368" percent="8">
      <mem type="soa" free="31629952" total="765040640" percent="4" />
      <mem type="loa" free="36071416" total="40265728" percent="89" />
    </mem>
    <remembered-set count="5511" />
  </mem-info>
</gc-start>
<allocation-stats totalBytes="209661848" >
  <allocated-bytes non-tlh="68878584" tlh="140783264" />
  <largest-consumer threadName="Default Executor-thread-14" threadId="0000000001878A00" bytes="44134024" />
</allocation-stats>
<gc-op id="2407" type="scavenge" timems="3.446" contextid="2404" timestamp="2023-06-02T09:22:20.747">
  <scavenger-info tenureage="14" tenuremask="4000" tiltratio="89" />
  <memory-copied type="nursery" objects="90686" bytes="5486504" bytesdiscarded="420904" />
  <memory-copied type="tenure" objects="2407" bytes="89296" bytesdiscarded="2680" />
  <finalization candidates="435" enqueued="318" />
  <ownableSynchronizers candidates="6278" cleared="6014" />
  <references type="soft" candidates="467" cleared="0" enqueued="0" dynamicThreshold="2" maxThreshold="32" />
  <references type="weak" candidates="81" cleared="19" enqueued="6" />
  <references type="phantom" candidates="2" cleared="0" enqueued="0" />
</gc-op>
<gc-end id="2408" type="scavenge" contextid="2404" durationms="3.819" usertimems="0.000" systemtimems="0.000" timestamp="2023-06-02T09:22:20.747" activeThreads="16">
  <mem-info id="2409" free="303248024" total="1073741824" percent="28">
    <mem type="nursery" free="235648584" total="268435456" percent="87">
      <mem type="allocate" free="235648584" total="241565696" percent="97" />
      <mem type="survivor" free="0" total="26869760" percent="0" />
    </mem>
    <mem type="tenure" free="67599440" total="805306368" percent="8" macro-fragmented="168253">
      <mem type="soa" free="31528024" total="765040640" percent="4" />
      <mem type="loa" free="36071416" total="40265728" percent="89" />
    </mem>
    <pending-finalizers system="164" default="154" reference="6" classloader="0" />
    <remembered-set count="4053" />
  </mem-info>
</gc-end>
<cycle-end id="2410" type="scavenge" contextid="2404" timestamp="2023-06-02T09:22:20.749" />
<allocation-satisfied id="2411" threadId="00000000018AE900" bytesRequested="33554440" />
<af-end id="2412" timestamp="2023-06-02T09:22:20.751" threadId="00000000018AF280" success="true" from="nursery"/>
<exclusive-end id="2413" timestamp="2023-06-02T09:22:20.751" durationms="9.637" />

<exclusive-start id="2414" timestamp="2023-06-02T09:22:21.298" intervalms="557.465">
  <response-info timems="0.122" idlems="0.122" threads="0" lastid="000000000186A100" lastname="[SQL@09:22:21.294], select t1.ITEM_ID, 78, t1.SUBJECT_ITEM_ITEM" />
</exclusive-start>
<af-start id="2415" threadId="000000000186AA80" totalBytesRequested="33554440" timestamp="2023-06-02T09:22:21.298" intervalms="557.425" type="nursery" />
<cycle-start id="2416" type="scavenge" contextid="0" timestamp="2023-06-02T09:22:21.298" intervalms="557.426" />
<gc-start id="2417" type="scavenge" contextid="2416" timestamp="2023-06-02T09:22:21.300">
  <mem-info id="2418" free="106111456" total="1073741824" percent="9">
    <mem type="nursery" free="38512016" total="268435456" percent="14">
      <mem type="allocate" free="38512016" total="241565696" percent="15" />
      <mem type="survivor" free="0" total="26869760" percent="0" />
    </mem>
    <mem type="tenure" free="67599440" total="805306368" percent="8">
      <mem type="soa" free="31528024" total="765040640" percent="4" />
      <mem type="loa" free="36071416" total="40265728" percent="89" />
    </mem>
    <remembered-set count="5770" />
  </mem-info>
</gc-start>
<allocation-stats totalBytes="196892504" >
  <allocated-bytes non-tlh="68325560" tlh="128566944" />
  <largest-consumer threadName="Default Executor-thread-32" threadId="0000000001994900" bytes="42431864" />
</allocation-stats>
<gc-op id="2419" type="scavenge" timems="2.970" contextid="2416" timestamp="2023-06-02T09:22:21.303">
  <scavenger-info tenureage="14" tenuremask="4000" tiltratio="89" />
  <memory-copied type="nursery" objects="92460" bytes="5156344" bytesdiscarded="322456" />
  <memory-copied type="tenure" objects="2385" bytes="92880" bytesdiscarded="4656" />
  <finalization candidates="496" enqueued="380" />
  <ownableSynchronizers candidates="8140" cleared="7846" />
  <references type="soft" candidates="461" cleared="0" enqueued="0" dynamicThreshold="2" maxThreshold="32" />
  <references type="weak" candidates="105" cleared="44" enqueued="24" />
  <references type="phantom" candidates="9" cleared="0" enqueued="0" />
</gc-op>
<gc-end id="2420" type="scavenge" contextid="2416" durationms="3.280" usertimems="0.000" systemtimems="0.000" timestamp="2023-06-02T09:22:21.304" activeThreads="16">
  <mem-info id="2421" free="303580496" total="1073741824" percent="28">
    <mem type="nursery" free="236077104" total="268435456" percent="87">
      <mem type="allocate" free="236077104" total="241565696" percent="97" />
      <mem type="survivor" free="0" total="26869760" percent="0" />
    </mem>
    <mem type="tenure" free="67503392" total="805306368" percent="8" macro-fragmented="602881">
      <mem type="soa" free="31431976" total="765040640" percent="4" />
      <mem type="loa" free="36071416" total="40265728" percent="89" />
    </mem>
    <pending-finalizers system="130" default="250" reference="24" classloader="0" />
    <remembered-set count="4267" />
  </mem-info>
</gc-end>
<cycle-end id="2422" type="scavenge" contextid="2416" timestamp="2023-06-02T09:22:21.305" />
<allocation-satisfied id="2423" threadId="000000000186A100" bytesRequested="33554440" />
<af-end id="2424" timestamp="2023-06-02T09:22:21.307" threadId="000000000186AA80" success="true" from="nursery"/>
<exclusive-end id="2425" timestamp="2023-06-02T09:22:21.307" durationms="8.601" />

<exclusive-start id="2426" timestamp="2023-06-02T09:22:23.193" intervalms="1894.212">
  <response-info timems="0.130" idlems="0.130" threads="0" lastid="0000000001878A00" lastname="Default Executor-thread-14 @@ 09:22 PiotrAniola &lt;Mozilla/5.0" />
</exclusive-start>
<af-start id="2427" threadId="0000000001879380" totalBytesRequested="88" timestamp="2023-06-02T09:22:23.193" intervalms="1894.243" type="nursery" />
<cycle-start id="2428" type="scavenge" contextid="0" timestamp="2023-06-02T09:22:23.193" intervalms="1894.246" />
<gc-start id="2429" type="scavenge" contextid="2428" timestamp="2023-06-02T09:22:23.195">
  <mem-info id="2430" free="67499960" total="1073741824" percent="6">
    <mem type="nursery" free="0" total="268435456" percent="0">
      <mem type="allocate" free="0" total="241565696" percent="0" />
      <mem type="survivor" free="0" total="26869760" percent="0" />
    </mem>
    <mem type="tenure" free="67499960" total="805306368" percent="8">
      <mem type="soa" free="31428544" total="765040640" percent="4" />
      <mem type="loa" free="36071416" total="40265728" percent="89" />
    </mem>
    <remembered-set count="7567" />
  </mem-info>
</gc-start>
<allocation-stats totalBytes="235878552" >
  <allocated-bytes non-tlh="67656520" tlh="168222032" />
  <largest-consumer threadName="Default Executor-thread-11" threadId="0000000001791900" bytes="41824128" />
</allocation-stats>
<gc-op id="2431" type="scavenge" timems="2.837" contextid="2428" timestamp="2023-06-02T09:22:23.198">
  <scavenger-info tenureage="14" tenuremask="4000" tiltratio="89" />
  <memory-copied type="nursery" objects="55247" bytes="4524552" bytesdiscarded="184920" />
  <memory-copied type="tenure" objects="1571" bytes="96160" bytesdiscarded="2296" />
  <finalization candidates="646" enqueued="530" />
  <ownableSynchronizers candidates="8715" cleared="8232" />
  <references type="soft" candidates="477" cleared="0" enqueued="0" dynamicThreshold="2" maxThreshold="32" />
  <references type="weak" candidates="229" cleared="49" enqueued="19" />
</gc-op>
<gc-end id="2432" type="scavenge" contextid="2428" durationms="3.263" usertimems="0.000" systemtimems="0.000" timestamp="2023-06-02T09:22:23.199" activeThreads="16">
  <mem-info id="2433" free="304197648" total="1073741824" percent="28">
    <mem type="nursery" free="236842176" total="268435456" percent="88">
      <mem type="allocate" free="236842176" total="241565696" percent="98" />
      <mem type="survivor" free="0" total="26869760" percent="0" />
    </mem>
    <mem type="tenure" free="67355472" total="805306368" percent="8" macro-fragmented="0">
      <mem type="soa" free="31284056" total="765040640" percent="4" />
      <mem type="loa" free="36071416" total="40265728" percent="89" />
    </mem>
    <pending-finalizers system="127" default="403" reference="19" classloader="0" />
    <remembered-set count="5611" />
  </mem-info>
</gc-end>
<cycle-end id="2434" type="scavenge" contextid="2428" timestamp="2023-06-02T09:22:23.200" />
<allocation-satisfied id="2435" threadId="0000000001878A00" bytesRequested="88" />
<af-end id="2436" timestamp="2023-06-02T09:22:23.201" threadId="0000000001879380" success="true" from="nursery"/>
<exclusive-end id="2437" timestamp="2023-06-02T09:22:23.201" durationms="8.126" />

<exclusive-start id="2438" timestamp="2023-06-02T09:22:27.545" intervalms="4352.480">
  <response-info timems="0.114" idlems="0.114" threads="0" lastid="00000000018B1900" lastname="Default Executor-thread-24 @@ 09:22 PiotrAniola &lt;RQM_Export_" />
</exclusive-start>
<af-start id="2439" threadId="00000000018B2280" totalBytesRequested="19976" timestamp="2023-06-02T09:22:27.545" intervalms="4352.488" type="nursery" />
<cycle-start id="2440" type="scavenge" contextid="0" timestamp="2023-06-02T09:22:27.545" intervalms="4352.481" />
<gc-start id="2441" type="scavenge" contextid="2440" timestamp="2023-06-02T09:22:27.547">
  <mem-info id="2442" free="67192696" total="1073741824" percent="6">
    <mem type="nursery" free="0" total="268435456" percent="0">
      <mem type="allocate" free="0" total="241565696" percent="0" />
      <mem type="survivor" free="0" total="26869760" percent="0" />
    </mem>
    <mem type="tenure" free="67192696" total="805306368" percent="8">
      <mem type="soa" free="31121280" total="765040640" percent="4" />
      <mem type="loa" free="36071416" total="40265728" percent="89" />
    </mem>
    <remembered-set count="12275" />
  </mem-info>
</gc-start>
<allocation-stats totalBytes="236622376" >
  <allocated-bytes non-tlh="586152" tlh="236036224" />
  <largest-consumer threadName="Default Executor-thread-24 @@ 09:22 PiotrAniola &lt;RQM_Export_PDF@_OiPYQAEWEe6zfLUR4SabRQ&gt; /qm/secure/service/com.ibm.rqm.p..." threadId="00000000018B1900" bytes="32188760" />
</allocation-stats>
<gc-op id="2443" type="scavenge" timems="10.939" contextid="2440" timestamp="2023-06-02T09:22:27.558">
  <scavenger-info tenureage="14" tenuremask="4000" tiltratio="89" />
  <memory-copied type="nursery" objects="137707" bytes="11942824" bytesdiscarded="221456" />
  <memory-copied type="tenure" objects="1029" bytes="41504" bytesdiscarded="936" />
  <finalization candidates="3050" enqueued="2708" />
  <ownableSynchronizers candidates="4148" cleared="2193" />
  <references type="soft" candidates="706" cleared="0" enqueued="0" dynamicThreshold="2" maxThreshold="32" />
  <references type="weak" candidates="610" cleared="361" enqueued="347" />
</gc-op>
<gc-end id="2444" type="scavenge" contextid="2440" durationms="11.348" usertimems="0.000" systemtimems="0.000" timestamp="2023-06-02T09:22:27.558" activeThreads="16">
  <mem-info id="2445" free="296466520" total="1073741824" percent="27">
    <mem type="nursery" free="229362728" total="268435456" percent="85">
      <mem type="allocate" free="229362728" total="241565696" percent="94" />
      <mem type="survivor" free="0" total="26869760" percent="0" />
    </mem>
    <mem type="tenure" free="67103792" total="805306368" percent="8" macro-fragmented="0">
      <mem type="soa" free="31032376" total="765040640" percent="4" />
      <mem type="loa" free="36071416" total="40265728" percent="89" />
    </mem>
    <pending-finalizers system="2162" default="546" reference="347" classloader="0" />
    <remembered-set count="10181" />
  </mem-info>
</gc-end>
<cycle-end id="2446" type="scavenge" contextid="2440" timestamp="2023-06-02T09:22:27.561" />
<allocation-satisfied id="2447" threadId="00000000018B1900" bytesRequested="19976" />
<af-end id="2448" timestamp="2023-06-02T09:22:27.561" threadId="00000000018B2280" success="true" from="nursery"/>
<exclusive-end id="2449" timestamp="2023-06-02T09:22:27.561" durationms="15.960" />

<exclusive-start id="2450" timestamp="2023-06-02T09:22:29.933" intervalms="2387.243">
  <response-info timems="0.129" idlems="0.129" threads="0" lastid="00000000016EAB00" lastname="Default Executor-thread-2 @@ 09:22 &lt;unauthenticated&gt; &lt;" />
</exclusive-start>
<af-start id="2451" threadId="00000000016EB480" totalBytesRequested="16" timestamp="2023-06-02T09:22:29.933" intervalms="2387.215" type="nursery" />
<cycle-start id="2452" type="scavenge" contextid="0" timestamp="2023-06-02T09:22:29.933" intervalms="2387.200" />
<gc-start id="2453" type="scavenge" contextid="2452" timestamp="2023-06-02T09:22:29.935">
  <mem-info id="2454" free="67075584" total="1073741824" percent="6">
    <mem type="nursery" free="0" total="268435456" percent="0">
      <mem type="allocate" free="0" total="241565696" percent="0" />
      <mem type="survivor" free="0" total="26869760" percent="0" />
    </mem>
    <mem type="tenure" free="67075584" total="805306368" percent="8">
      <mem type="soa" free="31004168" total="765040640" percent="4" />
      <mem type="loa" free="36071416" total="40265728" percent="89" />
    </mem>
    <remembered-set count="12523" />
  </mem-info>
</gc-start>
<allocation-stats totalBytes="229200072" >
  <allocated-bytes non-tlh="11551240" tlh="217648832" />
  <largest-consumer threadName="Default Executor-thread-38" threadId="000000000B6A6500" bytes="55905872" />
</allocation-stats>
<gc-op id="2455" type="scavenge" timems="9.358" contextid="2452" timestamp="2023-06-02T09:22:29.945">
  <scavenger-info tenureage="14" tenuremask="4000" tiltratio="89" />
  <memory-copied type="nursery" objects="175832" bytes="12686632" bytesdiscarded="439352" />
  <memory-copied type="tenure" objects="1021" bytes="43568" bytesdiscarded="1912" />
  <finalization candidates="819" enqueued="434" />
  <ownableSynchronizers candidates="14810" cleared="12793" />
  <references type="soft" candidates="945" cleared="0" enqueued="0" dynamicThreshold="2" maxThreshold="32" />
  <references type="weak" candidates="888" cleared="152" enqueued="119" />
</gc-op>
<gc-end id="2456" type="scavenge" contextid="2452" durationms="9.797" usertimems="0.000" systemtimems="0.000" timestamp="2023-06-02T09:22:29.945" activeThreads="16">
  <mem-info id="2457" free="295446192" total="1073741824" percent="27">
    <mem type="nursery" free="228398696" total="268435456" percent="85">
      <mem type="allocate" free="228398696" total="241565696" percent="94" />
      <mem type="survivor" free="0" total="26869760" percent="0" />
    </mem>
    <mem type="tenure" free="67047496" total="805306368" percent="8" macro-fragmented="502401">
      <mem type="soa" free="30976080" total="765040640" percent="4" />
      <mem type="loa" free="36071416" total="40265728" percent="89" />
    </mem>
    <pending-finalizers system="212" default="222" reference="119" classloader="0" />
    <remembered-set count="11195" />
  </mem-info>
</gc-end>
<cycle-end id="2458" type="scavenge" contextid="2452" timestamp="2023-06-02T09:22:29.947" />
<allocation-satisfied id="2459" threadId="00000000016EAB00" bytesRequested="16" />
<af-end id="2460" timestamp="2023-06-02T09:22:29.947" threadId="00000000016EB480" success="true" from="nursery"/>
<exclusive-end id="2461" timestamp="2023-06-02T09:22:29.947" durationms="14.737" />

<exclusive-start id="2462" timestamp="2023-06-02T09:22:31.257" intervalms="1324.999">
  <response-info timems="0.402" idlems="0.211" threads="1" lastid="000000000AB9D100" lastname="qm: AsynchronousTaskRunner-4 @@ 09:22" />
</exclusive-start>
<af-start id="2463" threadId="0000000001734880" totalBytesRequested="48" timestamp="2023-06-02T09:22:31.257" intervalms="1325.052" type="nursery" />
<cycle-start id="2464" type="scavenge" contextid="0" timestamp="2023-06-02T09:22:31.257" intervalms="1325.108" />
<gc-start id="2465" type="scavenge" contextid="2464" timestamp="2023-06-02T09:22:31.259">
  <mem-info id="2466" free="66983896" total="1073741824" percent="6">
    <mem type="nursery" free="0" total="268435456" percent="0">
      <mem type="allocate" free="0" total="241565696" percent="0" />
      <mem type="survivor" free="0" total="26869760" percent="0" />
    </mem>
    <mem type="tenure" free="66983896" total="805306368" percent="8">
      <mem type="soa" free="30912480" total="765040640" percent="4" />
      <mem type="loa" free="36071416" total="40265728" percent="89" />
    </mem>
    <remembered-set count="14382" />
  </mem-info>
</gc-start>
<allocation-stats totalBytes="228105560" >
  <allocated-bytes non-tlh="2064248" tlh="226041312" />
  <largest-consumer threadName="lqe.IndexingAgent[links_qm - piotr/qm]-thread-0" threadId="000000000378C000" bytes="38723856" />
</allocation-stats>
<gc-op id="2467" type="scavenge" timems="6.019" contextid="2464" timestamp="2023-06-02T09:22:31.265">
  <scavenger-info tenureage="14" tenuremask="4000" tiltratio="89" />
  <memory-copied type="nursery" objects="255152" bytes="15839816" bytesdiscarded="268848" />
  <memory-copied type="tenure" objects="1557" bytes="62552" bytesdiscarded="1376" />
  <finalization candidates="7426" enqueued="7020" />
  <ownableSynchronizers candidates="16696" cleared="14381" />
  <references type="soft" candidates="1181" cleared="0" enqueued="0" dynamicThreshold="2" maxThreshold="32" />
  <references type="weak" candidates="1073" cleared="309" enqueued="289" />
</gc-op>
<gc-end id="2468" type="scavenge" contextid="2464" durationms="6.667" usertimems="15.625" systemtimems="15.625" timestamp="2023-06-02T09:22:31.266" activeThreads="16">
  <mem-info id="2469" free="292301064" total="1073741824" percent="27">
    <mem type="nursery" free="225431048" total="268435456" percent="83">
      <mem type="allocate" free="225431048" total="241565696" percent="93" />
      <mem type="survivor" free="0" total="26869760" percent="0" />
    </mem>
    <mem type="tenure" free="66870016" total="805306368" percent="8" macro-fragmented="0">
      <mem type="soa" free="30798600" total="765040640" percent="4" />
      <mem type="loa" free="36071416" total="40265728" percent="89" />
    </mem>
    <pending-finalizers system="5416" default="1604" reference="289" classloader="0" />
    <remembered-set count="11552" />
  </mem-info>
</gc-end>
<cycle-end id="2470" type="scavenge" contextid="2464" timestamp="2023-06-02T09:22:31.268" />
<allocation-satisfied id="2471" threadId="0000000001733F00" bytesRequested="48" />
<af-end id="2472" timestamp="2023-06-02T09:22:31.268" threadId="0000000001734880" success="true" from="nursery"/>
<exclusive-end id="2473" timestamp="2023-06-02T09:22:31.268" durationms="11.080" />

<exclusive-start id="2474" timestamp="2023-06-02T09:22:32.424" intervalms="1166.346">
  <response-info timems="0.145" idlems="0.145" threads="0" lastid="0000000010845C00" lastname="lqe.BatchWriter[links_qm - piotr/qm]-thread-0" />
</exclusive-start>
<af-start id="2475" threadId="0000000010846580" totalBytesRequested="16" timestamp="2023-06-02T09:22:32.424" intervalms="1166.393" type="nursery" />
<cycle-start id="2476" type="scavenge" contextid="0" timestamp="2023-06-02T09:22:32.424" intervalms="1166.353" />
<gc-start id="2477" type="scavenge" contextid="2476" timestamp="2023-06-02T09:22:32.425">
  <mem-info id="2478" free="66813272" total="1073741824" percent="6">
    <mem type="nursery" free="0" total="268435456" percent="0">
      <mem type="allocate" free="0" total="241565696" percent="0" />
      <mem type="survivor" free="0" total="26869760" percent="0" />
    </mem>
    <mem type="tenure" free="66813272" total="805306368" percent="8">
      <mem type="soa" free="30741856" total="765040640" percent="4" />
      <mem type="loa" free="36071416" total="40265728" percent="89" />
    </mem>
    <remembered-set count="14515" />
  </mem-info>
</gc-start>
<allocation-stats totalBytes="225272112" >
  <allocated-bytes non-tlh="221952" tlh="225050160" />
  <largest-consumer threadName="lqe.BatchWriter[links_qm - piotr/qm]-thread-0" threadId="0000000010845C00" bytes="46917168" />
</allocation-stats>
<gc-op id="2479" type="scavenge" timems="8.260" contextid="2476" timestamp="2023-06-02T09:22:32.434">
  <scavenger-info tenureage="14" tenuremask="4000" tiltratio="89" />
  <memory-copied type="nursery" objects="347311" bytes="22282424" bytesdiscarded="398296" />
  <memory-copied type="tenure" objects="2347" bytes="121592" bytesdiscarded="904" />
  <finalization candidates="4947" enqueued="4531" />
  <ownableSynchronizers candidates="15721" cleared="12989" />
  <references type="soft" candidates="1462" cleared="0" enqueued="0" dynamicThreshold="2" maxThreshold="32" />
  <references type="weak" candidates="1121" cleared="306" enqueued="292" />
  <references type="phantom" candidates="7" cleared="0" enqueued="0" />
</gc-op>
<gc-end id="2480" type="scavenge" contextid="2476" durationms="8.652" usertimems="15.625" systemtimems="0.000" timestamp="2023-06-02T09:22:32.434" activeThreads="16">
  <mem-info id="2481" free="280478880" total="1073741824" percent="26">
    <mem type="nursery" free="213814192" total="268435456" percent="79">
      <mem type="allocate" free="213814192" total="236519424" percent="90" />
      <mem type="survivor" free="0" total="31916032" percent="0" />
    </mem>
    <mem type="tenure" free="66664688" total="805306368" percent="8" macro-fragmented="0">
      <mem type="soa" free="30593272" total="765040640" percent="3" />
      <mem type="loa" free="36071416" total="40265728" percent="89" />
    </mem>
    <pending-finalizers system="2909" default="1622" reference="292" classloader="0" />
    <remembered-set count="12503" />
  </mem-info>
</gc-end>
<cycle-end id="2482" type="scavenge" contextid="2476" timestamp="2023-06-02T09:22:32.437" />
<allocation-satisfied id="2483" threadId="0000000010845C00" bytesRequested="16" />
<af-end id="2484" timestamp="2023-06-02T09:22:32.437" threadId="0000000010846580" success="true" from="nursery"/>
<exclusive-end id="2485" timestamp="2023-06-02T09:22:32.437" durationms="13.522" />

<exclusive-start id="2486" timestamp="2023-06-02T09:22:34.216" intervalms="1792.446">
  <response-info timems="0.088" idlems="0.088" threads="0" lastid="000000000AB9D100" lastname="qm: AsynchronousTaskRunner-4 @@ 09:22" />
</exclusive-start>
<af-start id="2487" threadId="000000000AB9DA80" totalBytesRequested="32" timestamp="2023-06-02T09:22:34.216" intervalms="1792.390" type="nursery" />
<cycle-start id="2488" type="scavenge" contextid="0" timestamp="2023-06-02T09:22:34.217" intervalms="1792.488" />
<gc-start id="2489" type="scavenge" contextid="2488" timestamp="2023-06-02T09:22:34.218">
  <mem-info id="2490" free="66656320" total="1073741824" percent="6">
    <mem type="nursery" free="0" total="268435456" percent="0">
      <mem type="allocate" free="0" total="236519424" percent="0" />
      <mem type="survivor" free="0" total="31916032" percent="0" />
    </mem>
    <mem type="tenure" free="66656320" total="805306368" percent="8">
      <mem type="soa" free="30584904" total="765040640" percent="3" />
      <mem type="loa" free="36071416" total="40265728" percent="89" />
    </mem>
    <remembered-set count="13797" />
  </mem-info>
</gc-start>
<allocation-stats totalBytes="213607104" >
  <allocated-bytes non-tlh="5531544" tlh="208075560" />
  <largest-consumer threadName="qm: AsynchronousTaskRunner-4 @@ 09:22" threadId="000000000AB9D100" bytes="90051152" />
</allocation-stats>
<gc-op id="2491" type="scavenge" timems="7.057" contextid="2488" timestamp="2023-06-02T09:22:34.226">
  <scavenger-info tenureage="10" tenuremask="4400" tiltratio="88" />
  <memory-copied type="nursery" objects="298678" bytes="19654752" bytesdiscarded="585416" />
  <memory-copied type="tenure" objects="5919" bytes="445712" bytesdiscarded="2384" />
  <finalization candidates="3235" enqueued="2821" />
  <ownableSynchronizers candidates="13214" cleared="10788" />
  <references type="soft" candidates="1438" cleared="0" enqueued="0" dynamicThreshold="2" maxThreshold="32" />
  <references type="weak" candidates="844" cleared="40" enqueued="32" />
  <references type="phantom" candidates="10" cleared="3" enqueued="3" />
</gc-op>
<gc-end id="2492" type="scavenge" contextid="2488" durationms="7.532" usertimems="31.250" systemtimems="0.000" timestamp="2023-06-02T09:22:34.226" activeThreads="16">
  <mem-info id="2493" free="283529840" total="1073741824" percent="26">
    <mem type="nursery" free="217302448" total="268435456" percent="80">
      <mem type="allocate" free="217302448" total="237568000" percent="91" />
      <mem type="survivor" free="0" total="30867456" percent="0" />
    </mem>
    <mem type="tenure" free="66227392" total="805306368" percent="8" macro-fragmented="168253">
      <mem type="soa" free="30155976" total="765040640" percent="3" />
      <mem type="loa" free="36071416" total="40265728" percent="89" />
    </mem>
    <pending-finalizers system="88" default="2733" reference="35" classloader="0" />
    <remembered-set count="12351" />
  </mem-info>
</gc-end>
<cycle-end id="2494" type="scavenge" contextid="2488" timestamp="2023-06-02T09:22:34.228" />
<allocation-satisfied id="2495" threadId="000000000AB9D100" bytesRequested="32" />
<af-end id="2496" timestamp="2023-06-02T09:22:34.228" threadId="000000000AB9DA80" success="true" from="nursery"/>
<exclusive-end id="2497" timestamp="2023-06-02T09:22:34.228" durationms="11.776" />

<exclusive-start id="2498" timestamp="2023-06-02T09:22:41.752" intervalms="7536.880">
  <response-info timems="0.137" idlems="0.137" threads="0" lastid="000000000AB9D100" lastname="[SQL@09:22:41.750], select distinct t2.OWNER_ITEM_ID, t3.USER_I" />
</exclusive-start>
<af-start id="2499" threadId="000000000AB9DA80" totalBytesRequested="592" timestamp="2023-06-02T09:22:41.752" intervalms="7536.849" type="nursery" />
<cycle-start id="2500" type="scavenge" contextid="0" timestamp="2023-06-02T09:22:41.752" intervalms="7536.746" />
<gc-start id="2501" type="scavenge" contextid="2500" timestamp="2023-06-02T09:22:41.755">
  <mem-info id="2502" free="65785120" total="1073741824" percent="6">
    <mem type="nursery" free="0" total="268435456" percent="0">
      <mem type="allocate" free="0" total="237568000" percent="0" />
      <mem type="survivor" free="0" total="30867456" percent="0" />
    </mem>
    <mem type="tenure" free="65785120" total="805306368" percent="8">
      <mem type="soa" free="29713704" total="765040640" percent="3" />
      <mem type="loa" free="36071416" total="40265728" percent="89" />
    </mem>
    <remembered-set count="18490" />
  </mem-info>
</gc-start>
<allocation-stats totalBytes="217533144" >
  <allocated-bytes non-tlh="1276672" tlh="216256472" />
  <largest-consumer threadName="[SQL@09:22:41.750], select distinct t2.OWNER_ITEM_ID, t3.USER_ID, t3.NAME from &#xA;(select t1q.*, T1V.ITEM_TYPE_DBID from PLAN..." threadId="000000000AB9D100" bytes="168560560" />
</allocation-stats>
<gc-op id="2503" type="scavenge" timems="12.847" contextid="2500" timestamp="2023-06-02T09:22:41.767">
  <scavenger-info tenureage="9" tenuremask="5200" tiltratio="88" />
  <memory-copied type="nursery" objects="524256" bytes="30793800" bytesdiscarded="21320" />
  <memory-copied type="tenure" objects="30689" bytes="3244152" bytesdiscarded="116576" />
  <copy-failed type="nursery" objects="22025" bytes="2797560" />
  <finalization candidates="12324" enqueued="11921" />
  <ownableSynchronizers candidates="20691" cleared="18313" />
  <references type="soft" candidates="8756" cleared="0" enqueued="0" dynamicThreshold="2" maxThreshold="32" />
  <references type="weak" candidates="3800" cleared="1992" enqueued="1978" />
  <references type="phantom" candidates="7" cleared="0" enqueued="0" />
</gc-op>
<gc-end id="2504" type="scavenge" contextid="2500" durationms="13.229" usertimems="93.750" systemtimems="0.000" timestamp="2023-06-02T09:22:41.767" activeThreads="16">
  <mem-info id="2505" free="242902800" total="1073741824" percent="22">
    <mem type="nursery" free="180486144" total="268435456" percent="67">
      <mem type="allocate" free="180486144" total="211353600" percent="85" />
      <mem type="survivor" free="0" total="57081856" percent="0" />
    </mem>
    <mem type="tenure" free="62416656" total="805306368" percent="7" macro-fragmented="0">
      <mem type="soa" free="26345240" total="765040640" percent="3" />
      <mem type="loa" free="36071416" total="40265728" percent="89" />
    </mem>
    <pending-finalizers system="11437" default="484" reference="1978" classloader="0" />
    <remembered-set count="16648" />
  </mem-info>
</gc-end>
<cycle-end id="2506" type="scavenge" contextid="2500" timestamp="2023-06-02T09:22:41.771" />
<allocation-satisfied id="2507" threadId="000000000AB9D100" bytesRequested="592" />
<af-end id="2508" timestamp="2023-06-02T09:22:41.771" threadId="000000000AB9DA80" success="true" from="nursery"/>
<exclusive-end id="2509" timestamp="2023-06-02T09:22:41.771" durationms="18.269" />

<exclusive-start id="2510" timestamp="2023-06-02T09:22:42.271" intervalms="517.957">
  <response-info timems="0.098" idlems="0.098" threads="0" lastid="000000000AB9D100" lastname="[SQL@09:22:42.268], select distinct t3.KEY_COL, t3.VALUE, t4.KE" />
</exclusive-start>
<af-start id="2511" threadId="000000000AB9DA80" totalBytesRequested="40" timestamp="2023-06-02T09:22:42.271" intervalms="517.926" type="nursery" />
<cycle-start id="2512" type="scavenge" contextid="0" timestamp="2023-06-02T09:22:42.271" intervalms="517.921" />
<gc-start id="2513" type="scavenge" contextid="2512" timestamp="2023-06-02T09:22:42.273">
  <mem-info id="2514" free="62414912" total="1073741824" percent="5">
    <mem type="nursery" free="0" total="268435456" percent="0">
      <mem type="allocate" free="0" total="211353600" percent="0" />
      <mem type="survivor" free="0" total="57081856" percent="0" />
    </mem>
    <mem type="tenure" free="62414912" total="805306368" percent="7">
      <mem type="soa" free="26343496" total="765040640" percent="3" />
      <mem type="loa" free="36071416" total="40265728" percent="89" />
    </mem>
    <remembered-set count="16897" />
  </mem-info>
</gc-start>
<allocation-stats totalBytes="180361872" >
  <allocated-bytes non-tlh="117232" tlh="180244640" />
  <largest-consumer threadName="[SQL@09:22:42.268], select distinct t3.KEY_COL, t3.VALUE, t4.KEY_COL, t4.VALUE, t5.KEY_COL, t5.VALUE, t6.KEY_COL, t6.VALUE, t7...." threadId="000000000AB9D100" bytes="176335920" />
</allocation-stats>
<gc-op id="2515" type="scavenge" timems="10.672" contextid="2512" timestamp="2023-06-02T09:22:42.283">
  <scavenger-info tenureage="4" tenuremask="48b0" tiltratio="78" />
  <memory-copied type="nursery" objects="460431" bytes="23399712" bytesdiscarded="156936" />
  <memory-copied type="tenure" objects="66905" bytes="5398848" bytesdiscarded="83688" />
  <finalization candidates="1088" enqueued="713" />
  <ownableSynchronizers candidates="43112" cleared="40774" />
  <references type="soft" candidates="8350" cleared="0" enqueued="0" dynamicThreshold="2" maxThreshold="32" />
  <references type="weak" candidates="1161" cleared="16" enqueued="4" />
  <references type="phantom" candidates="7" cleared="0" enqueued="0" />
</gc-op>
<gc-end id="2516" type="scavenge" contextid="2512" durationms="11.132" usertimems="46.875" systemtimems="0.000" timestamp="2023-06-02T09:22:42.283" activeThreads="16">
  <mem-info id="2517" free="248054152" total="1073741824" percent="23">
    <mem type="nursery" free="191125440" total="268435456" percent="71">
      <mem type="allocate" free="191125440" total="214695936" percent="89" />
      <mem type="survivor" free="0" total="53739520" percent="0" />
    </mem>
    <mem type="tenure" free="56928712" total="805306368" percent="7" macro-fragmented="0">
      <mem type="soa" free="20857296" total="765040640" percent="2" />
      <mem type="loa" free="36071416" total="40265728" percent="89" />
    </mem>
    <pending-finalizers system="579" default="134" reference="4" classloader="0" />
    <remembered-set count="17221" />
  </mem-info>
</gc-end>
<cycle-end id="2518" type="scavenge" contextid="2512" timestamp="2023-06-02T09:22:42.286" />
<allocation-satisfied id="2519" threadId="000000000AB9D100" bytesRequested="40" />
<af-end id="2520" timestamp="2023-06-02T09:22:42.286" threadId="000000000AB9DA80" success="true" from="nursery"/>
<exclusive-end id="2521" timestamp="2023-06-02T09:22:42.286" durationms="14.336" />

<exclusive-start id="2522" timestamp="2023-06-02T09:22:42.739" intervalms="468.018">
  <response-info timems="0.177" idlems="0.177" threads="0" lastid="000000000AB9D100" lastname="[SQL@09:22:42.733], select distinct t2.OWNER_ITEM_ID, t3.USER_I" />
</exclusive-start>
<af-start id="2523" threadId="000000000AB9DA80" totalBytesRequested="16" timestamp="2023-06-02T09:22:42.739" intervalms="468.083" type="nursery" />
<cycle-start id="2524" type="scavenge" contextid="0" timestamp="2023-06-02T09:22:42.739" intervalms="468.206" />
<gc-start id="2525" type="scavenge" contextid="2524" timestamp="2023-06-02T09:22:42.742">
  <mem-info id="2526" free="56928392" total="1073741824" percent="5">
    <mem type="nursery" free="0" total="268435456" percent="0">
      <mem type="allocate" free="0" total="214695936" percent="0" />
      <mem type="survivor" free="0" total="53739520" percent="0" />
    </mem>
    <mem type="tenure" free="56928392" total="805306368" percent="7">
      <mem type="soa" free="20856976" total="765040640" percent="2" />
      <mem type="loa" free="36071416" total="40265728" percent="89" />
    </mem>
    <remembered-set count="17427" />
  </mem-info>
</gc-start>
<allocation-stats totalBytes="191023464" >
  <allocated-bytes non-tlh="360" tlh="191023104" />
  <largest-consumer threadName="[SQL@09:22:42.733], select distinct t2.OWNER_ITEM_ID, t3.USER_ID, t3.NAME from &#xA;(select t1q.*, T1V.ITEM_TYPE_DBID from PLAN..." threadId="000000000AB9D100" bytes="189851248" />
</allocation-stats>
<gc-op id="2527" type="scavenge" timems="10.065" contextid="2524" timestamp="2023-06-02T09:22:42.751">
  <scavenger-info tenureage="3" tenuremask="4498" tiltratio="79" />
  <memory-copied type="nursery" objects="301355" bytes="14146872" bytesdiscarded="218456" />
  <memory-copied type="tenure" objects="163051" bytes="9889288" bytesdiscarded="170816" />
  <finalization candidates="500" enqueued="182" />
  <ownableSynchronizers candidates="46744" cleared="44717" />
  <references type="soft" candidates="7474" cleared="0" enqueued="0" dynamicThreshold="2" maxThreshold="32" />
  <references type="weak" candidates="1027" cleared="17" enqueued="3" />
</gc-op>
<gc-end id="2528" type="scavenge" contextid="2524" durationms="10.706" usertimems="78.125" systemtimems="0.000" timestamp="2023-06-02T09:22:42.752" activeThreads="16">
  <mem-info id="2529" free="252262448" total="1073741824" percent="23">
    <mem type="nursery" free="205435952" total="268435456" percent="76">
      <mem type="allocate" free="205435952" total="219807744" percent="93" />
      <mem type="survivor" free="0" total="48627712" percent="0" />
    </mem>
    <mem type="tenure" free="46826496" total="805306368" percent="5" macro-fragmented="0">
      <mem type="soa" free="10755080" total="765040640" percent="1" />
      <mem type="loa" free="36071416" total="40265728" percent="89" />
    </mem>
    <pending-finalizers system="97" default="85" reference="3" classloader="0" />
    <remembered-set count="8166" />
  </mem-info>
</gc-end>
<cycle-end id="2530" type="scavenge" contextid="2524" timestamp="2023-06-02T09:22:42.754" />
<allocation-satisfied id="2531" threadId="000000000AB9D100" bytesRequested="16" />
<af-end id="2532" timestamp="2023-06-02T09:22:42.754" threadId="000000000AB9DA80" success="true" from="nursery"/>
<exclusive-end id="2533" timestamp="2023-06-02T09:22:42.754" durationms="14.914" />

<exclusive-start id="2534" timestamp="2023-06-02T09:22:43.710" intervalms="971.145">
  <response-info timems="0.093" idlems="0.093" threads="0" lastid="000000000AB9D100" lastname="[SQL@09:22:43.709], select distinct t2.ITEM_ID, t3.ID, t3.EXTER" />
</exclusive-start>
<af-start id="2535" threadId="000000000AB9DA80" totalBytesRequested="40" timestamp="2023-06-02T09:22:43.710" intervalms="971.082" type="nursery" />
<cycle-start id="2536" type="scavenge" contextid="0" timestamp="2023-06-02T09:22:43.710" intervalms="970.987" />
<gc-start id="2537" type="scavenge" contextid="2536" timestamp="2023-06-02T09:22:43.716">
  <mem-info id="2538" free="46816040" total="1073741824" percent="4">
    <mem type="nursery" free="0" total="268435456" percent="0">
      <mem type="allocate" free="0" total="219807744" percent="0" />
      <mem type="survivor" free="0" total="48627712" percent="0" />
    </mem>
    <mem type="tenure" free="46816040" total="805306368" percent="5">
      <mem type="soa" free="10744624" total="765040640" percent="1" />
      <mem type="loa" free="36071416" total="40265728" percent="89" />
    </mem>
    <remembered-set count="8776" />
  </mem-info>
</gc-start>
<allocation-stats totalBytes="205354056" >
  <allocated-bytes non-tlh="155344" tlh="205198712" />
  <largest-consumer threadName="[SQL@09:22:43.709], select distinct t2.ITEM_ID, t3.ID, t3.EXTERNAL_ID, t3.SCRIPT_TYPE, t2.REVISION, t2.SNAPSHOT from &#xA;(sele..." threadId="000000000AB9D100" bytes="197931072" />
</allocation-stats>
<gc-op id="2539" type="scavenge" timems="5.065" contextid="2536" timestamp="2023-06-02T09:22:43.721">
  <scavenger-info tenureage="3" tenuremask="4008" tiltratio="81" />
  <memory-copied type="nursery" objects="58932" bytes="4175672" bytesdiscarded="203096" />
  <memory-copied type="tenure" objects="194980" bytes="9429752" bytesdiscarded="37440" />
  <finalization candidates="4243" enqueued="3968" />
  <ownableSynchronizers candidates="46226" cleared="44851" />
  <references type="soft" candidates="39" cleared="0" enqueued="0" dynamicThreshold="2" maxThreshold="32" />
  <references type="weak" candidates="23" cleared="21" enqueued="7" />
</gc-op>
<gc-end id="2540" type="scavenge" contextid="2536" durationms="5.453" usertimems="15.625" systemtimems="0.000" timestamp="2023-06-02T09:22:43.721" activeThreads="16">
  <mem-info id="2541" free="258496176" total="1073741824" percent="24">
    <mem type="nursery" free="221783392" total="268435456" percent="82">
      <mem type="allocate" free="221783392" total="226164736" percent="98" />
      <mem type="survivor" free="0" total="42270720" percent="0" />
    </mem>
    <mem type="tenure" free="36712784" total="805306368" percent="4" macro-fragmented="0">
      <mem type="soa" free="641368" total="765040640" percent="0" />
      <mem type="loa" free="36071416" total="40265728" percent="89" />
    </mem>
    <pending-finalizers system="3821" default="147" reference="7" classloader="0" />
    <remembered-set count="3097" />
  </mem-info>
</gc-end>
<cycle-end id="2542" type="scavenge" contextid="2536" timestamp="2023-06-02T09:22:43.723" />
<allocation-satisfied id="2543" threadId="000000000AB9D100" bytesRequested="40" />
<af-end id="2544" timestamp="2023-06-02T09:22:43.723" threadId="000000000AB9DA80" success="true" from="nursery"/>
<exclusive-end id="2545" timestamp="2023-06-02T09:22:43.723" durationms="12.919" />

<concurrent-kickoff id="2546" timestamp="2023-06-02T09:22:44.168">
  <kickoff reason="threshold reached" targetBytes="289020512" thresholdFreeBytes="39979652"  remainingFree="39850360" tenureFreeBytes="36712704" nurseryFreeBytes="39850360" />
</concurrent-kickoff>
<exclusive-start id="2547" timestamp="2023-06-02T09:22:44.170" intervalms="459.288">
  <response-info timems="0.377" idlems="0.377" threads="0" lastid="000000000AB9D100" lastname="[SQL@09:22:44.167], select distinct t3.ITEM_ID, t3.IDENTIFIER, " />
</exclusive-start>
<cycle-start id="2548" type="global" contextid="0" timestamp="2023-06-02T09:22:44.170" intervalms="34377.316" />
<exclusive-end id="2549" timestamp="2023-06-02T09:22:44.170" durationms="0.081" />

<exclusive-start id="2550" timestamp="2023-06-02T09:22:44.765" intervalms="595.820">
  <response-info timems="0.307" idlems="0.307" threads="0" lastid="000000000AB9D100" lastname="[SQL@09:22:44.717], select distinct t3.KEY_COL, t3.VALUE, t4.KE" />
</exclusive-start>
<concurrent-collection-start id="2551" timestamp="2023-06-02T09:22:44.768" intervalms="34426.194" >
  <concurrent-trace-info reason="card cleaning threshold reached" tracedByMutators="144289932" tracedByHelpers="249372968" cardsCleaned="1959" workStackOverflowCount="0" />
</concurrent-collection-start>
<gc-start id="2552" type="global" contextid="2548" timestamp="2023-06-02T09:22:44.770">
  <mem-info id="2553" free="36913776" total="1073741824" percent="3">
    <mem type="nursery" free="201072" total="268435456" percent="0">
      <mem type="allocate" free="201072" total="226164736" percent="0" />
      <mem type="survivor" free="0" total="42270720" percent="0" />
    </mem>
    <mem type="tenure" free="36712704" total="805306368" percent="4">
      <mem type="soa" free="641288" total="765040640" percent="0" />
      <mem type="loa" free="36071416" total="40265728" percent="89" />
    </mem>
    <remembered-set count="4330" />
  </mem-info>
</gc-start>
<allocation-stats totalBytes="221464032" >
  <allocated-bytes non-tlh="173120" tlh="221290912" />
  <largest-consumer threadName="[SQL@09:22:44.717], select distinct t3.KEY_COL, t3.VALUE, t4.KEY_COL, t4.VALUE, t5.KEY_COL, t5.VALUE, t6.KEY_COL, t6.VALUE, t7...." threadId="000000000AB9D100" bytes="215376808" />
</allocation-stats>
<gc-op id="2554" type="rs-scan" timems="2.743" contextid="2548" timestamp="2023-06-02T09:22:44.772">
  <scan objectsFound="3883" bytesTraced="2385108" workStackOverflowCount="0" />
</gc-op>
<gc-op id="2555" type="card-cleaning" timems="0.528" contextid="2548" timestamp="2023-06-02T09:22:44.774">
  <card-cleaning cardsCleaned="15" bytesTraced="69060" workStackOverflowCount="0" />
</gc-op>
<gc-op id="2556" type="mark" timems="39.422" contextid="2548" timestamp="2023-06-02T09:22:44.814">
  <trace-info objectcount="65331" scancount="60846" scanbytes="2382632" />
  <finalization candidates="7073" enqueued="1720" />
  <ownableSynchronizers candidates="108133" cleared="53290" />
  <references type="soft" candidates="144225" cleared="40909" enqueued="40479" dynamicThreshold="2" maxThreshold="32" />
  <references type="weak" candidates="55578" cleared="397" enqueued="374" />
  <references type="phantom" candidates="349" cleared="0" enqueued="0" />
  <stringconstants candidates="127919" cleared="352"  />
</gc-op>
<gc-op id="2557" type="classunload" timems="137.843" contextid="2548" timestamp="2023-06-02T09:22:44.951">
  <classunload-info classloadercandidates="9769" classloadersunloaded="310" classesunloaded="310" anonymousclassesunloaded="0" quiescems="0.000" setupms="129.356" scanms="8.144" postms="0.342" />
</gc-op>
<gc-op id="2558" type="sweep" timems="5.796" contextid="2548" timestamp="2023-06-02T09:22:44.957" />
<gc-end id="2559" type="global" contextid="2548" durationms="187.413" usertimems="312.500" systemtimems="0.000" timestamp="2023-06-02T09:22:44.957" activeThreads="16">
  <mem-info id="2560" free="285721024" total="1073741824" percent="26">
    <mem type="nursery" free="220534592" total="268435456" percent="82">
      <mem type="allocate" free="220534592" total="226164736" percent="97" />
      <mem type="survivor" free="0" total="42270720" percent="0" />
    </mem>
    <mem type="tenure" free="65186432" total="805306368" percent="8" micro-fragmented="22103274" macro-fragmented="0">
      <mem type="soa" free="29115016" total="765040640" percent="3" />
      <mem type="loa" free="36071416" total="40265728" percent="89" />
    </mem>
    <pending-finalizers system="1551" default="169" reference="40853" classloader="0" />
    <remembered-set count="4209" />
  </mem-info>
</gc-end>
<cycle-end id="2561" type="global" contextid="2548" timestamp="2023-06-02T09:22:44.959" />
<concurrent-collection-end id="2562" timestamp="2023-06-02T09:22:44.959" />
<exclusive-end id="2563" timestamp="2023-06-02T09:22:44.959" durationms="194.134" />

<exclusive-start id="2564" timestamp="2023-06-02T09:22:45.362" intervalms="596.889">
  <response-info timems="0.066" idlems="0.066" threads="0" lastid="000000000AB9D100" lastname="[SQL@09:22:45.359], select distinct t3.ITEM_ID, t3.NAME, t4.NAM" />
</exclusive-start>
<af-start id="2565" threadId="000000000AB9DA80" totalBytesRequested="40" timestamp="2023-06-02T09:22:45.362" intervalms="1651.994" type="nursery" />
<cycle-start id="2566" type="scavenge" contextid="0" timestamp="2023-06-02T09:22:45.362" intervalms="1651.971" />
<gc-start id="2567" type="scavenge" contextid="2566" timestamp="2023-06-02T09:22:45.365">
  <mem-info id="2568" free="65186432" total="1073741824" percent="6">
    <mem type="nursery" free="0" total="268435456" percent="0">
      <mem type="allocate" free="0" total="226164736" percent="0" />
      <mem type="survivor" free="0" total="42270720" percent="0" />
    </mem>
    <mem type="tenure" free="65186432" total="805306368" percent="8">
      <mem type="soa" free="29115016" total="765040640" percent="3" />
      <mem type="loa" free="36071416" total="40265728" percent="89" />
    </mem>
    <remembered-set count="47038" />
  </mem-info>
</gc-start>
<allocation-stats totalBytes="220410936" >
  <allocated-bytes non-tlh="415488" tlh="219995448" />
  <largest-consumer threadName="[SQL@09:22:45.359], select distinct t3.ITEM_ID, t3.NAME, t4.NAME, t3.CATEGORY_TYPE_ITEM_ID, t3.ARCHIVED, t4.ARCHIVED, t3.EXTERN..." threadId="000000000AB9D100" bytes="216234304" />
</allocation-stats>
<gc-op id="2569" type="scavenge" timems="3.699" contextid="2566" timestamp="2023-06-02T09:22:45.368">
  <scavenger-info tenureage="14" tenuremask="4000" tiltratio="84" />
  <memory-copied type="nursery" objects="132140" bytes="7401912" bytesdiscarded="192032" />
  <finalization candidates="506" enqueued="245" />
  <ownableSynchronizers candidates="160725" cleared="160585" />
  <references type="soft" candidates="49" cleared="0" enqueued="0" dynamicThreshold="2" maxThreshold="32" />
  <references type="weak" candidates="19" cleared="17" enqueued="2" />
</gc-op>
<gc-end id="2570" type="scavenge" contextid="2566" durationms="4.061" usertimems="0.000" systemtimems="0.000" timestamp="2023-06-02T09:22:45.369" activeThreads="16">
  <mem-info id="2571" free="289653048" total="1073741824" percent="26">
    <mem type="nursery" free="224466616" total="268435456" percent="83">
      <mem type="allocate" free="224466616" total="232062976" percent="96" />
      <mem type="survivor" free="0" total="36372480" percent="0" />
    </mem>
    <mem type="tenure" free="65186432" total="805306368" percent="8" macro-fragmented="50808">
      <mem type="soa" free="29115016" total="765040640" percent="3" />
      <mem type="loa" free="36071416" total="40265728" percent="89" />
    </mem>
    <pending-finalizers system="112" default="133" reference="2" classloader="0" />
    <remembered-set count="45396" />
  </mem-info>
</gc-end>
<cycle-end id="2572" type="scavenge" contextid="2566" timestamp="2023-06-02T09:22:45.370" />
<allocation-satisfied id="2573" threadId="000000000AB9D100" bytesRequested="40" />
<af-end id="2574" timestamp="2023-06-02T09:22:45.370" threadId="000000000AB9DA80" success="true" from="nursery"/>
<exclusive-end id="2575" timestamp="2023-06-02T09:22:45.370" durationms="8.756" />

<exclusive-start id="2576" timestamp="2023-06-02T09:22:46.243" intervalms="880.792">
  <response-info timems="0.131" idlems="0.131" threads="0" lastid="000000000AB99500" lastname="qm: AsynchronousTaskRunner-3 @@ 09:22" />
</exclusive-start>
<af-start id="2577" threadId="000000000AB99E80" totalBytesRequested="72" timestamp="2023-06-02T09:22:46.243" intervalms="880.786" type="nursery" />
<cycle-start id="2578" type="scavenge" contextid="0" timestamp="2023-06-02T09:22:46.243" intervalms="880.783" />
<gc-start id="2579" type="scavenge" contextid="2578" timestamp="2023-06-02T09:22:46.245">
  <mem-info id="2580" free="65185960" total="1073741824" percent="6">
    <mem type="nursery" free="0" total="268435456" percent="0">
      <mem type="allocate" free="0" total="232062976" percent="0" />
      <mem type="survivor" free="0" total="36372480" percent="0" />
    </mem>
    <mem type="tenure" free="65185960" total="805306368" percent="8">
      <mem type="soa" free="29114544" total="765040640" percent="3" />
      <mem type="loa" free="36071416" total="40265728" percent="89" />
    </mem>
    <remembered-set count="46515" />
  </mem-info>
</gc-start>
<allocation-stats totalBytes="224380792" >
  <allocated-bytes non-tlh="148920" tlh="224231872" />
  <largest-consumer threadName="[SQL@09:22:46.240], select distinct t3.ITEM_ID, t3.IDENTIFIER, t3.NAME, t3.REQUIRED, t3.EXTERNAL_URI from &#xA;(select t1q.*, T..." threadId="000000000AB9D100" bytes="217517648" />
</allocation-stats>
<gc-op id="2581" type="scavenge" timems="4.077" contextid="2578" timestamp="2023-06-02T09:22:46.249">
  <scavenger-info tenureage="14" tenuremask="4000" tiltratio="86" />
  <memory-copied type="nursery" objects="129376" bytes="8225536" bytesdiscarded="177336" />
  <finalization candidates="4692" enqueued="4430" />
  <ownableSynchronizers candidates="49266" cleared="49065" />
  <references type="soft" candidates="51" cleared="0" enqueued="0" dynamicThreshold="2" maxThreshold="32" />
  <references type="weak" candidates="38" cleared="18" enqueued="4" />
</gc-op>
<gc-end id="2582" type="scavenge" contextid="2578" durationms="4.468" usertimems="31.250" systemtimems="0.000" timestamp="2023-06-02T09:22:46.250" activeThreads="16">
  <mem-info id="2583" free="293955016" total="1073741824" percent="27">
    <mem type="nursery" free="228769056" total="268435456" percent="85">
      <mem type="allocate" free="228769056" total="237174784" percent="96" />
      <mem type="survivor" free="0" total="31260672" percent="0" />
    </mem>
    <mem type="tenure" free="65185960" total="805306368" percent="8" macro-fragmented="2116">
      <mem type="soa" free="29114544" total="765040640" percent="3" />
      <mem type="loa" free="36071416" total="40265728" percent="89" />
    </mem>
    <pending-finalizers system="4280" default="150" reference="4" classloader="0" />
    <remembered-set count="45528" />
  </mem-info>
</gc-end>
<cycle-end id="2584" type="scavenge" contextid="2578" timestamp="2023-06-02T09:22:46.251" />
<allocation-satisfied id="2585" threadId="000000000AB99500" bytesRequested="72" />
<af-end id="2586" timestamp="2023-06-02T09:22:46.251" threadId="000000000AB99E80" success="true" from="nursery"/>
<exclusive-end id="2587" timestamp="2023-06-02T09:22:46.251" durationms="8.292" />

<exclusive-start id="2588" timestamp="2023-06-02T09:22:46.713" intervalms="469.983">
  <response-info timems="0.078" idlems="0.078" threads="0" lastid="000000000AB9D100" lastname="[SQL@09:22:46.712], select distinct t3.ITEM_ID, t3.IDENTIFIER, " />
</exclusive-start>
<af-start id="2589" threadId="000000000AB9DA80" totalBytesRequested="16" timestamp="2023-06-02T09:22:46.713" intervalms="469.989" type="nursery" />
<cycle-start id="2590" type="scavenge" contextid="0" timestamp="2023-06-02T09:22:46.713" intervalms="469.986" />
<gc-start id="2591" type="scavenge" contextid="2590" timestamp="2023-06-02T09:22:46.715">
  <mem-info id="2592" free="65183808" total="1073741824" percent="6">
    <mem type="nursery" free="0" total="268435456" percent="0">
      <mem type="allocate" free="0" total="237174784" percent="0" />
      <mem type="survivor" free="0" total="31260672" percent="0" />
    </mem>
    <mem type="tenure" free="65183808" total="805306368" percent="8">
      <mem type="soa" free="29112392" total="765040640" percent="3" />
      <mem type="loa" free="36071416" total="40265728" percent="89" />
    </mem>
    <remembered-set count="47290" />
  </mem-info>
</gc-start>
<allocation-stats totalBytes="228682960" >
  <allocated-bytes non-tlh="1496" tlh="228681464" />
  <largest-consumer threadName="[SQL@09:22:46.712], select distinct t3.ITEM_ID, t3.IDENTIFIER, t3.NAME, t3.REQUIRED, t3.EXTERNAL_URI from &#xA;(select t1q.*, T..." threadId="000000000AB9D100" bytes="225960072" />
</allocation-stats>
<gc-op id="2593" type="scavenge" timems="6.155" contextid="2590" timestamp="2023-06-02T09:22:46.721">
  <scavenger-info tenureage="14" tenuremask="4000" tiltratio="88" />
  <memory-copied type="nursery" objects="58148" bytes="6597976" bytesdiscarded="357048" />
  <finalization candidates="979" enqueued="717" />
  <ownableSynchronizers candidates="53601" cleared="53254" />
  <references type="soft" candidates="57" cleared="0" enqueued="0" dynamicThreshold="2" maxThreshold="32" />
  <references type="weak" candidates="21" cleared="16" enqueued="6" />
</gc-op>
<gc-end id="2594" type="scavenge" contextid="2590" durationms="6.473" usertimems="0.000" systemtimems="0.000" timestamp="2023-06-02T09:22:46.721" activeThreads="16">
  <mem-info id="2595" free="299659736" total="1073741824" percent="27">
    <mem type="nursery" free="234475928" total="268435456" percent="87">
      <mem type="allocate" free="234475928" total="241434624" percent="97" />
      <mem type="survivor" free="0" total="27000832" percent="0" />
    </mem>
    <mem type="tenure" free="65183808" total="805306368" percent="8" macro-fragmented="115632">
      <mem type="soa" free="29112392" total="765040640" percent="3" />
      <mem type="loa" free="36071416" total="40265728" percent="89" />
    </mem>
    <pending-finalizers system="597" default="120" reference="6" classloader="0" />
    <remembered-set count="5457" />
  </mem-info>
</gc-end>
<cycle-end id="2596" type="scavenge" contextid="2590" timestamp="2023-06-02T09:22:46.723" />
<allocation-satisfied id="2597" threadId="000000000AB9D100" bytesRequested="16" />
<af-end id="2598" timestamp="2023-06-02T09:22:46.723" threadId="000000000AB9DA80" success="true" from="nursery"/>
<exclusive-end id="2599" timestamp="2023-06-02T09:22:46.723" durationms="10.133" />

<exclusive-start id="2600" timestamp="2023-06-02T09:22:47.062" intervalms="349.516">
  <response-info timems="0.116" idlems="0.116" threads="0" lastid="000000000AB9D100" lastname="[SQL@09:22:47.061], select distinct t3.KEY_COL, t3.VALUE, t4.KE" />
</exclusive-start>
<af-start id="2601" threadId="000000000AB9DA80" totalBytesRequested="16" timestamp="2023-06-02T09:22:47.062" intervalms="349.558" type="nursery" />
<cycle-start id="2602" type="scavenge" contextid="0" timestamp="2023-06-02T09:22:47.062" intervalms="349.605" />
<gc-start id="2603" type="scavenge" contextid="2602" timestamp="2023-06-02T09:22:47.065">
  <mem-info id="2604" free="65183808" total="1073741824" percent="6">
    <mem type="nursery" free="0" total="268435456" percent="0">
      <mem type="allocate" free="0" total="241434624" percent="0" />
      <mem type="survivor" free="0" total="27000832" percent="0" />
    </mem>
    <mem type="tenure" free="65183808" total="805306368" percent="8">
      <mem type="soa" free="29112392" total="765040640" percent="3" />
      <mem type="loa" free="36071416" total="40265728" percent="89" />
    </mem>
    <remembered-set count="6149" />
  </mem-info>
</gc-start>
<allocation-stats totalBytes="234394744" >
  <allocated-bytes non-tlh="16" tlh="234394728" />
  <largest-consumer threadName="[SQL@09:22:47.061], select distinct t3.KEY_COL, t3.VALUE, t4.KEY_COL, t4.VALUE, t5.KEY_COL, t5.VALUE, t6.KEY_COL, t6.VALUE, t7...." threadId="000000000AB9D100" bytes="231581280" />
</allocation-stats>
<gc-op id="2605" type="scavenge" timems="3.476" contextid="2602" timestamp="2023-06-02T09:22:47.068">
  <scavenger-info tenureage="5" tenuremask="4020" tiltratio="89" />
  <memory-copied type="nursery" objects="86373" bytes="7450760" bytesdiscarded="191448" />
  <memory-copied type="tenure" objects="7721" bytes="849264" bytesdiscarded="26128" />
  <finalization candidates="492" enqueued="230" />
  <ownableSynchronizers candidates="54711" cleared="54364" />
  <references type="soft" candidates="22" cleared="0" enqueued="0" dynamicThreshold="2" maxThreshold="32" />
  <references type="weak" candidates="16" cleared="11" enqueued="2" />
</gc-op>
<gc-end id="2606" type="scavenge" contextid="2602" durationms="3.849" usertimems="15.625" systemtimems="0.000" timestamp="2023-06-02T09:22:47.068" activeThreads="16">
  <mem-info id="2607" free="298117264" total="1073741824" percent="27">
    <mem type="nursery" free="233919992" total="268435456" percent="87">
      <mem type="allocate" free="233919992" total="241565696" percent="96" />
      <mem type="survivor" free="0" total="26869760" percent="0" />
    </mem>
    <mem type="tenure" free="64197272" total="805306368" percent="7" macro-fragmented="0">
      <mem type="soa" free="28125856" total="765040640" percent="3" />
      <mem type="loa" free="36071416" total="40265728" percent="89" />
    </mem>
    <pending-finalizers system="112" default="118" reference="2" classloader="0" />
    <remembered-set count="5179" />
  </mem-info>
</gc-end>
<cycle-end id="2608" type="scavenge" contextid="2602" timestamp="2023-06-02T09:22:47.071" />
<allocation-satisfied id="2609" threadId="000000000AB9D100" bytesRequested="16" />
<af-end id="2610" timestamp="2023-06-02T09:22:47.072" threadId="000000000AB9DA80" success="true" from="nursery"/>
<exclusive-end id="2611" timestamp="2023-06-02T09:22:47.072" durationms="9.411" />

<exclusive-start id="2612" timestamp="2023-06-02T09:22:47.967" intervalms="904.888">
  <response-info timems="0.106" idlems="0.106" threads="0" lastid="000000000AB9D100" lastname="[SQL@09:22:47.965], select distinct t2.OWNER_ITEM_ID, t3.USER_I" />
</exclusive-start>
<af-start id="2613" threadId="000000000AB9DA80" totalBytesRequested="584" timestamp="2023-06-02T09:22:47.967" intervalms="904.869" type="nursery" />
<cycle-start id="2614" type="scavenge" contextid="0" timestamp="2023-06-02T09:22:47.967" intervalms="904.825" />
<gc-start id="2615" type="scavenge" contextid="2614" timestamp="2023-06-02T09:22:47.970">
  <mem-info id="2616" free="64197040" total="1073741824" percent="5">
    <mem type="nursery" free="0" total="268435456" percent="0">
      <mem type="allocate" free="0" total="241565696" percent="0" />
      <mem type="survivor" free="0" total="26869760" percent="0" />
    </mem>
    <mem type="tenure" free="64197040" total="805306368" percent="7">
      <mem type="soa" free="28125624" total="765040640" percent="3" />
      <mem type="loa" free="36071416" total="40265728" percent="89" />
    </mem>
    <remembered-set count="6144" />
  </mem-info>
</gc-start>
<allocation-stats totalBytes="233819008" >
  <allocated-bytes non-tlh="148656" tlh="233670352" />
  <largest-consumer threadName="[SQL@09:22:47.965], select distinct t2.OWNER_ITEM_ID, t3.USER_ID, t3.NAME from &#xA;(select t1q.*, T1V.ITEM_TYPE_DBID from PLAN..." threadId="000000000AB9D100" bytes="226600784" />
</allocation-stats>
<gc-op id="2617" type="scavenge" timems="3.104" contextid="2614" timestamp="2023-06-02T09:22:47.973">
  <scavenger-info tenureage="7" tenuremask="4080" tiltratio="89" />
  <memory-copied type="nursery" objects="123382" bytes="8855648" bytesdiscarded="446664" />
  <memory-copied type="tenure" objects="4326" bytes="793352" bytesdiscarded="28648" />
  <finalization candidates="4709" enqueued="4454" />
  <ownableSynchronizers candidates="52358" cleared="52015" />
  <references type="soft" candidates="24" cleared="0" enqueued="0" dynamicThreshold="2" maxThreshold="32" />
  <references type="weak" candidates="20" cleared="15" enqueued="3" />
</gc-op>
<gc-end id="2618" type="scavenge" contextid="2614" durationms="3.433" usertimems="0.000" systemtimems="0.000" timestamp="2023-06-02T09:22:47.974" activeThreads="16">
  <mem-info id="2619" free="295635824" total="1073741824" percent="27">
    <mem type="nursery" free="232259864" total="268435456" percent="86">
      <mem type="allocate" free="232259864" total="241565696" percent="96" />
      <mem type="survivor" free="0" total="26869760" percent="0" />
    </mem>
    <mem type="tenure" free="63375960" total="805306368" percent="7" macro-fragmented="15725">
      <mem type="soa" free="27304544" total="765040640" percent="3" />
      <mem type="loa" free="36071416" total="40265728" percent="89" />
    </mem>
    <pending-finalizers system="4297" default="157" reference="3" classloader="0" />
    <remembered-set count="4937" />
  </mem-info>
</gc-end>
<cycle-end id="2620" type="scavenge" contextid="2614" timestamp="2023-06-02T09:22:47.976" />
<allocation-satisfied id="2621" threadId="000000000AB9D100" bytesRequested="584" />
<af-end id="2622" timestamp="2023-06-02T09:22:47.976" threadId="000000000AB9DA80" success="true" from="nursery"/>
<exclusive-end id="2623" timestamp="2023-06-02T09:22:47.976" durationms="9.152" />

<exclusive-start id="2624" timestamp="2023-06-02T09:22:48.443" intervalms="475.101">
  <response-info timems="0.096" idlems="0.096" threads="0" lastid="000000000AB9D100" lastname="[SQL@09:22:48.440], select distinct t2.OWNER_ITEM_ID, t3.USER_I" />
</exclusive-start>
<af-start id="2625" threadId="000000000AB9DA80" totalBytesRequested="40" timestamp="2023-06-02T09:22:48.443" intervalms="475.139" type="nursery" />
<cycle-start id="2626" type="scavenge" contextid="0" timestamp="2023-06-02T09:22:48.443" intervalms="475.154" />
<gc-start id="2627" type="scavenge" contextid="2626" timestamp="2023-06-02T09:22:48.445">
  <mem-info id="2628" free="63374872" total="1073741824" percent="5">
    <mem type="nursery" free="0" total="268435456" percent="0">
      <mem type="allocate" free="0" total="241565696" percent="0" />
      <mem type="survivor" free="0" total="26869760" percent="0" />
    </mem>
    <mem type="tenure" free="63374872" total="805306368" percent="7">
      <mem type="soa" free="27303456" total="765040640" percent="3" />
      <mem type="loa" free="36071416" total="40265728" percent="89" />
    </mem>
    <remembered-set count="6415" />
  </mem-info>
</gc-start>
<allocation-stats totalBytes="232106896" >
  <allocated-bytes non-tlh="149384" tlh="231957512" />
  <largest-consumer threadName="[SQL@09:22:48.440], select distinct t2.OWNER_ITEM_ID, t3.USER_ID, t3.NAME from &#xA;(select t1q.*, T1V.ITEM_TYPE_DBID from PLAN..." threadId="000000000AB9D100" bytes="228401288" />
</allocation-stats>
<gc-op id="2629" type="scavenge" timems="4.727" contextid="2626" timestamp="2023-06-02T09:22:48.450">
  <scavenger-info tenureage="5" tenuremask="4060" tiltratio="89" />
  <memory-copied type="nursery" objects="109510" bytes="6934504" bytesdiscarded="200336" />
  <memory-copied type="tenure" objects="16713" bytes="2457640" bytesdiscarded="111840" />
  <finalization candidates="971" enqueued="717" />
  <ownableSynchronizers candidates="54131" cleared="53777" />
  <references type="soft" candidates="20" cleared="0" enqueued="0" dynamicThreshold="2" maxThreshold="32" />
  <references type="weak" candidates="19" cleared="15" enqueued="6" />
</gc-op>
<gc-end id="2630" type="scavenge" contextid="2626" durationms="5.761" usertimems="0.000" systemtimems="0.000" timestamp="2023-06-02T09:22:48.451" activeThreads="16">
  <mem-info id="2631" free="295247376" total="1073741824" percent="27">
    <mem type="nursery" free="234428752" total="268435456" percent="87">
      <mem type="allocate" free="234428752" total="241565696" percent="97" />
      <mem type="survivor" free="0" total="26869760" percent="0" />
    </mem>
    <mem type="tenure" free="60818624" total="805306368" percent="7" macro-fragmented="39130">
      <mem type="soa" free="24747208" total="765040640" percent="3" />
      <mem type="loa" free="36071416" total="40265728" percent="89" />
    </mem>
    <pending-finalizers system="574" default="143" reference="6" classloader="0" />
    <remembered-set count="3578" />
  </mem-info>
</gc-end>
<cycle-end id="2632" type="scavenge" contextid="2626" timestamp="2023-06-02T09:22:48.456" />
<allocation-satisfied id="2633" threadId="000000000AB9D100" bytesRequested="40" />
<af-end id="2634" timestamp="2023-06-02T09:22:48.457" threadId="000000000AB9DA80" success="true" from="nursery"/>
<exclusive-end id="2635" timestamp="2023-06-02T09:22:48.457" durationms="14.430" />

<exclusive-start id="2636" timestamp="2023-06-02T09:22:49.271" intervalms="828.964">
  <response-info timems="0.104" idlems="0.104" threads="0" lastid="000000000AB9D100" lastname="[SQL@09:22:49.271], select distinct t2.ITEM_ID, t3.ID, t3.EXTER" />
</exclusive-start>
<af-start id="2637" threadId="000000000AB9DA80" totalBytesRequested="40" timestamp="2023-06-02T09:22:49.272" intervalms="828.926" type="nursery" />
<cycle-start id="2638" type="scavenge" contextid="0" timestamp="2023-06-02T09:22:49.272" intervalms="828.927" />
<gc-start id="2639" type="scavenge" contextid="2638" timestamp="2023-06-02T09:22:49.274">
  <mem-info id="2640" free="60818624" total="1073741824" percent="5">
    <mem type="nursery" free="0" total="268435456" percent="0">
      <mem type="allocate" free="0" total="241565696" percent="0" />
      <mem type="survivor" free="0" total="26869760" percent="0" />
    </mem>
    <mem type="tenure" free="60818624" total="805306368" percent="7">
      <mem type="soa" free="24747208" total="765040640" percent="3" />
      <mem type="loa" free="36071416" total="40265728" percent="89" />
    </mem>
    <remembered-set count="4456" />
  </mem-info>
</gc-start>
<allocation-stats totalBytes="234337280" >
  <allocated-bytes non-tlh="148448" tlh="234188832" />
  <largest-consumer threadName="[SQL@09:22:49.271], select distinct t2.ITEM_ID, t3.ID, t3.EXTERNAL_ID, t3.SCRIPT_TYPE, t2.REVISION, t2.SNAPSHOT from &#xA;(sele..." threadId="000000000AB9D100" bytes="227978184" />
</allocation-stats>
<gc-op id="2641" type="scavenge" timems="3.147" contextid="2638" timestamp="2023-06-02T09:22:49.279">
  <scavenger-info tenureage="14" tenuremask="4000" tiltratio="89" />
  <memory-copied type="nursery" objects="71312" bytes="6702824" bytesdiscarded="220040" />
  <finalization candidates="4681" enqueued="4428" />
  <ownableSynchronizers candidates="52489" cleared="52201" />
  <references type="soft" candidates="21" cleared="0" enqueued="0" dynamicThreshold="2" maxThreshold="32" />
  <references type="weak" candidates="16" cleared="12" enqueued="2" />
</gc-op>
<gc-end id="2642" type="scavenge" contextid="2638" durationms="3.559" usertimems="0.000" systemtimems="0.000" timestamp="2023-06-02T09:22:49.279" activeThreads="16">
  <mem-info id="2643" free="295459120" total="1073741824" percent="27">
    <mem type="nursery" free="234640496" total="268435456" percent="87">
      <mem type="allocate" free="234640496" total="241565696" percent="97" />
      <mem type="survivor" free="0" total="26869760" percent="0" />
    </mem>
    <mem type="tenure" free="60818624" total="805306368" percent="7" macro-fragmented="0">
      <mem type="soa" free="24747208" total="765040640" percent="3" />
      <mem type="loa" free="36071416" total="40265728" percent="89" />
    </mem>
    <pending-finalizers system="4278" default="150" reference="2" classloader="0" />
    <remembered-set count="3613" />
  </mem-info>
</gc-end>
<cycle-end id="2644" type="scavenge" contextid="2638" timestamp="2023-06-02T09:22:49.281" />
<allocation-satisfied id="2645" threadId="000000000AB9D100" bytesRequested="40" />
<af-end id="2646" timestamp="2023-06-02T09:22:49.281" threadId="000000000AB9DA80" success="true" from="nursery"/>
<exclusive-end id="2647" timestamp="2023-06-02T09:22:49.281" durationms="9.510" />

<exclusive-start id="2648" timestamp="2023-06-02T09:22:49.746" intervalms="474.680">
  <response-info timems="0.323" idlems="0.323" threads="0" lastid="000000000AB9D100" lastname="[SQL@09:22:49.745], select distinct t2.ITEM_ID, t3.ID, t3.EXTER" />
</exclusive-start>
<af-start id="2649" threadId="000000000AB9DA80" totalBytesRequested="40" timestamp="2023-06-02T09:22:49.746" intervalms="474.806" type="nursery" />
<cycle-start id="2650" type="scavenge" contextid="0" timestamp="2023-06-02T09:22:49.746" intervalms="474.810" />
<gc-start id="2651" type="scavenge" contextid="2650" timestamp="2023-06-02T09:22:49.753">
  <mem-info id="2652" free="60818624" total="1073741824" percent="5">
    <mem type="nursery" free="0" total="268435456" percent="0">
      <mem type="allocate" free="0" total="241565696" percent="0" />
      <mem type="survivor" free="0" total="26869760" percent="0" />
    </mem>
    <mem type="tenure" free="60818624" total="805306368" percent="7">
      <mem type="soa" free="24747208" total="765040640" percent="3" />
      <mem type="loa" free="36071416" total="40265728" percent="89" />
    </mem>
    <remembered-set count="4407" />
  </mem-info>
</gc-start>
<allocation-stats totalBytes="234559400" >
  <allocated-bytes non-tlh="40" tlh="234559360" />
  <largest-consumer threadName="[SQL@09:22:49.745], select distinct t2.ITEM_ID, t3.ID, t3.EXTERNAL_ID, t3.SCRIPT_TYPE, t2.REVISION, t2.SNAPSHOT from &#xA;(sele..." threadId="000000000AB9D100" bytes="232722192" />
</allocation-stats>
<gc-op id="2653" type="scavenge" timems="5.150" contextid="2650" timestamp="2023-06-02T09:22:49.759">
  <scavenger-info tenureage="6" tenuremask="4040" tiltratio="89" />
  <memory-copied type="nursery" objects="51334" bytes="5885784" bytesdiscarded="355464" />
  <memory-copied type="tenure" objects="6040" bytes="809536" bytesdiscarded="22744" />
  <finalization candidates="941" enqueued="687" />
  <ownableSynchronizers candidates="54487" cleared="54190" />
  <references type="soft" candidates="19" cleared="0" enqueued="0" dynamicThreshold="2" maxThreshold="32" />
  <references type="weak" candidates="22" cleared="18" enqueued="2" />
</gc-op>
<gc-end id="2654" type="scavenge" contextid="2650" durationms="6.065" usertimems="0.000" systemtimems="0.000" timestamp="2023-06-02T09:22:49.759" activeThreads="16">
  <mem-info id="2655" free="295331016" total="1073741824" percent="27">
    <mem type="nursery" free="235322504" total="268435456" percent="87">
      <mem type="allocate" free="235322504" total="241565696" percent="97" />
      <mem type="survivor" free="0" total="26869760" percent="0" />
    </mem>
    <mem type="tenure" free="60008512" total="805306368" percent="7" macro-fragmented="0">
      <mem type="soa" free="23937096" total="765040640" percent="3" />
      <mem type="loa" free="36071416" total="40265728" percent="89" />
    </mem>
    <pending-finalizers system="574" default="113" reference="2" classloader="0" />
    <remembered-set count="3451" />
  </mem-info>
</gc-end>
<cycle-end id="2656" type="scavenge" contextid="2650" timestamp="2023-06-02T09:22:49.765" />
<allocation-satisfied id="2657" threadId="000000000AB9D100" bytesRequested="40" />
<af-end id="2658" timestamp="2023-06-02T09:22:49.765" threadId="000000000AB9DA80" success="true" from="nursery"/>
<exclusive-end id="2659" timestamp="2023-06-02T09:22:49.765" durationms="19.385" />

<exclusive-start id="2660" timestamp="2023-06-02T09:22:50.181" intervalms="435.074">
  <response-info timems="0.091" idlems="0.091" threads="0" lastid="000000000AB9D100" lastname="[SQL@09:22:50.181], select distinct t2.ORIGINATOR_ITEM_ID, t3.U" />
</exclusive-start>
<af-start id="2661" threadId="000000000AB9DA80" totalBytesRequested="40" timestamp="2023-06-02T09:22:50.182" intervalms="434.950" type="nursery" />
<cycle-start id="2662" type="scavenge" contextid="0" timestamp="2023-06-02T09:22:50.182" intervalms="434.928" />
<gc-start id="2663" type="scavenge" contextid="2662" timestamp="2023-06-02T09:22:50.184">
  <mem-info id="2664" free="60008512" total="1073741824" percent="5">
    <mem type="nursery" free="0" total="268435456" percent="0">
      <mem type="allocate" free="0" total="241565696" percent="0" />
      <mem type="survivor" free="0" total="26869760" percent="0" />
    </mem>
    <mem type="tenure" free="60008512" total="805306368" percent="7">
      <mem type="soa" free="23937096" total="765040640" percent="3" />
      <mem type="loa" free="36071416" total="40265728" percent="89" />
    </mem>
    <remembered-set count="4218" />
  </mem-info>
</gc-start>
<allocation-stats totalBytes="235218864" >
  <allocated-bytes non-tlh="148448" tlh="235070416" />
  <largest-consumer threadName="[SQL@09:22:50.181], select distinct t2.ORIGINATOR_ITEM_ID, t3.USER_ID, t3.NAME from &#xA;(select t1q.*, T1V.ITEM_TYPE_DBID from..." threadId="000000000AB9D100" bytes="232125776" />
</allocation-stats>
<gc-op id="2665" type="scavenge" timems="4.645" contextid="2662" timestamp="2023-06-02T09:22:50.188">
  <scavenger-info tenureage="5" tenuremask="4060" tiltratio="89" />
  <memory-copied type="nursery" objects="37293" bytes="4651832" bytesdiscarded="410136" />
  <memory-copied type="tenure" objects="12548" bytes="1813352" bytesdiscarded="73344" />
  <finalization candidates="499" enqueued="246" />
  <ownableSynchronizers candidates="54477" cleared="54234" />
  <references type="soft" candidates="12" cleared="0" enqueued="0" dynamicThreshold="2" maxThreshold="32" />
  <references type="weak" candidates="20" cleared="19" enqueued="2" />
</gc-op>
<gc-end id="2666" type="scavenge" contextid="2662" durationms="4.997" usertimems="15.625" systemtimems="15.625" timestamp="2023-06-02T09:22:50.188" activeThreads="16">
  <mem-info id="2667" free="294620360" total="1073741824" percent="27">
    <mem type="nursery" free="236502720" total="268435456" percent="88">
      <mem type="allocate" free="236502720" total="241565696" percent="97" />
      <mem type="survivor" free="0" total="26869760" percent="0" />
    </mem>
    <mem type="tenure" free="58117640" total="805306368" percent="7" macro-fragmented="0">
      <mem type="soa" free="22046224" total="765040640" percent="2" />
      <mem type="loa" free="36071416" total="40265728" percent="89" />
    </mem>
    <pending-finalizers system="112" default="134" reference="2" classloader="0" />
    <remembered-set count="2687" />
  </mem-info>
</gc-end>
<cycle-end id="2668" type="scavenge" contextid="2662" timestamp="2023-06-02T09:22:50.190" />
<allocation-satisfied id="2669" threadId="000000000AB9D100" bytesRequested="40" />
<af-end id="2670" timestamp="2023-06-02T09:22:50.190" threadId="000000000AB9DA80" success="true" from="nursery"/>
<exclusive-end id="2671" timestamp="2023-06-02T09:22:50.190" durationms="9.385" />

<exclusive-start id="2672" timestamp="2023-06-02T09:22:51.071" intervalms="890.203">
  <response-info timems="0.070" idlems="0.070" threads="0" lastid="000000000AB9D100" lastname="qm: AsynchronousTaskRunner-4 @@ 09:22" />
</exclusive-start>
<af-start id="2673" threadId="000000000AB9DA80" totalBytesRequested="72" timestamp="2023-06-02T09:22:51.071" intervalms="890.248" type="nursery" />
<cycle-start id="2674" type="scavenge" contextid="0" timestamp="2023-06-02T09:22:51.071" intervalms="890.317" />
<gc-start id="2675" type="scavenge" contextid="2674" timestamp="2023-06-02T09:22:51.074">
  <mem-info id="2676" free="58117640" total="1073741824" percent="5">
    <mem type="nursery" free="0" total="268435456" percent="0">
      <mem type="allocate" free="0" total="241565696" percent="0" />
      <mem type="survivor" free="0" total="26869760" percent="0" />
    </mem>
    <mem type="tenure" free="58117640" total="805306368" percent="7">
      <mem type="soa" free="22046224" total="765040640" percent="2" />
      <mem type="loa" free="36071416" total="40265728" percent="89" />
    </mem>
    <remembered-set count="4332" />
  </mem-info>
</gc-start>
<allocation-stats totalBytes="236403632" >
  <allocated-bytes non-tlh="24632" tlh="236379000" />
  <largest-consumer threadName="qm: AsynchronousTaskRunner-4 @@ 09:22" threadId="000000000AB9D100" bytes="228675176" />
</allocation-stats>
<gc-op id="2677" type="scavenge" timems="3.275" contextid="2674" timestamp="2023-06-02T09:22:51.078">
  <scavenger-info tenureage="4" tenuremask="4030" tiltratio="89" />
  <memory-copied type="nursery" objects="47293" bytes="4418056" bytesdiscarded="194480" />
  <memory-copied type="tenure" objects="11454" bytes="1695904" bytesdiscarded="35528" />
  <finalization candidates="4193" enqueued="3942" />
  <ownableSynchronizers candidates="51309" cleared="51207" />
  <references type="soft" candidates="4" cleared="0" enqueued="0" dynamicThreshold="2" maxThreshold="32" />
  <references type="weak" candidates="17" cleared="17" enqueued="2" />
</gc-op>
<gc-end id="2678" type="scavenge" contextid="2674" durationms="3.677" usertimems="31.250" systemtimems="0.000" timestamp="2023-06-02T09:22:51.078" activeThreads="16">
  <mem-info id="2679" free="293206664" total="1073741824" percent="27">
    <mem type="nursery" free="236952088" total="268435456" percent="88">
      <mem type="allocate" free="236952088" total="241565696" percent="98" />
      <mem type="survivor" free="0" total="26869760" percent="0" />
    </mem>
    <mem type="tenure" free="56254576" total="805306368" percent="6" macro-fragmented="41040">
      <mem type="soa" free="20183160" total="765040640" percent="2" />
      <mem type="loa" free="36071416" total="40265728" percent="89" />
    </mem>
    <pending-finalizers system="3800" default="142" reference="2" classloader="0" />
    <remembered-set count="2757" />
  </mem-info>
</gc-end>
<cycle-end id="2680" type="scavenge" contextid="2674" timestamp="2023-06-02T09:22:51.080" />
<allocation-satisfied id="2681" threadId="000000000AB9D100" bytesRequested="72" />
<af-end id="2682" timestamp="2023-06-02T09:22:51.080" threadId="000000000AB9DA80" success="true" from="nursery"/>
<exclusive-end id="2683" timestamp="2023-06-02T09:22:51.080" durationms="8.886" />

<exclusive-start id="2684" timestamp="2023-06-02T09:22:51.582" intervalms="510.574">
  <response-info timems="0.065" idlems="0.065" threads="0" lastid="000000000AB9D100" lastname="qm: AsynchronousTaskRunner-4 @@ 09:22" />
</exclusive-start>
<af-start id="2685" threadId="000000000AB9DA80" totalBytesRequested="16" timestamp="2023-06-02T09:22:51.582" intervalms="510.505" type="nursery" />
<cycle-start id="2686" type="scavenge" contextid="0" timestamp="2023-06-02T09:22:51.582" intervalms="510.440" />
<gc-start id="2687" type="scavenge" contextid="2686" timestamp="2023-06-02T09:22:51.585">
  <mem-info id="2688" free="56254576" total="1073741824" percent="5">
    <mem type="nursery" free="0" total="268435456" percent="0">
      <mem type="allocate" free="0" total="241565696" percent="0" />
      <mem type="survivor" free="0" total="26869760" percent="0" />
    </mem>
    <mem type="tenure" free="56254576" total="805306368" percent="6">
      <mem type="soa" free="20183160" total="765040640" percent="2" />
      <mem type="loa" free="36071416" total="40265728" percent="89" />
    </mem>
    <remembered-set count="4157" />
  </mem-info>
</gc-start>
<allocation-stats totalBytes="236854296" >
  <allocated-bytes non-tlh="148480" tlh="236705816" />
  <largest-consumer threadName="qm: AsynchronousTaskRunner-4 @@ 09:22" threadId="000000000AB9D100" bytes="233439200" />
</allocation-stats>
<gc-op id="2689" type="scavenge" timems="2.948" contextid="2686" timestamp="2023-06-02T09:22:51.588">
  <scavenger-info tenureage="4" tenuremask="4010" tiltratio="89" />
  <memory-copied type="nursery" objects="31455" bytes="3718464" bytesdiscarded="196704" />
  <memory-copied type="tenure" objects="4923" bytes="843080" bytesdiscarded="13120" />
  <finalization candidates="1403" enqueued="1170" />
  <ownableSynchronizers candidates="54318" cleared="54262" />
  <references type="soft" candidates="6" cleared="0" enqueued="0" dynamicThreshold="2" maxThreshold="32" />
  <references type="weak" candidates="21" cleared="21" enqueued="4" />
</gc-op>
<gc-end id="2690" type="scavenge" contextid="2686" durationms="3.368" usertimems="0.000" systemtimems="0.000" timestamp="2023-06-02T09:22:51.588" activeThreads="16">
  <mem-info id="2691" free="292959864" total="1073741824" percent="27">
    <mem type="nursery" free="237649560" total="268435456" percent="88">
      <mem type="allocate" free="237649560" total="241565696" percent="98" />
      <mem type="survivor" free="0" total="26869760" percent="0" />
    </mem>
    <mem type="tenure" free="55310304" total="805306368" percent="6" macro-fragmented="168253">
      <mem type="soa" free="19238888" total="765040640" percent="2" />
      <mem type="loa" free="36071416" total="40265728" percent="89" />
    </mem>
    <pending-finalizers system="1037" default="133" reference="4" classloader="0" />
    <remembered-set count="3130" />
  </mem-info>
</gc-end>
<cycle-end id="2692" type="scavenge" contextid="2686" timestamp="2023-06-02T09:22:51.591" />
<allocation-satisfied id="2693" threadId="000000000AB9D100" bytesRequested="16" />
<af-end id="2694" timestamp="2023-06-02T09:22:51.591" threadId="000000000AB9DA80" success="true" from="nursery"/>
<exclusive-end id="2695" timestamp="2023-06-02T09:22:51.591" durationms="9.437" />

<exclusive-start id="2696" timestamp="2023-06-02T09:22:52.226" intervalms="644.488">
  <response-info timems="0.272" idlems="0.272" threads="0" lastid="000000000AB9D100" lastname="qm: AsynchronousTaskRunner-4 @@ 09:22" />
</exclusive-start>
<af-start id="2697" threadId="000000000AB9DA80" totalBytesRequested="8200" timestamp="2023-06-02T09:22:52.227" intervalms="644.710" type="nursery" />
<cycle-start id="2698" type="scavenge" contextid="0" timestamp="2023-06-02T09:22:52.227" intervalms="644.911" />
<gc-start id="2699" type="scavenge" contextid="2698" timestamp="2023-06-02T09:22:52.236">
  <mem-info id="2700" free="55306872" total="1073741824" percent="5">
    <mem type="nursery" free="0" total="268435456" percent="0">
      <mem type="allocate" free="0" total="241565696" percent="0" />
      <mem type="survivor" free="0" total="26869760" percent="0" />
    </mem>
    <mem type="tenure" free="55306872" total="805306368" percent="6">
      <mem type="soa" free="19235456" total="765040640" percent="2" />
      <mem type="loa" free="36071416" total="40265728" percent="89" />
    </mem>
    <remembered-set count="6897" />
  </mem-info>
</gc-start>
<allocation-stats totalBytes="237545640" >
  <allocated-bytes non-tlh="184632" tlh="237361008" />
  <largest-consumer threadName="qm: AsynchronousTaskRunner-4 @@ 09:22" threadId="000000000AB9D100" bytes="204399336" />
</allocation-stats>
<gc-op id="2701" type="scavenge" timems="6.134" contextid="2698" timestamp="2023-06-02T09:22:52.242">
  <scavenger-info tenureage="3" tenuremask="ffc8" tiltratio="89" />
  <memory-copied type="nursery" objects="73723" bytes="6136832" bytesdiscarded="350152" />
  <memory-copied type="tenure" objects="4821" bytes="808648" bytesdiscarded="19984" />
  <finalization candidates="3352" enqueued="3098" />
  <ownableSynchronizers candidates="52953" cleared="52109" />
  <references type="soft" candidates="33" cleared="0" enqueued="0" dynamicThreshold="2" maxThreshold="32" />
  <references type="weak" candidates="916" cleared="894" enqueued="872" />
</gc-op>
<gc-end id="2702" type="scavenge" contextid="2698" durationms="6.792" usertimems="15.625" systemtimems="0.000" timestamp="2023-06-02T09:22:52.243" activeThreads="16">
  <mem-info id="2703" free="289670792" total="1073741824" percent="26">
    <mem type="nursery" free="235073576" total="268435456" percent="87">
      <mem type="allocate" free="235073576" total="241565696" percent="97" />
      <mem type="survivor" free="0" total="26869760" percent="0" />
    </mem>
    <mem type="tenure" free="54597216" total="805306368" percent="6" macro-fragmented="0">
      <mem type="soa" free="18525800" total="765040640" percent="2" />
      <mem type="loa" free="36071416" total="40265728" percent="89" />
    </mem>
    <pending-finalizers system="1958" default="1140" reference="872" classloader="0" />
    <remembered-set count="5621" />
  </mem-info>
</gc-end>
<cycle-end id="2704" type="scavenge" contextid="2698" timestamp="2023-06-02T09:22:52.247" />
<allocation-satisfied id="2705" threadId="000000000AB9D100" bytesRequested="8200" />
<af-end id="2706" timestamp="2023-06-02T09:22:52.247" threadId="000000000AB9DA80" success="true" from="nursery"/>
<exclusive-end id="2707" timestamp="2023-06-02T09:22:52.247" durationms="21.208" />

<exclusive-start id="2708" timestamp="2023-06-02T09:22:53.052" intervalms="825.907">
  <response-info timems="0.146" idlems="0.146" threads="0" lastid="000000000AB99500" lastname="qm: AsynchronousTaskRunner-3 @@ 09:22" />
</exclusive-start>
<af-start id="2709" threadId="000000000AB99E80" totalBytesRequested="16" timestamp="2023-06-02T09:22:53.052" intervalms="825.698" type="nursery" />
<cycle-start id="2710" type="scavenge" contextid="0" timestamp="2023-06-02T09:22:53.052" intervalms="825.503" />
<gc-start id="2711" type="scavenge" contextid="2710" timestamp="2023-06-02T09:22:53.056">
  <mem-info id="2712" free="54596312" total="1073741824" percent="5">
    <mem type="nursery" free="0" total="268435456" percent="0">
      <mem type="allocate" free="0" total="241565696" percent="0" />
      <mem type="survivor" free="0" total="26869760" percent="0" />
    </mem>
    <mem type="tenure" free="54596312" total="805306368" percent="6">
      <mem type="soa" free="18524896" total="765040640" percent="2" />
      <mem type="loa" free="36071416" total="40265728" percent="89" />
    </mem>
    <remembered-set count="7018" />
  </mem-info>
</gc-start>
<allocation-stats totalBytes="234978088" >
  <allocated-bytes non-tlh="9104" tlh="234968984" />
  <largest-consumer threadName="[SQL@09:22:53.052], select distinct t3.KEY_COL, t3.VALUE, t4.KEY_COL, t4.VALUE, t5.KEY_COL, t5.VALUE, t6.KEY_COL, t6.VALUE, t7...." threadId="000000000AB9D100" bytes="219807032" />
</allocation-stats>
<gc-op id="2713" type="scavenge" timems="2.982" contextid="2710" timestamp="2023-06-02T09:22:53.059">
  <scavenger-info tenureage="14" tenuremask="4000" tiltratio="89" />
  <memory-copied type="nursery" objects="78684" bytes="6515544" bytesdiscarded="354272" />
  <finalization candidates="3439" enqueued="3187" />
  <ownableSynchronizers candidates="52947" cleared="51941" />
  <references type="soft" candidates="180" cleared="0" enqueued="0" dynamicThreshold="2" maxThreshold="32" />
  <references type="weak" candidates="713" cleared="674" enqueued="647" />
</gc-op>
<gc-end id="2714" type="scavenge" contextid="2710" durationms="5.585" usertimems="0.000" systemtimems="15.625" timestamp="2023-06-02T09:22:53.062" activeThreads="16">
  <mem-info id="2715" free="289287304" total="1073741824" percent="26">
    <mem type="nursery" free="234690992" total="268435456" percent="87">
      <mem type="allocate" free="234690992" total="241565696" percent="97" />
      <mem type="survivor" free="0" total="26869760" percent="0" />
    </mem>
    <mem type="tenure" free="54596312" total="805306368" percent="6" macro-fragmented="0">
      <mem type="soa" free="18524896" total="765040640" percent="2" />
      <mem type="loa" free="36071416" total="40265728" percent="89" />
    </mem>
    <pending-finalizers system="2441" default="746" reference="647" classloader="0" />
    <remembered-set count="6101" />
  </mem-info>
</gc-end>
<cycle-end id="2716" type="scavenge" contextid="2710" timestamp="2023-06-02T09:22:53.067" />
<allocation-satisfied id="2717" threadId="000000000AB99500" bytesRequested="16" />
<af-end id="2718" timestamp="2023-06-02T09:22:53.067" threadId="000000000AB99E80" success="true" from="nursery"/>
<exclusive-end id="2719" timestamp="2023-06-02T09:22:53.067" durationms="14.491" />

<exclusive-start id="2720" timestamp="2023-06-02T09:22:53.588" intervalms="536.339">
  <response-info timems="0.178" idlems="0.178" threads="0" lastid="000000000AB9D100" lastname="[SQL@09:22:53.587], select distinct t3.ITEM_ID, t3.IDENTIFIER, " />
</exclusive-start>
<af-start id="2721" threadId="000000000AB9DA80" totalBytesRequested="40" timestamp="2023-06-02T09:22:53.589" intervalms="536.387" type="nursery" />
<cycle-start id="2722" type="scavenge" contextid="0" timestamp="2023-06-02T09:22:53.589" intervalms="536.495" />
<gc-start id="2723" type="scavenge" contextid="2722" timestamp="2023-06-02T09:22:53.592">
  <mem-info id="2724" free="54596000" total="1073741824" percent="5">
    <mem type="nursery" free="0" total="268435456" percent="0">
      <mem type="allocate" free="0" total="241565696" percent="0" />
      <mem type="survivor" free="0" total="26869760" percent="0" />
    </mem>
    <mem type="tenure" free="54596000" total="805306368" percent="6">
      <mem type="soa" free="18524584" total="765040640" percent="2" />
      <mem type="loa" free="36071416" total="40265728" percent="89" />
    </mem>
    <remembered-set count="7069" />
  </mem-info>
</gc-start>
<allocation-stats totalBytes="234598296" >
  <allocated-bytes non-tlh="222488" tlh="234375808" />
  <largest-consumer threadName="[SQL@09:22:53.587], select distinct t3.ITEM_ID, t3.IDENTIFIER, t3.NAME, t3.REQUIRED, t3.EXTERNAL_URI from &#xA;(select t1q.*, T..." threadId="000000000AB9D100" bytes="226053088" />
</allocation-stats>
<gc-op id="2725" type="scavenge" timems="3.272" contextid="2722" timestamp="2023-06-02T09:22:53.595">
  <scavenger-info tenureage="6" tenuremask="4040" tiltratio="89" />
  <memory-copied type="nursery" objects="108814" bytes="7219360" bytesdiscarded="225576" />
  <memory-copied type="tenure" objects="4744" bytes="810808" bytesdiscarded="30424" />
  <finalization candidates="1114" enqueued="861" />
  <ownableSynchronizers candidates="55057" cleared="54149" />
  <references type="soft" candidates="291" cleared="0" enqueued="0" dynamicThreshold="2" maxThreshold="32" />
  <references type="weak" candidates="52" cleared="33" enqueued="7" />
</gc-op>
<gc-end id="2726" type="scavenge" contextid="2722" durationms="3.758" usertimems="0.000" systemtimems="0.000" timestamp="2023-06-02T09:22:53.595" activeThreads="16">
  <mem-info id="2727" free="287817000" total="1073741824" percent="26">
    <mem type="nursery" free="234116840" total="268435456" percent="87">
      <mem type="allocate" free="234116840" total="241565696" percent="96" />
      <mem type="survivor" free="0" total="26869760" percent="0" />
    </mem>
    <mem type="tenure" free="53700160" total="805306368" percent="6" macro-fragmented="27173">
      <mem type="soa" free="17628744" total="765040640" percent="2" />
      <mem type="loa" free="36071416" total="40265728" percent="89" />
    </mem>
    <pending-finalizers system="575" default="286" reference="7" classloader="0" />
    <remembered-set count="5952" />
  </mem-info>
</gc-end>
<cycle-end id="2728" type="scavenge" contextid="2722" timestamp="2023-06-02T09:22:53.599" />
<allocation-satisfied id="2729" threadId="000000000AB9D100" bytesRequested="40" />
<af-end id="2730" timestamp="2023-06-02T09:22:53.599" threadId="000000000AB9DA80" success="true" from="nursery"/>
<exclusive-end id="2731" timestamp="2023-06-02T09:22:53.599" durationms="10.513" />

<exclusive-start id="2732" timestamp="2023-06-02T09:22:54.447" intervalms="858.094">
  <response-info timems="0.101" idlems="0.101" threads="0" lastid="000000000AB9D100" lastname="[SQL@09:22:54.446], select distinct t2.OWNER_ITEM_ID, t3.USER_I" />
</exclusive-start>
<af-start id="2733" threadId="000000000AB9DA80" totalBytesRequested="584" timestamp="2023-06-02T09:22:54.447" intervalms="858.028" type="nursery" />
<cycle-start id="2734" type="scavenge" contextid="0" timestamp="2023-06-02T09:22:54.447" intervalms="857.915" />
<gc-start id="2735" type="scavenge" contextid="2734" timestamp="2023-06-02T09:22:54.450">
  <mem-info id="2736" free="53700160" total="1073741824" percent="5">
    <mem type="nursery" free="0" total="268435456" percent="0">
      <mem type="allocate" free="0" total="241565696" percent="0" />
      <mem type="survivor" free="0" total="26869760" percent="0" />
    </mem>
    <mem type="tenure" free="53700160" total="805306368" percent="6">
      <mem type="soa" free="17628744" total="765040640" percent="2" />
      <mem type="loa" free="36071416" total="40265728" percent="89" />
    </mem>
    <remembered-set count="6858" />
  </mem-info>
</gc-start>
<allocation-stats totalBytes="234002120" >
  <allocated-bytes non-tlh="148448" tlh="233853672" />
  <largest-consumer threadName="[SQL@09:22:54.446], select distinct t2.OWNER_ITEM_ID, t3.USER_ID, t3.NAME from &#xA;(select t1q.*, T1V.ITEM_TYPE_DBID from PLAN..." threadId="000000000AB9D100" bytes="227217648" />
</allocation-stats>
<gc-op id="2737" type="scavenge" timems="2.857" contextid="2734" timestamp="2023-06-02T09:22:54.453">
  <scavenger-info tenureage="14" tenuremask="4000" tiltratio="89" />
  <memory-copied type="nursery" objects="82512" bytes="7326952" bytesdiscarded="377368" />
  <finalization candidates="4229" enqueued="3976" />
  <ownableSynchronizers candidates="53103" cleared="52199" />
  <references type="soft" candidates="293" cleared="0" enqueued="0" dynamicThreshold="2" maxThreshold="32" />
  <references type="weak" candidates="28" cleared="9" enqueued="2" />
</gc-op>
<gc-end id="2738" type="scavenge" contextid="2734" durationms="3.176" usertimems="15.625" systemtimems="0.000" timestamp="2023-06-02T09:22:54.453" activeThreads="16">
  <mem-info id="2739" free="287557360" total="1073741824" percent="26">
    <mem type="nursery" free="233857200" total="268435456" percent="87">
      <mem type="allocate" free="233857200" total="241565696" percent="96" />
      <mem type="survivor" free="0" total="26869760" percent="0" />
    </mem>
    <mem type="tenure" free="53700160" total="805306368" percent="6" macro-fragmented="27173">
      <mem type="soa" free="17628744" total="765040640" percent="2" />
      <mem type="loa" free="36071416" total="40265728" percent="89" />
    </mem>
    <pending-finalizers system="3816" default="160" reference="2" classloader="0" />
    <remembered-set count="5920" />
  </mem-info>
</gc-end>
<cycle-end id="2740" type="scavenge" contextid="2734" timestamp="2023-06-02T09:22:54.456" />
<allocation-satisfied id="2741" threadId="000000000AB9D100" bytesRequested="584" />
<af-end id="2742" timestamp="2023-06-02T09:22:54.456" threadId="000000000AB9DA80" success="true" from="nursery"/>
<exclusive-end id="2743" timestamp="2023-06-02T09:22:54.456" durationms="8.849" />

<exclusive-start id="2744" timestamp="2023-06-02T09:22:54.944" intervalms="497.198">
  <response-info timems="0.232" idlems="0.232" threads="0" lastid="000000000AB9D100" lastname="[SQL@09:22:54.941], select distinct t2.OWNER_ITEM_ID, t3.USER_I" />
</exclusive-start>
<af-start id="2745" threadId="000000000AB9DA80" totalBytesRequested="40" timestamp="2023-06-02T09:22:54.944" intervalms="497.330" type="nursery" />
<cycle-start id="2746" type="scavenge" contextid="0" timestamp="2023-06-02T09:22:54.944" intervalms="497.363" />
<gc-start id="2747" type="scavenge" contextid="2746" timestamp="2023-06-02T09:22:54.948">
  <mem-info id="2748" free="53700160" total="1073741824" percent="5">
    <mem type="nursery" free="0" total="268435456" percent="0">
      <mem type="allocate" free="0" total="241565696" percent="0" />
      <mem type="survivor" free="0" total="26869760" percent="0" />
    </mem>
    <mem type="tenure" free="53700160" total="805306368" percent="6">
      <mem type="soa" free="17628744" total="765040640" percent="2" />
      <mem type="loa" free="36071416" total="40265728" percent="89" />
    </mem>
    <remembered-set count="6808" />
  </mem-info>
</gc-start>
<allocation-stats totalBytes="233761088" >
  <allocated-bytes non-tlh="584" tlh="233760504" />
  <largest-consumer threadName="[SQL@09:22:54.941], select distinct t2.OWNER_ITEM_ID, t3.USER_ID, t3.NAME from &#xA;(select t1q.*, T1V.ITEM_TYPE_DBID from PLAN..." threadId="000000000AB9D100" bytes="232090488" />
</allocation-stats>
<gc-op id="2749" type="scavenge" timems="6.928" contextid="2746" timestamp="2023-06-02T09:22:54.954">
  <scavenger-info tenureage="4" tenuremask="4070" tiltratio="89" />
  <memory-copied type="nursery" objects="133418" bytes="7138128" bytesdiscarded="164184" />
  <memory-copied type="tenure" objects="29242" bytes="3100232" bytesdiscarded="33992" />
  <finalization candidates="1402" enqueued="1149" />
  <ownableSynchronizers candidates="55082" cleared="54150" />
  <references type="soft" candidates="263" cleared="0" enqueued="0" dynamicThreshold="2" maxThreshold="32" />
  <references type="weak" candidates="20" cleared="14" enqueued="4" />
</gc-op>
<gc-end id="2750" type="scavenge" contextid="2746" durationms="7.364" usertimems="0.000" systemtimems="0.000" timestamp="2023-06-02T09:22:54.956" activeThreads="16">
  <mem-info id="2751" free="284835272" total="1073741824" percent="26">
    <mem type="nursery" free="234261040" total="268435456" percent="87">
      <mem type="allocate" free="234261040" total="241565696" percent="96" />
      <mem type="survivor" free="0" total="26869760" percent="0" />
    </mem>
    <mem type="tenure" free="50574232" total="805306368" percent="6" macro-fragmented="0">
      <mem type="soa" free="14502816" total="765040640" percent="1" />
      <mem type="loa" free="36071416" total="40265728" percent="89" />
    </mem>
    <pending-finalizers system="1037" default="112" reference="4" classloader="0" />
    <remembered-set count="3671" />
  </mem-info>
</gc-end>
<cycle-end id="2752" type="scavenge" contextid="2746" timestamp="2023-06-02T09:22:54.959" />
<allocation-satisfied id="2753" threadId="000000000AB9D100" bytesRequested="40" />
<af-end id="2754" timestamp="2023-06-02T09:22:54.959" threadId="000000000AB9DA80" success="true" from="nursery"/>
<exclusive-end id="2755" timestamp="2023-06-02T09:22:54.959" durationms="14.357" />

<exclusive-start id="2756" timestamp="2023-06-02T09:22:55.321" intervalms="377.216">
  <response-info timems="0.091" idlems="0.091" threads="0" lastid="000000000AB9D100" lastname="[SQL@09:22:55.319], select distinct t3.ITEM_ID, t3.IDENTIFIER, " />
</exclusive-start>
<af-start id="2757" threadId="000000000AB9DA80" totalBytesRequested="584" timestamp="2023-06-02T09:22:55.321" intervalms="377.092" type="nursery" />
<cycle-start id="2758" type="scavenge" contextid="0" timestamp="2023-06-02T09:22:55.321" intervalms="377.057" />
<gc-start id="2759" type="scavenge" contextid="2758" timestamp="2023-06-02T09:22:55.325">
  <mem-info id="2760" free="50574232" total="1073741824" percent="4">
    <mem type="nursery" free="0" total="268435456" percent="0">
      <mem type="allocate" free="0" total="241565696" percent="0" />
      <mem type="survivor" free="0" total="26869760" percent="0" />
    </mem>
    <mem type="tenure" free="50574232" total="805306368" percent="6">
      <mem type="soa" free="14502816" total="765040640" percent="1" />
      <mem type="loa" free="36071416" total="40265728" percent="89" />
    </mem>
    <remembered-set count="4442" />
  </mem-info>
</gc-start>
<allocation-stats totalBytes="234179064" >
  <allocated-bytes non-tlh="148448" tlh="234030616" />
  <largest-consumer threadName="[SQL@09:22:55.319], select distinct t3.ITEM_ID, t3.IDENTIFIER, t3.NAME, t3.REQUIRED, t3.EXTERNAL_URI from &#xA;(select t1q.*, T..." threadId="000000000AB9D100" bytes="230131944" />
</allocation-stats>
<gc-op id="2761" type="scavenge" timems="2.709" contextid="2758" timestamp="2023-06-02T09:22:55.327">
  <scavenger-info tenureage="14" tenuremask="4000" tiltratio="89" />
  <memory-copied type="nursery" objects="85808" bytes="6273136" bytesdiscarded="208680" />
  <finalization candidates="500" enqueued="247" />
  <ownableSynchronizers candidates="54765" cleared="54434" />
  <references type="soft" candidates="264" cleared="0" enqueued="0" dynamicThreshold="2" maxThreshold="32" />
  <references type="weak" candidates="16" cleared="10" enqueued="2" />
</gc-op>
<gc-end id="2762" type="scavenge" contextid="2758" durationms="3.086" usertimems="0.000" systemtimems="0.000" timestamp="2023-06-02T09:22:55.328" activeThreads="16">
  <mem-info id="2763" free="285655808" total="1073741824" percent="26">
    <mem type="nursery" free="235081576" total="268435456" percent="87">
      <mem type="allocate" free="235081576" total="241565696" percent="97" />
      <mem type="survivor" free="0" total="26869760" percent="0" />
    </mem>
    <mem type="tenure" free="50574232" total="805306368" percent="6" macro-fragmented="0">
      <mem type="soa" free="14502816" total="765040640" percent="1" />
      <mem type="loa" free="36071416" total="40265728" percent="89" />
    </mem>
    <pending-finalizers system="112" default="135" reference="2" classloader="0" />
    <remembered-set count="3699" />
  </mem-info>
</gc-end>
<cycle-end id="2764" type="scavenge" contextid="2758" timestamp="2023-06-02T09:22:55.329" />
<allocation-satisfied id="2765" threadId="000000000AB9D100" bytesRequested="584" />
<af-end id="2766" timestamp="2023-06-02T09:22:55.330" threadId="000000000AB9DA80" success="true" from="nursery"/>
<exclusive-end id="2767" timestamp="2023-06-02T09:22:55.330" durationms="8.853" />

<exclusive-start id="2768" timestamp="2023-06-02T09:22:56.095" intervalms="773.689">
  <response-info timems="0.126" idlems="0.126" threads="0" lastid="000000000AB9D100" lastname="[SQL@09:22:56.093], select distinct t2.OWNER_ITEM_ID, t3.USER_I" />
</exclusive-start>
<af-start id="2769" threadId="000000000AB9DA80" totalBytesRequested="56" timestamp="2023-06-02T09:22:56.095" intervalms="773.921" type="nursery" />
<cycle-start id="2770" type="scavenge" contextid="0" timestamp="2023-06-02T09:22:56.095" intervalms="773.956" />
<gc-start id="2771" type="scavenge" contextid="2770" timestamp="2023-06-02T09:22:56.097">
  <mem-info id="2772" free="50574232" total="1073741824" percent="4">
    <mem type="nursery" free="0" total="268435456" percent="0">
      <mem type="allocate" free="0" total="241565696" percent="0" />
      <mem type="survivor" free="0" total="26869760" percent="0" />
    </mem>
    <mem type="tenure" free="50574232" total="805306368" percent="6">
      <mem type="soa" free="14502816" total="765040640" percent="1" />
      <mem type="loa" free="36071416" total="40265728" percent="89" />
    </mem>
    <remembered-set count="4639" />
  </mem-info>
</gc-start>
<allocation-stats totalBytes="234966872" >
  <allocated-bytes non-tlh="66136" tlh="234900736" />
  <largest-consumer threadName="[SQL@09:22:56.093], select distinct t2.OWNER_ITEM_ID, t3.USER_ID, t3.NAME from &#xA;(select t1q.*, T1V.ITEM_TYPE_DBID from PLAN..." threadId="000000000AB9D100" bytes="228924008" />
</allocation-stats>
<gc-op id="2773" type="scavenge" timems="9.738" contextid="2770" timestamp="2023-06-02T09:22:56.108">
  <scavenger-info tenureage="5" tenuremask="4020" tiltratio="89" />
  <memory-copied type="nursery" objects="102923" bytes="7044408" bytesdiscarded="486944" />
  <memory-copied type="tenure" objects="11375" bytes="1092472" bytesdiscarded="26888" />
  <finalization candidates="4204" enqueued="3951" />
  <ownableSynchronizers candidates="52860" cleared="52514" />
  <references type="soft" candidates="120" cleared="0" enqueued="0" dynamicThreshold="2" maxThreshold="32" />
  <references type="weak" candidates="15" cleared="14" enqueued="2" />
</gc-op>
<gc-end id="2774" type="scavenge" contextid="2770" durationms="10.064" usertimems="0.000" systemtimems="0.000" timestamp="2023-06-02T09:22:56.108" activeThreads="16">
  <mem-info id="2775" free="283499376" total="1073741824" percent="26">
    <mem type="nursery" free="234033248" total="268435456" percent="87">
      <mem type="allocate" free="234033248" total="241565696" percent="96" />
      <mem type="survivor" free="0" total="26869760" percent="0" />
    </mem>
    <mem type="tenure" free="49466128" total="805306368" percent="6" macro-fragmented="0">
      <mem type="soa" free="13394712" total="765040640" percent="1" />
      <mem type="loa" free="36071416" total="40265728" percent="89" />
    </mem>
    <pending-finalizers system="3817" default="134" reference="2" classloader="0" />
    <remembered-set count="2780" />
  </mem-info>
</gc-end>
<cycle-end id="2776" type="scavenge" contextid="2770" timestamp="2023-06-02T09:22:56.110" />
<allocation-satisfied id="2777" threadId="000000000AB9D100" bytesRequested="56" />
<af-end id="2778" timestamp="2023-06-02T09:22:56.110" threadId="000000000AB9DA80" success="true" from="nursery"/>
<exclusive-end id="2779" timestamp="2023-06-02T09:22:56.110" durationms="14.667" />

<exclusive-start id="2780" timestamp="2023-06-02T09:22:56.862" intervalms="766.713">
  <response-info timems="0.072" idlems="0.072" threads="0" lastid="000000000AB9D100" lastname="[SQL@09:22:56.860], select distinct t2.ORIGINATOR_ITEM_ID, t3.U" />
</exclusive-start>
<af-start id="2781" threadId="000000000AB9DA80" totalBytesRequested="16" timestamp="2023-06-02T09:22:56.862" intervalms="766.480" type="nursery" />
<cycle-start id="2782" type="scavenge" contextid="0" timestamp="2023-06-02T09:22:56.862" intervalms="766.441" />
<gc-start id="2783" type="scavenge" contextid="2782" timestamp="2023-06-02T09:22:56.863">
  <mem-info id="2784" free="49466128" total="1073741824" percent="4">
    <mem type="nursery" free="0" total="268435456" percent="0">
      <mem type="allocate" free="0" total="241565696" percent="0" />
      <mem type="survivor" free="0" total="26869760" percent="0" />
    </mem>
    <mem type="tenure" free="49466128" total="805306368" percent="6">
      <mem type="soa" free="13394712" total="765040640" percent="1" />
      <mem type="loa" free="36071416" total="40265728" percent="89" />
    </mem>
    <remembered-set count="3587" />
  </mem-info>
</gc-start>
<allocation-stats totalBytes="233944112" >
  <allocated-bytes non-tlh="148464" tlh="233795648" />
  <largest-consumer threadName="[SQL@09:22:56.860], select distinct t2.ORIGINATOR_ITEM_ID, t3.USER_ID, t3.NAME from &#xA;(select t1q.*, T1V.ITEM_TYPE_DBID from..." threadId="000000000AB9D100" bytes="229386600" />
</allocation-stats>
<gc-op id="2785" type="scavenge" timems="5.397" contextid="2782" timestamp="2023-06-02T09:22:56.869">
  <scavenger-info tenureage="5" tenuremask="4020" tiltratio="89" />
  <memory-copied type="nursery" objects="111591" bytes="7246192" bytesdiscarded="191496" />
  <memory-copied type="tenure" objects="6684" bytes="954544" bytesdiscarded="38312" />
  <finalization candidates="4186" enqueued="3951" />
  <ownableSynchronizers candidates="52693" cleared="52543" />
  <references type="soft" candidates="11" cleared="0" enqueued="0" dynamicThreshold="2" maxThreshold="32" />
  <references type="weak" candidates="12" cleared="11" enqueued="2" />
</gc-op>
<gc-end id="2786" type="scavenge" contextid="2782" durationms="5.725" usertimems="0.000" systemtimems="0.000" timestamp="2023-06-02T09:22:56.869" activeThreads="16">
  <mem-info id="2787" free="282574336" total="1073741824" percent="26">
    <mem type="nursery" free="234127224" total="268435456" percent="87">
      <mem type="allocate" free="234127224" total="241565696" percent="96" />
      <mem type="survivor" free="0" total="26869760" percent="0" />
    </mem>
    <mem type="tenure" free="48447112" total="805306368" percent="6" macro-fragmented="290741">
      <mem type="soa" free="12375696" total="765040640" percent="1" />
      <mem type="loa" free="36071416" total="40265728" percent="89" />
    </mem>
    <pending-finalizers system="3816" default="135" reference="2" classloader="0" />
    <remembered-set count="2310" />
  </mem-info>
</gc-end>
<cycle-end id="2788" type="scavenge" contextid="2782" timestamp="2023-06-02T09:22:56.872" />
<allocation-satisfied id="2789" threadId="000000000AB9D100" bytesRequested="16" />
<af-end id="2790" timestamp="2023-06-02T09:22:56.872" threadId="000000000AB9DA80" success="true" from="nursery"/>
<exclusive-end id="2791" timestamp="2023-06-02T09:22:56.872" durationms="10.344" />

<exclusive-start id="2792" timestamp="2023-06-02T09:22:57.307" intervalms="445.922">
  <response-info timems="0.097" idlems="0.097" threads="0" lastid="000000000AB9D100" lastname="[SQL@09:22:57.302], select distinct t3.ITEM_ID, t3.NAME, t4.NAM" />
</exclusive-start>
<af-start id="2793" threadId="000000000AB9DA80" totalBytesRequested="40" timestamp="2023-06-02T09:22:57.307" intervalms="445.903" type="nursery" />
<cycle-start id="2794" type="scavenge" contextid="0" timestamp="2023-06-02T09:22:57.307" intervalms="445.912" />
<gc-start id="2795" type="scavenge" contextid="2794" timestamp="2023-06-02T09:22:57.312">
  <mem-info id="2796" free="48447112" total="1073741824" percent="4">
    <mem type="nursery" free="0" total="268435456" percent="0">
      <mem type="allocate" free="0" total="241565696" percent="0" />
      <mem type="survivor" free="0" total="26869760" percent="0" />
    </mem>
    <mem type="tenure" free="48447112" total="805306368" percent="6">
      <mem type="soa" free="12375696" total="765040640" percent="1" />
      <mem type="loa" free="36071416" total="40265728" percent="89" />
    </mem>
    <remembered-set count="3130" />
  </mem-info>
</gc-start>
<allocation-stats totalBytes="234027896" >
  <allocated-bytes non-tlh="367016" tlh="233660880" />
  <largest-consumer threadName="[SQL@09:22:57.302], select distinct t3.ITEM_ID, t3.NAME, t4.NAME, t3.CATEGORY_TYPE_ITEM_ID, t3.ARCHIVED, t4.ARCHIVED, t3.EXTERN..." threadId="000000000AB9D100" bytes="226269200" />
</allocation-stats>
<gc-op id="2797" type="scavenge" timems="2.880" contextid="2794" timestamp="2023-06-02T09:22:57.315">
  <scavenger-info tenureage="14" tenuremask="4000" tiltratio="89" />
  <memory-copied type="nursery" objects="136061" bytes="8470848" bytesdiscarded="165256" />
  <finalization candidates="1414" enqueued="1180" />
  <ownableSynchronizers candidates="53285" cleared="53195" />
  <references type="soft" candidates="11" cleared="0" enqueued="0" dynamicThreshold="2" maxThreshold="32" />
  <references type="weak" candidates="12" cleared="11" enqueued="2" />
</gc-op>
<gc-end id="2798" type="scavenge" contextid="2794" durationms="3.203" usertimems="0.000" systemtimems="0.000" timestamp="2023-06-02T09:22:57.316" activeThreads="16">
  <mem-info id="2799" free="281376040" total="1073741824" percent="26">
    <mem type="nursery" free="232928928" total="268435456" percent="86">
      <mem type="allocate" free="232928928" total="241565696" percent="96" />
      <mem type="survivor" free="0" total="26869760" percent="0" />
    </mem>
    <mem type="tenure" free="48447112" total="805306368" percent="6" macro-fragmented="116842">
      <mem type="soa" free="12375696" total="765040640" percent="1" />
      <mem type="loa" free="36071416" total="40265728" percent="89" />
    </mem>
    <pending-finalizers system="1039" default="141" reference="2" classloader="0" />
    <remembered-set count="2340" />
  </mem-info>
</gc-end>
<cycle-end id="2800" type="scavenge" contextid="2794" timestamp="2023-06-02T09:22:57.318" />
<allocation-satisfied id="2801" threadId="000000000AB9D100" bytesRequested="40" />
<af-end id="2802" timestamp="2023-06-02T09:22:57.318" threadId="000000000AB9DA80" success="true" from="nursery"/>
<exclusive-end id="2803" timestamp="2023-06-02T09:22:57.318" durationms="10.322" />

<exclusive-start id="2804" timestamp="2023-06-02T09:22:57.920" intervalms="611.847">
  <response-info timems="0.127" idlems="0.127" threads="0" lastid="000000000AB9D100" lastname="[SQL@09:22:57.917], select distinct t3.ITEM_ID, t3.NAME, t4.NAM" />
</exclusive-start>
<af-start id="2805" threadId="000000000AB9DA80" totalBytesRequested="56" timestamp="2023-06-02T09:22:57.920" intervalms="611.914" type="nursery" />
<cycle-start id="2806" type="scavenge" contextid="0" timestamp="2023-06-02T09:22:57.920" intervalms="611.999" />
<gc-start id="2807" type="scavenge" contextid="2806" timestamp="2023-06-02T09:22:57.924">
  <mem-info id="2808" free="48447112" total="1073741824" percent="4">
    <mem type="nursery" free="0" total="268435456" percent="0">
      <mem type="allocate" free="0" total="241565696" percent="0" />
      <mem type="survivor" free="0" total="26869760" percent="0" />
    </mem>
    <mem type="tenure" free="48447112" total="805306368" percent="6">
      <mem type="soa" free="12375696" total="765040640" percent="1" />
      <mem type="loa" free="36071416" total="40265728" percent="89" />
    </mem>
    <remembered-set count="3112" />
  </mem-info>
</gc-start>
<allocation-stats totalBytes="232846760" >
  <allocated-bytes non-tlh="40" tlh="232846720" />
  <largest-consumer threadName="[SQL@09:22:57.917], select distinct t3.ITEM_ID, t3.NAME, t4.NAME, t3.CATEGORY_TYPE_ITEM_ID, t3.ARCHIVED, t4.ARCHIVED, t3.EXTERN..." threadId="000000000AB9D100" bytes="229969208" />
</allocation-stats>
<gc-op id="2809" type="scavenge" timems="4.104" contextid="2806" timestamp="2023-06-02T09:22:57.928">
  <scavenger-info tenureage="6" tenuremask="4040" tiltratio="89" />
  <memory-copied type="nursery" objects="130872" bytes="8315480" bytesdiscarded="383984" />
  <memory-copied type="tenure" objects="4661" bytes="848224" bytesdiscarded="37496" />
  <finalization candidates="2304" enqueued="2070" />
  <ownableSynchronizers candidates="53637" cleared="53544" />
  <references type="soft" candidates="8" cleared="0" enqueued="0" dynamicThreshold="2" maxThreshold="32" />
  <references type="weak" candidates="11" cleared="10" enqueued="2" />
</gc-op>
<gc-end id="2810" type="scavenge" contextid="2806" durationms="4.520" usertimems="0.000" systemtimems="0.000" timestamp="2023-06-02T09:22:57.929" activeThreads="16">
  <mem-info id="2811" free="280469840" total="1073741824" percent="26">
    <mem type="nursery" free="232865544" total="268435456" percent="86">
      <mem type="allocate" free="232865544" total="241565696" percent="96" />
      <mem type="survivor" free="0" total="26869760" percent="0" />
    </mem>
    <mem type="tenure" free="47604296" total="805306368" percent="5" macro-fragmented="98328">
      <mem type="soa" free="11532880" total="765040640" percent="1" />
      <mem type="loa" free="36071416" total="40265728" percent="89" />
    </mem>
    <pending-finalizers system="1964" default="106" reference="2" classloader="0" />
    <remembered-set count="2324" />
  </mem-info>
</gc-end>
<cycle-end id="2812" type="scavenge" contextid="2806" timestamp="2023-06-02T09:22:57.930" />
<allocation-satisfied id="2813" threadId="000000000AB9D100" bytesRequested="56" />
<af-end id="2814" timestamp="2023-06-02T09:22:57.930" threadId="000000000AB9DA80" success="true" from="nursery"/>
<exclusive-end id="2815" timestamp="2023-06-02T09:22:57.930" durationms="10.803" />

<exclusive-start id="2816" timestamp="2023-06-02T09:22:58.632" intervalms="712.900">
  <response-info timems="0.124" idlems="0.124" threads="0" lastid="000000000AB9D100" lastname="[SQL@09:22:58.630], select distinct t1.ITEM_ID, t1.STATE_ID fro" />
</exclusive-start>
<af-start id="2817" threadId="000000000AB9DA80" totalBytesRequested="24" timestamp="2023-06-02T09:22:58.632" intervalms="712.860" type="nursery" />
<cycle-start id="2818" type="scavenge" contextid="0" timestamp="2023-06-02T09:22:58.632" intervalms="712.780" />
<gc-start id="2819" type="scavenge" contextid="2818" timestamp="2023-06-02T09:22:58.636">
  <mem-info id="2820" free="47604296" total="1073741824" percent="4">
    <mem type="nursery" free="0" total="268435456" percent="0">
      <mem type="allocate" free="0" total="241565696" percent="0" />
      <mem type="survivor" free="0" total="26869760" percent="0" />
    </mem>
    <mem type="tenure" free="47604296" total="805306368" percent="5">
      <mem type="soa" free="11532880" total="765040640" percent="1" />
      <mem type="loa" free="36071416" total="40265728" percent="89" />
    </mem>
    <remembered-set count="3174" />
  </mem-info>
</gc-start>
<allocation-stats totalBytes="232735568" >
  <allocated-bytes non-tlh="148464" tlh="232587104" />
  <largest-consumer threadName="[SQL@09:22:58.630], select distinct t1.ITEM_ID, t1.STATE_ID from &#xA;(select t1q.*, T1V.ITEM_TYPE_DBID from LINKS.AUDITABLE_LI..." threadId="000000000AB9D100" bytes="227832616" />
</allocation-stats>
<gc-op id="2821" type="scavenge" timems="2.696" contextid="2818" timestamp="2023-06-02T09:22:58.638">
  <scavenger-info tenureage="5" tenuremask="4020" tiltratio="89" />
  <memory-copied type="nursery" objects="48270" bytes="5759008" bytesdiscarded="523984" />
  <memory-copied type="tenure" objects="4582" bytes="793680" bytesdiscarded="31968" />
  <finalization candidates="2797" enqueued="2563" />
  <ownableSynchronizers candidates="52032" cleared="51936" />
  <references type="soft" candidates="7" cleared="0" enqueued="0" dynamicThreshold="2" maxThreshold="32" />
  <references type="weak" candidates="18" cleared="17" enqueued="2" />
</gc-op>
<gc-end id="2822" type="scavenge" contextid="2818" durationms="3.115" usertimems="0.000" systemtimems="15.625" timestamp="2023-06-02T09:22:58.639" activeThreads="16">
  <mem-info id="2823" free="282126448" total="1073741824" percent="26">
    <mem type="nursery" free="235281904" total="268435456" percent="87">
      <mem type="allocate" free="235281904" total="241565696" percent="97" />
      <mem type="survivor" free="0" total="26869760" percent="0" />
    </mem>
    <mem type="tenure" free="46844544" total="805306368" percent="5" macro-fragmented="0">
      <mem type="soa" free="10773128" total="765040640" percent="1" />
      <mem type="loa" free="36071416" total="40265728" percent="89" />
    </mem>
    <pending-finalizers system="2410" default="153" reference="2" classloader="0" />
    <remembered-set count="2518" />
  </mem-info>
</gc-end>
<cycle-end id="2824" type="scavenge" contextid="2818" timestamp="2023-06-02T09:22:58.641" />
<allocation-satisfied id="2825" threadId="000000000AB9D100" bytesRequested="24" />
<af-end id="2826" timestamp="2023-06-02T09:22:58.641" threadId="000000000AB9DA80" success="true" from="nursery"/>
<exclusive-end id="2827" timestamp="2023-06-02T09:22:58.641" durationms="8.704" />

<exclusive-start id="2828" timestamp="2023-06-02T09:22:59.189" intervalms="557.092">
  <response-info timems="0.098" idlems="0.098" threads="0" lastid="000000000AB9D100" lastname="[SQL@09:22:59.186], select distinct t3.EXECUTION_VARIABLE_VALUE" />
</exclusive-start>
<af-start id="2829" threadId="000000000AB9DA80" totalBytesRequested="40" timestamp="2023-06-02T09:22:59.190" intervalms="557.107" type="nursery" />
<cycle-start id="2830" type="scavenge" contextid="0" timestamp="2023-06-02T09:22:59.190" intervalms="557.298" />
<gc-start id="2831" type="scavenge" contextid="2830" timestamp="2023-06-02T09:22:59.195">
  <mem-info id="2832" free="46844544" total="1073741824" percent="4">
    <mem type="nursery" free="0" total="268435456" percent="0">
      <mem type="allocate" free="0" total="241565696" percent="0" />
      <mem type="survivor" free="0" total="26869760" percent="0" />
    </mem>
    <mem type="tenure" free="46844544" total="805306368" percent="5">
      <mem type="soa" free="10773128" total="765040640" percent="1" />
      <mem type="loa" free="36071416" total="40265728" percent="89" />
    </mem>
    <remembered-set count="3318" />
  </mem-info>
</gc-start>
<allocation-stats totalBytes="235175528" >
  <allocated-bytes non-tlh="148432" tlh="235027096" />
  <largest-consumer threadName="[SQL@09:22:59.186], select distinct t3.EXECUTION_VARIABLE_VALUE_ITM_D, t4.NAME, t4.ARCHIVED, t4.EXTERNAL_ID, t4.EXECUTION_VARIA..." threadId="000000000AB9D100" bytes="231147840" />
</allocation-stats>
<gc-op id="2833" type="scavenge" timems="3.729" contextid="2830" timestamp="2023-06-02T09:22:59.199">
  <scavenger-info tenureage="5" tenuremask="40a0" tiltratio="89" />
  <memory-copied type="nursery" objects="105159" bytes="6627168" bytesdiscarded="190120" />
  <memory-copied type="tenure" objects="9938" bytes="1704400" bytesdiscarded="39688" />
  <finalization candidates="946" enqueued="712" />
  <ownableSynchronizers candidates="53394" cleared="53298" />
  <references type="soft" candidates="2" cleared="0" enqueued="0" dynamicThreshold="2" maxThreshold="32" />
  <references type="weak" candidates="19" cleared="18" enqueued="2" />
</gc-op>
<gc-end id="2834" type="scavenge" contextid="2830" durationms="4.174" usertimems="0.000" systemtimems="0.000" timestamp="2023-06-02T09:22:59.199" activeThreads="16">
  <mem-info id="2835" free="279836632" total="1073741824" percent="26">
    <mem type="nursery" free="234747816" total="268435456" percent="87">
      <mem type="allocate" free="234747816" total="241565696" percent="97" />
      <mem type="survivor" free="0" total="26869760" percent="0" />
    </mem>
    <mem type="tenure" free="45088816" total="805306368" percent="5" macro-fragmented="22644">
      <mem type="soa" free="9017400" total="765040640" percent="1" />
      <mem type="loa" free="36071416" total="40265728" percent="89" />
    </mem>
    <pending-finalizers system="574" default="138" reference="2" classloader="0" />
    <remembered-set count="2154" />
  </mem-info>
</gc-end>
<cycle-end id="2836" type="scavenge" contextid="2830" timestamp="2023-06-02T09:22:59.202" />
<allocation-satisfied id="2837" threadId="000000000AB9D100" bytesRequested="40" />
<af-end id="2838" timestamp="2023-06-02T09:22:59.202" threadId="000000000AB9DA80" success="true" from="nursery"/>
<exclusive-end id="2839" timestamp="2023-06-02T09:22:59.202" durationms="12.616" />

<exclusive-start id="2840" timestamp="2023-06-02T09:22:59.987" intervalms="798.007">
  <response-info timems="0.132" idlems="0.132" threads="0" lastid="000000000AB9D100" lastname="[SQL@09:22:59.984], select distinct t3.ITEM_ID, t3.IDENTIFIER, " />
</exclusive-start>
<af-start id="2841" threadId="000000000AB9DA80" totalBytesRequested="16" timestamp="2023-06-02T09:22:59.988" intervalms="798.148" type="nursery" />
<cycle-start id="2842" type="scavenge" contextid="0" timestamp="2023-06-02T09:22:59.988" intervalms="798.045" />
<gc-start id="2843" type="scavenge" contextid="2842" timestamp="2023-06-02T09:22:59.996">
  <mem-info id="2844" free="45088816" total="1073741824" percent="4">
    <mem type="nursery" free="0" total="268435456" percent="0">
      <mem type="allocate" free="0" total="241565696" percent="0" />
      <mem type="survivor" free="0" total="26869760" percent="0" />
    </mem>
    <mem type="tenure" free="45088816" total="805306368" percent="5">
      <mem type="soa" free="9017400" total="765040640" percent="1" />
      <mem type="loa" free="36071416" total="40265728" percent="89" />
    </mem>
    <remembered-set count="3136" />
  </mem-info>
</gc-start>
<allocation-stats totalBytes="234648888" >
  <allocated-bytes non-tlh="32816" tlh="234616072" />
  <largest-consumer threadName="[SQL@09:22:59.984], select distinct t3.ITEM_ID, t3.IDENTIFIER, t3.NAME, t3.REQUIRED, t3.EXTERNAL_URI from &#xA;(select t1q.*, T..." threadId="000000000AB9D100" bytes="228485992" />
</allocation-stats>
<gc-op id="2845" type="scavenge" timems="3.056" contextid="2842" timestamp="2023-06-02T09:22:59.999">
  <scavenger-info tenureage="14" tenuremask="4000" tiltratio="89" />
  <memory-copied type="nursery" objects="141675" bytes="8626936" bytesdiscarded="483016" />
  <finalization candidates="4185" enqueued="3951" />
  <ownableSynchronizers candidates="52632" cleared="52579" />
  <references type="soft" candidates="6" cleared="0" enqueued="0" dynamicThreshold="2" maxThreshold="32" />
  <references type="weak" candidates="22" cleared="21" enqueued="2" />
</gc-op>
<gc-end id="2846" type="scavenge" contextid="2842" durationms="3.529" usertimems="31.250" systemtimems="0.000" timestamp="2023-06-02T09:23:00.000" activeThreads="16">
  <mem-info id="2847" free="277543776" total="1073741824" percent="25">
    <mem type="nursery" free="232454960" total="268435456" percent="86">
      <mem type="allocate" free="232454960" total="241565696" percent="96" />
      <mem type="survivor" free="0" total="26869760" percent="0" />
    </mem>
    <mem type="tenure" free="45088816" total="805306368" percent="5" macro-fragmented="41040">
      <mem type="soa" free="9017400" total="765040640" percent="1" />
      <mem type="loa" free="36071416" total="40265728" percent="89" />
    </mem>
    <pending-finalizers system="3817" default="134" reference="2" classloader="0" />
    <remembered-set count="2226" />
  </mem-info>
</gc-end>
<cycle-end id="2848" type="scavenge" contextid="2842" timestamp="2023-06-02T09:23:00.002" />
<allocation-satisfied id="2849" threadId="000000000AB9D100" bytesRequested="16" />
<af-end id="2850" timestamp="2023-06-02T09:23:00.002" threadId="000000000AB9DA80" success="true" from="nursery"/>
<exclusive-end id="2851" timestamp="2023-06-02T09:23:00.002" durationms="15.326" />

<exclusive-start id="2852" timestamp="2023-06-02T09:23:00.578" intervalms="591.173">
  <response-info timems="0.116" idlems="0.116" threads="0" lastid="000000000AB9D100" lastname="[SQL@09:23:00.574], select distinct t2.OWNER_ITEM_ID, t3.USER_I" />
</exclusive-start>
<af-start id="2853" threadId="000000000AB9DA80" totalBytesRequested="56" timestamp="2023-06-02T09:23:00.578" intervalms="591.008" type="nursery" />
<cycle-start id="2854" type="scavenge" contextid="0" timestamp="2023-06-02T09:23:00.578" intervalms="590.911" />
<gc-start id="2855" type="scavenge" contextid="2854" timestamp="2023-06-02T09:23:00.585">
  <mem-info id="2856" free="45088816" total="1073741824" percent="4">
    <mem type="nursery" free="0" total="268435456" percent="0">
      <mem type="allocate" free="0" total="241565696" percent="0" />
      <mem type="survivor" free="0" total="26869760" percent="0" />
    </mem>
    <mem type="tenure" free="45088816" total="805306368" percent="5">
      <mem type="soa" free="9017400" total="765040640" percent="1" />
      <mem type="loa" free="36071416" total="40265728" percent="89" />
    </mem>
    <remembered-set count="3020" />
  </mem-info>
</gc-start>
<allocation-stats totalBytes="232310296" >
  <allocated-bytes non-tlh="148424" tlh="232161872" />
  <largest-consumer threadName="[SQL@09:23:00.574], select distinct t2.OWNER_ITEM_ID, t3.USER_ID, t3.NAME from &#xA;(select t1q.*, T1V.ITEM_TYPE_DBID from PLAN..." threadId="000000000AB9D100" bytes="229900024" />
</allocation-stats>
<gc-op id="2857" type="scavenge" timems="3.781" contextid="2854" timestamp="2023-06-02T09:23:00.589">
  <scavenger-info tenureage="6" tenuremask="4040" tiltratio="89" />
  <memory-copied type="nursery" objects="162625" bytes="9112808" bytesdiscarded="206936" />
  <memory-copied type="tenure" objects="4779" bytes="835832" bytesdiscarded="36888" />
  <finalization candidates="1396" enqueued="1162" />
  <ownableSynchronizers candidates="53422" cleared="53366" />
  <references type="soft" candidates="6" cleared="0" enqueued="0" dynamicThreshold="2" maxThreshold="32" />
  <references type="weak" candidates="19" cleared="18" enqueued="2" />
</gc-op>
<gc-end id="2858" type="scavenge" contextid="2854" durationms="4.132" usertimems="0.000" systemtimems="0.000" timestamp="2023-06-02T09:23:00.589" activeThreads="16">
  <mem-info id="2859" free="276376384" total="1073741824" percent="25">
    <mem type="nursery" free="232245344" total="268435456" percent="86">
      <mem type="allocate" free="232245344" total="241565696" percent="96" />
      <mem type="survivor" free="0" total="26869760" percent="0" />
    </mem>
    <mem type="tenure" free="44131040" total="805306368" percent="5" macro-fragmented="0">
      <mem type="soa" free="8059624" total="765040640" percent="1" />
      <mem type="loa" free="36071416" total="40265728" percent="89" />
    </mem>
    <pending-finalizers system="1036" default="126" reference="2" classloader="0" />
    <remembered-set count="2204" />
  </mem-info>
</gc-end>
<cycle-end id="2860" type="scavenge" contextid="2854" timestamp="2023-06-02T09:23:00.591" />
<allocation-satisfied id="2861" threadId="000000000AB9D100" bytesRequested="56" />
<af-end id="2862" timestamp="2023-06-02T09:23:00.591" threadId="000000000AB9DA80" success="true" from="nursery"/>
<exclusive-end id="2863" timestamp="2023-06-02T09:23:00.591" durationms="12.569" />

<exclusive-start id="2864" timestamp="2023-06-02T09:23:01.281" intervalms="702.925">
  <response-info timems="0.160" idlems="0.160" threads="0" lastid="0000000008795700" lastname="gc: AsynchronousTaskRunner-4" />
</exclusive-start>
<af-start id="2865" threadId="0000000008796080" totalBytesRequested="16" timestamp="2023-06-02T09:23:01.281" intervalms="702.946" type="nursery" />
<cycle-start id="2866" type="scavenge" contextid="0" timestamp="2023-06-02T09:23:01.281" intervalms="702.941" />
<gc-start id="2867" type="scavenge" contextid="2866" timestamp="2023-06-02T09:23:01.286">
  <mem-info id="2868" free="44131040" total="1073741824" percent="4">
    <mem type="nursery" free="0" total="268435456" percent="0">
      <mem type="allocate" free="0" total="241565696" percent="0" />
      <mem type="survivor" free="0" total="26869760" percent="0" />
    </mem>
    <mem type="tenure" free="44131040" total="805306368" percent="5">
      <mem type="soa" free="8059624" total="765040640" percent="1" />
      <mem type="loa" free="36071416" total="40265728" percent="89" />
    </mem>
    <remembered-set count="3307" />
  </mem-info>
</gc-start>
<allocation-stats totalBytes="232132104" >
  <allocated-bytes non-tlh="199272" tlh="231932832" />
  <largest-consumer threadName="qm: AsynchronousTaskRunner-4 @@ 09:22" threadId="000000000AB9D100" bytes="225915504" />
</allocation-stats>
<gc-op id="2869" type="scavenge" timems="3.066" contextid="2866" timestamp="2023-06-02T09:23:01.289">
  <scavenger-info tenureage="6" tenuremask="4040" tiltratio="89" />
  <memory-copied type="nursery" objects="46469" bytes="5700056" bytesdiscarded="228896" />
  <memory-copied type="tenure" objects="4718" bytes="803920" bytesdiscarded="15656" />
  <finalization candidates="2360" enqueued="2122" />
  <ownableSynchronizers candidates="52344" cleared="52293" />
  <references type="soft" candidates="14" cleared="0" enqueued="0" dynamicThreshold="2" maxThreshold="32" />
  <references type="weak" candidates="22" cleared="22" enqueued="6" />
</gc-op>
<gc-end id="2870" type="scavenge" contextid="2866" durationms="3.451" usertimems="0.000" systemtimems="0.000" timestamp="2023-06-02T09:23:01.289" activeThreads="16">
  <mem-info id="2871" free="278883328" total="1073741824" percent="25">
    <mem type="nursery" free="235635752" total="268435456" percent="87">
      <mem type="allocate" free="235635752" total="241565696" percent="97" />
      <mem type="survivor" free="0" total="26869760" percent="0" />
    </mem>
    <mem type="tenure" free="43247576" total="805306368" percent="5" macro-fragmented="0">
      <mem type="soa" free="7176160" total="765040640" percent="0" />
      <mem type="loa" free="36071416" total="40265728" percent="89" />
    </mem>
    <pending-finalizers system="1966" default="156" reference="6" classloader="0" />
    <remembered-set count="2346" />
  </mem-info>
</gc-end>
<cycle-end id="2872" type="scavenge" contextid="2866" timestamp="2023-06-02T09:23:01.292" />
<allocation-satisfied id="2873" threadId="0000000008795700" bytesRequested="16" />
<af-end id="2874" timestamp="2023-06-02T09:23:01.292" threadId="0000000008796080" success="true" from="nursery"/>
<exclusive-end id="2875" timestamp="2023-06-02T09:23:01.292" durationms="10.656" />

<exclusive-start id="2876" timestamp="2023-06-02T09:23:01.975" intervalms="694.197">
  <response-info timems="0.103" idlems="0.103" threads="0" lastid="000000000AB9D100" lastname="[SQL@09:23:01.975], select distinct t3.ITEM_ID, t3.NAME, t4.NAM" />
</exclusive-start>
<af-start id="2877" threadId="000000000AB9DA80" totalBytesRequested="40" timestamp="2023-06-02T09:23:01.976" intervalms="694.242" type="nursery" />
<cycle-start id="2878" type="scavenge" contextid="0" timestamp="2023-06-02T09:23:01.976" intervalms="694.443" />
<gc-start id="2879" type="scavenge" contextid="2878" timestamp="2023-06-02T09:23:01.984">
  <mem-info id="2880" free="43247576" total="1073741824" percent="4">
    <mem type="nursery" free="0" total="268435456" percent="0">
      <mem type="allocate" free="0" total="241565696" percent="0" />
      <mem type="survivor" free="0" total="26869760" percent="0" />
    </mem>
    <mem type="tenure" free="43247576" total="805306368" percent="5">
      <mem type="soa" free="7176160" total="765040640" percent="0" />
      <mem type="loa" free="36071416" total="40265728" percent="89" />
    </mem>
    <remembered-set count="3212" />
  </mem-info>
</gc-start>
<allocation-stats totalBytes="235534288" >
  <allocated-bytes non-tlh="16" tlh="235534272" />
  <largest-consumer threadName="[SQL@09:23:01.975], select distinct t3.ITEM_ID, t3.NAME, t4.NAME, t3.CATEGORY_TYPE_ITEM_ID, t3.ARCHIVED, t4.ARCHIVED, t3.EXTERN..." threadId="000000000AB9D100" bytes="230250928" />
</allocation-stats>
<gc-op id="2881" type="scavenge" timems="5.821" contextid="2878" timestamp="2023-06-02T09:23:01.989">
  <scavenger-info tenureage="6" tenuremask="4040" tiltratio="89" />
  <memory-copied type="nursery" objects="65368" bytes="6314424" bytesdiscarded="306632" />
  <memory-copied type="tenure" objects="4567" bytes="795872" bytesdiscarded="11848" />
  <finalization candidates="3259" enqueued="3020" />
  <ownableSynchronizers candidates="53340" cleared="53279" />
  <references type="soft" candidates="13" cleared="0" enqueued="0" dynamicThreshold="2" maxThreshold="32" />
  <references type="weak" candidates="14" cleared="13" enqueued="2" />
</gc-op>
<gc-end id="2882" type="scavenge" contextid="2878" durationms="6.157" usertimems="15.625" systemtimems="0.000" timestamp="2023-06-02T09:23:01.989" activeThreads="16">
  <mem-info id="2883" free="277409936" total="1073741824" percent="25">
    <mem type="nursery" free="234943568" total="268435456" percent="87">
      <mem type="allocate" free="234943568" total="241565696" percent="97" />
      <mem type="survivor" free="0" total="26869760" percent="0" />
    </mem>
    <mem type="tenure" free="42466368" total="805306368" percent="5" macro-fragmented="0">
      <mem type="soa" free="6394952" total="765040640" percent="0" />
      <mem type="loa" free="36071416" total="40265728" percent="89" />
    </mem>
    <pending-finalizers system="2888" default="132" reference="2" classloader="0" />
    <remembered-set count="2367" />
  </mem-info>
</gc-end>
<cycle-end id="2884" type="scavenge" contextid="2878" timestamp="2023-06-02T09:23:01.992" />
<allocation-satisfied id="2885" threadId="000000000AB9D100" bytesRequested="40" />
<af-end id="2886" timestamp="2023-06-02T09:23:01.992" threadId="000000000AB9DA80" success="true" from="nursery"/>
<exclusive-end id="2887" timestamp="2023-06-02T09:23:01.992" durationms="16.361" />

<exclusive-start id="2888" timestamp="2023-06-02T09:23:02.358" intervalms="382.214">
  <response-info timems="0.131" idlems="0.131" threads="0" lastid="000000000AB9D100" lastname="[SQL@09:23:02.354], select distinct t2.ORIGINATOR_ITEM_ID, t3.U" />
</exclusive-start>
<af-start id="2889" threadId="000000000AB9DA80" totalBytesRequested="40" timestamp="2023-06-02T09:23:02.358" intervalms="382.194" type="nursery" />
<cycle-start id="2890" type="scavenge" contextid="0" timestamp="2023-06-02T09:23:02.358" intervalms="382.039" />
<gc-start id="2891" type="scavenge" contextid="2890" timestamp="2023-06-02T09:23:02.361">
  <mem-info id="2892" free="42466368" total="1073741824" percent="3">
    <mem type="nursery" free="0" total="268435456" percent="0">
      <mem type="allocate" free="0" total="241565696" percent="0" />
      <mem type="survivor" free="0" total="26869760" percent="0" />
    </mem>
    <mem type="tenure" free="42466368" total="805306368" percent="5">
      <mem type="soa" free="6394952" total="765040640" percent="0" />
      <mem type="loa" free="36071416" total="40265728" percent="89" />
    </mem>
    <remembered-set count="3141" />
  </mem-info>
</gc-start>
<allocation-stats totalBytes="234852816" >
  <allocated-bytes non-tlh="148448" tlh="234704368" />
  <largest-consumer threadName="[SQL@09:23:02.354], select distinct t2.ORIGINATOR_ITEM_ID, t3.USER_ID, t3.NAME from &#xA;(select t1q.*, T1V.ITEM_TYPE_DBID from..." threadId="000000000AB9D100" bytes="232890632" />
</allocation-stats>
<gc-op id="2893" type="scavenge" timems="3.307" contextid="2890" timestamp="2023-06-02T09:23:02.364">
  <scavenger-info tenureage="4" tenuremask="4050" tiltratio="89" />
  <memory-copied type="nursery" objects="103054" bytes="6679248" bytesdiscarded="310912" />
  <memory-copied type="tenure" objects="9326" bytes="1531056" bytesdiscarded="21008" />
  <finalization candidates="475" enqueued="236" />
  <ownableSynchronizers candidates="54596" cleared="54535" />
  <references type="soft" candidates="11" cleared="0" enqueued="0" dynamicThreshold="2" maxThreshold="32" />
  <references type="weak" candidates="12" cleared="11" enqueued="2" />
</gc-op>
<gc-end id="2894" type="scavenge" contextid="2890" durationms="3.708" usertimems="0.000" systemtimems="0.000" timestamp="2023-06-02T09:23:02.365" activeThreads="16">
  <mem-info id="2895" free="275489368" total="1073741824" percent="25">
    <mem type="nursery" free="234574680" total="268435456" percent="87">
      <mem type="allocate" free="234574680" total="241565696" percent="97" />
      <mem type="survivor" free="0" total="26869760" percent="0" />
    </mem>
    <mem type="tenure" free="40914688" total="805306368" percent="5" macro-fragmented="0">
      <mem type="soa" free="4843272" total="765040640" percent="0" />
      <mem type="loa" free="36071416" total="40265728" percent="89" />
    </mem>
    <pending-finalizers system="112" default="124" reference="2" classloader="0" />
    <remembered-set count="2331" />
  </mem-info>
</gc-end>
<cycle-end id="2896" type="scavenge" contextid="2890" timestamp="2023-06-02T09:23:02.367" />
<allocation-satisfied id="2897" threadId="000000000AB9D100" bytesRequested="40" />
<af-end id="2898" timestamp="2023-06-02T09:23:02.367" threadId="000000000AB9DA80" success="true" from="nursery"/>
<exclusive-end id="2899" timestamp="2023-06-02T09:23:02.367" durationms="9.467" />

<exclusive-start id="2900" timestamp="2023-06-02T09:23:03.242" intervalms="884.519">
  <response-info timems="0.132" idlems="0.132" threads="0" lastid="000000000AB9D100" lastname="[SQL@09:23:03.239], select distinct t3.ITEM_ID, t3.NAME, t4.NAM" />
</exclusive-start>
<af-start id="2901" threadId="000000000AB9DA80" totalBytesRequested="16" timestamp="2023-06-02T09:23:03.242" intervalms="884.508" type="nursery" />
<cycle-start id="2902" type="scavenge" contextid="0" timestamp="2023-06-02T09:23:03.242" intervalms="884.473" />
<gc-start id="2903" type="scavenge" contextid="2902" timestamp="2023-06-02T09:23:03.246">
  <mem-info id="2904" free="40914688" total="1073741824" percent="3">
    <mem type="nursery" free="0" total="268435456" percent="0">
      <mem type="allocate" free="0" total="241565696" percent="0" />
      <mem type="survivor" free="0" total="26869760" percent="0" />
    </mem>
    <mem type="tenure" free="40914688" total="805306368" percent="5">
      <mem type="soa" free="4843272" total="765040640" percent="0" />
      <mem type="loa" free="36071416" total="40265728" percent="89" />
    </mem>
    <remembered-set count="3122" />
  </mem-info>
</gc-start>
<allocation-stats totalBytes="234485232" >
  <allocated-bytes non-tlh="148448" tlh="234336784" />
  <largest-consumer threadName="[SQL@09:23:03.239], select distinct t3.ITEM_ID, t3.NAME, t4.NAME, t3.CATEGORY_TYPE_ITEM_ID, t3.ARCHIVED, t4.ARCHIVED, t3.EXTERN..." threadId="000000000AB9D100" bytes="228575560" />
</allocation-stats>
<gc-op id="2905" type="scavenge" timems="5.572" contextid="2902" timestamp="2023-06-02T09:23:03.251">
  <scavenger-info tenureage="4" tenuremask="4050" tiltratio="89" />
  <memory-copied type="nursery" objects="81367" bytes="5626800" bytesdiscarded="604248" />
  <memory-copied type="tenure" objects="9532" bytes="1611832" bytesdiscarded="27816" />
  <finalization candidates="4201" enqueued="3962" />
  <ownableSynchronizers candidates="52819" cleared="52771" />
  <references type="soft" candidates="11" cleared="0" enqueued="0" dynamicThreshold="2" maxThreshold="32" />
  <references type="weak" candidates="11" cleared="10" enqueued="2" />
</gc-op>
<gc-end id="2906" type="scavenge" contextid="2902" durationms="5.974" usertimems="15.625" systemtimems="0.000" timestamp="2023-06-02T09:23:03.251" activeThreads="16">
  <mem-info id="2907" free="274626792" total="1073741824" percent="25">
    <mem type="nursery" free="235333600" total="268435456" percent="87">
      <mem type="allocate" free="235333600" total="241565696" percent="97" />
      <mem type="survivor" free="0" total="26869760" percent="0" />
    </mem>
    <mem type="tenure" free="39293192" total="805306368" percent="4" macro-fragmented="0">
      <mem type="soa" free="3221776" total="765040640" percent="0" />
      <mem type="loa" free="36071416" total="40265728" percent="89" />
    </mem>
    <pending-finalizers system="3816" default="146" reference="2" classloader="0" />
    <remembered-set count="2287" />
  </mem-info>
</gc-end>
<cycle-end id="2908" type="scavenge" contextid="2902" timestamp="2023-06-02T09:23:03.255" />
<allocation-satisfied id="2909" threadId="000000000AB9D100" bytesRequested="16" />
<af-end id="2910" timestamp="2023-06-02T09:23:03.255" threadId="000000000AB9DA80" success="true" from="nursery"/>
<exclusive-end id="2911" timestamp="2023-06-02T09:23:03.255" durationms="11.910" />

<concurrent-kickoff id="2912" timestamp="2023-06-02T09:23:03.695">
  <kickoff reason="threshold reached" targetBytes="309287847" thresholdFreeBytes="42788628"  remainingFree="42715088" tenureFreeBytes="39293192" nurseryFreeBytes="42715088" />
</concurrent-kickoff>
<exclusive-start id="2913" timestamp="2023-06-02T09:23:03.698" intervalms="455.722">
  <response-info timems="0.171" idlems="0.171" threads="0" lastid="000000000AB9D100" lastname="[SQL@09:23:03.698], select distinct t1.ITEM_ID, t1.STATE_ID fro" />
</exclusive-start>
<cycle-start id="2914" type="global" contextid="0" timestamp="2023-06-02T09:23:03.698" intervalms="19528.635" />
<exclusive-end id="2915" timestamp="2023-06-02T09:23:03.698" durationms="0.050" />

<exclusive-start id="2916" timestamp="2023-06-02T09:23:04.241" intervalms="543.427">
  <response-info timems="0.164" idlems="0.164" threads="0" lastid="000000000AB9D100" lastname="[SQL@09:23:04.205], select distinct t3.ITEM_ID, t3.NAME, t4.NAM" />
</exclusive-start>
<concurrent-collection-start id="2917" timestamp="2023-06-02T09:23:04.241" intervalms="19473.828" >
  <concurrent-trace-info reason="card cleaning threshold reached" tracedByMutators="157278456" tracedByHelpers="235580560" cardsCleaned="1594" workStackOverflowCount="0" />
</concurrent-collection-start>
<gc-start id="2918" type="global" contextid="2914" timestamp="2023-06-02T09:23:04.248">
  <mem-info id="2919" free="40297776" total="1073741824" percent="3">
    <mem type="nursery" free="1004584" total="268435456" percent="0">
      <mem type="allocate" free="1004584" total="241565696" percent="0" />
      <mem type="survivor" free="0" total="26869760" percent="0" />
    </mem>
    <mem type="tenure" free="39293192" total="805306368" percent="4">
      <mem type="soa" free="3221776" total="765040640" percent="0" />
      <mem type="loa" free="36071416" total="40265728" percent="89" />
    </mem>
    <remembered-set count="3222" />
  </mem-info>
</gc-start>
<allocation-stats totalBytes="234224752" >
  <allocated-bytes non-tlh="148424" tlh="234076328" />
  <largest-consumer threadName="[SQL@09:23:04.205], select distinct t3.ITEM_ID, t3.NAME, t4.NAME, t3.CATEGORY_TYPE_ITEM_ID, t3.ARCHIVED, t4.ARCHIVED, t3.EXTERN..." threadId="000000000AB9D100" bytes="228148768" />
</allocation-stats>
<gc-op id="2920" type="rs-scan" timems="2.354" contextid="2914" timestamp="2023-06-02T09:23:04.250">
  <scan objectsFound="2883" bytesTraced="1676312" workStackOverflowCount="0" />
</gc-op>
<gc-op id="2921" type="card-cleaning" timems="0.552" contextid="2914" timestamp="2023-06-02T09:23:04.251">
  <card-cleaning cardsCleaned="16" bytesTraced="41592" workStackOverflowCount="0" />
</gc-op>
<gc-op id="2922" type="mark" timems="34.584" contextid="2914" timestamp="2023-06-02T09:23:04.286">
  <trace-info objectcount="46738" scancount="43636" scanbytes="1393368" />
  <finalization candidates="6115" enqueued="763" />
  <ownableSynchronizers candidates="109787" cleared="55403" />
  <references type="soft" candidates="102946" cleared="2827" enqueued="2501" dynamicThreshold="2" maxThreshold="32" />
  <references type="weak" candidates="55089" cleared="57" enqueued="45" />
  <references type="phantom" candidates="349" cleared="0" enqueued="0" />
  <stringconstants candidates="127601" cleared="5391"  />
</gc-op>
<gc-op id="2923" type="classunload" timems="31.298" contextid="2914" timestamp="2023-06-02T09:23:04.317">
  <classunload-info classloadercandidates="9493" classloadersunloaded="36" classesunloaded="36" anonymousclassesunloaded="0" quiescems="0.000" setupms="29.724" scanms="1.516" postms="0.058" />
</gc-op>
<gc-op id="2924" type="sweep" timems="4.807" contextid="2914" timestamp="2023-06-02T09:23:04.322" />
<gc-end id="2925" type="global" contextid="2914" durationms="74.534" usertimems="296.875" systemtimems="0.000" timestamp="2023-06-02T09:23:04.323" activeThreads="16">
  <mem-info id="2926" free="286723448" total="1073741824" percent="26">
    <mem type="nursery" free="235272152" total="268435456" percent="87">
      <mem type="allocate" free="235272152" total="241565696" percent="97" />
      <mem type="survivor" free="0" total="26869760" percent="0" />
    </mem>
    <mem type="tenure" free="51451296" total="805306368" percent="6" micro-fragmented="25417604" macro-fragmented="23080">
      <mem type="soa" free="15379880" total="765040640" percent="2" />
      <mem type="loa" free="36071416" total="40265728" percent="89" />
    </mem>
    <pending-finalizers system="601" default="162" reference="2546" classloader="0" />
    <remembered-set count="3196" />
  </mem-info>
</gc-end>
<cycle-end id="2927" type="global" contextid="2914" timestamp="2023-06-02T09:23:04.325" />
<concurrent-collection-end id="2928" timestamp="2023-06-02T09:23:04.326" />
<exclusive-end id="2929" timestamp="2023-06-02T09:23:04.326" durationms="84.386" />

<exclusive-start id="2930" timestamp="2023-06-02T09:23:05.070" intervalms="828.737">
  <response-info timems="0.126" idlems="0.126" threads="0" lastid="000000000AB9D100" lastname="[SQL@09:23:05.069], select distinct t3.ITEM_ID, t3.NAME, t4.NAM" />
</exclusive-start>
<af-start id="2931" threadId="000000000AB9DA80" totalBytesRequested="40" timestamp="2023-06-02T09:23:05.070" intervalms="1827.981" type="nursery" />
<cycle-start id="2932" type="scavenge" contextid="0" timestamp="2023-06-02T09:23:05.070" intervalms="1827.982" />
<gc-start id="2933" type="scavenge" contextid="2932" timestamp="2023-06-02T09:23:05.072">
  <mem-info id="2934" free="51451296" total="1073741824" percent="4">
    <mem type="nursery" free="0" total="268435456" percent="0">
      <mem type="allocate" free="0" total="241565696" percent="0" />
      <mem type="survivor" free="0" total="26869760" percent="0" />
    </mem>
    <mem type="tenure" free="51451296" total="805306368" percent="6">
      <mem type="soa" free="15379880" total="765040640" percent="2" />
      <mem type="loa" free="36071416" total="40265728" percent="89" />
    </mem>
    <remembered-set count="8046" />
  </mem-info>
</gc-start>
<allocation-stats totalBytes="235131872" >
  <allocated-bytes non-tlh="991968" tlh="234139904" />
  <largest-consumer threadName="[SQL@09:23:05.069], select distinct t3.ITEM_ID, t3.NAME, t4.NAME, t3.CATEGORY_TYPE_ITEM_ID, t3.ARCHIVED, t4.ARCHIVED, t3.EXTERN..." threadId="000000000AB9D100" bytes="230359264" />
</allocation-stats>
<gc-op id="2935" type="scavenge" timems="3.404" contextid="2932" timestamp="2023-06-02T09:23:05.076">
  <scavenger-info tenureage="4" tenuremask="4010" tiltratio="89" />
  <memory-copied type="nursery" objects="52544" bytes="5204232" bytesdiscarded="221272" />
  <memory-copied type="tenure" objects="5979" bytes="944304" bytesdiscarded="51144" />
  <finalization candidates="2795" enqueued="2556" />
  <ownableSynchronizers candidates="162176" cleared="162097" />
  <references type="soft" candidates="6" cleared="0" enqueued="0" dynamicThreshold="2" maxThreshold="32" />
  <references type="weak" candidates="12" cleared="11" enqueued="2" />
</gc-op>
<gc-end id="2936" type="scavenge" contextid="2932" durationms="3.755" usertimems="15.625" systemtimems="0.000" timestamp="2023-06-02T09:23:05.076" activeThreads="16">
  <mem-info id="2937" free="286568352" total="1073741824" percent="26">
    <mem type="nursery" free="236139528" total="268435456" percent="87">
      <mem type="allocate" free="236139528" total="241565696" percent="97" />
      <mem type="survivor" free="0" total="26869760" percent="0" />
    </mem>
    <mem type="tenure" free="50428824" total="805306368" percent="6" macro-fragmented="140211">
      <mem type="soa" free="14357408" total="765040640" percent="1" />
      <mem type="loa" free="36071416" total="40265728" percent="89" />
    </mem>
    <pending-finalizers system="2426" default="130" reference="2" classloader="0" />
    <remembered-set count="6111" />
  </mem-info>
</gc-end>
<cycle-end id="2938" type="scavenge" contextid="2932" timestamp="2023-06-02T09:23:05.079" />
<allocation-satisfied id="2939" threadId="000000000AB9D100" bytesRequested="40" />
<af-end id="2940" timestamp="2023-06-02T09:23:05.079" threadId="000000000AB9DA80" success="true" from="nursery"/>
<exclusive-end id="2941" timestamp="2023-06-02T09:23:05.079" durationms="8.863" />

<exclusive-start id="2942" timestamp="2023-06-02T09:23:05.766" intervalms="696.117">
  <response-info timems="0.136" idlems="0.136" threads="0" lastid="000000000AB9D100" lastname="[SQL@09:23:05.766], select t1.ITEM_ID, t1.STATE_ID, t1.JZ_DISCR" />
</exclusive-start>
<af-start id="2943" threadId="000000000AB9DA80" totalBytesRequested="16" timestamp="2023-06-02T09:23:05.766" intervalms="696.035" type="nursery" />
<cycle-start id="2944" type="scavenge" contextid="0" timestamp="2023-06-02T09:23:05.767" intervalms="696.111" />
<gc-start id="2945" type="scavenge" contextid="2944" timestamp="2023-06-02T09:23:05.768">
  <mem-info id="2946" free="50428824" total="1073741824" percent="4">
    <mem type="nursery" free="0" total="268435456" percent="0">
      <mem type="allocate" free="0" total="241565696" percent="0" />
      <mem type="survivor" free="0" total="26869760" percent="0" />
    </mem>
    <mem type="tenure" free="50428824" total="805306368" percent="6">
      <mem type="soa" free="14357408" total="765040640" percent="1" />
      <mem type="loa" free="36071416" total="40265728" percent="89" />
    </mem>
    <remembered-set count="7037" />
  </mem-info>
</gc-start>
<allocation-stats totalBytes="236031464" >
  <allocated-bytes non-tlh="148448" tlh="235883016" />
  <largest-consumer threadName="[SQL@09:23:05.766], select t1.ITEM_ID, t1.STATE_ID, t1.JZ_DISCRIMINATOR from &#xA;(select t1q.*, T1V.ITEM_TYPE_DBID from PLANNI..." threadId="000000000AB9D100" bytes="231617472" />
</allocation-stats>
<gc-op id="2947" type="scavenge" timems="2.533" contextid="2944" timestamp="2023-06-02T09:23:05.771">
  <scavenger-info tenureage="4" tenuremask="4010" tiltratio="89" />
  <memory-copied type="nursery" objects="48778" bytes="5093976" bytesdiscarded="209720" />
  <memory-copied type="tenure" objects="4819" bytes="805328" bytesdiscarded="46416" />
  <finalization candidates="2793" enqueued="2559" />
  <ownableSynchronizers candidates="53618" cleared="53542" />
  <references type="soft" candidates="6" cleared="0" enqueued="0" dynamicThreshold="2" maxThreshold="32" />
  <references type="weak" candidates="15" cleared="14" enqueued="2" />
</gc-op>
<gc-end id="2948" type="scavenge" contextid="2944" durationms="2.880" usertimems="0.000" systemtimems="0.000" timestamp="2023-06-02T09:23:05.771" activeThreads="16">
  <mem-info id="2949" free="285813256" total="1073741824" percent="26">
    <mem type="nursery" free="236261376" total="268435456" percent="88">
      <mem type="allocate" free="236261376" total="241565696" percent="97" />
      <mem type="survivor" free="0" total="26869760" percent="0" />
    </mem>
    <mem type="tenure" free="49551880" total="805306368" percent="6" macro-fragmented="8224">
      <mem type="soa" free="13480464" total="765040640" percent="1" />
      <mem type="loa" free="36071416" total="40265728" percent="89" />
    </mem>
    <pending-finalizers system="2426" default="133" reference="2" classloader="0" />
    <remembered-set count="6136" />
  </mem-info>
</gc-end>
<cycle-end id="2950" type="scavenge" contextid="2944" timestamp="2023-06-02T09:23:05.772" />
<allocation-satisfied id="2951" threadId="000000000AB9D100" bytesRequested="16" />
<af-end id="2952" timestamp="2023-06-02T09:23:05.772" threadId="000000000AB9DA80" success="true" from="nursery"/>
<exclusive-end id="2953" timestamp="2023-06-02T09:23:05.773" durationms="6.387" />

<exclusive-start id="2954" timestamp="2023-06-02T09:23:06.278" intervalms="511.947">
  <response-info timems="0.107" idlems="0.107" threads="0" lastid="000000000AB9D100" lastname="qm: AsynchronousTaskRunner-4 @@ 09:22" />
</exclusive-start>
<af-start id="2955" threadId="000000000AB9DA80" totalBytesRequested="32" timestamp="2023-06-02T09:23:06.278" intervalms="511.886" type="nursery" />
<cycle-start id="2956" type="scavenge" contextid="0" timestamp="2023-06-02T09:23:06.278" intervalms="511.806" />
<gc-start id="2957" type="scavenge" contextid="2956" timestamp="2023-06-02T09:23:06.280">
  <mem-info id="2958" free="49551016" total="1073741824" percent="4">
    <mem type="nursery" free="0" total="268435456" percent="0">
      <mem type="allocate" free="0" total="241565696" percent="0" />
      <mem type="survivor" free="0" total="26869760" percent="0" />
    </mem>
    <mem type="tenure" free="49551016" total="805306368" percent="6">
      <mem type="soa" free="13479600" total="765040640" percent="1" />
      <mem type="loa" free="36071416" total="40265728" percent="89" />
    </mem>
    <remembered-set count="7285" />
  </mem-info>
</gc-start>
<allocation-stats totalBytes="236180784" >
  <allocated-bytes non-tlh="157488" tlh="236023296" />
  <largest-consumer threadName="qm: AsynchronousTaskRunner-4 @@ 09:22" threadId="000000000AB9D100" bytes="231149568" />
</allocation-stats>
<gc-op id="2959" type="scavenge" timems="4.397" contextid="2956" timestamp="2023-06-02T09:23:06.284">
  <scavenger-info tenureage="4" tenuremask="4010" tiltratio="89" />
  <memory-copied type="nursery" objects="33447" bytes="4418288" bytesdiscarded="217568" />
  <memory-copied type="tenure" objects="4589" bytes="796424" bytesdiscarded="50496" />
  <finalization candidates="953" enqueued="720" />
  <ownableSynchronizers candidates="54288" cleared="54220" />
  <references type="soft" candidates="8" cleared="0" enqueued="0" dynamicThreshold="2" maxThreshold="32" />
  <references type="weak" candidates="23" cleared="23" enqueued="7" />
</gc-op>
<gc-end id="2960" type="scavenge" contextid="2956" durationms="4.988" usertimems="0.000" systemtimems="0.000" timestamp="2023-06-02T09:23:06.285" activeThreads="16">
  <mem-info id="2961" free="285623952" total="1073741824" percent="26">
    <mem type="nursery" free="236929376" total="268435456" percent="88">
      <mem type="allocate" free="236929376" total="241565696" percent="98" />
      <mem type="survivor" free="0" total="26869760" percent="0" />
    </mem>
    <mem type="tenure" free="48694576" total="805306368" percent="6" macro-fragmented="290741">
      <mem type="soa" free="12623160" total="765040640" percent="1" />
      <mem type="loa" free="36071416" total="40265728" percent="89" />
    </mem>
    <pending-finalizers system="567" default="153" reference="7" classloader="0" />
    <remembered-set count="3760" />
  </mem-info>
</gc-end>
<cycle-end id="2962" type="scavenge" contextid="2956" timestamp="2023-06-02T09:23:06.288" />
<allocation-satisfied id="2963" threadId="000000000AB9D100" bytesRequested="32" />
<af-end id="2964" timestamp="2023-06-02T09:23:06.288" threadId="000000000AB9DA80" success="true" from="nursery"/>
<exclusive-end id="2965" timestamp="2023-06-02T09:23:06.288" durationms="9.769" />

<exclusive-start id="2966" timestamp="2023-06-02T09:23:06.896" intervalms="617.316">
  <response-info timems="0.079" idlems="0.079" threads="0" lastid="000000000AB9D100" lastname="qm: AsynchronousTaskRunner-4 @@ 09:22" />
</exclusive-start>
<af-start id="2967" threadId="000000000AB9DA80" totalBytesRequested="16392" timestamp="2023-06-02T09:23:06.896" intervalms="617.317" type="nursery" />
<cycle-start id="2968" type="scavenge" contextid="0" timestamp="2023-06-02T09:23:06.896" intervalms="617.310" />
<gc-start id="2969" type="scavenge" contextid="2968" timestamp="2023-06-02T09:23:06.897">
  <mem-info id="2970" free="48694576" total="1073741824" percent="4">
    <mem type="nursery" free="0" total="268435456" percent="0">
      <mem type="allocate" free="0" total="241565696" percent="0" />
      <mem type="survivor" free="0" total="26869760" percent="0" />
    </mem>
    <mem type="tenure" free="48694576" total="805306368" percent="6">
      <mem type="soa" free="12623160" total="765040640" percent="1" />
      <mem type="loa" free="36071416" total="40265728" percent="89" />
    </mem>
    <remembered-set count="4542" />
  </mem-info>
</gc-start>
<allocation-stats totalBytes="236838328" >
  <allocated-bytes non-tlh="32" tlh="236838296" />
  <largest-consumer threadName="qm: AsynchronousTaskRunner-4 @@ 09:22" threadId="000000000AB9D100" bytes="234411608" />
</allocation-stats>
<gc-op id="2971" type="scavenge" timems="2.313" contextid="2968" timestamp="2023-06-02T09:23:06.900">
  <scavenger-info tenureage="4" tenuremask="4010" tiltratio="89" />
  <memory-copied type="nursery" objects="41741" bytes="4796504" bytesdiscarded="180352" />
  <memory-copied type="tenure" objects="4581" bytes="814080" bytesdiscarded="47568" />
  <finalization candidates="2297" enqueued="2064" />
  <ownableSynchronizers candidates="54268" cleared="54195" />
  <references type="soft" candidates="8" cleared="0" enqueued="0" dynamicThreshold="2" maxThreshold="32" />
  <references type="weak" candidates="18" cleared="18" enqueued="2" />
</gc-op>
<gc-end id="2972" type="scavenge" contextid="2968" durationms="2.633" usertimems="15.625" systemtimems="0.000" timestamp="2023-06-02T09:23:06.900" activeThreads="16">
  <mem-info id="2973" free="284345232" total="1073741824" percent="26">
    <mem type="nursery" free="236588288" total="268435456" percent="88">
      <mem type="allocate" free="236588288" total="241565696" percent="97" />
      <mem type="survivor" free="0" total="26869760" percent="0" />
    </mem>
    <mem type="tenure" free="47756944" total="805306368" percent="5" macro-fragmented="27173">
      <mem type="soa" free="11685528" total="765040640" percent="1" />
      <mem type="loa" free="36071416" total="40265728" percent="89" />
    </mem>
    <pending-finalizers system="1958" default="106" reference="2" classloader="0" />
    <remembered-set count="3715" />
  </mem-info>
</gc-end>
<cycle-end id="2974" type="scavenge" contextid="2968" timestamp="2023-06-02T09:23:06.902" />
<allocation-satisfied id="2975" threadId="000000000AB9D100" bytesRequested="16392" />
<af-end id="2976" timestamp="2023-06-02T09:23:06.902" threadId="000000000AB9DA80" success="true" from="nursery"/>
<exclusive-end id="2977" timestamp="2023-06-02T09:23:06.902" durationms="6.222" />

<exclusive-start id="2978" timestamp="2023-06-02T09:23:07.491" intervalms="596.080">
  <response-info timems="0.087" idlems="0.087" threads="0" lastid="000000000AB9D100" lastname="[SQL@09:23:07.491], select distinct t3.EXECUTION_VARIABLE_VALUE" />
</exclusive-start>
<af-start id="2979" threadId="000000000AB9DA80" totalBytesRequested="16" timestamp="2023-06-02T09:23:07.491" intervalms="596.091" type="nursery" />
<cycle-start id="2980" type="scavenge" contextid="0" timestamp="2023-06-02T09:23:07.491" intervalms="596.095" />
<gc-start id="2981" type="scavenge" contextid="2980" timestamp="2023-06-02T09:23:07.495">
  <mem-info id="2982" free="47756944" total="1073741824" percent="4">
    <mem type="nursery" free="0" total="268435456" percent="0">
      <mem type="allocate" free="0" total="241565696" percent="0" />
      <mem type="survivor" free="0" total="26869760" percent="0" />
    </mem>
    <mem type="tenure" free="47756944" total="805306368" percent="5">
      <mem type="soa" free="11685528" total="765040640" percent="1" />
      <mem type="loa" free="36071416" total="40265728" percent="89" />
    </mem>
    <remembered-set count="4589" />
  </mem-info>
</gc-start>
<allocation-stats totalBytes="236498632" >
  <allocated-bytes non-tlh="164800" tlh="236333832" />
  <largest-consumer threadName="[SQL@09:23:07.491], select distinct t3.EXECUTION_VARIABLE_VALUE_ITM_D, t4.NAME, t4.ARCHIVED, t4.EXTERNAL_ID, t4.EXECUTION_VARIA..." threadId="000000000AB9D100" bytes="231406680" />
</allocation-stats>
<gc-op id="2983" type="scavenge" timems="3.012" contextid="2980" timestamp="2023-06-02T09:23:07.498">
  <scavenger-info tenureage="4" tenuremask="4010" tiltratio="89" />
  <memory-copied type="nursery" objects="53260" bytes="4505864" bytesdiscarded="304464" />
  <memory-copied type="tenure" objects="10869" bytes="1642096" bytesdiscarded="58704" />
  <finalization candidates="2801" enqueued="2567" />
  <ownableSynchronizers candidates="51707" cleared="51623" />
  <references type="soft" candidates="6" cleared="0" enqueued="0" dynamicThreshold="2" maxThreshold="32" />
  <references type="weak" candidates="19" cleared="18" enqueued="2" />
</gc-op>
<gc-end id="2984" type="scavenge" contextid="2980" durationms="3.634" usertimems="0.000" systemtimems="0.000" timestamp="2023-06-02T09:23:07.499" activeThreads="16">
  <mem-info id="2985" free="282740304" total="1073741824" percent="26">
    <mem type="nursery" free="236754760" total="268435456" percent="88">
      <mem type="allocate" free="236754760" total="241565696" percent="98" />
      <mem type="survivor" free="0" total="26869760" percent="0" />
    </mem>
    <mem type="tenure" free="45985544" total="805306368" percent="5" macro-fragmented="33872">
      <mem type="soa" free="9914128" total="765040640" percent="1" />
      <mem type="loa" free="36071416" total="40265728" percent="89" />
    </mem>
    <pending-finalizers system="2424" default="143" reference="2" classloader="0" />
    <remembered-set count="2335" />
  </mem-info>
</gc-end>
<cycle-end id="2986" type="scavenge" contextid="2980" timestamp="2023-06-02T09:23:07.501" />
<allocation-satisfied id="2987" threadId="000000000AB9D100" bytesRequested="16" />
<af-end id="2988" timestamp="2023-06-02T09:23:07.501" threadId="000000000AB9DA80" success="true" from="nursery"/>
<exclusive-end id="2989" timestamp="2023-06-02T09:23:07.501" durationms="9.383" />

<exclusive-start id="2990" timestamp="2023-06-02T09:23:07.912" intervalms="421.217">
  <response-info timems="0.099" idlems="0.099" threads="0" lastid="000000000AB9D100" lastname="[SQL@09:23:07.910], select distinct t3.EXECUTION_VARIABLE_VALUE" />
</exclusive-start>
<af-start id="2991" threadId="000000000AB9DA80" totalBytesRequested="584" timestamp="2023-06-02T09:23:07.912" intervalms="421.230" type="nursery" />
<cycle-start id="2992" type="scavenge" contextid="0" timestamp="2023-06-02T09:23:07.912" intervalms="421.231" />
<gc-start id="2993" type="scavenge" contextid="2992" timestamp="2023-06-02T09:23:07.921">
  <mem-info id="2994" free="45985544" total="1073741824" percent="4">
    <mem type="nursery" free="0" total="268435456" percent="0">
      <mem type="allocate" free="0" total="241565696" percent="0" />
      <mem type="survivor" free="0" total="26869760" percent="0" />
    </mem>
    <mem type="tenure" free="45985544" total="805306368" percent="5">
      <mem type="soa" free="9914128" total="765040640" percent="1" />
      <mem type="loa" free="36071416" total="40265728" percent="89" />
    </mem>
    <remembered-set count="3086" />
  </mem-info>
</gc-start>
<allocation-stats totalBytes="236671856" >
  <allocated-bytes non-tlh="16" tlh="236671840" />
  <largest-consumer threadName="[SQL@09:23:07.910], select distinct t3.EXECUTION_VARIABLE_VALUE_ITM_D, t4.NAME, t4.ARCHIVED, t4.EXTERNAL_ID, t4.EXECUTION_VARIA..." threadId="000000000AB9D100" bytes="235080208" />
</allocation-stats>
<gc-op id="2995" type="scavenge" timems="10.493" contextid="2992" timestamp="2023-06-02T09:23:07.932">
  <scavenger-info tenureage="4" tenuremask="4010" tiltratio="89" />
  <memory-copied type="nursery" objects="113076" bytes="6200472" bytesdiscarded="188632" />
  <memory-copied type="tenure" objects="4820" bytes="804304" bytesdiscarded="46152" />
  <finalization candidates="911" enqueued="677" />
  <ownableSynchronizers candidates="54680" cleared="54630" />
  <references type="soft" candidates="6" cleared="0" enqueued="0" dynamicThreshold="2" maxThreshold="32" />
  <references type="weak" candidates="19" cleared="18" enqueued="2" />
</gc-op>
<gc-end id="2996" type="scavenge" contextid="2992" durationms="10.983" usertimems="0.000" systemtimems="0.000" timestamp="2023-06-02T09:23:07.932" activeThreads="16">
  <mem-info id="2997" free="280349816" total="1073741824" percent="26">
    <mem type="nursery" free="235176072" total="268435456" percent="87">
      <mem type="allocate" free="235176072" total="241565696" percent="97" />
      <mem type="survivor" free="0" total="26869760" percent="0" />
    </mem>
    <mem type="tenure" free="45173744" total="805306368" percent="5" macro-fragmented="116842">
      <mem type="soa" free="9102328" total="765040640" percent="1" />
      <mem type="loa" free="36071416" total="40265728" percent="89" />
    </mem>
    <pending-finalizers system="574" default="103" reference="2" classloader="0" />
    <remembered-set count="2303" />
  </mem-info>
</gc-end>
<cycle-end id="2998" type="scavenge" contextid="2992" timestamp="2023-06-02T09:23:07.935" />
<allocation-satisfied id="2999" threadId="000000000AB9D100" bytesRequested="584" />
<af-end id="3000" timestamp="2023-06-02T09:23:07.935" threadId="000000000AB9DA80" success="true" from="nursery"/>
<exclusive-end id="3001" timestamp="2023-06-02T09:23:07.935" durationms="21.448" />

<exclusive-start id="3002" timestamp="2023-06-02T09:23:08.884" intervalms="971.090">
  <response-info timems="0.084" idlems="0.084" threads="0" lastid="000000000AB9D100" lastname="[SQL@09:23:08.884], select distinct t3.KEY_COL, t3.VALUE, t4.KE" />
</exclusive-start>
<af-start id="3003" threadId="000000000AB9DA80" totalBytesRequested="56" timestamp="2023-06-02T09:23:08.884" intervalms="971.076" type="nursery" />
<cycle-start id="3004" type="scavenge" contextid="0" timestamp="2023-06-02T09:23:08.884" intervalms="971.068" />
<gc-start id="3005" type="scavenge" contextid="3004" timestamp="2023-06-02T09:23:08.888">
  <mem-info id="3006" free="45173360" total="1073741824" percent="4">
    <mem type="nursery" free="0" total="268435456" percent="0">
      <mem type="allocate" free="0" total="241565696" percent="0" />
      <mem type="survivor" free="0" total="26869760" percent="0" />
    </mem>
    <mem type="tenure" free="45173360" total="805306368" percent="5">
      <mem type="soa" free="9101944" total="765040640" percent="1" />
      <mem type="loa" free="36071416" total="40265728" percent="89" />
    </mem>
    <remembered-set count="3258" />
  </mem-info>
</gc-start>
<allocation-stats totalBytes="235083088" >
  <allocated-bytes non-tlh="149376" tlh="234933712" />
  <largest-consumer threadName="[SQL@09:23:08.884], select distinct t3.KEY_COL, t3.VALUE, t4.KEY_COL, t4.VALUE, t5.KEY_COL, t5.VALUE, t6.KEY_COL, t6.VALUE, t7...." threadId="000000000AB9D100" bytes="228209632" />
</allocation-stats>
<gc-op id="3007" type="scavenge" timems="2.873" contextid="3004" timestamp="2023-06-02T09:23:08.891">
  <scavenger-info tenureage="4" tenuremask="4010" tiltratio="89" />
  <memory-copied type="nursery" objects="53877" bytes="4753848" bytesdiscarded="429984" />
  <memory-copied type="tenure" objects="4686" bytes="718288" bytesdiscarded="11664" />
  <finalization candidates="4671" enqueued="4437" />
  <ownableSynchronizers candidates="52451" cleared="52405" />
  <references type="soft" candidates="5" cleared="0" enqueued="0" dynamicThreshold="2" maxThreshold="32" />
  <references type="weak" candidates="19" cleared="18" enqueued="2" />
</gc-op>
<gc-end id="3008" type="scavenge" contextid="3004" durationms="3.419" usertimems="0.000" systemtimems="0.000" timestamp="2023-06-02T09:23:08.892" activeThreads="16">
  <mem-info id="3009" free="280834336" total="1073741824" percent="26">
    <mem type="nursery" free="236381152" total="268435456" percent="88">
      <mem type="allocate" free="236381152" total="241565696" percent="97" />
      <mem type="survivor" free="0" total="26869760" percent="0" />
    </mem>
    <mem type="tenure" free="44453184" total="805306368" percent="5" macro-fragmented="56347">
      <mem type="soa" free="8381768" total="765040640" percent="1" />
      <mem type="loa" free="36071416" total="40265728" percent="89" />
    </mem>
    <pending-finalizers system="4279" default="158" reference="2" classloader="0" />
    <remembered-set count="2177" />
  </mem-info>
</gc-end>
<cycle-end id="3010" type="scavenge" contextid="3004" timestamp="2023-06-02T09:23:08.895" />
<allocation-satisfied id="3011" threadId="000000000AB9D100" bytesRequested="56" />
<af-end id="3012" timestamp="2023-06-02T09:23:08.895" threadId="000000000AB9DA80" success="true" from="nursery"/>
<exclusive-end id="3013" timestamp="2023-06-02T09:23:08.895" durationms="11.047" />

<exclusive-start id="3014" timestamp="2023-06-02T09:23:09.354" intervalms="470.603">
  <response-info timems="0.176" idlems="0.176" threads="0" lastid="000000000AB9D100" lastname="[SQL@09:23:09.350], select distinct t3.EXECUTION_VARIABLE_ITEM_" />
</exclusive-start>
<af-start id="3015" threadId="000000000AB9DA80" totalBytesRequested="40" timestamp="2023-06-02T09:23:09.355" intervalms="470.689" type="nursery" />
<cycle-start id="3016" type="scavenge" contextid="0" timestamp="2023-06-02T09:23:09.355" intervalms="470.800" />
<gc-start id="3017" type="scavenge" contextid="3016" timestamp="2023-06-02T09:23:09.361">
  <mem-info id="3018" free="44453184" total="1073741824" percent="4">
    <mem type="nursery" free="0" total="268435456" percent="0">
      <mem type="allocate" free="0" total="241565696" percent="0" />
      <mem type="survivor" free="0" total="26869760" percent="0" />
    </mem>
    <mem type="tenure" free="44453184" total="805306368" percent="5">
      <mem type="soa" free="8381768" total="765040640" percent="1" />
      <mem type="loa" free="36071416" total="40265728" percent="89" />
    </mem>
    <remembered-set count="3100" />
  </mem-info>
</gc-start>
<allocation-stats totalBytes="236282920" >
  <allocated-bytes non-tlh="148464" tlh="236134456" />
  <largest-consumer threadName="[SQL@09:23:09.350], select distinct t3.EXECUTION_VARIABLE_ITEM_ID, t4.NAME, t4.ARCHIVED, t4.EXTERNAL_ID from &#xA;(select t1q.*..." threadId="000000000AB9D100" bytes="232303112" />
</allocation-stats>
<gc-op id="3019" type="scavenge" timems="2.831" contextid="3016" timestamp="2023-06-02T09:23:09.364">
  <scavenger-info tenureage="4" tenuremask="4010" tiltratio="89" />
  <memory-copied type="nursery" objects="79596" bytes="5201168" bytesdiscarded="297984" />
  <memory-copied type="tenure" objects="4923" bytes="834432" bytesdiscarded="46496" />
  <finalization candidates="489" enqueued="255" />
  <ownableSynchronizers candidates="54550" cleared="54510" />
  <references type="soft" candidates="6" cleared="0" enqueued="0" dynamicThreshold="2" maxThreshold="32" />
  <references type="weak" candidates="15" cleared="14" enqueued="4" />
</gc-op>
<gc-end id="3020" type="scavenge" contextid="3016" durationms="3.255" usertimems="0.000" systemtimems="0.000" timestamp="2023-06-02T09:23:09.364" activeThreads="16">
  <mem-info id="3021" free="279570864" total="1073741824" percent="26">
    <mem type="nursery" free="236066048" total="268435456" percent="87">
      <mem type="allocate" free="236066048" total="241565696" percent="97" />
      <mem type="survivor" free="0" total="26869760" percent="0" />
    </mem>
    <mem type="tenure" free="43504816" total="805306368" percent="5" macro-fragmented="201903">
      <mem type="soa" free="7433400" total="765040640" percent="0" />
      <mem type="loa" free="36071416" total="40265728" percent="89" />
    </mem>
    <pending-finalizers system="113" default="142" reference="4" classloader="0" />
    <remembered-set count="2213" />
  </mem-info>
</gc-end>
<cycle-end id="3022" type="scavenge" contextid="3016" timestamp="2023-06-02T09:23:09.366" />
<allocation-satisfied id="3023" threadId="000000000AB9D100" bytesRequested="40" />
<af-end id="3024" timestamp="2023-06-02T09:23:09.366" threadId="000000000AB9DA80" success="true" from="nursery"/>
<exclusive-end id="3025" timestamp="2023-06-02T09:23:09.366" durationms="12.251" />

<exclusive-start id="3026" timestamp="2023-06-02T09:23:15.986" intervalms="6631.738">
  <response-info timems="0.124" idlems="0.124" threads="0" lastid="000000000AB9D100" lastname="qm: AsynchronousTaskRunner-4 @@ 09:22" />
</exclusive-start>
<af-start id="3027" threadId="000000000AB9DA80" totalBytesRequested="16" timestamp="2023-06-02T09:23:15.986" intervalms="6631.706" type="nursery" />
<cycle-start id="3028" type="scavenge" contextid="0" timestamp="2023-06-02T09:23:15.986" intervalms="6631.633" />
<gc-start id="3029" type="scavenge" contextid="3028" timestamp="2023-06-02T09:23:15.992">
  <mem-info id="3030" free="43465960" total="1073741824" percent="4">
    <mem type="nursery" free="0" total="268435456" percent="0">
      <mem type="allocate" free="0" total="241565696" percent="0" />
      <mem type="survivor" free="0" total="26869760" percent="0" />
    </mem>
    <mem type="tenure" free="43465960" total="805306368" percent="5">
      <mem type="soa" free="7394544" total="765040640" percent="0" />
      <mem type="loa" free="36071416" total="40265728" percent="89" />
    </mem>
    <remembered-set count="4539" />
  </mem-info>
</gc-start>
<allocation-stats totalBytes="235973192" >
  <allocated-bytes non-tlh="1051496" tlh="234921696" />
  <largest-consumer threadName="qm: AsynchronousTaskRunner-4 @@ 09:22" threadId="000000000AB9D100" bytes="176479896" />
</allocation-stats>
<gc-op id="3031" type="scavenge" timems="9.230" contextid="3028" timestamp="2023-06-02T09:23:16.001">
  <scavenger-info tenureage="4" tenuremask="4010" tiltratio="89" />
  <memory-copied type="nursery" objects="390272" bytes="24378624" bytesdiscarded="286520" />
  <memory-copied type="tenure" objects="4868" bytes="810464" bytesdiscarded="18712" />
  <finalization candidates="58304" enqueued="58070" />
  <ownableSynchronizers candidates="13593" cleared="13500" />
  <references type="soft" candidates="70" cleared="0" enqueued="0" dynamicThreshold="2" maxThreshold="32" />
  <references type="weak" candidates="103" cleared="101" enqueued="90" />
</gc-op>
<gc-end id="3032" type="scavenge" contextid="3028" durationms="9.652" usertimems="31.250" systemtimems="0.000" timestamp="2023-06-02T09:23:16.001" activeThreads="16">
  <mem-info id="3033" free="243007720" total="1073741824" percent="22">
    <mem type="nursery" free="200251760" total="268435456" percent="74">
      <mem type="allocate" free="200251760" total="224919552" percent="89" />
      <mem type="survivor" free="0" total="43515904" percent="0" />
    </mem>
    <mem type="tenure" free="42755960" total="805306368" percent="5" macro-fragmented="0">
      <mem type="soa" free="6684544" total="765040640" percent="0" />
      <mem type="loa" free="36071416" total="40265728" percent="89" />
    </mem>
    <pending-finalizers system="57650" default="420" reference="90" classloader="0" />
    <remembered-set count="3239" />
  </mem-info>
</gc-end>
<cycle-end id="3034" type="scavenge" contextid="3028" timestamp="2023-06-02T09:23:16.012" />
<allocation-satisfied id="3035" threadId="000000000AB9D100" bytesRequested="16" />
<af-end id="3036" timestamp="2023-06-02T09:23:16.012" threadId="000000000AB9DA80" success="true" from="nursery"/>
<exclusive-end id="3037" timestamp="2023-06-02T09:23:16.012" durationms="25.247" />

<exclusive-start id="3038" timestamp="2023-06-02T09:23:18.886" intervalms="2899.539">
  <response-info timems="0.134" idlems="0.134" threads="0" lastid="000000000AB9D100" lastname="qm: AsynchronousTaskRunner-4 @@ 09:22" />
</exclusive-start>
<af-start id="3039" threadId="000000000AB9DA80" totalBytesRequested="24" timestamp="2023-06-02T09:23:18.886" intervalms="2899.538" type="nursery" />
<cycle-start id="3040" type="scavenge" contextid="0" timestamp="2023-06-02T09:23:18.886" intervalms="2899.555" />
<gc-start id="3041" type="scavenge" contextid="3040" timestamp="2023-06-02T09:23:18.893">
  <mem-info id="3042" free="42665176" total="1073741824" percent="3">
    <mem type="nursery" free="0" total="268435456" percent="0">
      <mem type="allocate" free="0" total="224919552" percent="0" />
      <mem type="survivor" free="0" total="43515904" percent="0" />
    </mem>
    <mem type="tenure" free="42665176" total="805306368" percent="5">
      <mem type="soa" free="6593760" total="765040640" percent="0" />
      <mem type="loa" free="36071416" total="40265728" percent="89" />
    </mem>
    <remembered-set count="5216" />
  </mem-info>
</gc-start>
<allocation-stats totalBytes="200136648" >
  <allocated-bytes non-tlh="448960" tlh="199687688" />
  <largest-consumer threadName="qm: AsynchronousTaskRunner-4 @@ 09:22" threadId="000000000AB9D100" bytes="179477280" />
</allocation-stats>
<gc-op id="3043" type="scavenge" timems="11.123" contextid="3040" timestamp="2023-06-02T09:23:18.904">
  <scavenger-info tenureage="4" tenuremask="ffd0" tiltratio="83" />
  <memory-copied type="nursery" objects="339291" bytes="33537288" bytesdiscarded="418384" />
  <memory-copied type="tenure" objects="4821" bytes="808800" bytesdiscarded="38072" />
  <finalization candidates="17860" enqueued="17623" />
  <ownableSynchronizers candidates="816" cleared="708" />
  <references type="soft" candidates="286" cleared="0" enqueued="0" dynamicThreshold="2" maxThreshold="32" />
  <references type="weak" candidates="703" cleared="409" enqueued="95" />
  <references type="phantom" candidates="4" cleared="0" enqueued="0" />
</gc-op>
<gc-end id="3044" type="scavenge" contextid="3040" durationms="11.487" usertimems="31.250" systemtimems="0.000" timestamp="2023-06-02T09:23:18.904" activeThreads="16">
  <mem-info id="3045" free="226540472" total="1073741824" percent="21">
    <mem type="nursery" free="184734728" total="268435456" percent="68">
      <mem type="allocate" free="184734728" total="218693632" percent="84" />
      <mem type="survivor" free="0" total="49741824" percent="0" />
    </mem>
    <mem type="tenure" free="41805744" total="805306368" percent="5" macro-fragmented="20520">
      <mem type="soa" free="5734328" total="765040640" percent="0" />
      <mem type="loa" free="36071416" total="40265728" percent="89" />
    </mem>
    <pending-finalizers system="17473" default="150" reference="95" classloader="0" />
    <remembered-set count="4686" />
  </mem-info>
</gc-end>
<cycle-end id="3046" type="scavenge" contextid="3040" timestamp="2023-06-02T09:23:18.907" />
<allocation-satisfied id="3047" threadId="000000000AB9D100" bytesRequested="24" />
<af-end id="3048" timestamp="2023-06-02T09:23:18.907" threadId="000000000AB9DA80" success="true" from="nursery"/>
<exclusive-end id="3049" timestamp="2023-06-02T09:23:18.907" durationms="21.072" />

<exclusive-start id="3050" timestamp="2023-06-02T09:23:20.235" intervalms="1349.049">
  <response-info timems="0.109" idlems="0.109" threads="0" lastid="000000000AB9D100" lastname="qm: AsynchronousTaskRunner-4 @@ 09:22" />
</exclusive-start>
<af-start id="3051" threadId="000000000AB9DA80" totalBytesRequested="80" timestamp="2023-06-02T09:23:20.235" intervalms="1349.009" type="nursery" />
<cycle-start id="3052" type="scavenge" contextid="0" timestamp="2023-06-02T09:23:20.235" intervalms="1348.961" />
<gc-start id="3053" type="scavenge" contextid="3052" timestamp="2023-06-02T09:23:20.240">
  <mem-info id="3054" free="41745016" total="1073741824" percent="3">
    <mem type="nursery" free="0" total="268435456" percent="0">
      <mem type="allocate" free="0" total="218693632" percent="0" />
      <mem type="survivor" free="0" total="49741824" percent="0" />
    </mem>
    <mem type="tenure" free="41745016" total="805306368" percent="5">
      <mem type="soa" free="5673600" total="765040640" percent="0" />
      <mem type="loa" free="36071416" total="40265728" percent="89" />
    </mem>
    <remembered-set count="6745" />
  </mem-info>
</gc-start>
<allocation-stats totalBytes="184721936" >
  <allocated-bytes non-tlh="7563544" tlh="177158392" />
  <largest-consumer threadName="qm: AsynchronousTaskRunner-4 @@ 09:22" threadId="000000000AB9D100" bytes="174751752" />
</allocation-stats>
<gc-op id="3055" type="scavenge" timems="155.700" contextid="3052" timestamp="2023-06-02T09:23:20.397">
  <scavenger-info tenureage="3" tenuremask="ffd8" tiltratio="81" />
  <memory-copied type="nursery" objects="723516" bytes="49696888" bytesdiscarded="43336" />
  <memory-copied type="tenure" objects="88539" bytes="4775464" bytesdiscarded="104288" />
  <copy-failed type="nursery" objects="78951" bytes="3176408" />
  <copy-failed type="tenure" objects="2" bytes="272" />
  <ownableSynchronizers candidates="283" cleared="0" />
  <warning details="aborted collection due to insufficient free space" />
</gc-op>
<gc-end id="3056" type="scavenge" contextid="3052" durationms="156.108" usertimems="265.625" systemtimems="0.000" timestamp="2023-06-02T09:23:20.397" activeThreads="16">
  <mem-info id="3057" free="36071416" total="1073741824" percent="3">
    <mem type="nursery" free="0" total="268435456" percent="0">
      <mem type="allocate" free="0" total="218693632" percent="0" />
      <mem type="survivor" free="0" total="49741824" percent="0" />
    </mem>
    <mem type="tenure" free="36071416" total="805306368" percent="4" macro-fragmented="15725">
      <mem type="soa" free="0" total="765040640" percent="0" />
      <mem type="loa" free="36071416" total="40265728" percent="89" />
    </mem>
    <remembered-set count="6745" />
  </mem-info>
</gc-end>
<cycle-end id="3058" type="scavenge" contextid="3052" timestamp="2023-06-02T09:23:20.398" />
<percolate-collect id="3059" from="nursery" to="global" reason="failed tenure threshold reached" timestamp="2023-06-02T09:23:20.399"/>
<cycle-start id="3060" type="global" contextid="0" timestamp="2023-06-02T09:23:20.404" intervalms="16706.116" />
<gc-start id="3061" type="global" contextid="3060" timestamp="2023-06-02T09:23:20.408">
  <mem-info id="3062" free="36071416" total="1073741824" percent="3">
    <mem type="nursery" free="0" total="268435456" percent="0">
      <mem type="allocate" free="0" total="218693632" percent="0" />
      <mem type="survivor" free="0" total="49741824" percent="0" />
    </mem>
    <mem type="tenure" free="36071416" total="805306368" percent="4">
      <mem type="soa" free="0" total="765040640" percent="0" />
      <mem type="loa" free="36071416" total="40265728" percent="89" />
    </mem>
    <remembered-set count="6745" />
  </mem-info>
</gc-start>
<allocation-stats totalBytes="0" >
  <allocated-bytes non-tlh="0" tlh="0" />
</allocation-stats>
<gc-op id="3063" type="mark" timems="117.320" contextid="3060" timestamp="2023-06-02T09:23:20.526">
  <trace-info objectcount="14408155" scancount="12550360" scanbytes="432591932" />
  <finalization candidates="5118" enqueued="99" />
  <ownableSynchronizers candidates="54716" cleared="1053" />
  <references type="soft" candidates="100398" cleared="7232" enqueued="7021" dynamicThreshold="2" maxThreshold="32" />
  <references type="weak" candidates="55446" cleared="204" enqueued="135" />
  <references type="phantom" candidates="353" cleared="4" enqueued="4" />
  <stringconstants candidates="124075" cleared="225"  />
</gc-op>
<gc-op id="3064" type="classunload" timems="85.199" contextid="3060" timestamp="2023-06-02T09:23:20.611">
  <classunload-info classloadercandidates="9477" classloadersunloaded="178" classesunloaded="178" anonymousclassesunloaded="0" quiescems="0.000" setupms="83.472" scanms="1.662" postms="0.064" />
</gc-op>
<gc-op id="3065" type="sweep" timems="7.787" contextid="3060" timestamp="2023-06-02T09:23:20.618" />
<gc-end id="3066" type="global" contextid="3060" durationms="212.308" usertimems="1421.875" systemtimems="0.000" timestamp="2023-06-02T09:23:20.620" activeThreads="16">
  <mem-info id="3067" free="165197480" total="1073741824" percent="15">
    <mem type="nursery" free="117945616" total="268435456" percent="43">
      <mem type="allocate" free="117945616" total="218693632" percent="53" />
      <mem type="survivor" free="0" total="49741824" percent="0" />
    </mem>
    <mem type="tenure" free="47251864" total="805306368" percent="5" micro-fragmented="27103792" macro-fragmented="33872">
      <mem type="soa" free="11180448" total="765040640" percent="1" />
      <mem type="loa" free="36071416" total="40265728" percent="89" />
    </mem>
    <pending-finalizers system="99" default="0" reference="7160" classloader="0" />
    <remembered-set count="6114" />
  </mem-info>
</gc-end>
<cycle-end id="3068" type="global" contextid="3060" timestamp="2023-06-02T09:23:20.623" />
<allocation-satisfied id="3069" threadId="000000000AB9D100" bytesRequested="80" />
<af-end id="3070" timestamp="2023-06-02T09:23:20.623" threadId="000000000AB9DA80" success="true" from="nursery"/>
<exclusive-end id="3071" timestamp="2023-06-02T09:23:20.623" durationms="388.188" />

<exclusive-start id="3072" timestamp="2023-06-02T09:23:29.534" intervalms="9299.146">
  <response-info timems="0.103" idlems="0.103" threads="0" lastid="000000000378C000" lastname="lqe.IndexingAgent[links_qm - piotr/qm]-thread-0" />
</exclusive-start>
<af-start id="3073" threadId="000000000378C980" totalBytesRequested="73736" timestamp="2023-06-02T09:23:29.535" intervalms="9299.256" type="nursery" />
<cycle-start id="3074" type="scavenge" contextid="0" timestamp="2023-06-02T09:23:29.535" intervalms="9299.284" />
<gc-start id="3075" type="scavenge" contextid="3074" timestamp="2023-06-02T09:23:29.536">
  <mem-info id="3076" free="47260400" total="1073741824" percent="4">
    <mem type="nursery" free="14536" total="268435456" percent="0">
      <mem type="allocate" free="14536" total="218693632" percent="0" />
      <mem type="survivor" free="0" total="49741824" percent="0" />
    </mem>
    <mem type="tenure" free="47245864" total="805306368" percent="5">
      <mem type="soa" free="11174448" total="765040640" percent="1" />
      <mem type="loa" free="36071416" total="40265728" percent="89" />
    </mem>
    <remembered-set count="18966" />
  </mem-info>
</gc-start>
<allocation-stats totalBytes="117166360" >
  <allocated-bytes non-tlh="11718320" tlh="105448040" />
  <largest-consumer threadName="qm: AsynchronousTaskRunner-4 @@ 09:22" threadId="000000000AB9D100" bytes="52178096" />
</allocation-stats>
<gc-op id="3077" type="scavenge" timems="7.189" contextid="3074" timestamp="2023-06-02T09:23:29.543">
  <scavenger-info tenureage="3" tenuremask="ffd8" tiltratio="81" />
  <memory-copied type="nursery" objects="71198" bytes="18519176" bytesdiscarded="224768" />
  <memory-copied type="tenure" objects="25297" bytes="6923472" bytesdiscarded="430088" />
  <finalization candidates="718" enqueued="678" />
  <ownableSynchronizers candidates="108411" cleared="108159" />
  <references type="soft" candidates="591" cleared="146" enqueued="131" dynamicThreshold="1" maxThreshold="32" />
  <references type="weak" candidates="341" cleared="68" enqueued="31" />
</gc-op>
<gc-end id="3078" type="scavenge" contextid="3074" durationms="7.557" usertimems="0.000" systemtimems="0.000" timestamp="2023-06-02T09:23:29.544" activeThreads="16">
  <mem-info id="3079" free="241440656" total="1073741824" percent="22">
    <mem type="nursery" free="201844184" total="268435456" percent="75">
      <mem type="allocate" free="201844184" total="220594176" percent="91" />
      <mem type="survivor" free="0" total="47841280" percent="0" />
    </mem>
    <mem type="tenure" free="39596472" total="805306368" percent="4" macro-fragmented="348889">
      <mem type="soa" free="3525056" total="765040640" percent="0" />
      <mem type="loa" free="36071416" total="40265728" percent="89" />
    </mem>
    <pending-finalizers system="84" default="594" reference="162" classloader="0" />
    <remembered-set count="15140" />
  </mem-info>
</gc-end>
<cycle-end id="3080" type="scavenge" contextid="3074" timestamp="2023-06-02T09:23:29.546" />
<allocation-satisfied id="3081" threadId="000000000378C000" bytesRequested="73736" />
<af-end id="3082" timestamp="2023-06-02T09:23:29.546" threadId="000000000378C980" success="true" from="nursery"/>
<exclusive-end id="3083" timestamp="2023-06-02T09:23:29.546" durationms="11.962" />

<concurrent-kickoff id="3084" timestamp="2023-06-02T09:23:53.149">
  <kickoff reason="threshold reached" targetBytes="325524861" thresholdFreeBytes="45037204"  remainingFree="45033248" tenureFreeBytes="39580792" nurseryFreeBytes="45033248" />
</concurrent-kickoff>
<exclusive-start id="3085" timestamp="2023-06-02T09:23:53.153" intervalms="23618.877">
  <response-info timems="0.135" idlems="0.135" threads="0" lastid="000000000AB91D00" lastname="[SQL@09:23:53.153], select t1.ITEM_ID, t1.STATE_ID from DEPLOYM" />
</exclusive-start>
<cycle-start id="3086" type="global" contextid="0" timestamp="2023-06-02T09:23:53.153" intervalms="32748.764" />
<exclusive-end id="3087" timestamp="2023-06-02T09:23:53.153" durationms="0.040" />

<exclusive-start id="3088" timestamp="2023-06-02T09:23:57.987" intervalms="4833.441">
  <response-info timems="0.076" idlems="0.076" threads="0" lastid="0000000003397A00" lastname="lqe.Indexer-tdb-thread-0" />
</exclusive-start>
<concurrent-collection-start id="3089" timestamp="2023-06-02T09:23:57.987" intervalms="53744.810" >
  <concurrent-trace-info reason="card cleaning threshold reached" tracedByMutators="24090688" tracedByHelpers="348676356" cardsCleaned="1666" workStackOverflowCount="0" />
</concurrent-collection-start>
<gc-start id="3090" type="global" contextid="3086" timestamp="2023-06-02T09:23:57.988">
  <mem-info id="3091" free="56619872" total="1073741824" percent="5">
    <mem type="nursery" free="17039976" total="268435456" percent="6">
      <mem type="allocate" free="17039976" total="220594176" percent="7" />
      <mem type="survivor" free="0" total="47841280" percent="0" />
    </mem>
    <mem type="tenure" free="39579896" total="805306368" percent="4">
      <mem type="soa" free="3508480" total="765040640" percent="0" />
      <mem type="loa" free="36071416" total="40265728" percent="89" />
    </mem>
    <remembered-set count="19562" />
  </mem-info>
</gc-start>
<allocation-stats totalBytes="184678368" >
  <allocated-bytes non-tlh="9202456" tlh="175475912" />
  <largest-consumer threadName="lqe.Indexer-tdb-thread-0" threadId="0000000003397A00" bytes="48481488" />
</allocation-stats>
<gc-op id="3092" type="rs-scan" timems="2.523" contextid="3086" timestamp="2023-06-02T09:23:57.990">
  <scan objectsFound="7283" bytesTraced="2018588" workStackOverflowCount="0" />
</gc-op>
<gc-op id="3093" type="card-cleaning" timems="0.564" contextid="3086" timestamp="2023-06-02T09:23:57.991">
  <card-cleaning cardsCleaned="20" bytesTraced="86936" workStackOverflowCount="0" />
</gc-op>
<gc-op id="3094" type="mark" timems="34.395" contextid="3086" timestamp="2023-06-02T09:23:58.026">
  <trace-info objectcount="36470" scancount="31571" scanbytes="1176412" />
  <finalization candidates="7339" enqueued="2303" />
  <ownableSynchronizers candidates="59009" cleared="5318" />
  <references type="soft" candidates="93550" cleared="2158" enqueued="2133" dynamicThreshold="1" maxThreshold="32" />
  <references type="weak" candidates="55324" cleared="116" enqueued="36" />
  <references type="phantom" candidates="349" cleared="1" enqueued="1" />
  <stringconstants candidates="123952" cleared="1054"  />
</gc-op>
<gc-op id="3095" type="classunload" timems="22.065" contextid="3086" timestamp="2023-06-02T09:23:58.048">
  <classunload-info classloadercandidates="9318" classloadersunloaded="21" classesunloaded="21" anonymousclassesunloaded="0" quiescems="0.000" setupms="21.627" scanms="0.418" postms="0.018" />
</gc-op>
<gc-op id="3096" type="sweep" timems="4.273" contextid="3086" timestamp="2023-06-02T09:23:58.052" />
<gc-end id="3097" type="global" contextid="3086" durationms="64.552" usertimems="296.875" systemtimems="0.000" timestamp="2023-06-02T09:23:58.052" activeThreads="16">
  <mem-info id="3098" free="305147880" total="1073741824" percent="28">
    <mem type="nursery" free="210912504" total="268435456" percent="78">
      <mem type="allocate" free="210912504" total="220594176" percent="95" />
      <mem type="survivor" free="0" total="47841280" percent="0" />
    </mem>
    <mem type="tenure" free="94235376" total="805306368" percent="11" micro-fragmented="23997931" macro-fragmented="868149">
      <mem type="soa" free="58163960" total="765040640" percent="7" />
      <mem type="loa" free="36071416" total="40265728" percent="89" />
    </mem>
    <pending-finalizers system="252" default="2051" reference="2170" classloader="0" />
    <remembered-set count="7952" />
  </mem-info>
</gc-end>
<cycle-end id="3099" type="global" contextid="3086" timestamp="2023-06-02T09:23:58.064" />
<concurrent-collection-end id="3100" timestamp="2023-06-02T09:23:58.064" />
<exclusive-end id="3101" timestamp="2023-06-02T09:23:58.064" durationms="77.139" />

<exclusive-start id="3102" timestamp="2023-06-02T09:24:31.944" intervalms="33957.386">
  <response-info timems="0.231" idlems="0.231" threads="0" lastid="0000000003397A00" lastname="lqe.Indexer-tdb-thread-0" />
</exclusive-start>
<af-start id="3103" threadId="0000000003398380" totalBytesRequested="32" timestamp="2023-06-02T09:24:31.944" intervalms="62409.906" type="nursery" />
<cycle-start id="3104" type="scavenge" contextid="0" timestamp="2023-06-02T09:24:31.945" intervalms="62410.063" />
<gc-start id="3105" type="scavenge" contextid="3104" timestamp="2023-06-02T09:24:31.947">
  <mem-info id="3106" free="94225752" total="1073741824" percent="8">
    <mem type="nursery" free="0" total="268435456" percent="0">
      <mem type="allocate" free="0" total="220594176" percent="0" />
      <mem type="survivor" free="0" total="47841280" percent="0" />
    </mem>
    <mem type="tenure" free="94225752" total="805306368" percent="11">
      <mem type="soa" free="58154336" total="765040640" percent="7" />
      <mem type="loa" free="36071416" total="40265728" percent="89" />
    </mem>
    <remembered-set count="13730" />
  </mem-info>
</gc-start>
<allocation-stats totalBytes="210194896" >
  <allocated-bytes non-tlh="17745744" tlh="192449152" />
  <largest-consumer threadName="lqe.Indexer-tdb-thread-0" threadId="0000000003397A00" bytes="55654840" />
</allocation-stats>
<gc-op id="3107" type="scavenge" timems="10.462" contextid="3104" timestamp="2023-06-02T09:24:31.957">
  <scavenger-info tenureage="5" tenuremask="ffe0" tiltratio="82" />
  <memory-copied type="nursery" objects="91302" bytes="8631024" bytesdiscarded="493088" />
  <finalization candidates="2309" enqueued="2222" />
  <ownableSynchronizers candidates="111723" cleared="111055" />
  <references type="soft" candidates="1114" cleared="0" enqueued="0" dynamicThreshold="3" maxThreshold="32" />
  <references type="weak" candidates="567" cleared="95" enqueued="56" />
  <references type="phantom" candidates="2" cleared="0" enqueued="0" />
</gc-op>
<gc-end id="3108" type="scavenge" contextid="3104" durationms="11.088" usertimems="0.000" systemtimems="0.000" timestamp="2023-06-02T09:24:31.958" activeThreads="16">
  <mem-info id="3109" free="310797888" total="1073741824" percent="28">
    <mem type="nursery" free="216572136" total="268435456" percent="80">
      <mem type="allocate" free="216572136" total="225705984" percent="95" />
      <mem type="survivor" free="0" total="42729472" percent="0" />
    </mem>
    <mem type="tenure" free="94225752" total="805306368" percent="11" macro-fragmented="20520">
      <mem type="soa" free="58154336" total="765040640" percent="7" />
      <mem type="loa" free="36071416" total="40265728" percent="89" />
    </mem>
    <pending-finalizers system="105" default="2117" reference="56" classloader="0" />
    <remembered-set count="10040" />
  </mem-info>
</gc-end>
<cycle-end id="3110" type="scavenge" contextid="3104" timestamp="2023-06-02T09:24:31.974" />
<allocation-satisfied id="3111" threadId="0000000003397A00" bytesRequested="32" />
<af-end id="3112" timestamp="2023-06-02T09:24:31.974" threadId="0000000003398380" success="true" from="nursery"/>
<exclusive-end id="3113" timestamp="2023-06-02T09:24:31.974" durationms="30.525" />

<exclusive-start id="3114" timestamp="2023-06-02T09:24:45.098" intervalms="13155.208">
  <response-info timems="0.169" idlems="0.169" threads="0" lastid="00000000039D9300" lastname="RM-Task-Executor-9" />
</exclusive-start>
<af-start id="3115" threadId="00000000039D9C80" totalBytesRequested="32" timestamp="2023-06-02T09:24:45.099" intervalms="13154.965" type="nursery" />
<cycle-start id="3116" type="scavenge" contextid="0" timestamp="2023-06-02T09:24:45.099" intervalms="13154.774" />
<gc-start id="3117" type="scavenge" contextid="3116" timestamp="2023-06-02T09:24:45.100">
  <mem-info id="3118" free="94218912" total="1073741824" percent="8">
    <mem type="nursery" free="0" total="268435456" percent="0">
      <mem type="allocate" free="0" total="225705984" percent="0" />
      <mem type="survivor" free="0" total="42729472" percent="0" />
    </mem>
    <mem type="tenure" free="94218912" total="805306368" percent="11">
      <mem type="soa" free="58147496" total="765040640" percent="7" />
      <mem type="loa" free="36071416" total="40265728" percent="89" />
    </mem>
    <remembered-set count="14539" />
  </mem-info>
</gc-start>
<allocation-stats totalBytes="216354200" >
  <allocated-bytes non-tlh="3293992" tlh="213060208" />
  <largest-consumer threadName="Default Executor-thread-5" threadId="0000000001733F00" bytes="23816720" />
</allocation-stats>
<gc-op id="3119" type="scavenge" timems="4.625" contextid="3116" timestamp="2023-06-02T09:24:45.105">
  <scavenger-info tenureage="5" tenuremask="ffe0" tiltratio="84" />
  <memory-copied type="nursery" objects="131312" bytes="11053664" bytesdiscarded="184384" />
  <finalization candidates="1430" enqueued="1309" />
  <ownableSynchronizers candidates="6491" cleared="4450" />
  <references type="soft" candidates="1427" cleared="0" enqueued="0" dynamicThreshold="3" maxThreshold="32" />
  <references type="weak" candidates="936" cleared="40" enqueued="25" />
  <references type="phantom" candidates="8" cleared="0" enqueued="0" />
</gc-op>
<gc-end id="3120" type="scavenge" contextid="3116" durationms="5.075" usertimems="0.000" systemtimems="0.000" timestamp="2023-06-02T09:24:45.106" activeThreads="16">
  <mem-info id="3121" free="313975720" total="1073741824" percent="29">
    <mem type="nursery" free="219756808" total="268435456" percent="81">
      <mem type="allocate" free="219756808" total="231014400" percent="95" />
      <mem type="survivor" free="0" total="37421056" percent="0" />
    </mem>
    <mem type="tenure" free="94218912" total="805306368" percent="11" macro-fragmented="56347">
      <mem type="soa" free="58147496" total="765040640" percent="7" />
      <mem type="loa" free="36071416" total="40265728" percent="89" />
    </mem>
    <pending-finalizers system="264" default="1045" reference="25" classloader="0" />
    <remembered-set count="11662" />
  </mem-info>
</gc-end>
<cycle-end id="3122" type="scavenge" contextid="3116" timestamp="2023-06-02T09:24:45.125" />
<allocation-satisfied id="3123" threadId="00000000039D9300" bytesRequested="32" />
<af-end id="3124" timestamp="2023-06-02T09:24:45.125" threadId="00000000039D9C80" success="true" from="nursery"/>
<exclusive-end id="3125" timestamp="2023-06-02T09:24:45.125" durationms="25.876" />

<exclusive-start id="3126" timestamp="2023-06-02T09:24:51.950" intervalms="6851.352">
  <response-info timems="0.099" idlems="0.099" threads="0" lastid="0000000003397A00" lastname="lqe.Indexer-tdb-thread-0" />
</exclusive-start>
<af-start id="3127" threadId="0000000003398380" totalBytesRequested="40" timestamp="2023-06-02T09:24:51.951" intervalms="6851.278" type="nursery" />
<cycle-start id="3128" type="scavenge" contextid="0" timestamp="2023-06-02T09:24:51.951" intervalms="6851.286" />
<gc-start id="3129" type="scavenge" contextid="3128" timestamp="2023-06-02T09:24:51.952">
  <mem-info id="3130" free="94192952" total="1073741824" percent="8">
    <mem type="nursery" free="0" total="268435456" percent="0">
      <mem type="allocate" free="0" total="231014400" percent="0" />
      <mem type="survivor" free="0" total="37421056" percent="0" />
    </mem>
    <mem type="tenure" free="94192952" total="805306368" percent="11">
      <mem type="soa" free="58121536" total="765040640" percent="7" />
      <mem type="loa" free="36071416" total="40265728" percent="89" />
    </mem>
    <remembered-set count="14836" />
  </mem-info>
</gc-start>
<allocation-stats totalBytes="219621024" >
  <allocated-bytes non-tlh="1887688" tlh="217733336" />
  <largest-consumer threadName="Default Executor-thread-59 @@ 09:24 PiotrAniola &lt;Mozilla/5.0 (Windows NT 10.0; Win64; x64; rv:109.0) Gecko/20100101 Firefox/..." threadId="00000000102F2000" bytes="70833856" />
</allocation-stats>
<gc-op id="3131" type="scavenge" timems="5.171" contextid="3128" timestamp="2023-06-02T09:24:51.957">
  <scavenger-info tenureage="4" tenuremask="fff0" tiltratio="86" />
  <memory-copied type="nursery" objects="173706" bytes="14487576" bytesdiscarded="231552" />
  <memory-copied type="tenure" objects="13177" bytes="761384" bytesdiscarded="34352" />
  <finalization candidates="1346" enqueued="1204" />
  <ownableSynchronizers candidates="14484" cleared="12072" />
  <references type="soft" candidates="1996" cleared="0" enqueued="0" dynamicThreshold="3" maxThreshold="32" />
  <references type="weak" candidates="1141" cleared="59" enqueued="40" />
  <references type="phantom" candidates="10" cleared="0" enqueued="0" />
</gc-op>
<gc-end id="3132" type="scavenge" contextid="3128" durationms="5.494" usertimems="15.625" systemtimems="0.000" timestamp="2023-06-02T09:24:51.957" activeThreads="16">
  <mem-info id="3133" free="312793856" total="1073741824" percent="29">
    <mem type="nursery" free="219450456" total="268435456" percent="81">
      <mem type="allocate" free="219450456" total="234225664" percent="93" />
      <mem type="survivor" free="0" total="34209792" percent="0" />
    </mem>
    <mem type="tenure" free="93343400" total="805306368" percent="11" macro-fragmented="61464">
      <mem type="soa" free="57271984" total="765040640" percent="7" />
      <mem type="loa" free="36071416" total="40265728" percent="89" />
    </mem>
    <pending-finalizers system="329" default="875" reference="40" classloader="0" />
    <remembered-set count="9835" />
  </mem-info>
</gc-end>
<cycle-end id="3134" type="scavenge" contextid="3128" timestamp="2023-06-02T09:24:51.968" />
<allocation-satisfied id="3135" threadId="0000000003397A00" bytesRequested="40" />
<af-end id="3136" timestamp="2023-06-02T09:24:51.968" threadId="0000000003398380" success="true" from="nursery"/>
<exclusive-end id="3137" timestamp="2023-06-02T09:24:51.968" durationms="17.889" />

<exclusive-start id="3138" timestamp="2023-06-02T09:24:52.785" intervalms="835.364">
  <response-info timems="0.102" idlems="0.102" threads="0" lastid="00000000102F2000" lastname="Default Executor-thread-59 @@ 09:24 PiotrAniola &lt;Mozilla/5.0" />
</exclusive-start>
<af-start id="3139" threadId="00000000102F2980" totalBytesRequested="24" timestamp="2023-06-02T09:24:52.785" intervalms="835.348" type="nursery" />
<cycle-start id="3140" type="scavenge" contextid="0" timestamp="2023-06-02T09:24:52.785" intervalms="835.352" />
<gc-start id="3141" type="scavenge" contextid="3140" timestamp="2023-06-02T09:24:52.788">
  <mem-info id="3142" free="93342080" total="1073741824" percent="8">
    <mem type="nursery" free="0" total="268435456" percent="0">
      <mem type="allocate" free="0" total="234225664" percent="0" />
      <mem type="survivor" free="0" total="34209792" percent="0" />
    </mem>
    <mem type="tenure" free="93342080" total="805306368" percent="11">
      <mem type="soa" free="57270664" total="765040640" percent="7" />
      <mem type="loa" free="36071416" total="40265728" percent="89" />
    </mem>
    <remembered-set count="10336" />
  </mem-info>
</gc-start>
<allocation-stats totalBytes="219383904" >
  <allocated-bytes non-tlh="116248" tlh="219267656" />
  <largest-consumer threadName="Default Executor-thread-59 @@ 09:24 PiotrAniola &lt;Mozilla/5.0 (Windows NT 10.0; Win64; x64; rv:109.0) Gecko/20100101 Firefox/..." threadId="00000000102F2000" bytes="213782352" />
</allocation-stats>
<gc-op id="3143" type="scavenge" timems="6.133" contextid="3140" timestamp="2023-06-02T09:24:52.795">
  <scavenger-info tenureage="4" tenuremask="ff90" tiltratio="87" />
  <memory-copied type="nursery" objects="252824" bytes="16198560" bytesdiscarded="420240" />
  <memory-copied type="tenure" objects="6342" bytes="1891584" bytesdiscarded="6480" />
  <finalization candidates="1859" enqueued="1719" />
  <ownableSynchronizers candidates="37433" cleared="34695" />
  <references type="soft" candidates="2714" cleared="0" enqueued="0" dynamicThreshold="3" maxThreshold="32" />
  <references type="weak" candidates="1601" cleared="5" enqueued="1" />
  <references type="phantom" candidates="10" cleared="0" enqueued="0" />
</gc-op>
<gc-end id="3144" type="scavenge" contextid="3140" durationms="6.517" usertimems="0.000" systemtimems="0.000" timestamp="2023-06-02T09:24:52.795" activeThreads="16">
  <mem-info id="3145" free="311277208" total="1073741824" percent="28">
    <mem type="nursery" free="219916584" total="268435456" percent="81">
      <mem type="allocate" free="219916584" total="236716032" percent="92" />
      <mem type="survivor" free="0" total="31719424" percent="0" />
    </mem>
    <mem type="tenure" free="91360624" total="805306368" percent="11" macro-fragmented="12312">
      <mem type="soa" free="55551360" total="765040640" percent="7" />
      <mem type="loa" free="35809264" total="40265728" percent="88" />
    </mem>
    <pending-finalizers system="394" default="1325" reference="1" classloader="0" />
    <remembered-set count="9459" />
  </mem-info>
</gc-end>
<cycle-end id="3146" type="scavenge" contextid="3140" timestamp="2023-06-02T09:24:52.802" />
<allocation-satisfied id="3147" threadId="00000000102F2000" bytesRequested="24" />
<af-end id="3148" timestamp="2023-06-02T09:24:52.802" threadId="00000000102F2980" success="true" from="nursery"/>
<exclusive-end id="3149" timestamp="2023-06-02T09:24:52.802" durationms="16.280" />

<exclusive-start id="3150" timestamp="2023-06-02T09:24:53.536" intervalms="750.330">
  <response-info timems="0.126" idlems="0.126" threads="0" lastid="00000000102F2000" lastname="Default Executor-thread-59 @@ 09:24 PiotrAniola &lt;Mozilla/5.0" />
</exclusive-start>
<af-start id="3151" threadId="00000000102F2980" totalBytesRequested="16" timestamp="2023-06-02T09:24:53.536" intervalms="750.370" type="nursery" />
<cycle-start id="3152" type="scavenge" contextid="0" timestamp="2023-06-02T09:24:53.536" intervalms="750.387" />
<gc-start id="3153" type="scavenge" contextid="3152" timestamp="2023-06-02T09:24:53.541">
  <mem-info id="3154" free="91359928" total="1073741824" percent="8">
    <mem type="nursery" free="0" total="268435456" percent="0">
      <mem type="allocate" free="0" total="236716032" percent="0" />
      <mem type="survivor" free="0" total="31719424" percent="0" />
    </mem>
    <mem type="tenure" free="91359928" total="805306368" percent="11">
      <mem type="soa" free="55550664" total="765040640" percent="7" />
      <mem type="loa" free="35809264" total="40265728" percent="88" />
    </mem>
    <remembered-set count="9867" />
  </mem-info>
</gc-start>
<allocation-stats totalBytes="219831160" >
  <allocated-bytes non-tlh="116320" tlh="219714840" />
  <largest-consumer threadName="Default Executor-thread-59 @@ 09:24 PiotrAniola &lt;Mozilla/5.0 (Windows NT 10.0; Win64; x64; rv:109.0) Gecko/20100101 Firefox/..." threadId="00000000102F2000" bytes="207352264" />
</allocation-stats>
<gc-op id="3155" type="scavenge" timems="6.091" contextid="3152" timestamp="2023-06-02T09:24:53.548">
  <scavenger-info tenureage="6" tenuremask="ffc0" tiltratio="88" />
  <memory-copied type="nursery" objects="296513" bytes="18434728" bytesdiscarded="435280" />
  <finalization candidates="1442" enqueued="1331" />
  <ownableSynchronizers candidates="42901" cleared="40024" />
  <references type="soft" candidates="3320" cleared="0" enqueued="0" dynamicThreshold="3" maxThreshold="32" />
  <references type="weak" candidates="2051" cleared="18" enqueued="1" />
  <references type="phantom" candidates="10" cleared="0" enqueued="0" />
</gc-op>
<gc-end id="3156" type="scavenge" contextid="3152" durationms="6.401" usertimems="46.875" systemtimems="0.000" timestamp="2023-06-02T09:24:53.548" activeThreads="16">
  <mem-info id="3157" free="310492936" total="1073741824" percent="28">
    <mem type="nursery" free="219133008" total="268435456" percent="81">
      <mem type="allocate" free="219133008" total="238092288" percent="92" />
      <mem type="survivor" free="0" total="30343168" percent="0" />
    </mem>
    <mem type="tenure" free="91359928" total="805306368" percent="11" macro-fragmented="0">
      <mem type="soa" free="55550664" total="765040640" percent="7" />
      <mem type="loa" free="35809264" total="40265728" percent="88" />
    </mem>
    <pending-finalizers system="206" default="1125" reference="1" classloader="0" />
    <remembered-set count="9205" />
  </mem-info>
</gc-end>
<cycle-end id="3158" type="scavenge" contextid="3152" timestamp="2023-06-02T09:24:53.550" />
<allocation-satisfied id="3159" threadId="00000000102F2000" bytesRequested="16" />
<af-end id="3160" timestamp="2023-06-02T09:24:53.550" threadId="00000000102F2980" success="true" from="nursery"/>
<exclusive-end id="3161" timestamp="2023-06-02T09:24:53.550" durationms="14.146" />

<exclusive-start id="3162" timestamp="2023-06-02T09:24:54.353" intervalms="816.185">
  <response-info timems="0.109" idlems="0.109" threads="0" lastid="00000000102F2000" lastname="[SQL@09:24:54.352], select distinct t1.ITEM_ID, t1.STATE_ID, t1" />
</exclusive-start>
<af-start id="3163" threadId="00000000102F2980" totalBytesRequested="16" timestamp="2023-06-02T09:24:54.353" intervalms="816.148" type="nursery" />
<cycle-start id="3164" type="scavenge" contextid="0" timestamp="2023-06-02T09:24:54.353" intervalms="816.121" />
<gc-start id="3165" type="scavenge" contextid="3164" timestamp="2023-06-02T09:24:54.355">
  <mem-info id="3166" free="91359848" total="1073741824" percent="8">
    <mem type="nursery" free="0" total="268435456" percent="0">
      <mem type="allocate" free="0" total="238092288" percent="0" />
      <mem type="survivor" free="0" total="30343168" percent="0" />
    </mem>
    <mem type="tenure" free="91359848" total="805306368" percent="11">
      <mem type="soa" free="55550584" total="765040640" percent="7" />
      <mem type="loa" free="35809264" total="40265728" percent="88" />
    </mem>
    <remembered-set count="9647" />
  </mem-info>
</gc-start>
<allocation-stats totalBytes="219054592" >
  <allocated-bytes non-tlh="148472" tlh="218906120" />
  <largest-consumer threadName="[SQL@09:24:54.352], select distinct t1.ITEM_ID, t1.STATE_ID, t1.JZ_DISCRIMINATOR from &#xA;(select t1q.*, T1V.ITEM_TYPE_DBID fr..." threadId="00000000102F2000" bytes="214381520" />
</allocation-stats>
<gc-op id="3167" type="scavenge" timems="7.936" contextid="3164" timestamp="2023-06-02T09:24:54.362">
  <scavenger-info tenureage="4" tenuremask="fff0" tiltratio="88" />
  <memory-copied type="nursery" objects="277441" bytes="15726752" bytesdiscarded="301968" />
  <memory-copied type="tenure" objects="72355" bytes="5061168" bytesdiscarded="70128" />
  <finalization candidates="1312" enqueued="1200" />
  <ownableSynchronizers candidates="44037" cleared="40935" />
  <references type="soft" candidates="3108" cleared="0" enqueued="0" dynamicThreshold="3" maxThreshold="32" />
  <references type="weak" candidates="1933" cleared="0" enqueued="0" />
  <references type="phantom" candidates="2" cleared="0" enqueued="0" />
</gc-op>
<gc-end id="3168" type="scavenge" contextid="3164" durationms="8.592" usertimems="46.875" systemtimems="0.000" timestamp="2023-06-02T09:24:54.364" activeThreads="16">
  <mem-info id="3169" free="309847448" total="1073741824" percent="28">
    <mem type="nursery" free="223621056" total="268435456" percent="83">
      <mem type="allocate" free="223621056" total="239730688" percent="93" />
      <mem type="survivor" free="0" total="28704768" percent="0" />
    </mem>
    <mem type="tenure" free="86226392" total="805306368" percent="10" macro-fragmented="0">
      <mem type="soa" free="50417128" total="765040640" percent="6" />
      <mem type="loa" free="35809264" total="40265728" percent="88" />
    </mem>
    <pending-finalizers system="232" default="968" reference="0" classloader="0" />
    <remembered-set count="5530" />
  </mem-info>
</gc-end>
<cycle-end id="3170" type="scavenge" contextid="3164" timestamp="2023-06-02T09:24:54.367" />
<allocation-satisfied id="3171" threadId="00000000102F2000" bytesRequested="16" />
<af-end id="3172" timestamp="2023-06-02T09:24:54.368" threadId="00000000102F2980" success="true" from="nursery"/>
<exclusive-end id="3173" timestamp="2023-06-02T09:24:54.368" durationms="14.988" />

<exclusive-start id="3174" timestamp="2023-06-02T09:24:55.176" intervalms="823.925">
  <response-info timems="0.077" idlems="0.077" threads="0" lastid="00000000102F2000" lastname="Default Executor-thread-59 @@ 09:24 PiotrAniola &lt;Mozilla/5.0" />
</exclusive-start>
<af-start id="3175" threadId="00000000102F2980" totalBytesRequested="40" timestamp="2023-06-02T09:24:55.177" intervalms="823.928" type="nursery" />
<cycle-start id="3176" type="scavenge" contextid="0" timestamp="2023-06-02T09:24:55.177" intervalms="823.928" />
<gc-start id="3177" type="scavenge" contextid="3176" timestamp="2023-06-02T09:24:55.182">
  <mem-info id="3178" free="86226160" total="1073741824" percent="8">
    <mem type="nursery" free="0" total="268435456" percent="0">
      <mem type="allocate" free="0" total="239730688" percent="0" />
      <mem type="survivor" free="0" total="28704768" percent="0" />
    </mem>
    <mem type="tenure" free="86226160" total="805306368" percent="10">
      <mem type="soa" free="50416896" total="765040640" percent="6" />
      <mem type="loa" free="35809264" total="40265728" percent="88" />
    </mem>
    <remembered-set count="6083" />
  </mem-info>
</gc-start>
<allocation-stats totalBytes="223549192" >
  <allocated-bytes non-tlh="156824" tlh="223392368" />
  <largest-consumer threadName="Default Executor-thread-59 @@ 09:24 PiotrAniola &lt;Mozilla/5.0 (Windows NT 10.0; Win64; x64; rv:109.0) Gecko/20100101 Firefox/..." threadId="00000000102F2000" bytes="218270200" />
</allocation-stats>
<gc-op id="3179" type="scavenge" timems="5.716" contextid="3176" timestamp="2023-06-02T09:24:55.187">
  <scavenger-info tenureage="3" tenuremask="ff98" tiltratio="89" />
  <memory-copied type="nursery" objects="154602" bytes="6695352" bytesdiscarded="314792" />
  <memory-copied type="tenure" objects="154164" bytes="10172600" bytesdiscarded="101552" />
  <finalization candidates="903" enqueued="880" />
  <ownableSynchronizers candidates="49231" cleared="46785" />
  <references type="soft" candidates="1983" cleared="0" enqueued="0" dynamicThreshold="3" maxThreshold="32" />
  <references type="weak" candidates="1596" cleared="6" enqueued="6" />
</gc-op>
<gc-end id="3180" type="scavenge" contextid="3176" durationms="6.259" usertimems="0.000" systemtimems="0.000" timestamp="2023-06-02T09:24:55.188" activeThreads="16">
  <mem-info id="3181" free="310452632" total="1073741824" percent="28">
    <mem type="nursery" free="234543584" total="268435456" percent="87">
      <mem type="allocate" free="234543584" total="241565696" percent="97" />
      <mem type="survivor" free="0" total="26869760" percent="0" />
    </mem>
    <mem type="tenure" free="75909048" total="805306368" percent="9" macro-fragmented="0">
      <mem type="soa" free="40099784" total="765040640" percent="5" />
      <mem type="loa" free="35809264" total="40265728" percent="88" />
    </mem>
    <pending-finalizers system="126" default="754" reference="6" classloader="0" />
    <remembered-set count="3051" />
  </mem-info>
</gc-end>
<cycle-end id="3182" type="scavenge" contextid="3176" timestamp="2023-06-02T09:24:55.190" />
<allocation-satisfied id="3183" threadId="00000000102F2000" bytesRequested="40" />
<af-end id="3184" timestamp="2023-06-02T09:24:55.190" threadId="00000000102F2980" success="true" from="nursery"/>
<exclusive-end id="3185" timestamp="2023-06-02T09:24:55.190" durationms="13.600" />

<exclusive-start id="3186" timestamp="2023-06-02T09:24:55.997" intervalms="820.608">
  <response-info timems="0.409" idlems="0.409" threads="0" lastid="00000000102F2000" lastname="[SQL@09:24:55.992], select distinct t1.ITEM_ID, t1.STATE_ID, t1" />
</exclusive-start>
<af-start id="3187" threadId="00000000102F2980" totalBytesRequested="40" timestamp="2023-06-02T09:24:55.997" intervalms="820.788" type="nursery" />
<cycle-start id="3188" type="scavenge" contextid="0" timestamp="2023-06-02T09:24:55.997" intervalms="820.844" />
<gc-start id="3189" type="scavenge" contextid="3188" timestamp="2023-06-02T09:24:56.002">
  <mem-info id="3190" free="75909048" total="1073741824" percent="7">
    <mem type="nursery" free="0" total="268435456" percent="0">
      <mem type="allocate" free="0" total="241565696" percent="0" />
      <mem type="survivor" free="0" total="26869760" percent="0" />
    </mem>
    <mem type="tenure" free="75909048" total="805306368" percent="9">
      <mem type="soa" free="40099784" total="765040640" percent="5" />
      <mem type="loa" free="35809264" total="40265728" percent="88" />
    </mem>
    <remembered-set count="3684" />
  </mem-info>
</gc-start>
<allocation-stats totalBytes="234462976" >
  <allocated-bytes non-tlh="40" tlh="234462936" />
  <largest-consumer threadName="[SQL@09:24:55.992], select distinct t1.ITEM_ID, t1.STATE_ID, t1.JZ_DISCRIMINATOR from &#xA;(select t1q.*, T1V.ITEM_TYPE_DBID fr..." threadId="00000000102F2000" bytes="230230360" />
</allocation-stats>
<gc-op id="3191" type="scavenge" timems="9.737" contextid="3188" timestamp="2023-06-02T09:24:56.012">
  <scavenger-info tenureage="3" tenuremask="4008" tiltratio="89" />
  <memory-copied type="nursery" objects="221103" bytes="8214832" bytesdiscarded="241984" />
  <memory-copied type="tenure" objects="49451" bytes="2381800" bytesdiscarded="17112" />
  <finalization candidates="871" enqueued="870" />
  <ownableSynchronizers candidates="48457" cleared="47616" />
  <references type="soft" candidates="1857" cleared="0" enqueued="0" dynamicThreshold="3" maxThreshold="32" />
  <references type="weak" candidates="1610" cleared="0" enqueued="0" />
</gc-op>
<gc-end id="3192" type="scavenge" contextid="3188" durationms="10.221" usertimems="0.000" systemtimems="0.000" timestamp="2023-06-02T09:24:56.012" activeThreads="16">
  <mem-info id="3193" free="306625872" total="1073741824" percent="28">
    <mem type="nursery" free="233076648" total="268435456" percent="86">
      <mem type="allocate" free="233076648" total="241565696" percent="96" />
      <mem type="survivor" free="0" total="26869760" percent="0" />
    </mem>
    <mem type="tenure" free="73549224" total="805306368" percent="9" macro-fragmented="492">
      <mem type="soa" free="37739960" total="765040640" percent="4" />
      <mem type="loa" free="35809264" total="40265728" percent="88" />
    </mem>
    <pending-finalizers system="123" default="747" reference="0" classloader="0" />
    <remembered-set count="3022" />
  </mem-info>
</gc-end>
<cycle-end id="3194" type="scavenge" contextid="3188" timestamp="2023-06-02T09:24:56.016" />
<allocation-satisfied id="3195" threadId="00000000102F2000" bytesRequested="40" />
<af-end id="3196" timestamp="2023-06-02T09:24:56.016" threadId="00000000102F2980" success="true" from="nursery"/>
<exclusive-end id="3197" timestamp="2023-06-02T09:24:56.016" durationms="18.658" />

<exclusive-start id="3198" timestamp="2023-06-02T09:24:56.894" intervalms="897.069">
  <response-info timems="0.147" idlems="0.147" threads="0" lastid="00000000102F2000" lastname="[SQL@09:24:56.892], select distinct t1.ITEM_ID, t1.STATE_ID, t1" />
</exclusive-start>
<af-start id="3199" threadId="00000000102F2980" totalBytesRequested="40" timestamp="2023-06-02T09:24:56.895" intervalms="896.991" type="nursery" />
<cycle-start id="3200" type="scavenge" contextid="0" timestamp="2023-06-02T09:24:56.895" intervalms="896.999" />
<gc-start id="3201" type="scavenge" contextid="3200" timestamp="2023-06-02T09:24:56.900">
  <mem-info id="3202" free="73549224" total="1073741824" percent="6">
    <mem type="nursery" free="0" total="268435456" percent="0">
      <mem type="allocate" free="0" total="241565696" percent="0" />
      <mem type="survivor" free="0" total="26869760" percent="0" />
    </mem>
    <mem type="tenure" free="73549224" total="805306368" percent="9">
      <mem type="soa" free="37739960" total="765040640" percent="4" />
      <mem type="loa" free="35809264" total="40265728" percent="88" />
    </mem>
    <remembered-set count="3888" />
  </mem-info>
</gc-start>
<allocation-stats totalBytes="233002888" >
  <allocated-bytes non-tlh="164808" tlh="232838080" />
  <largest-consumer threadName="[SQL@09:24:56.892], select distinct t1.ITEM_ID, t1.STATE_ID, t1.JZ_DISCRIMINATOR from &#xA;(select t1q.*, T1V.ITEM_TYPE_DBID fr..." threadId="00000000102F2000" bytes="229543872" />
</allocation-stats>
<gc-op id="3203" type="scavenge" timems="3.479" contextid="3200" timestamp="2023-06-02T09:24:56.903">
  <scavenger-info tenureage="3" tenuremask="4008" tiltratio="89" />
  <memory-copied type="nursery" objects="173374" bytes="6378016" bytesdiscarded="357368" />
  <memory-copied type="tenure" objects="52994" bytes="2334448" bytesdiscarded="15976" />
  <finalization candidates="1025" enqueued="1024" />
  <ownableSynchronizers candidates="50053" cleared="49300" />
  <references type="soft" candidates="1878" cleared="0" enqueued="0" dynamicThreshold="3" maxThreshold="32" />
  <references type="weak" candidates="1772" cleared="3" enqueued="2" />
</gc-op>
<gc-end id="3204" type="scavenge" contextid="3200" durationms="3.785" usertimems="0.000" systemtimems="0.000" timestamp="2023-06-02T09:24:56.903" activeThreads="16">
  <mem-info id="3205" free="306062840" total="1073741824" percent="28">
    <mem type="nursery" free="234818008" total="268435456" percent="87">
      <mem type="allocate" free="234818008" total="241565696" percent="97" />
      <mem type="survivor" free="0" total="26869760" percent="0" />
    </mem>
    <mem type="tenure" free="71244832" total="805306368" percent="8" macro-fragmented="20520">
      <mem type="soa" free="35435568" total="765040640" percent="4" />
      <mem type="loa" free="35809264" total="40265728" percent="88" />
    </mem>
    <pending-finalizers system="162" default="862" reference="2" classloader="0" />
    <remembered-set count="3112" />
  </mem-info>
</gc-end>
<cycle-end id="3206" type="scavenge" contextid="3200" timestamp="2023-06-02T09:24:56.904" />
<allocation-satisfied id="3207" threadId="00000000102F2000" bytesRequested="40" />
<af-end id="3208" timestamp="2023-06-02T09:24:56.904" threadId="00000000102F2980" success="true" from="nursery"/>
<exclusive-end id="3209" timestamp="2023-06-02T09:24:56.904" durationms="10.311" />

<exclusive-start id="3210" timestamp="2023-06-02T09:24:57.745" intervalms="850.360">
  <response-info timems="0.104" idlems="0.104" threads="0" lastid="00000000102F2000" lastname="Default Executor-thread-59 @@ 09:24 PiotrAniola &lt;Mozilla/5.0" />
</exclusive-start>
<af-start id="3211" threadId="00000000102F2980" totalBytesRequested="32" timestamp="2023-06-02T09:24:57.745" intervalms="850.373" type="nursery" />
<cycle-start id="3212" type="scavenge" contextid="0" timestamp="2023-06-02T09:24:57.745" intervalms="850.545" />
<gc-start id="3213" type="scavenge" contextid="3212" timestamp="2023-06-02T09:24:57.750">
  <mem-info id="3214" free="71244832" total="1073741824" percent="6">
    <mem type="nursery" free="0" total="268435456" percent="0">
      <mem type="allocate" free="0" total="241565696" percent="0" />
      <mem type="survivor" free="0" total="26869760" percent="0" />
    </mem>
    <mem type="tenure" free="71244832" total="805306368" percent="8">
      <mem type="soa" free="35435568" total="765040640" percent="4" />
      <mem type="loa" free="35809264" total="40265728" percent="88" />
    </mem>
    <remembered-set count="3775" />
  </mem-info>
</gc-start>
<allocation-stats totalBytes="234737752" >
  <allocated-bytes non-tlh="148416" tlh="234589336" />
  <largest-consumer threadName="Default Executor-thread-59 @@ 09:24 PiotrAniola &lt;Mozilla/5.0 (Windows NT 10.0; Win64; x64; rv:109.0) Gecko/20100101 Firefox/..." threadId="00000000102F2000" bytes="229747952" />
</allocation-stats>
<gc-op id="3215" type="scavenge" timems="9.113" contextid="3212" timestamp="2023-06-02T09:24:57.759">
  <scavenger-info tenureage="3" tenuremask="4008" tiltratio="89" />
  <memory-copied type="nursery" objects="129202" bytes="4983576" bytesdiscarded="232056" />
  <memory-copied type="tenure" objects="37062" bytes="1323432" bytesdiscarded="12560" />
  <finalization candidates="863" enqueued="863" />
  <ownableSynchronizers candidates="50218" cleared="49636" />
  <references type="soft" candidates="1817" cleared="0" enqueued="0" dynamicThreshold="3" maxThreshold="32" />
  <references type="weak" candidates="1738" cleared="0" enqueued="0" />
</gc-op>
<gc-end id="3216" type="scavenge" contextid="3212" durationms="9.503" usertimems="0.000" systemtimems="0.000" timestamp="2023-06-02T09:24:57.759" activeThreads="16">
  <mem-info id="3217" free="306246648" total="1073741824" percent="28">
    <mem type="nursery" free="236338896" total="268435456" percent="88">
      <mem type="allocate" free="236338896" total="241565696" percent="97" />
      <mem type="survivor" free="0" total="26869760" percent="0" />
    </mem>
    <mem type="tenure" free="69907752" total="805306368" percent="8" macro-fragmented="0">
      <mem type="soa" free="34098488" total="765040640" percent="4" />
      <mem type="loa" free="35809264" total="40265728" percent="88" />
    </mem>
    <pending-finalizers system="113" default="750" reference="0" classloader="0" />
    <remembered-set count="2975" />
  </mem-info>
</gc-end>
<cycle-end id="3218" type="scavenge" contextid="3212" timestamp="2023-06-02T09:24:57.762" />
<allocation-satisfied id="3219" threadId="00000000102F2000" bytesRequested="32" />
<af-end id="3220" timestamp="2023-06-02T09:24:57.762" threadId="00000000102F2980" success="true" from="nursery"/>
<exclusive-end id="3221" timestamp="2023-06-02T09:24:57.762" durationms="18.107" />

<exclusive-start id="3222" timestamp="2023-06-02T09:24:58.556" intervalms="811.309">
  <response-info timems="0.077" idlems="0.077" threads="0" lastid="00000000102F2000" lastname="[SQL@09:24:58.554], select distinct t1.ITEM_ID, t1.STATE_ID, t1" />
</exclusive-start>
<af-start id="3223" threadId="00000000102F2980" totalBytesRequested="16" timestamp="2023-06-02T09:24:58.556" intervalms="811.195" type="nursery" />
<cycle-start id="3224" type="scavenge" contextid="0" timestamp="2023-06-02T09:24:58.556" intervalms="810.956" />
<gc-start id="3225" type="scavenge" contextid="3224" timestamp="2023-06-02T09:24:58.560">
  <mem-info id="3226" free="69907752" total="1073741824" percent="6">
    <mem type="nursery" free="0" total="268435456" percent="0">
      <mem type="allocate" free="0" total="241565696" percent="0" />
      <mem type="survivor" free="0" total="26869760" percent="0" />
    </mem>
    <mem type="tenure" free="69907752" total="805306368" percent="8">
      <mem type="soa" free="34098488" total="765040640" percent="4" />
      <mem type="loa" free="35809264" total="40265728" percent="88" />
    </mem>
    <remembered-set count="4276" />
  </mem-info>
</gc-start>
<allocation-stats totalBytes="236248072" >
  <allocated-bytes non-tlh="148408" tlh="236099664" />
  <largest-consumer threadName="[SQL@09:24:58.554], select distinct t1.ITEM_ID, t1.STATE_ID, t1.JZ_DISCRIMINATOR from &#xA;(select t1q.*, T1V.ITEM_TYPE_DBID fr..." threadId="00000000102F2000" bytes="230789448" />
</allocation-stats>
<gc-op id="3227" type="scavenge" timems="3.787" contextid="3224" timestamp="2023-06-02T09:24:58.563">
  <scavenger-info tenureage="14" tenuremask="4000" tiltratio="89" />
  <memory-copied type="nursery" objects="230167" bytes="8426464" bytesdiscarded="577048" />
  <finalization candidates="1053" enqueued="1052" />
  <ownableSynchronizers candidates="49476" cleared="48771" />
  <references type="soft" candidates="2597" cleared="0" enqueued="0" dynamicThreshold="3" maxThreshold="32" />
  <references type="weak" candidates="2455" cleared="2" enqueued="2" />
</gc-op>
<gc-end id="3228" type="scavenge" contextid="3224" durationms="4.103" usertimems="0.000" systemtimems="0.000" timestamp="2023-06-02T09:24:58.563" activeThreads="16">
  <mem-info id="3229" free="302457104" total="1073741824" percent="28">
    <mem type="nursery" free="232549352" total="268435456" percent="86">
      <mem type="allocate" free="232549352" total="241565696" percent="96" />
      <mem type="survivor" free="0" total="26869760" percent="0" />
    </mem>
    <mem type="tenure" free="69907752" total="805306368" percent="8" macro-fragmented="502401">
      <mem type="soa" free="34098488" total="765040640" percent="4" />
      <mem type="loa" free="35809264" total="40265728" percent="88" />
    </mem>
    <pending-finalizers system="166" default="886" reference="2" classloader="0" />
    <remembered-set count="3616" />
  </mem-info>
</gc-end>
<cycle-end id="3230" type="scavenge" contextid="3224" timestamp="2023-06-02T09:24:58.565" />
<allocation-satisfied id="3231" threadId="00000000102F2000" bytesRequested="16" />
<af-end id="3232" timestamp="2023-06-02T09:24:58.566" threadId="00000000102F2980" success="true" from="nursery"/>
<exclusive-end id="3233" timestamp="2023-06-02T09:24:58.566" durationms="10.387" />

<exclusive-start id="3234" timestamp="2023-06-02T09:25:00.424" intervalms="1867.927">
  <response-info timems="0.082" idlems="0.082" threads="0" lastid="00000000102F2000" lastname="[SQL@09:24:59.327], INSERT INTO PLANNING.TEST_CASE(STATE_ID, IT" />
</exclusive-start>
<af-start id="3235" threadId="00000000102F2980" totalBytesRequested="72" timestamp="2023-06-02T09:25:00.424" intervalms="1867.928" type="nursery" />
<cycle-start id="3236" type="scavenge" contextid="0" timestamp="2023-06-02T09:25:00.424" intervalms="1867.932" />
<gc-start id="3237" type="scavenge" contextid="3236" timestamp="2023-06-02T09:25:00.428">
  <mem-info id="3238" free="69906496" total="1073741824" percent="6">
    <mem type="nursery" free="0" total="268435456" percent="0">
      <mem type="allocate" free="0" total="241565696" percent="0" />
      <mem type="survivor" free="0" total="26869760" percent="0" />
    </mem>
    <mem type="tenure" free="69906496" total="805306368" percent="8">
      <mem type="soa" free="34097232" total="765040640" percent="4" />
      <mem type="loa" free="35809264" total="40265728" percent="88" />
    </mem>
    <remembered-set count="7056" />
  </mem-info>
</gc-start>
<allocation-stats totalBytes="232428912" >
  <allocated-bytes non-tlh="461192" tlh="231967720" />
  <largest-consumer threadName="[SQL@09:24:59.327], INSERT INTO PLANNING.TEST_CASE(STATE_ID, ITEM_ID, CONTEXT_ID, MODIFIED, MODIFIED_BY_ITEM_ID, STRING_EXTENSI..." threadId="00000000102F2000" bytes="222232584" />
</allocation-stats>
<gc-op id="3239" type="scavenge" timems="7.904" contextid="3236" timestamp="2023-06-02T09:25:00.436">
  <scavenger-info tenureage="3" tenuremask="4018" tiltratio="89" />
  <memory-copied type="nursery" objects="424533" bytes="16459672" bytesdiscarded="211288" />
  <memory-copied type="tenure" objects="77280" bytes="2914184" bytesdiscarded="19240" />
  <finalization candidates="514" enqueued="513" />
  <ownableSynchronizers candidates="27095" cleared="23572" />
  <references type="soft" candidates="1665" cleared="0" enqueued="0" dynamicThreshold="3" maxThreshold="32" />
  <references type="weak" candidates="1583" cleared="4" enqueued="3" />
</gc-op>
<gc-end id="3240" type="scavenge" contextid="3236" durationms="8.262" usertimems="0.000" systemtimems="0.000" timestamp="2023-06-02T09:25:00.436" activeThreads="16">
  <mem-info id="3241" free="291283600" total="1073741824" percent="27">
    <mem type="nursery" free="224686736" total="268435456" percent="83">
      <mem type="allocate" free="224686736" total="241369088" percent="93" />
      <mem type="survivor" free="0" total="27066368" percent="0" />
    </mem>
    <mem type="tenure" free="66596864" total="805306368" percent="8" macro-fragmented="0">
      <mem type="soa" free="30787600" total="765040640" percent="4" />
      <mem type="loa" free="35809264" total="40265728" percent="88" />
    </mem>
    <pending-finalizers system="64" default="449" reference="3" classloader="0" />
    <remembered-set count="5997" />
  </mem-info>
</gc-end>
<cycle-end id="3242" type="scavenge" contextid="3236" timestamp="2023-06-02T09:25:00.439" />
<allocation-satisfied id="3243" threadId="00000000102F2000" bytesRequested="72" />
<af-end id="3244" timestamp="2023-06-02T09:25:00.439" threadId="00000000102F2980" success="true" from="nursery"/>
<exclusive-end id="3245" timestamp="2023-06-02T09:25:00.439" durationms="15.953" />

<exclusive-start id="3246" timestamp="2023-06-02T09:25:01.809" intervalms="1385.441">
  <response-info timems="0.087" idlems="0.087" threads="0" lastid="00000000102F2000" lastname="Default Executor-thread-59 @@ 09:24 PiotrAniola &lt;Mozilla/5.0" />
</exclusive-start>
<af-start id="3247" threadId="00000000102F2980" totalBytesRequested="80" timestamp="2023-06-02T09:25:01.809" intervalms="1385.498" type="nursery" />
<cycle-start id="3248" type="scavenge" contextid="0" timestamp="2023-06-02T09:25:01.809" intervalms="1385.560" />
<gc-start id="3249" type="scavenge" contextid="3248" timestamp="2023-06-02T09:25:01.815">
  <mem-info id="3250" free="66596384" total="1073741824" percent="6">
    <mem type="nursery" free="0" total="268435456" percent="0">
      <mem type="allocate" free="0" total="241369088" percent="0" />
      <mem type="survivor" free="0" total="27066368" percent="0" />
    </mem>
    <mem type="tenure" free="66596384" total="805306368" percent="8">
      <mem type="soa" free="30787120" total="765040640" percent="4" />
      <mem type="loa" free="35809264" total="40265728" percent="88" />
    </mem>
    <remembered-set count="6923" />
  </mem-info>
</gc-start>
<allocation-stats totalBytes="224546960" >
  <allocated-bytes non-tlh="378344" tlh="224168616" />
  <largest-consumer threadName="Default Executor-thread-59 @@ 09:24 PiotrAniola &lt;Mozilla/5.0 (Windows NT 10.0; Win64; x64; rv:109.0) Gecko/20100101 Firefox/..." threadId="00000000102F2000" bytes="217286064" />
</allocation-stats>
<gc-op id="3251" type="scavenge" timems="5.555" contextid="3248" timestamp="2023-06-02T09:25:01.821">
  <scavenger-info tenureage="14" tenuremask="4000" tiltratio="89" />
  <memory-copied type="nursery" objects="288952" bytes="12591240" bytesdiscarded="354744" />
  <finalization candidates="1407" enqueued="1405" />
  <ownableSynchronizers candidates="12694" cleared="5719" />
  <references type="soft" candidates="1671" cleared="0" enqueued="0" dynamicThreshold="3" maxThreshold="32" />
  <references type="weak" candidates="1585" cleared="0" enqueued="0" />
  <references type="phantom" candidates="1" cleared="0" enqueued="0" />
</gc-op>
<gc-end id="3252" type="scavenge" contextid="3248" durationms="5.925" usertimems="15.625" systemtimems="0.000" timestamp="2023-06-02T09:25:01.821" activeThreads="16">
  <mem-info id="3253" free="295212024" total="1073741824" percent="27">
    <mem type="nursery" free="228615640" total="268435456" percent="85">
      <mem type="allocate" free="228615640" total="241565696" percent="94" />
      <mem type="survivor" free="0" total="26869760" percent="0" />
    </mem>
    <mem type="tenure" free="66596384" total="805306368" percent="8" macro-fragmented="0">
      <mem type="soa" free="30787120" total="765040640" percent="4" />
      <mem type="loa" free="35809264" total="40265728" percent="88" />
    </mem>
    <pending-finalizers system="1327" default="78" reference="0" classloader="0" />
    <remembered-set count="6315" />
  </mem-info>
</gc-end>
<cycle-end id="3254" type="scavenge" contextid="3248" timestamp="2023-06-02T09:25:01.825" />
<allocation-satisfied id="3255" threadId="00000000102F2000" bytesRequested="80" />
<af-end id="3256" timestamp="2023-06-02T09:25:01.825" threadId="00000000102F2980" success="true" from="nursery"/>
<exclusive-end id="3257" timestamp="2023-06-02T09:25:01.825" durationms="16.268" />

<exclusive-start id="3258" timestamp="2023-06-02T09:25:02.901" intervalms="1091.806">
  <response-info timems="0.130" idlems="0.130" threads="0" lastid="0000000001733F00" lastname="Default Executor-thread-5 @@ 09:25 &lt;unauthenticated&gt; &lt;" />
</exclusive-start>
<af-start id="3259" threadId="0000000001734880" totalBytesRequested="72" timestamp="2023-06-02T09:25:02.901" intervalms="1091.760" type="nursery" />
<cycle-start id="3260" type="scavenge" contextid="0" timestamp="2023-06-02T09:25:02.901" intervalms="1091.709" />
<gc-start id="3261" type="scavenge" contextid="3260" timestamp="2023-06-02T09:25:02.908">
  <mem-info id="3262" free="66564768" total="1073741824" percent="6">
    <mem type="nursery" free="0" total="268435456" percent="0">
      <mem type="allocate" free="0" total="241565696" percent="0" />
      <mem type="survivor" free="0" total="26869760" percent="0" />
    </mem>
    <mem type="tenure" free="66564768" total="805306368" percent="8">
      <mem type="soa" free="30755504" total="765040640" percent="4" />
      <mem type="loa" free="35809264" total="40265728" percent="88" />
    </mem>
    <remembered-set count="10151" />
  </mem-info>
</gc-start>
<allocation-stats totalBytes="228470968" >
  <allocated-bytes non-tlh="37216904" tlh="191254064" />
  <largest-consumer threadName="Default Executor-thread-59 @@ 09:24 PiotrAniola &lt;Mozilla/5.0 (Windows NT 10.0; Win64; x64; rv:109.0) Gecko/20100101 Firefox/..." threadId="00000000102F2000" bytes="99268560" />
</allocation-stats>
<gc-op id="3263" type="scavenge" timems="6.911" contextid="3260" timestamp="2023-06-02T09:25:02.915">
  <scavenger-info tenureage="3" tenuremask="4018" tiltratio="89" />
  <memory-copied type="nursery" objects="245767" bytes="12769504" bytesdiscarded="248184" />
  <memory-copied type="tenure" objects="76636" bytes="2846176" bytesdiscarded="19320" />
  <finalization candidates="1357" enqueued="1327" />
  <ownableSynchronizers candidates="17476" cleared="15113" />
  <references type="soft" candidates="1123" cleared="0" enqueued="0" dynamicThreshold="3" maxThreshold="32" />
  <references type="weak" candidates="478" cleared="55" enqueued="39" />
  <references type="phantom" candidates="10" cleared="0" enqueued="0" />
</gc-op>
<gc-end id="3264" type="scavenge" contextid="3260" durationms="7.279" usertimems="0.000" systemtimems="0.000" timestamp="2023-06-02T09:25:02.915" activeThreads="16">
  <mem-info id="3265" free="292302760" total="1073741824" percent="27">
    <mem type="nursery" free="228529928" total="268435456" percent="85">
      <mem type="allocate" free="228529928" total="241565696" percent="94" />
      <mem type="survivor" free="0" total="26869760" percent="0" />
    </mem>
    <mem type="tenure" free="63772832" total="805306368" percent="7" macro-fragmented="0">
      <mem type="soa" free="27963568" total="765040640" percent="3" />
      <mem type="loa" free="35809264" total="40265728" percent="88" />
    </mem>
    <pending-finalizers system="920" default="407" reference="39" classloader="0" />
    <remembered-set count="8135" />
  </mem-info>
</gc-end>
<cycle-end id="3266" type="scavenge" contextid="3260" timestamp="2023-06-02T09:25:02.929" />
<allocation-satisfied id="3267" threadId="0000000001733F00" bytesRequested="72" />
<af-end id="3268" timestamp="2023-06-02T09:25:02.929" threadId="0000000001734880" success="true" from="nursery"/>
<exclusive-end id="3269" timestamp="2023-06-02T09:25:02.929" durationms="29.083" />

<exclusive-start id="3270" timestamp="2023-06-02T09:25:03.402" intervalms="501.934">
  <response-info timems="0.168" idlems="0.168" threads="0" lastid="000000001033F800" lastname="Default Executor-thread-60 @@ 09:25 &lt;unauthenticated&gt; " />
</exclusive-start>
<af-start id="3271" threadId="0000000010340180" totalBytesRequested="24" timestamp="2023-06-02T09:25:03.402" intervalms="501.939" type="nursery" />
<cycle-start id="3272" type="scavenge" contextid="0" timestamp="2023-06-02T09:25:03.402" intervalms="501.939" />
<gc-start id="3273" type="scavenge" contextid="3272" timestamp="2023-06-02T09:25:03.408">
  <mem-info id="3274" free="63770440" total="1073741824" percent="5">
    <mem type="nursery" free="0" total="268435456" percent="0">
      <mem type="allocate" free="0" total="241565696" percent="0" />
      <mem type="survivor" free="0" total="26869760" percent="0" />
    </mem>
    <mem type="tenure" free="63770440" total="805306368" percent="7">
      <mem type="soa" free="27961176" total="765040640" percent="3" />
      <mem type="loa" free="35809264" total="40265728" percent="88" />
    </mem>
    <remembered-set count="9972" />
  </mem-info>
</gc-start>
<allocation-stats totalBytes="228383072" >
  <allocated-bytes non-tlh="102452752" tlh="125930320" />
  <largest-consumer threadName="Default Executor-thread-49" threadId="000000000BB76600" bytes="43942752" />
</allocation-stats>
<gc-op id="3275" type="scavenge" timems="5.285" contextid="3272" timestamp="2023-06-02T09:25:03.414">
  <scavenger-info tenureage="14" tenuremask="4000" tiltratio="89" />
  <memory-copied type="nursery" objects="249946" bytes="13194008" bytesdiscarded="206088" />
  <finalization candidates="415" enqueued="379" />
  <ownableSynchronizers candidates="10820" cleared="8680" />
  <references type="soft" candidates="1279" cleared="0" enqueued="0" dynamicThreshold="3" maxThreshold="32" />
  <references type="weak" candidates="564" cleared="26" enqueued="7" />
  <references type="phantom" candidates="8" cleared="0" enqueued="0" />
</gc-op>
<gc-end id="3276" type="scavenge" contextid="3272" durationms="5.681" usertimems="0.000" systemtimems="0.000" timestamp="2023-06-02T09:25:03.414" activeThreads="16">
  <mem-info id="3277" free="291920104" total="1073741824" percent="27">
    <mem type="nursery" free="228149664" total="268435456" percent="84">
      <mem type="allocate" free="228149664" total="241565696" percent="94" />
      <mem type="survivor" free="0" total="26869760" percent="0" />
    </mem>
    <mem type="tenure" free="63770440" total="805306368" percent="7" macro-fragmented="0">
      <mem type="soa" free="27961176" total="765040640" percent="3" />
      <mem type="loa" free="35809264" total="40265728" percent="88" />
    </mem>
    <pending-finalizers system="137" default="242" reference="7" classloader="0" />
    <remembered-set count="8554" />
  </mem-info>
</gc-end>
<cycle-end id="3278" type="scavenge" contextid="3272" timestamp="2023-06-02T09:25:03.422" />
<allocation-satisfied id="3279" threadId="000000001033F800" bytesRequested="24" />
<af-end id="3280" timestamp="2023-06-02T09:25:03.423" threadId="0000000010340180" success="true" from="nursery"/>
<exclusive-end id="3281" timestamp="2023-06-02T09:25:03.423" durationms="20.439" />

<exclusive-start id="3282" timestamp="2023-06-02T09:25:04.000" intervalms="597.654">
  <response-info timems="0.157" idlems="0.157" threads="0" lastid="000000000B726D00" lastname="[SQL@09:25:03.994], select t1.ITEM_ID, 78, t1.SUBJECT_ITEM_ITEM" />
</exclusive-start>
<af-start id="3283" threadId="000000000B727680" totalBytesRequested="33554440" timestamp="2023-06-02T09:25:04.000" intervalms="597.711" type="nursery" />
<cycle-start id="3284" type="scavenge" contextid="0" timestamp="2023-06-02T09:25:04.000" intervalms="597.711" />
<gc-start id="3285" type="scavenge" contextid="3284" timestamp="2023-06-02T09:25:04.007">
  <mem-info id="3286" free="73815256" total="1073741824" percent="6">
    <mem type="nursery" free="10045848" total="268435456" percent="3">
      <mem type="allocate" free="10045848" total="241565696" percent="4" />
      <mem type="survivor" free="0" total="26869760" percent="0" />
    </mem>
    <mem type="tenure" free="63769408" total="805306368" percent="7">
      <mem type="soa" free="27960144" total="765040640" percent="3" />
      <mem type="loa" free="35809264" total="40265728" percent="88" />
    </mem>
    <remembered-set count="10463" />
  </mem-info>
</gc-start>
<allocation-stats totalBytes="217847352" >
  <allocated-bytes non-tlh="68906824" tlh="148940528" />
  <largest-consumer threadName="Default Executor-thread-58" threadId="000000001104EA00" bytes="44541144" />
</allocation-stats>
<gc-op id="3287" type="scavenge" timems="6.555" contextid="3284" timestamp="2023-06-02T09:25:04.013">
  <scavenger-info tenureage="4" tenuremask="4010" tiltratio="89" />
  <memory-copied type="nursery" objects="234257" bytes="11759016" bytesdiscarded="303176" />
  <memory-copied type="tenure" objects="64138" bytes="3475264" bytesdiscarded="55888" />
  <finalization candidates="546" enqueued="510" />
  <ownableSynchronizers candidates="10574" cleared="8361" />
  <references type="soft" candidates="1135" cleared="0" enqueued="0" dynamicThreshold="3" maxThreshold="32" />
  <references type="weak" candidates="507" cleared="30" enqueued="10" />
  <references type="phantom" candidates="5" cleared="0" enqueued="0" />
</gc-op>
<gc-end id="3288" type="scavenge" contextid="3284" durationms="7.013" usertimems="46.875" systemtimems="0.000" timestamp="2023-06-02T09:25:04.015" activeThreads="16">
  <mem-info id="3289" free="289781224" total="1073741824" percent="26">
    <mem type="nursery" free="229485088" total="268435456" percent="85">
      <mem type="allocate" free="229485088" total="241565696" percent="94" />
      <mem type="survivor" free="0" total="26869760" percent="0" />
    </mem>
    <mem type="tenure" free="60296136" total="805306368" percent="7" macro-fragmented="0">
      <mem type="soa" free="24486872" total="765040640" percent="3" />
      <mem type="loa" free="35809264" total="40265728" percent="88" />
    </mem>
    <pending-finalizers system="177" default="333" reference="10" classloader="0" />
    <remembered-set count="7794" />
  </mem-info>
</gc-end>
<cycle-end id="3290" type="scavenge" contextid="3284" timestamp="2023-06-02T09:25:04.021" />
<allocation-satisfied id="3291" threadId="000000000B726D00" bytesRequested="33554440" />
<af-end id="3292" timestamp="2023-06-02T09:25:04.023" threadId="000000000B727680" success="true" from="nursery"/>
<exclusive-end id="3293" timestamp="2023-06-02T09:25:04.023" durationms="23.048" />

<exclusive-start id="3294" timestamp="2023-06-02T09:25:04.756" intervalms="754.979">
  <response-info timems="0.150" idlems="0.150" threads="0" lastid="0000000001874E00" lastname="[SQL@09:25:04.750], select t1.ITEM_ID, 78, t1.SUBJECT_ITEM_ITEM" />
</exclusive-start>
<af-start id="3295" threadId="0000000001875780" totalBytesRequested="33554440" timestamp="2023-06-02T09:25:04.756" intervalms="754.932" type="nursery" />
<cycle-start id="3296" type="scavenge" contextid="0" timestamp="2023-06-02T09:25:04.756" intervalms="754.928" />
<gc-start id="3297" type="scavenge" contextid="3296" timestamp="2023-06-02T09:25:04.761">
  <mem-info id="3298" free="68434768" total="1073741824" percent="6">
    <mem type="nursery" free="8139264" total="268435456" percent="3">
      <mem type="allocate" free="8139264" total="241565696" percent="3" />
      <mem type="survivor" free="0" total="26869760" percent="0" />
    </mem>
    <mem type="tenure" free="60295504" total="805306368" percent="7">
      <mem type="soa" free="24486240" total="765040640" percent="3" />
      <mem type="loa" free="35809264" total="40265728" percent="88" />
    </mem>
    <remembered-set count="9525" />
  </mem-info>
</gc-start>
<allocation-stats totalBytes="221173352" >
  <allocated-bytes non-tlh="68405912" tlh="152767440" />
  <largest-consumer threadName="Default Executor-thread-48" threadId="000000000B726D00" bytes="42432416" />
</allocation-stats>
<gc-op id="3299" type="scavenge" timems="4.578" contextid="3296" timestamp="2023-06-02T09:25:04.765">
  <scavenger-info tenureage="14" tenuremask="4000" tiltratio="89" />
  <memory-copied type="nursery" objects="241589" bytes="12181792" bytesdiscarded="297200" />
  <finalization candidates="521" enqueued="479" />
  <ownableSynchronizers candidates="10440" cleared="8524" />
  <references type="soft" candidates="1264" cleared="0" enqueued="0" dynamicThreshold="3" maxThreshold="32" />
  <references type="weak" candidates="628" cleared="57" enqueued="31" />
  <references type="phantom" candidates="15" cleared="0" enqueued="0" />
</gc-op>
<gc-end id="3300" type="scavenge" contextid="3296" durationms="4.974" usertimems="0.000" systemtimems="0.000" timestamp="2023-06-02T09:25:04.765" activeThreads="16">
  <mem-info id="3301" free="289364664" total="1073741824" percent="26">
    <mem type="nursery" free="229069160" total="268435456" percent="85">
      <mem type="allocate" free="229069160" total="241565696" percent="94" />
      <mem type="survivor" free="0" total="26869760" percent="0" />
    </mem>
    <mem type="tenure" free="60295504" total="805306368" percent="7" macro-fragmented="0">
      <mem type="soa" free="24486240" total="765040640" percent="3" />
      <mem type="loa" free="35809264" total="40265728" percent="88" />
    </mem>
    <pending-finalizers system="166" default="313" reference="31" classloader="0" />
    <remembered-set count="7984" />
  </mem-info>
</gc-end>
<cycle-end id="3302" type="scavenge" contextid="3296" timestamp="2023-06-02T09:25:04.767" />
<allocation-satisfied id="3303" threadId="0000000001874E00" bytesRequested="33554440" />
<af-end id="3304" timestamp="2023-06-02T09:25:04.769" threadId="0000000001875780" success="true" from="nursery"/>
<exclusive-end id="3305" timestamp="2023-06-02T09:25:04.769" durationms="13.154" />

<exclusive-start id="3306" timestamp="2023-06-02T09:25:05.272" intervalms="516.471">
  <response-info timems="0.123" idlems="0.123" threads="0" lastid="000000000AB91D00" lastname="qm: AsynchronousTaskRunner-1 @@ 09:25" />
</exclusive-start>
<af-start id="3307" threadId="000000000AB92680" totalBytesRequested="168" timestamp="2023-06-02T09:25:05.272" intervalms="516.454" type="nursery" />
<cycle-start id="3308" type="scavenge" contextid="0" timestamp="2023-06-02T09:25:05.272" intervalms="516.445" />
<gc-start id="3309" type="scavenge" contextid="3308" timestamp="2023-06-02T09:25:05.275">
  <mem-info id="3310" free="60295032" total="1073741824" percent="5">
    <mem type="nursery" free="0" total="268435456" percent="0">
      <mem type="allocate" free="0" total="241565696" percent="0" />
      <mem type="survivor" free="0" total="26869760" percent="0" />
    </mem>
    <mem type="tenure" free="60295032" total="805306368" percent="7">
      <mem type="soa" free="24485768" total="765040640" percent="3" />
      <mem type="loa" free="35809264" total="40265728" percent="88" />
    </mem>
    <remembered-set count="9496" />
  </mem-info>
</gc-start>
<allocation-stats totalBytes="228916608" >
  <allocated-bytes non-tlh="102057440" tlh="126859168" />
  <largest-consumer threadName="Default Executor-thread-5" threadId="0000000001733F00" bytes="44725752" />
</allocation-stats>
<gc-op id="3311" type="scavenge" timems="4.286" contextid="3308" timestamp="2023-06-02T09:25:05.280">
  <scavenger-info tenureage="4" tenuremask="4010" tiltratio="89" />
  <memory-copied type="nursery" objects="64733" bytes="3708304" bytesdiscarded="717264" />
  <memory-copied type="tenure" objects="135701" bytes="6679240" bytesdiscarded="55192" />
  <finalization candidates="426" enqueued="380" />
  <ownableSynchronizers candidates="9925" cleared="7983" />
  <references type="soft" candidates="586" cleared="0" enqueued="0" dynamicThreshold="3" maxThreshold="32" />
  <references type="weak" candidates="492" cleared="54" enqueued="35" />
  <references type="phantom" candidates="14" cleared="0" enqueued="0" />
</gc-op>
<gc-end id="3312" type="scavenge" contextid="3308" durationms="4.646" usertimems="15.625" systemtimems="0.000" timestamp="2023-06-02T09:25:05.280" activeThreads="16">
  <mem-info id="3313" free="290567688" total="1073741824" percent="27">
    <mem type="nursery" free="237129432" total="268435456" percent="88">
      <mem type="allocate" free="237129432" total="241565696" percent="98" />
      <mem type="survivor" free="0" total="26869760" percent="0" />
    </mem>
    <mem type="tenure" free="53438256" total="805306368" percent="6" macro-fragmented="0">
      <mem type="soa" free="17628992" total="765040640" percent="2" />
      <mem type="loa" free="35809264" total="40265728" percent="88" />
    </mem>
    <pending-finalizers system="127" default="253" reference="35" classloader="0" />
    <remembered-set count="5219" />
  </mem-info>
</gc-end>
<cycle-end id="3314" type="scavenge" contextid="3308" timestamp="2023-06-02T09:25:05.281" />
<allocation-satisfied id="3315" threadId="000000000AB91D00" bytesRequested="168" />
<af-end id="3316" timestamp="2023-06-02T09:25:05.281" threadId="000000000AB92680" success="true" from="nursery"/>
<exclusive-end id="3317" timestamp="2023-06-02T09:25:05.281" durationms="9.853" />

<exclusive-start id="3318" timestamp="2023-06-02T09:25:05.926" intervalms="653.970">
  <response-info timems="0.145" idlems="0.145" threads="0" lastid="0000000001874E00" lastname="[SQL@09:25:05.922], select t1.ITEM_ID, 78, t1.SUBJECT_ITEM_ITEM" />
</exclusive-start>
<af-start id="3319" threadId="0000000001875780" totalBytesRequested="33554440" timestamp="2023-06-02T09:25:05.926" intervalms="653.994" type="nursery" />
<cycle-start id="3320" type="scavenge" contextid="0" timestamp="2023-06-02T09:25:05.926" intervalms="654.004" />
<gc-start id="3321" type="scavenge" contextid="3320" timestamp="2023-06-02T09:25:05.930">
  <mem-info id="3322" free="77489496" total="1073741824" percent="7">
    <mem type="nursery" free="24051760" total="268435456" percent="8">
      <mem type="allocate" free="24051760" total="241565696" percent="9" />
      <mem type="survivor" free="0" total="26869760" percent="0" />
    </mem>
    <mem type="tenure" free="53437736" total="805306368" percent="6">
      <mem type="soa" free="17628472" total="765040640" percent="2" />
      <mem type="loa" free="35809264" total="40265728" percent="88" />
    </mem>
    <remembered-set count="6974" />
  </mem-info>
</gc-start>
<allocation-stats totalBytes="212948536" >
  <allocated-bytes non-tlh="68743344" tlh="144205192" />
  <largest-consumer threadName="Default Executor-thread-7" threadId="00000000015D4D00" bytes="44119864" />
</allocation-stats>
<gc-op id="3323" type="scavenge" timems="3.228" contextid="3320" timestamp="2023-06-02T09:25:05.934">
  <scavenger-info tenureage="6" tenuremask="4040" tiltratio="89" />
  <memory-copied type="nursery" objects="90291" bytes="5408888" bytesdiscarded="218120" />
  <memory-copied type="tenure" objects="23655" bytes="850296" bytesdiscarded="2792" />
  <finalization candidates="484" enqueued="444" />
  <ownableSynchronizers candidates="7649" cleared="7049" />
  <references type="soft" candidates="693" cleared="0" enqueued="0" dynamicThreshold="3" maxThreshold="32" />
  <references type="weak" candidates="440" cleared="22" enqueued="7" />
  <references type="phantom" candidates="1" cleared="0" enqueued="0" />
</gc-op>
<gc-end id="3324" type="scavenge" contextid="3320" durationms="3.643" usertimems="15.625" systemtimems="0.000" timestamp="2023-06-02T09:25:05.934" activeThreads="16">
  <mem-info id="3325" free="288538616" total="1073741824" percent="26">
    <mem type="nursery" free="235926104" total="268435456" percent="87">
      <mem type="allocate" free="235926104" total="241565696" percent="97" />
      <mem type="survivor" free="0" total="26869760" percent="0" />
    </mem>
    <mem type="tenure" free="52612512" total="805306368" percent="6" macro-fragmented="0">
      <mem type="soa" free="16803248" total="765040640" percent="2" />
      <mem type="loa" free="35809264" total="40265728" percent="88" />
    </mem>
    <pending-finalizers system="197" default="247" reference="7" classloader="0" />
    <remembered-set count="4024" />
  </mem-info>
</gc-end>
<cycle-end id="3326" type="scavenge" contextid="3320" timestamp="2023-06-02T09:25:05.936" />
<allocation-satisfied id="3327" threadId="0000000001874E00" bytesRequested="33554440" />
<af-end id="3328" timestamp="2023-06-02T09:25:05.937" threadId="0000000001875780" success="true" from="nursery"/>
<exclusive-end id="3329" timestamp="2023-06-02T09:25:05.937" durationms="11.321" />

<exclusive-start id="3330" timestamp="2023-06-02T09:25:06.594" intervalms="667.806">
  <response-info timems="0.385" idlems="0.385" threads="0" lastid="00000000018AE900" lastname="[SQL@09:25:06.590], select t1.ITEM_ID, 78, t1.SUBJECT_ITEM_ITEM" />
</exclusive-start>
<af-start id="3331" threadId="00000000018AF280" totalBytesRequested="33554440" timestamp="2023-06-02T09:25:06.594" intervalms="668.139" type="nursery" />
<cycle-start id="3332" type="scavenge" contextid="0" timestamp="2023-06-02T09:25:06.595" intervalms="668.337" />
<gc-start id="3333" type="scavenge" contextid="3332" timestamp="2023-06-02T09:25:06.598">
  <mem-info id="3334" free="61759472" total="1073741824" percent="5">
    <mem type="nursery" free="9146960" total="268435456" percent="3">
      <mem type="allocate" free="9146960" total="241565696" percent="3" />
      <mem type="survivor" free="0" total="26869760" percent="0" />
    </mem>
    <mem type="tenure" free="52612512" total="805306368" percent="6">
      <mem type="soa" free="16803248" total="765040640" percent="2" />
      <mem type="loa" free="35809264" total="40265728" percent="88" />
    </mem>
    <remembered-set count="5789" />
  </mem-info>
</gc-start>
<allocation-stats totalBytes="226633256" >
  <allocated-bytes non-tlh="68436968" tlh="158196288" />
  <largest-consumer threadName="Default Executor-thread-9" threadId="0000000001742F00" bytes="42562576" />
</allocation-stats>
<gc-op id="3335" type="scavenge" timems="2.766" contextid="3332" timestamp="2023-06-02T09:25:06.601">
  <scavenger-info tenureage="14" tenuremask="4000" tiltratio="89" />
  <memory-copied type="nursery" objects="91824" bytes="4984904" bytesdiscarded="211504" />
  <finalization candidates="438" enqueued="392" />
  <ownableSynchronizers candidates="8519" cleared="8096" />
  <references type="soft" candidates="760" cleared="0" enqueued="0" dynamicThreshold="3" maxThreshold="32" />
  <references type="weak" candidates="550" cleared="30" enqueued="6" />
  <references type="phantom" candidates="1" cleared="0" enqueued="0" />
</gc-op>
<gc-end id="3336" type="scavenge" contextid="3332" durationms="3.115" usertimems="0.000" systemtimems="0.000" timestamp="2023-06-02T09:25:06.601" activeThreads="16">
  <mem-info id="3337" free="288971416" total="1073741824" percent="26">
    <mem type="nursery" free="236358904" total="268435456" percent="88">
      <mem type="allocate" free="236358904" total="241565696" percent="97" />
      <mem type="survivor" free="0" total="26869760" percent="0" />
    </mem>
    <mem type="tenure" free="52612512" total="805306368" percent="6" macro-fragmented="0">
      <mem type="soa" free="16803248" total="765040640" percent="2" />
      <mem type="loa" free="35809264" total="40265728" percent="88" />
    </mem>
    <pending-finalizers system="133" default="259" reference="6" classloader="0" />
    <remembered-set count="4234" />
  </mem-info>
</gc-end>
<cycle-end id="3338" type="scavenge" contextid="3332" timestamp="2023-06-02T09:25:06.602" />
<allocation-satisfied id="3339" threadId="00000000018AE900" bytesRequested="33554440" />
<af-end id="3340" timestamp="2023-06-02T09:25:06.605" threadId="00000000018AF280" success="true" from="nursery"/>
<exclusive-end id="3341" timestamp="2023-06-02T09:25:06.605" durationms="11.968" />

<exclusive-start id="3342" timestamp="2023-06-02T09:25:07.172" intervalms="579.398">
  <response-info timems="0.163" idlems="0.163" threads="0" lastid="000000000B726D00" lastname="Default Executor-thread-48 @@ 09:25 PiotrAniola &lt;Mozilla/5.0" />
</exclusive-start>
<af-start id="3343" threadId="000000000B727680" totalBytesRequested="128" timestamp="2023-06-02T09:25:07.174" intervalms="579.094" type="nursery" />
<cycle-start id="3344" type="scavenge" contextid="0" timestamp="2023-06-02T09:25:07.174" intervalms="578.939" />
<gc-start id="3345" type="scavenge" contextid="3344" timestamp="2023-06-02T09:25:07.177">
  <mem-info id="3346" free="52611648" total="1073741824" percent="4">
    <mem type="nursery" free="0" total="268435456" percent="0">
      <mem type="allocate" free="0" total="241565696" percent="0" />
      <mem type="survivor" free="0" total="26869760" percent="0" />
    </mem>
    <mem type="tenure" free="52611648" total="805306368" percent="6">
      <mem type="soa" free="16802384" total="765040640" percent="2" />
      <mem type="loa" free="35809264" total="40265728" percent="88" />
    </mem>
    <remembered-set count="5774" />
  </mem-info>
</gc-start>
<allocation-stats totalBytes="236224136" >
  <allocated-bytes non-tlh="101991640" tlh="134232496" />
  <largest-consumer threadName="Default Executor-thread-64" threadId="0000000010678200" bytes="41896608" />
</allocation-stats>
<gc-op id="3347" type="scavenge" timems="3.181" contextid="3344" timestamp="2023-06-02T09:25:07.181">
  <scavenger-info tenureage="14" tenuremask="4000" tiltratio="89" />
  <memory-copied type="nursery" objects="55535" bytes="3803048" bytesdiscarded="216440" />
  <finalization candidates="447" enqueued="397" />
  <ownableSynchronizers candidates="8708" cleared="8277" />
  <references type="soft" candidates="842" cleared="0" enqueued="0" dynamicThreshold="3" maxThreshold="32" />
  <references type="weak" candidates="579" cleared="29" enqueued="7" />
  <references type="phantom" candidates="1" cleared="0" enqueued="0" />
</gc-op>
<gc-end id="3348" type="scavenge" contextid="3344" durationms="3.502" usertimems="0.000" systemtimems="0.000" timestamp="2023-06-02T09:25:07.181" activeThreads="16">
  <mem-info id="3349" free="290147776" total="1073741824" percent="27">
    <mem type="nursery" free="237536128" total="268435456" percent="88">
      <mem type="allocate" free="237536128" total="241565696" percent="98" />
      <mem type="survivor" free="0" total="26869760" percent="0" />
    </mem>
    <mem type="tenure" free="52611648" total="805306368" percent="6" macro-fragmented="0">
      <mem type="soa" free="16802384" total="765040640" percent="2" />
      <mem type="loa" free="35809264" total="40265728" percent="88" />
    </mem>
    <pending-finalizers system="132" default="265" reference="7" classloader="0" />
    <remembered-set count="4330" />
  </mem-info>
</gc-end>
<cycle-end id="3350" type="scavenge" contextid="3344" timestamp="2023-06-02T09:25:07.182" />
<allocation-satisfied id="3351" threadId="000000000B726D00" bytesRequested="128" />
<af-end id="3352" timestamp="2023-06-02T09:25:07.182" threadId="000000000B727680" success="true" from="nursery"/>
<exclusive-end id="3353" timestamp="2023-06-02T09:25:07.182" durationms="9.466" />

<exclusive-start id="3354" timestamp="2023-06-02T09:25:07.859" intervalms="686.034">
  <response-info timems="0.128" idlems="0.128" threads="0" lastid="000000000BB76600" lastname="Default Executor-thread-49 @@ 09:25 &lt;unauthenticated&gt; " />
</exclusive-start>
<af-start id="3355" threadId="000000000BB76F80" totalBytesRequested="72" timestamp="2023-06-02T09:25:07.859" intervalms="685.996" type="nursery" />
<cycle-start id="3356" type="scavenge" contextid="0" timestamp="2023-06-02T09:25:07.859" intervalms="685.954" />
<gc-start id="3357" type="scavenge" contextid="3356" timestamp="2023-06-02T09:25:07.861">
  <mem-info id="3358" free="52611416" total="1073741824" percent="4">
    <mem type="nursery" free="0" total="268435456" percent="0">
      <mem type="allocate" free="0" total="241565696" percent="0" />
      <mem type="survivor" free="0" total="26869760" percent="0" />
    </mem>
    <mem type="tenure" free="52611416" total="805306368" percent="6">
      <mem type="soa" free="16802152" total="765040640" percent="2" />
      <mem type="loa" free="35809264" total="40265728" percent="88" />
    </mem>
    <remembered-set count="5953" />
  </mem-info>
</gc-start>
<allocation-stats totalBytes="237301488" >
  <allocated-bytes non-tlh="68354512" tlh="168946976" />
  <largest-consumer threadName="Default Executor-thread-26" threadId="00000000018AE900" bytes="40655432" />
</allocation-stats>
<gc-op id="3359" type="scavenge" timems="4.029" contextid="3356" timestamp="2023-06-02T09:25:07.865">
  <scavenger-info tenureage="14" tenuremask="4000" tiltratio="89" />
  <memory-copied type="nursery" objects="60773" bytes="4031784" bytesdiscarded="481656" />
  <finalization candidates="497" enqueued="430" />
  <ownableSynchronizers candidates="9416" cleared="8954" />
  <references type="soft" candidates="929" cleared="0" enqueued="0" dynamicThreshold="3" maxThreshold="32" />
  <references type="weak" candidates="683" cleared="57" enqueued="35" />
  <references type="phantom" candidates="13" cleared="0" enqueued="0" />
</gc-op>
<gc-end id="3360" type="scavenge" contextid="3356" durationms="4.365" usertimems="0.000" systemtimems="0.000" timestamp="2023-06-02T09:25:07.865" activeThreads="16">
  <mem-info id="3361" free="289650600" total="1073741824" percent="26">
    <mem type="nursery" free="237039184" total="268435456" percent="88">
      <mem type="allocate" free="237039184" total="241565696" percent="98" />
      <mem type="survivor" free="0" total="26869760" percent="0" />
    </mem>
    <mem type="tenure" free="52611416" total="805306368" percent="6" macro-fragmented="0">
      <mem type="soa" free="16802152" total="765040640" percent="2" />
      <mem type="loa" free="35809264" total="40265728" percent="88" />
    </mem>
    <pending-finalizers system="160" default="270" reference="35" classloader="0" />
    <remembered-set count="4489" />
  </mem-info>
</gc-end>
<cycle-end id="3362" type="scavenge" contextid="3356" timestamp="2023-06-02T09:25:07.867" />
<allocation-satisfied id="3363" threadId="000000000BB76600" bytesRequested="72" />
<af-end id="3364" timestamp="2023-06-02T09:25:07.867" threadId="000000000BB76F80" success="true" from="nursery"/>
<exclusive-end id="3365" timestamp="2023-06-02T09:25:07.867" durationms="7.793" />

<exclusive-start id="3366" timestamp="2023-06-02T09:25:08.304" intervalms="445.175">
  <response-info timems="0.179" idlems="0.179" threads="0" lastid="000000000186A100" lastname="Default Executor-thread-20 @@ 09:25 &lt;unauthenticated&gt; " />
</exclusive-start>
<af-start id="3367" threadId="000000000186AA80" totalBytesRequested="72" timestamp="2023-06-02T09:25:08.304" intervalms="445.184" type="nursery" />
<cycle-start id="3368" type="scavenge" contextid="0" timestamp="2023-06-02T09:25:08.304" intervalms="445.207" />
<gc-start id="3369" type="scavenge" contextid="3368" timestamp="2023-06-02T09:25:08.306">
  <mem-info id="3370" free="52611416" total="1073741824" percent="4">
    <mem type="nursery" free="0" total="268435456" percent="0">
      <mem type="allocate" free="0" total="241565696" percent="0" />
      <mem type="survivor" free="0" total="26869760" percent="0" />
    </mem>
    <mem type="tenure" free="52611416" total="805306368" percent="6">
      <mem type="soa" free="16802152" total="765040640" percent="2" />
      <mem type="loa" free="35809264" total="40265728" percent="88" />
    </mem>
    <remembered-set count="5965" />
  </mem-info>
</gc-start>
<allocation-stats totalBytes="236862824" >
  <allocated-bytes non-tlh="102450216" tlh="134412608" />
  <largest-consumer threadName="Default Executor-thread-38" threadId="000000000B6A6500" bytes="40637064" />
</allocation-stats>
<gc-op id="3371" type="scavenge" timems="2.626" contextid="3368" timestamp="2023-06-02T09:25:08.308">
  <scavenger-info tenureage="8" tenuremask="4100" tiltratio="89" />
  <memory-copied type="nursery" objects="55048" bytes="3832280" bytesdiscarded="182832" />
  <memory-copied type="tenure" objects="5340" bytes="379096" bytesdiscarded="1320" />
  <finalization candidates="403" enqueued="330" />
  <ownableSynchronizers candidates="9241" cleared="8770" />
  <references type="soft" candidates="841" cleared="0" enqueued="0" dynamicThreshold="3" maxThreshold="32" />
  <references type="weak" candidates="527" cleared="27" enqueued="6" />
  <references type="phantom" candidates="2" cleared="0" enqueued="0" />
</gc-op>
<gc-end id="3372" type="scavenge" contextid="3368" durationms="2.993" usertimems="0.000" systemtimems="0.000" timestamp="2023-06-02T09:25:08.308" activeThreads="16">
  <mem-info id="3373" free="289837624" total="1073741824" percent="26">
    <mem type="nursery" free="237541160" total="268435456" percent="88">
      <mem type="allocate" free="237541160" total="241565696" percent="98" />
      <mem type="survivor" free="0" total="26869760" percent="0" />
    </mem>
    <mem type="tenure" free="52296464" total="805306368" percent="6" macro-fragmented="32832">
      <mem type="soa" free="16487200" total="765040640" percent="2" />
      <mem type="loa" free="35809264" total="40265728" percent="88" />
    </mem>
    <pending-finalizers system="112" default="218" reference="6" classloader="0" />
    <remembered-set count="4439" />
  </mem-info>
</gc-end>
<cycle-end id="3374" type="scavenge" contextid="3368" timestamp="2023-06-02T09:25:08.310" />
<allocation-satisfied id="3375" threadId="000000000186A100" bytesRequested="72" />
<af-end id="3376" timestamp="2023-06-02T09:25:08.310" threadId="000000000186AA80" success="true" from="nursery"/>
<exclusive-end id="3377" timestamp="2023-06-02T09:25:08.310" durationms="6.483" />

<exclusive-start id="3378" timestamp="2023-06-02T09:25:08.906" intervalms="601.840">
  <response-info timems="0.081" idlems="0.081" threads="0" lastid="0000000001874E00" lastname="[SQL@09:25:08.903], select t1.ITEM_ID, 78, t1.SUBJECT_ITEM_ITEM" />
</exclusive-start>
<af-start id="3379" threadId="0000000001875780" totalBytesRequested="33554440" timestamp="2023-06-02T09:25:08.906" intervalms="601.822" type="nursery" />
<cycle-start id="3380" type="scavenge" contextid="0" timestamp="2023-06-02T09:25:08.906" intervalms="601.789" />
<gc-start id="3381" type="scavenge" contextid="3380" timestamp="2023-06-02T09:25:08.907">
  <mem-info id="3382" free="74617400" total="1073741824" percent="6">
    <mem type="nursery" free="22320936" total="268435456" percent="8">
      <mem type="allocate" free="22320936" total="241565696" percent="9" />
      <mem type="survivor" free="0" total="26869760" percent="0" />
    </mem>
    <mem type="tenure" free="52296464" total="805306368" percent="6">
      <mem type="soa" free="16487200" total="765040640" percent="2" />
      <mem type="loa" free="35809264" total="40265728" percent="88" />
    </mem>
    <remembered-set count="6031" />
  </mem-info>
</gc-start>
<allocation-stats totalBytes="215122720" >
  <allocated-bytes non-tlh="68747400" tlh="146375320" />
  <largest-consumer threadName="[SQL@09:25:08.903], select t1.ITEM_ID, 78, t1.SUBJECT_ITEM_ITEM_ID, t1.JZ_SUBJECT_ITEM_DISCRIMINATOR, t1.OBJECT_ITEM_ITEM_ID, t..." threadId="0000000001874E00" bytes="46723464" />
</allocation-stats>
<gc-op id="3383" type="scavenge" timems="3.913" contextid="3380" timestamp="2023-06-02T09:25:08.911">
  <scavenger-info tenureage="14" tenuremask="4000" tiltratio="89" />
  <memory-copied type="nursery" objects="101640" bytes="6124552" bytesdiscarded="341968" />
  <finalization candidates="418" enqueued="356" />
  <ownableSynchronizers candidates="7564" cleared="7105" />
  <references type="soft" candidates="888" cleared="0" enqueued="0" dynamicThreshold="3" maxThreshold="32" />
  <references type="weak" candidates="556" cleared="25" enqueued="6" />
  <references type="phantom" candidates="2" cleared="0" enqueued="0" />
</gc-op>
<gc-end id="3384" type="scavenge" contextid="3380" durationms="4.344" usertimems="0.000" systemtimems="0.000" timestamp="2023-06-02T09:25:08.911" activeThreads="16">
  <mem-info id="3385" free="287384696" total="1073741824" percent="26">
    <mem type="nursery" free="235088232" total="268435456" percent="87">
      <mem type="allocate" free="235088232" total="241565696" percent="97" />
      <mem type="survivor" free="0" total="26869760" percent="0" />
    </mem>
    <mem type="tenure" free="52296464" total="805306368" percent="6" macro-fragmented="0">
      <mem type="soa" free="16487200" total="765040640" percent="2" />
      <mem type="loa" free="35809264" total="40265728" percent="88" />
    </mem>
    <pending-finalizers system="165" default="191" reference="6" classloader="0" />
    <remembered-set count="4501" />
  </mem-info>
</gc-end>
<cycle-end id="3386" type="scavenge" contextid="3380" timestamp="2023-06-02T09:25:08.914" />
<allocation-satisfied id="3387" threadId="0000000001874E00" bytesRequested="33554440" />
<af-end id="3388" timestamp="2023-06-02T09:25:08.915" threadId="0000000001875780" success="true" from="nursery"/>
<exclusive-end id="3389" timestamp="2023-06-02T09:25:08.915" durationms="9.194" />

<exclusive-start id="3390" timestamp="2023-06-02T09:25:09.475" intervalms="569.003">
  <response-info timems="0.129" idlems="0.129" threads="0" lastid="00000000018B5500" lastname="[SQL@09:25:09.472], select t1.ITEM_ID, 78, t1.SUBJECT_ITEM_ITEM" />
</exclusive-start>
<af-start id="3391" threadId="00000000018B5E80" totalBytesRequested="33554440" timestamp="2023-06-02T09:25:09.475" intervalms="569.018" type="nursery" />
<cycle-start id="3392" type="scavenge" contextid="0" timestamp="2023-06-02T09:25:09.475" intervalms="569.028" />
<gc-start id="3393" type="scavenge" contextid="3392" timestamp="2023-06-02T09:25:09.477">
  <mem-info id="3394" free="76087240" total="1073741824" percent="7">
    <mem type="nursery" free="23791000" total="268435456" percent="8">
      <mem type="allocate" free="23791000" total="241565696" percent="9" />
      <mem type="survivor" free="0" total="26869760" percent="0" />
    </mem>
    <mem type="tenure" free="52296240" total="805306368" percent="6">
      <mem type="soa" free="16486976" total="765040640" percent="2" />
      <mem type="loa" free="35809264" total="40265728" percent="88" />
    </mem>
    <remembered-set count="6003" />
  </mem-info>
</gc-start>
<allocation-stats totalBytes="211170216" >
  <allocated-bytes non-tlh="68371632" tlh="142798584" />
  <largest-consumer threadName="Default Executor-thread-5" threadId="0000000001733F00" bytes="40259904" />
</allocation-stats>
<gc-op id="3395" type="scavenge" timems="3.108" contextid="3392" timestamp="2023-06-02T09:25:09.480">
  <scavenger-info tenureage="14" tenuremask="4000" tiltratio="89" />
  <memory-copied type="nursery" objects="106698" bytes="5644768" bytesdiscarded="165568" />
  <finalization candidates="450" enqueued="382" />
  <ownableSynchronizers candidates="7572" cleared="7116" />
  <references type="soft" candidates="961" cleared="0" enqueued="0" dynamicThreshold="3" maxThreshold="32" />
  <references type="weak" candidates="675" cleared="71" enqueued="55" />
  <references type="phantom" candidates="15" cleared="0" enqueued="0" />
</gc-op>
<gc-end id="3396" type="scavenge" contextid="3392" durationms="3.494" usertimems="0.000" systemtimems="0.000" timestamp="2023-06-02T09:25:09.480" activeThreads="16">
  <mem-info id="3397" free="288041232" total="1073741824" percent="26">
    <mem type="nursery" free="235744992" total="268435456" percent="87">
      <mem type="allocate" free="235744992" total="241565696" percent="97" />
      <mem type="survivor" free="0" total="26869760" percent="0" />
    </mem>
    <mem type="tenure" free="52296240" total="805306368" percent="6" macro-fragmented="502401">
      <mem type="soa" free="16486976" total="765040640" percent="2" />
      <mem type="loa" free="35809264" total="40265728" percent="88" />
    </mem>
    <pending-finalizers system="140" default="242" reference="55" classloader="0" />
    <remembered-set count="4578" />
  </mem-info>
</gc-end>
<cycle-end id="3398" type="scavenge" contextid="3392" timestamp="2023-06-02T09:25:09.481" />
<allocation-satisfied id="3399" threadId="00000000018B5500" bytesRequested="33554440" />
<af-end id="3400" timestamp="2023-06-02T09:25:09.483" threadId="00000000018B5E80" success="true" from="nursery"/>
<exclusive-end id="3401" timestamp="2023-06-02T09:25:09.483" durationms="8.223" />

<exclusive-start id="3402" timestamp="2023-06-02T09:25:09.976" intervalms="501.920">
  <response-info timems="0.384" idlems="0.140" threads="2" lastid="000000000AB91D00" lastname="qm: AsynchronousTaskRunner-1 @@ 09:25" />
</exclusive-start>
<af-start id="3403" threadId="00000000104E2380" totalBytesRequested="72" timestamp="2023-06-02T09:25:09.977" intervalms="501.984" type="nursery" />
<cycle-start id="3404" type="scavenge" contextid="0" timestamp="2023-06-02T09:25:09.977" intervalms="502.015" />
<gc-start id="3405" type="scavenge" contextid="3404" timestamp="2023-06-02T09:25:09.978">
  <mem-info id="3406" free="52295848" total="1073741824" percent="4">
    <mem type="nursery" free="0" total="268435456" percent="0">
      <mem type="allocate" free="0" total="241565696" percent="0" />
      <mem type="survivor" free="0" total="26869760" percent="0" />
    </mem>
    <mem type="tenure" free="52295848" total="805306368" percent="6">
      <mem type="soa" free="16486584" total="765040640" percent="2" />
      <mem type="loa" free="35809264" total="40265728" percent="88" />
    </mem>
    <remembered-set count="6260" />
  </mem-info>
</gc-start>
<allocation-stats totalBytes="235606992" >
  <allocated-bytes non-tlh="101777864" tlh="133829128" />
  <largest-consumer threadName="Default Executor-thread-38" threadId="000000000B6A6500" bytes="40743672" />
</allocation-stats>
<gc-op id="3407" type="scavenge" timems="2.713" contextid="3404" timestamp="2023-06-02T09:25:09.981">
  <scavenger-info tenureage="14" tenuremask="4000" tiltratio="89" />
  <memory-copied type="nursery" objects="69752" bytes="4473464" bytesdiscarded="182192" />
  <finalization candidates="455" enqueued="383" />
  <ownableSynchronizers candidates="8552" cleared="8093" />
  <references type="soft" candidates="1042" cleared="0" enqueued="0" dynamicThreshold="3" maxThreshold="32" />
  <references type="weak" candidates="940" cleared="197" enqueued="174" />
  <references type="phantom" candidates="18" cleared="0" enqueued="0" />
</gc-op>
<gc-end id="3408" type="scavenge" contextid="3404" durationms="3.029" usertimems="0.000" systemtimems="0.000" timestamp="2023-06-02T09:25:09.981" activeThreads="16">
  <mem-info id="3409" free="289195832" total="1073741824" percent="26">
    <mem type="nursery" free="236899984" total="268435456" percent="88">
      <mem type="allocate" free="236899984" total="241565696" percent="98" />
      <mem type="survivor" free="0" total="26869760" percent="0" />
    </mem>
    <mem type="tenure" free="52295848" total="805306368" percent="6" macro-fragmented="290741">
      <mem type="soa" free="16486584" total="765040640" percent="2" />
      <mem type="loa" free="35809264" total="40265728" percent="88" />
    </mem>
    <pending-finalizers system="133" default="250" reference="174" classloader="0" />
    <remembered-set count="4747" />
  </mem-info>
</gc-end>
<cycle-end id="3410" type="scavenge" contextid="3404" timestamp="2023-06-02T09:25:09.983" />
<allocation-satisfied id="3411" threadId="00000000104E1A00" bytesRequested="72" />
<af-end id="3412" timestamp="2023-06-02T09:25:09.983" threadId="00000000104E2380" success="true" from="nursery"/>
<exclusive-end id="3413" timestamp="2023-06-02T09:25:09.983" durationms="6.241" />

<exclusive-start id="3414" timestamp="2023-06-02T09:25:10.510" intervalms="533.699">
  <response-info timems="0.187" idlems="0.187" threads="0" lastid="00000000018B0000" lastname="[SQL@09:25:10.507], select t1.ITEM_ID, 78, t1.SUBJECT_ITEM_ITEM" />
</exclusive-start>
<af-start id="3415" threadId="00000000018B0980" totalBytesRequested="33554440" timestamp="2023-06-02T09:25:10.510" intervalms="533.683" type="nursery" />
<cycle-start id="3416" type="scavenge" contextid="0" timestamp="2023-06-02T09:25:10.511" intervalms="533.655" />
<gc-start id="3417" type="scavenge" contextid="3416" timestamp="2023-06-02T09:25:10.512">
  <mem-info id="3418" free="73343768" total="1073741824" percent="6">
    <mem type="nursery" free="21047920" total="268435456" percent="7">
      <mem type="allocate" free="21047920" total="241565696" percent="8" />
      <mem type="survivor" free="0" total="26869760" percent="0" />
    </mem>
    <mem type="tenure" free="52295848" total="805306368" percent="6">
      <mem type="soa" free="16486584" total="765040640" percent="2" />
      <mem type="loa" free="35809264" total="40265728" percent="88" />
    </mem>
    <remembered-set count="6225" />
  </mem-info>
</gc-start>
<allocation-stats totalBytes="215680344" >
  <allocated-bytes non-tlh="68895776" tlh="146784568" />
  <largest-consumer threadName="Default Executor-thread-62" threadId="00000000104B4400" bytes="40428096" />
</allocation-stats>
<gc-op id="3419" type="scavenge" timems="2.964" contextid="3416" timestamp="2023-06-02T09:25:10.515">
  <scavenger-info tenureage="14" tenuremask="4000" tiltratio="89" />
  <memory-copied type="nursery" objects="109044" bytes="6472608" bytesdiscarded="238704" />
  <finalization candidates="413" enqueued="325" />
  <ownableSynchronizers candidates="7257" cleared="6757" />
  <references type="soft" candidates="1087" cleared="0" enqueued="0" dynamicThreshold="3" maxThreshold="32" />
  <references type="weak" candidates="591" cleared="24" enqueued="6" />
  <references type="phantom" candidates="2" cleared="0" enqueued="0" />
</gc-op>
<gc-end id="3420" type="scavenge" contextid="3416" durationms="3.277" usertimems="15.625" systemtimems="0.000" timestamp="2023-06-02T09:25:10.515" activeThreads="16">
  <mem-info id="3421" free="287140288" total="1073741824" percent="26">
    <mem type="nursery" free="234844440" total="268435456" percent="87">
      <mem type="allocate" free="234844440" total="241565696" percent="97" />
      <mem type="survivor" free="0" total="26869760" percent="0" />
    </mem>
    <mem type="tenure" free="52295848" total="805306368" percent="6" macro-fragmented="0">
      <mem type="soa" free="16486584" total="765040640" percent="2" />
      <mem type="loa" free="35809264" total="40265728" percent="88" />
    </mem>
    <pending-finalizers system="150" default="175" reference="6" classloader="0" />
    <remembered-set count="4823" />
  </mem-info>
</gc-end>
<cycle-end id="3422" type="scavenge" contextid="3416" timestamp="2023-06-02T09:25:10.517" />
<allocation-satisfied id="3423" threadId="00000000018B0000" bytesRequested="33554440" />
<af-end id="3424" timestamp="2023-06-02T09:25:10.518" threadId="00000000018B0980" success="true" from="nursery"/>
<exclusive-end id="3425" timestamp="2023-06-02T09:25:10.518" durationms="8.109" />

<exclusive-start id="3426" timestamp="2023-06-02T09:25:10.997" intervalms="486.655">
  <response-info timems="0.108" idlems="0.108" threads="0" lastid="000000000BB76600" lastname="Default Executor-thread-49 @@ 09:25 &lt;unauthenticated&gt; " />
</exclusive-start>
<af-start id="3427" threadId="000000000BB76F80" totalBytesRequested="16936" timestamp="2023-06-02T09:25:10.997" intervalms="486.581" type="nursery" />
<cycle-start id="3428" type="scavenge" contextid="0" timestamp="2023-06-02T09:25:10.997" intervalms="486.572" />
<gc-start id="3429" type="scavenge" contextid="3428" timestamp="2023-06-02T09:25:11.000">
  <mem-info id="3430" free="52295848" total="1073741824" percent="4">
    <mem type="nursery" free="0" total="268435456" percent="0">
      <mem type="allocate" free="0" total="241565696" percent="0" />
      <mem type="survivor" free="0" total="26869760" percent="0" />
    </mem>
    <mem type="tenure" free="52295848" total="805306368" percent="6">
      <mem type="soa" free="16486584" total="765040640" percent="2" />
      <mem type="loa" free="35809264" total="40265728" percent="88" />
    </mem>
    <remembered-set count="6290" />
  </mem-info>
</gc-start>
<allocation-stats totalBytes="234662800" >
  <allocated-bytes non-tlh="101843032" tlh="132819768" />
  <largest-consumer threadName="Default Executor-thread-24" threadId="00000000018B1900" bytes="40606168" />
</allocation-stats>
<gc-op id="3431" type="scavenge" timems="2.403" contextid="3428" timestamp="2023-06-02T09:25:11.003">
  <scavenger-info tenureage="14" tenuremask="4000" tiltratio="89" />
  <memory-copied type="nursery" objects="66290" bytes="4314096" bytesdiscarded="195328" />
  <finalization candidates="380" enqueued="281" />
  <ownableSynchronizers candidates="7694" cleared="7213" />
  <references type="soft" candidates="1121" cleared="0" enqueued="0" dynamicThreshold="3" maxThreshold="32" />
  <references type="weak" candidates="610" cleared="30" enqueued="15" />
  <references type="phantom" candidates="10" cleared="0" enqueued="0" />
</gc-op>
<gc-end id="3432" type="scavenge" contextid="3428" durationms="2.719" usertimems="0.000" systemtimems="0.000" timestamp="2023-06-02T09:25:11.003" activeThreads="16">
  <mem-info id="3433" free="289342856" total="1073741824" percent="26">
    <mem type="nursery" free="237047008" total="268435456" percent="88">
      <mem type="allocate" free="237047008" total="241565696" percent="98" />
      <mem type="survivor" free="0" total="26869760" percent="0" />
    </mem>
    <mem type="tenure" free="52295848" total="805306368" percent="6" macro-fragmented="0">
      <mem type="soa" free="16486584" total="765040640" percent="2" />
      <mem type="loa" free="35809264" total="40265728" percent="88" />
    </mem>
    <pending-finalizers system="107" default="174" reference="15" classloader="0" />
    <remembered-set count="4912" />
  </mem-info>
</gc-end>
<cycle-end id="3434" type="scavenge" contextid="3428" timestamp="2023-06-02T09:25:11.005" />
<allocation-satisfied id="3435" threadId="000000000BB76600" bytesRequested="16936" />
<af-end id="3436" timestamp="2023-06-02T09:25:11.005" threadId="000000000BB76F80" success="true" from="nursery"/>
<exclusive-end id="3437" timestamp="2023-06-02T09:25:11.005" durationms="7.400" />

<exclusive-start id="3438" timestamp="2023-06-02T09:25:11.542" intervalms="545.146">
  <response-info timems="0.224" idlems="0.224" threads="0" lastid="000000000BC7EA00" lastname="rm: AsynchronousTaskRunner-2" />
</exclusive-start>
<af-start id="3439" threadId="000000000BC7F380" totalBytesRequested="16" timestamp="2023-06-02T09:25:11.542" intervalms="545.259" type="nursery" />
<cycle-start id="3440" type="scavenge" contextid="0" timestamp="2023-06-02T09:25:11.542" intervalms="545.352" />
<gc-start id="3441" type="scavenge" contextid="3440" timestamp="2023-06-02T09:25:11.547">
  <mem-info id="3442" free="52295848" total="1073741824" percent="4">
    <mem type="nursery" free="0" total="268435456" percent="0">
      <mem type="allocate" free="0" total="241565696" percent="0" />
      <mem type="survivor" free="0" total="26869760" percent="0" />
    </mem>
    <mem type="tenure" free="52295848" total="805306368" percent="6">
      <mem type="soa" free="16486584" total="765040640" percent="2" />
      <mem type="loa" free="35809264" total="40265728" percent="88" />
    </mem>
    <remembered-set count="6482" />
  </mem-info>
</gc-start>
<allocation-stats totalBytes="236897672" >
  <allocated-bytes non-tlh="102532640" tlh="134365032" />
  <largest-consumer threadName="Default Executor-thread-48" threadId="000000000B726D00" bytes="41306920" />
</allocation-stats>
<gc-op id="3443" type="scavenge" timems="2.571" contextid="3440" timestamp="2023-06-02T09:25:11.550">
  <scavenger-info tenureage="14" tenuremask="4000" tiltratio="89" />
  <memory-copied type="nursery" objects="71926" bytes="4175536" bytesdiscarded="204072" />
  <finalization candidates="475" enqueued="373" />
  <ownableSynchronizers candidates="10005" cleared="9519" />
  <references type="soft" candidates="1178" cleared="0" enqueued="0" dynamicThreshold="3" maxThreshold="32" />
  <references type="weak" candidates="681" cleared="62" enqueued="42" />
  <references type="phantom" candidates="12" cleared="0" enqueued="0" />
</gc-op>
<gc-end id="3444" type="scavenge" contextid="3440" durationms="2.874" usertimems="0.000" systemtimems="0.000" timestamp="2023-06-02T09:25:11.550" activeThreads="16">
  <mem-info id="3445" free="289471824" total="1073741824" percent="26">
    <mem type="nursery" free="237175976" total="268435456" percent="88">
      <mem type="allocate" free="237175976" total="241565696" percent="98" />
      <mem type="survivor" free="0" total="26869760" percent="0" />
    </mem>
    <mem type="tenure" free="52295848" total="805306368" percent="6" macro-fragmented="290741">
      <mem type="soa" free="16486584" total="765040640" percent="2" />
      <mem type="loa" free="35809264" total="40265728" percent="88" />
    </mem>
    <pending-finalizers system="123" default="250" reference="42" classloader="0" />
    <remembered-set count="5098" />
  </mem-info>
</gc-end>
<cycle-end id="3446" type="scavenge" contextid="3440" timestamp="2023-06-02T09:25:11.551" />
<allocation-satisfied id="3447" threadId="000000000BC7EA00" bytesRequested="16" />
<af-end id="3448" timestamp="2023-06-02T09:25:11.551" threadId="000000000BC7F380" success="true" from="nursery"/>
<exclusive-end id="3449" timestamp="2023-06-02T09:25:11.551" durationms="8.752" />

<exclusive-start id="3450" timestamp="2023-06-02T09:25:12.213" intervalms="670.113">
  <response-info timems="0.132" idlems="0.132" threads="0" lastid="00000000016EAB00" lastname="Default Executor-thread-2 @@ 09:25 &lt;unauthenticated&gt; &lt;" />
</exclusive-start>
<af-start id="3451" threadId="00000000016EB480" totalBytesRequested="72" timestamp="2023-06-02T09:25:12.213" intervalms="670.003" type="nursery" />
<cycle-start id="3452" type="scavenge" contextid="0" timestamp="2023-06-02T09:25:12.213" intervalms="669.913" />
<gc-start id="3453" type="scavenge" contextid="3452" timestamp="2023-06-02T09:25:12.216">
  <mem-info id="3454" free="52295848" total="1073741824" percent="4">
    <mem type="nursery" free="0" total="268435456" percent="0">
      <mem type="allocate" free="0" total="241565696" percent="0" />
      <mem type="survivor" free="0" total="26869760" percent="0" />
    </mem>
    <mem type="tenure" free="52295848" total="805306368" percent="6">
      <mem type="soa" free="16486584" total="765040640" percent="2" />
      <mem type="loa" free="35809264" total="40265728" percent="88" />
    </mem>
    <remembered-set count="6758" />
  </mem-info>
</gc-start>
<allocation-stats totalBytes="237011912" >
  <allocated-bytes non-tlh="68396016" tlh="168615896" />
  <largest-consumer threadName="Default Executor-thread-7" threadId="00000000015D4D00" bytes="42446832" />
</allocation-stats>
<gc-op id="3455" type="scavenge" timems="3.033" contextid="3452" timestamp="2023-06-02T09:25:12.219">
  <scavenger-info tenureage="14" tenuremask="4000" tiltratio="89" />
  <memory-copied type="nursery" objects="67431" bytes="4382328" bytesdiscarded="187856" />
  <memory-copied type="tenure" objects="8754" bytes="428712" bytesdiscarded="3760" />
  <finalization candidates="579" enqueued="460" />
  <ownableSynchronizers candidates="9673" cleared="9164" />
  <references type="soft" candidates="1100" cleared="0" enqueued="0" dynamicThreshold="3" maxThreshold="32" />
  <references type="weak" candidates="481" cleared="36" enqueued="6" />
  <references type="phantom" candidates="3" cleared="0" enqueued="0" />
</gc-op>
<gc-end id="3456" type="scavenge" contextid="3452" durationms="3.363" usertimems="0.000" systemtimems="0.000" timestamp="2023-06-02T09:25:12.219" activeThreads="16">
  <mem-info id="3457" free="288957832" total="1073741824" percent="26">
    <mem type="nursery" free="236983664" total="268435456" percent="88">
      <mem type="allocate" free="236983664" total="241565696" percent="98" />
      <mem type="survivor" free="0" total="26869760" percent="0" />
    </mem>
    <mem type="tenure" free="51974168" total="805306368" percent="6" macro-fragmented="0">
      <mem type="soa" free="16164904" total="765040640" percent="2" />
      <mem type="loa" free="35809264" total="40265728" percent="88" />
    </mem>
    <pending-finalizers system="147" default="313" reference="6" classloader="0" />
    <remembered-set count="4861" />
  </mem-info>
</gc-end>
<cycle-end id="3458" type="scavenge" contextid="3452" timestamp="2023-06-02T09:25:12.221" />
<allocation-satisfied id="3459" threadId="00000000016EAB00" bytesRequested="72" />
<af-end id="3460" timestamp="2023-06-02T09:25:12.221" threadId="00000000016EB480" success="true" from="nursery"/>
<exclusive-end id="3461" timestamp="2023-06-02T09:25:12.221" durationms="8.343" />

<exclusive-start id="3462" timestamp="2023-06-02T09:25:12.665" intervalms="452.475">
  <response-info timems="0.121" idlems="0.121" threads="0" lastid="00000000104B4400" lastname="Default Executor-thread-62" />
</exclusive-start>
<af-start id="3463" threadId="00000000104B4D80" totalBytesRequested="272" timestamp="2023-06-02T09:25:12.665" intervalms="452.465" type="nursery" />
<cycle-start id="3464" type="scavenge" contextid="0" timestamp="2023-06-02T09:25:12.666" intervalms="452.471" />
<gc-start id="3465" type="scavenge" contextid="3464" timestamp="2023-06-02T09:25:12.667">
  <mem-info id="3466" free="51974168" total="1073741824" percent="4">
    <mem type="nursery" free="0" total="268435456" percent="0">
      <mem type="allocate" free="0" total="241565696" percent="0" />
      <mem type="survivor" free="0" total="26869760" percent="0" />
    </mem>
    <mem type="tenure" free="51974168" total="805306368" percent="6">
      <mem type="soa" free="16164904" total="765040640" percent="2" />
      <mem type="loa" free="35809264" total="40265728" percent="88" />
    </mem>
    <remembered-set count="6124" />
  </mem-info>
</gc-start>
<allocation-stats totalBytes="236801544" >
  <allocated-bytes non-tlh="102301840" tlh="134499704" />
  <largest-consumer threadName="Default Executor-thread-50" threadId="0000000002B90A00" bytes="41560432" />
</allocation-stats>
<gc-op id="3467" type="scavenge" timems="2.817" contextid="3464" timestamp="2023-06-02T09:25:12.670">
  <scavenger-info tenureage="14" tenuremask="4000" tiltratio="89" />
  <memory-copied type="nursery" objects="66247" bytes="4417072" bytesdiscarded="247744" />
  <memory-copied type="tenure" objects="5223" bytes="262168" bytesdiscarded="3384" />
  <finalization candidates="404" enqueued="288" />
  <ownableSynchronizers candidates="9110" cleared="8745" />
  <references type="soft" candidates="1027" cleared="0" enqueued="0" dynamicThreshold="3" maxThreshold="32" />
  <references type="weak" candidates="823" cleared="286" enqueued="267" />
  <references type="phantom" candidates="17" cleared="0" enqueued="0" />
</gc-op>
<gc-end id="3468" type="scavenge" contextid="3464" durationms="3.159" usertimems="0.000" systemtimems="0.000" timestamp="2023-06-02T09:25:12.670" activeThreads="16">
  <mem-info id="3469" free="288581304" total="1073741824" percent="26">
    <mem type="nursery" free="236891368" total="268435456" percent="88">
      <mem type="allocate" free="236891368" total="241565696" percent="98" />
      <mem type="survivor" free="0" total="26869760" percent="0" />
    </mem>
    <mem type="tenure" free="51689936" total="805306368" percent="6" macro-fragmented="0">
      <mem type="soa" free="15880672" total="765040640" percent="2" />
      <mem type="loa" free="35809264" total="40265728" percent="88" />
    </mem>
    <pending-finalizers system="108" default="180" reference="267" classloader="0" />
    <remembered-set count="4854" />
  </mem-info>
</gc-end>
<cycle-end id="3470" type="scavenge" contextid="3464" timestamp="2023-06-02T09:25:12.671" />
<allocation-satisfied id="3471" threadId="00000000104B4400" bytesRequested="272" />
<af-end id="3472" timestamp="2023-06-02T09:25:12.671" threadId="00000000104B4D80" success="true" from="nursery"/>
<exclusive-end id="3473" timestamp="2023-06-02T09:25:12.671" durationms="5.951" />

<exclusive-start id="3474" timestamp="2023-06-02T09:25:13.235" intervalms="570.216">
  <response-info timems="0.171" idlems="0.171" threads="0" lastid="0000000001874E00" lastname="[SQL@09:25:13.229], select t1.ITEM_ID, 78, t1.SUBJECT_ITEM_ITEM" />
</exclusive-start>
<af-start id="3475" threadId="0000000001875780" totalBytesRequested="33554440" timestamp="2023-06-02T09:25:13.236" intervalms="570.289" type="nursery" />
<cycle-start id="3476" type="scavenge" contextid="0" timestamp="2023-06-02T09:25:13.236" intervalms="570.389" />
<gc-start id="3477" type="scavenge" contextid="3476" timestamp="2023-06-02T09:25:13.237">
  <mem-info id="3478" free="99200928" total="1073741824" percent="9">
    <mem type="nursery" free="47510992" total="268435456" percent="17">
      <mem type="allocate" free="47510992" total="241565696" percent="19" />
      <mem type="survivor" free="0" total="26869760" percent="0" />
    </mem>
    <mem type="tenure" free="51689936" total="805306368" percent="6">
      <mem type="soa" free="15880672" total="765040640" percent="2" />
      <mem type="loa" free="35809264" total="40265728" percent="88" />
    </mem>
    <remembered-set count="6424" />
  </mem-info>
</gc-start>
<allocation-stats totalBytes="189119248" >
  <allocated-bytes non-tlh="34899736" tlh="154219512" />
  <largest-consumer threadName="Default Executor-thread-58" threadId="000000001104EA00" bytes="40252688" />
</allocation-stats>
<gc-op id="3479" type="scavenge" timems="2.755" contextid="3476" timestamp="2023-06-02T09:25:13.240">
  <scavenger-info tenureage="14" tenuremask="4000" tiltratio="89" />
  <memory-copied type="nursery" objects="105385" bytes="6034928" bytesdiscarded="180304" />
  <memory-copied type="tenure" objects="3779" bytes="145664" bytesdiscarded="3664" />
  <finalization candidates="524" enqueued="417" />
  <ownableSynchronizers candidates="8330" cleared="7992" />
  <references type="soft" candidates="1007" cleared="0" enqueued="0" dynamicThreshold="3" maxThreshold="32" />
  <references type="weak" candidates="387" cleared="32" enqueued="6" />
  <references type="phantom" candidates="2" cleared="0" enqueued="0" />
</gc-op>
<gc-end id="3480" type="scavenge" contextid="3476" durationms="3.116" usertimems="0.000" systemtimems="0.000" timestamp="2023-06-02T09:25:13.240" activeThreads="16">
  <mem-info id="3481" free="286923736" total="1073741824" percent="26">
    <mem type="nursery" free="235339680" total="268435456" percent="87">
      <mem type="allocate" free="235339680" total="241565696" percent="97" />
      <mem type="survivor" free="0" total="26869760" percent="0" />
    </mem>
    <mem type="tenure" free="51584056" total="805306368" percent="6" macro-fragmented="0">
      <mem type="soa" free="15774792" total="765040640" percent="2" />
      <mem type="loa" free="35809264" total="40265728" percent="88" />
    </mem>
    <pending-finalizers system="137" default="280" reference="6" classloader="0" />
    <remembered-set count="4865" />
  </mem-info>
</gc-end>
<cycle-end id="3482" type="scavenge" contextid="3476" timestamp="2023-06-02T09:25:13.241" />
<allocation-satisfied id="3483" threadId="0000000001874E00" bytesRequested="33554440" />
<af-end id="3484" timestamp="2023-06-02T09:25:13.244" threadId="0000000001875780" success="true" from="nursery"/>
<exclusive-end id="3485" timestamp="2023-06-02T09:25:13.244" durationms="8.368" />

<exclusive-start id="3486" timestamp="2023-06-02T09:25:13.708" intervalms="472.384">
  <response-info timems="0.155" idlems="0.155" threads="0" lastid="0000000001791900" lastname="Default Executor-thread-11 @@ 09:25 &lt;unauthenticated&gt; " />
</exclusive-start>
<af-start id="3487" threadId="0000000001792280" totalBytesRequested="72" timestamp="2023-06-02T09:25:13.708" intervalms="472.311" type="nursery" />
<cycle-start id="3488" type="scavenge" contextid="0" timestamp="2023-06-02T09:25:13.708" intervalms="472.200" />
<gc-start id="3489" type="scavenge" contextid="3488" timestamp="2023-06-02T09:25:13.709">
  <mem-info id="3490" free="51584056" total="1073741824" percent="4">
    <mem type="nursery" free="0" total="268435456" percent="0">
      <mem type="allocate" free="0" total="241565696" percent="0" />
      <mem type="survivor" free="0" total="26869760" percent="0" />
    </mem>
    <mem type="tenure" free="51584056" total="805306368" percent="6">
      <mem type="soa" free="15774792" total="765040640" percent="2" />
      <mem type="loa" free="35809264" total="40265728" percent="88" />
    </mem>
    <remembered-set count="6100" />
  </mem-info>
</gc-start>
<allocation-stats totalBytes="235231992" >
  <allocated-bytes non-tlh="101777472" tlh="133454520" />
  <largest-consumer threadName="Default Executor-thread-14" threadId="0000000001878A00" bytes="80768464" />
</allocation-stats>
<gc-op id="3491" type="scavenge" timems="2.980" contextid="3488" timestamp="2023-06-02T09:25:13.712">
  <scavenger-info tenureage="14" tenuremask="4000" tiltratio="89" />
  <memory-copied type="nursery" objects="58767" bytes="4240240" bytesdiscarded="213280" />
  <memory-copied type="tenure" objects="4033" bytes="219072" bytesdiscarded="5976" />
  <finalization candidates="389" enqueued="269" />
  <ownableSynchronizers candidates="6985" cleared="6685" />
  <references type="soft" candidates="934" cleared="0" enqueued="0" dynamicThreshold="3" maxThreshold="32" />
  <references type="weak" candidates="366" cleared="20" enqueued="6" />
  <references type="phantom" candidates="2" cleared="0" enqueued="0" />
</gc-op>
<gc-end id="3492" type="scavenge" contextid="3488" durationms="3.299" usertimems="0.000" systemtimems="0.000" timestamp="2023-06-02T09:25:13.712" activeThreads="16">
  <mem-info id="3493" free="288429824" total="1073741824" percent="26">
    <mem type="nursery" free="237102992" total="268435456" percent="88">
      <mem type="allocate" free="237102992" total="241565696" percent="98" />
      <mem type="survivor" free="0" total="26869760" percent="0" />
    </mem>
    <mem type="tenure" free="51326832" total="805306368" percent="6" macro-fragmented="33872">
      <mem type="soa" free="15517568" total="765040640" percent="2" />
      <mem type="loa" free="35809264" total="40265728" percent="88" />
    </mem>
    <pending-finalizers system="135" default="134" reference="6" classloader="0" />
    <remembered-set count="4763" />
  </mem-info>
</gc-end>
<cycle-end id="3494" type="scavenge" contextid="3488" timestamp="2023-06-02T09:25:13.713" />
<allocation-satisfied id="3495" threadId="0000000001791900" bytesRequested="72" />
<af-end id="3496" timestamp="2023-06-02T09:25:13.713" threadId="0000000001792280" success="true" from="nursery"/>
<exclusive-end id="3497" timestamp="2023-06-02T09:25:13.713" durationms="6.357" />

<exclusive-start id="3498" timestamp="2023-06-02T09:25:14.278" intervalms="571.043">
  <response-info timems="0.138" idlems="0.138" threads="0" lastid="0000000001878A00" lastname="[SQL@09:25:14.275], select t1.ITEM_ID, 78, t1.SUBJECT_ITEM_ITEM" />
</exclusive-start>
<af-start id="3499" threadId="0000000001879380" totalBytesRequested="33554440" timestamp="2023-06-02T09:25:14.278" intervalms="571.076" type="nursery" />
<cycle-start id="3500" type="scavenge" contextid="0" timestamp="2023-06-02T09:25:14.278" intervalms="571.084" />
<gc-start id="3501" type="scavenge" contextid="3500" timestamp="2023-06-02T09:25:14.280">
  <mem-info id="3502" free="102920944" total="1073741824" percent="9">
    <mem type="nursery" free="51594112" total="268435456" percent="19">
      <mem type="allocate" free="51594112" total="241565696" percent="21" />
      <mem type="survivor" free="0" total="26869760" percent="0" />
    </mem>
    <mem type="tenure" free="51326832" total="805306368" percent="6">
      <mem type="soa" free="15517568" total="765040640" percent="2" />
      <mem type="loa" free="35809264" total="40265728" percent="88" />
    </mem>
    <remembered-set count="6440" />
  </mem-info>
</gc-start>
<allocation-stats totalBytes="185355688" >
  <allocated-bytes non-tlh="34817040" tlh="150538648" />
  <largest-consumer threadName="Default Executor-thread-15" threadId="0000000001874E00" bytes="41266016" />
</allocation-stats>
<gc-op id="3503" type="scavenge" timems="2.813" contextid="3500" timestamp="2023-06-02T09:25:14.283">
  <scavenger-info tenureage="14" tenuremask="4000" tiltratio="89" />
  <memory-copied type="nursery" objects="104298" bytes="5854568" bytesdiscarded="273424" />
  <memory-copied type="tenure" objects="2943" bytes="145944" bytesdiscarded="3936" />
  <finalization candidates="505" enqueued="398" />
  <ownableSynchronizers candidates="7360" cleared="7076" />
  <references type="soft" candidates="930" cleared="0" enqueued="0" dynamicThreshold="3" maxThreshold="32" />
  <references type="weak" candidates="306" cleared="45" enqueued="22" />
  <references type="phantom" candidates="9" cleared="0" enqueued="0" />
</gc-op>
<gc-end id="3504" type="scavenge" contextid="3500" durationms="3.170" usertimems="0.000" systemtimems="0.000" timestamp="2023-06-02T09:25:14.283" activeThreads="16">
  <mem-info id="3505" free="286603168" total="1073741824" percent="26">
    <mem type="nursery" free="235427744" total="268435456" percent="87">
      <mem type="allocate" free="235427744" total="241565696" percent="97" />
      <mem type="survivor" free="0" total="26869760" percent="0" />
    </mem>
    <mem type="tenure" free="51175424" total="805306368" percent="6" macro-fragmented="0">
      <mem type="soa" free="15366160" total="765040640" percent="2" />
      <mem type="loa" free="35809264" total="40265728" percent="88" />
    </mem>
    <pending-finalizers system="133" default="265" reference="22" classloader="0" />
    <remembered-set count="4785" />
  </mem-info>
</gc-end>
<cycle-end id="3506" type="scavenge" contextid="3500" timestamp="2023-06-02T09:25:14.285" />
<allocation-satisfied id="3507" threadId="0000000001878A00" bytesRequested="33554440" />
<af-end id="3508" timestamp="2023-06-02T09:25:14.287" threadId="0000000001879380" success="true" from="nursery"/>
<exclusive-end id="3509" timestamp="2023-06-02T09:25:14.287" durationms="8.143" />

<exclusive-start id="3510" timestamp="2023-06-02T09:25:14.771" intervalms="492.890">
  <response-info timems="0.124" idlems="0.124" threads="0" lastid="000000000BB76600" lastname="Default Executor-thread-49 @@ 09:25 PiotrAniola &lt;Mozilla/5.0" />
</exclusive-start>
<af-start id="3511" threadId="000000000BB76F80" totalBytesRequested="72" timestamp="2023-06-02T09:25:14.771" intervalms="492.873" type="nursery" />
<cycle-start id="3512" type="scavenge" contextid="0" timestamp="2023-06-02T09:25:14.771" intervalms="492.862" />
<gc-start id="3513" type="scavenge" contextid="3512" timestamp="2023-06-02T09:25:14.775">
  <mem-info id="3514" free="51175424" total="1073741824" percent="4">
    <mem type="nursery" free="0" total="268435456" percent="0">
      <mem type="allocate" free="0" total="241565696" percent="0" />
      <mem type="survivor" free="0" total="26869760" percent="0" />
    </mem>
    <mem type="tenure" free="51175424" total="805306368" percent="6">
      <mem type="soa" free="15366160" total="765040640" percent="2" />
      <mem type="loa" free="35809264" total="40265728" percent="88" />
    </mem>
    <remembered-set count="6239" />
  </mem-info>
</gc-start>
<allocation-stats totalBytes="235261464" >
  <allocated-bytes non-tlh="101924984" tlh="133336480" />
  <largest-consumer threadName="Default Executor-thread-50" threadId="0000000002B90A00" bytes="43873760" />
</allocation-stats>
<gc-op id="3515" type="scavenge" timems="2.725" contextid="3512" timestamp="2023-06-02T09:25:14.777">
  <scavenger-info tenureage="14" tenuremask="4000" tiltratio="89" />
  <memory-copied type="nursery" objects="60541" bytes="3857600" bytesdiscarded="199480" />
  <memory-copied type="tenure" objects="3229" bytes="158352" bytesdiscarded="2512" />
  <finalization candidates="430" enqueued="325" />
  <ownableSynchronizers candidates="9137" cleared="8866" />
  <references type="soft" candidates="900" cleared="0" enqueued="0" dynamicThreshold="3" maxThreshold="32" />
  <references type="weak" candidates="254" cleared="28" enqueued="8" />
  <references type="phantom" candidates="3" cleared="0" enqueued="0" />
</gc-op>
<gc-end id="3516" type="scavenge" contextid="3512" durationms="3.066" usertimems="0.000" systemtimems="0.000" timestamp="2023-06-02T09:25:14.778" activeThreads="16">
  <mem-info id="3517" free="288473208" total="1073741824" percent="26">
    <mem type="nursery" free="237499496" total="268435456" percent="88">
      <mem type="allocate" free="237499496" total="241565696" percent="98" />
      <mem type="survivor" free="0" total="26869760" percent="0" />
    </mem>
    <mem type="tenure" free="50973712" total="805306368" percent="6" macro-fragmented="16936">
      <mem type="soa" free="15164448" total="765040640" percent="1" />
      <mem type="loa" free="35809264" total="40265728" percent="88" />
    </mem>
    <pending-finalizers system="115" default="210" reference="8" classloader="0" />
    <remembered-set count="4774" />
  </mem-info>
</gc-end>
<cycle-end id="3518" type="scavenge" contextid="3512" timestamp="2023-06-02T09:25:14.779" />
<allocation-satisfied id="3519" threadId="000000000BB76600" bytesRequested="72" />
<af-end id="3520" timestamp="2023-06-02T09:25:14.779" threadId="000000000BB76F80" success="true" from="nursery"/>
<exclusive-end id="3521" timestamp="2023-06-02T09:25:14.779" durationms="7.661" />

<exclusive-start id="3522" timestamp="2023-06-02T09:25:15.370" intervalms="597.709">
  <response-info timems="0.164" idlems="0.122" threads="1" lastid="000000000B455D00" lastname="ccm: AsynchronousTaskRunner-3 @@ 09:25" />
</exclusive-start>
<af-start id="3523" threadId="0000000001995280" totalBytesRequested="72" timestamp="2023-06-02T09:25:15.370" intervalms="597.707" type="nursery" />
<cycle-start id="3524" type="scavenge" contextid="0" timestamp="2023-06-02T09:25:15.370" intervalms="597.718" />
<gc-start id="3525" type="scavenge" contextid="3524" timestamp="2023-06-02T09:25:15.372">
  <mem-info id="3526" free="50973712" total="1073741824" percent="4">
    <mem type="nursery" free="0" total="268435456" percent="0">
      <mem type="allocate" free="0" total="241565696" percent="0" />
      <mem type="survivor" free="0" total="26869760" percent="0" />
    </mem>
    <mem type="tenure" free="50973712" total="805306368" percent="6">
      <mem type="soa" free="15164448" total="765040640" percent="1" />
      <mem type="loa" free="35809264" total="40265728" percent="88" />
    </mem>
    <remembered-set count="6363" />
  </mem-info>
</gc-start>
<allocation-stats totalBytes="237319480" >
  <allocated-bytes non-tlh="68421624" tlh="168897856" />
  <largest-consumer threadName="Default Executor-thread-11" threadId="0000000001791900" bytes="42824744" />
</allocation-stats>
<gc-op id="3527" type="scavenge" timems="2.717" contextid="3524" timestamp="2023-06-02T09:25:15.375">
  <scavenger-info tenureage="14" tenuremask="4000" tiltratio="89" />
  <memory-copied type="nursery" objects="60235" bytes="3958048" bytesdiscarded="172016" />
  <memory-copied type="tenure" objects="3720" bytes="213840" bytesdiscarded="3864" />
  <finalization candidates="526" enqueued="408" />
  <ownableSynchronizers candidates="8704" cleared="8414" />
  <references type="soft" candidates="873" cleared="0" enqueued="0" dynamicThreshold="3" maxThreshold="32" />
  <references type="weak" candidates="279" cleared="65" enqueued="39" />
  <references type="phantom" candidates="14" cleared="0" enqueued="0" />
</gc-op>
<gc-end id="3528" type="scavenge" contextid="3524" durationms="3.063" usertimems="0.000" systemtimems="15.625" timestamp="2023-06-02T09:25:15.375" activeThreads="16">
  <mem-info id="3529" free="288201840" total="1073741824" percent="26">
    <mem type="nursery" free="237424496" total="268435456" percent="88">
      <mem type="allocate" free="237424496" total="241565696" percent="98" />
      <mem type="survivor" free="0" total="26869760" percent="0" />
    </mem>
    <mem type="tenure" free="50777344" total="805306368" percent="6" macro-fragmented="0">
      <mem type="soa" free="14968080" total="765040640" percent="1" />
      <mem type="loa" free="35809264" total="40265728" percent="88" />
    </mem>
    <pending-finalizers system="145" default="263" reference="39" classloader="0" />
    <remembered-set count="4749" />
  </mem-info>
</gc-end>
<cycle-end id="3530" type="scavenge" contextid="3524" timestamp="2023-06-02T09:25:15.377" />
<allocation-satisfied id="3531" threadId="0000000001994900" bytesRequested="72" />
<af-end id="3532" timestamp="2023-06-02T09:25:15.377" threadId="0000000001995280" success="true" from="nursery"/>
<exclusive-end id="3533" timestamp="2023-06-02T09:25:15.377" durationms="7.613" />

<exclusive-start id="3534" timestamp="2023-06-02T09:25:15.901" intervalms="532.104">
  <response-info timems="0.140" idlems="0.140" threads="0" lastid="000000000B5B7B00" lastname="[SQL@09:25:15.898], select t1.ITEM_ID, 78, t1.SUBJECT_ITEM_ITEM" />
</exclusive-start>
<af-start id="3535" threadId="000000000B5B8480" totalBytesRequested="33554440" timestamp="2023-06-02T09:25:15.902" intervalms="532.103" type="nursery" />
<cycle-start id="3536" type="scavenge" contextid="0" timestamp="2023-06-02T09:25:15.902" intervalms="532.100" />
<gc-start id="3537" type="scavenge" contextid="3536" timestamp="2023-06-02T09:25:15.906">
  <mem-info id="3538" free="78125920" total="1073741824" percent="7">
    <mem type="nursery" free="27348712" total="268435456" percent="10">
      <mem type="allocate" free="27348712" total="241565696" percent="11" />
      <mem type="survivor" free="0" total="26869760" percent="0" />
    </mem>
    <mem type="tenure" free="50777208" total="805306368" percent="6">
      <mem type="soa" free="14967944" total="765040640" percent="1" />
      <mem type="loa" free="35809264" total="40265728" percent="88" />
    </mem>
    <remembered-set count="6259" />
  </mem-info>
</gc-start>
<allocation-stats totalBytes="209900616" >
  <allocated-bytes non-tlh="68747536" tlh="141153080" />
  <largest-consumer threadName="Default Executor-thread-5" threadId="0000000001733F00" bytes="42702056" />
</allocation-stats>
<gc-op id="3539" type="scavenge" timems="3.203" contextid="3536" timestamp="2023-06-02T09:25:15.910">
  <scavenger-info tenureage="8" tenuremask="4100" tiltratio="89" />
  <memory-copied type="nursery" objects="99066" bytes="5527000" bytesdiscarded="246048" />
  <memory-copied type="tenure" objects="5913" bytes="345024" bytesdiscarded="4152" />
  <finalization candidates="471" enqueued="365" />
  <ownableSynchronizers candidates="7995" cleared="7702" />
  <references type="soft" candidates="830" cleared="0" enqueued="0" dynamicThreshold="3" maxThreshold="32" />
  <references type="weak" candidates="181" cleared="27" enqueued="6" />
  <references type="phantom" candidates="4" cleared="0" enqueued="0" />
</gc-op>
<gc-end id="3540" type="scavenge" contextid="3536" durationms="3.612" usertimems="0.000" systemtimems="0.000" timestamp="2023-06-02T09:25:15.910" activeThreads="16">
  <mem-info id="3541" free="286237688" total="1073741824" percent="26">
    <mem type="nursery" free="235782320" total="268435456" percent="87">
      <mem type="allocate" free="235782320" total="241565696" percent="97" />
      <mem type="survivor" free="0" total="26869760" percent="0" />
    </mem>
    <mem type="tenure" free="50455368" total="805306368" percent="6" macro-fragmented="201903">
      <mem type="soa" free="14646104" total="765040640" percent="1" />
      <mem type="loa" free="35809264" total="40265728" percent="88" />
    </mem>
    <pending-finalizers system="144" default="221" reference="6" classloader="0" />
    <remembered-set count="4868" />
  </mem-info>
</gc-end>
<cycle-end id="3542" type="scavenge" contextid="3536" timestamp="2023-06-02T09:25:15.912" />
<allocation-satisfied id="3543" threadId="000000000B5B7B00" bytesRequested="33554440" />
<af-end id="3544" timestamp="2023-06-02T09:25:15.913" threadId="000000000B5B8480" success="true" from="nursery"/>
<exclusive-end id="3545" timestamp="2023-06-02T09:25:15.913" durationms="11.711" />

<exclusive-start id="3546" timestamp="2023-06-02T09:25:16.373" intervalms="472.217">
  <response-info timems="0.121" idlems="0.121" threads="0" lastid="000000000AB9D100" lastname="qm: AsynchronousTaskRunner-4 @@ 09:25" />
</exclusive-start>
<af-start id="3547" threadId="000000000AB9DA80" totalBytesRequested="16392" timestamp="2023-06-02T09:25:16.373" intervalms="472.201" type="nursery" />
<cycle-start id="3548" type="scavenge" contextid="0" timestamp="2023-06-02T09:25:16.373" intervalms="472.205" />
<gc-start id="3549" type="scavenge" contextid="3548" timestamp="2023-06-02T09:25:16.375">
  <mem-info id="3550" free="50455368" total="1073741824" percent="4">
    <mem type="nursery" free="0" total="268435456" percent="0">
      <mem type="allocate" free="0" total="241565696" percent="0" />
      <mem type="survivor" free="0" total="26869760" percent="0" />
    </mem>
    <mem type="tenure" free="50455368" total="805306368" percent="6">
      <mem type="soa" free="14646104" total="765040640" percent="1" />
      <mem type="loa" free="35809264" total="40265728" percent="88" />
    </mem>
    <remembered-set count="6489" />
  </mem-info>
</gc-start>
<allocation-stats totalBytes="235630688" >
  <allocated-bytes non-tlh="102065168" tlh="133565520" />
  <largest-consumer threadName="Default Executor-thread-7" threadId="00000000015D4D00" bytes="40112520" />
</allocation-stats>
<gc-op id="3551" type="scavenge" timems="2.882" contextid="3548" timestamp="2023-06-02T09:25:16.378">
  <scavenger-info tenureage="14" tenuremask="4000" tiltratio="89" />
  <memory-copied type="nursery" objects="61890" bytes="3859016" bytesdiscarded="163744" />
  <memory-copied type="tenure" objects="1536" bytes="66760" bytesdiscarded="2800" />
  <finalization candidates="439" enqueued="344" />
  <ownableSynchronizers candidates="8895" cleared="8624" />
  <references type="soft" candidates="832" cleared="0" enqueued="0" dynamicThreshold="3" maxThreshold="32" />
  <references type="weak" candidates="195" cleared="52" enqueued="35" />
  <references type="phantom" candidates="10" cleared="0" enqueued="0" />
</gc-op>
<gc-end id="3552" type="scavenge" contextid="3548" durationms="3.280" usertimems="15.625" systemtimems="0.000" timestamp="2023-06-02T09:25:16.378" activeThreads="16">
  <mem-info id="3553" free="287921184" total="1073741824" percent="26">
    <mem type="nursery" free="237534088" total="268435456" percent="88">
      <mem type="allocate" free="237534088" total="241565696" percent="98" />
      <mem type="survivor" free="0" total="26869760" percent="0" />
    </mem>
    <mem type="tenure" free="50387096" total="805306368" percent="6" macro-fragmented="67744">
      <mem type="soa" free="14577832" total="765040640" percent="1" />
      <mem type="loa" free="35809264" total="40265728" percent="88" />
    </mem>
    <pending-finalizers system="111" default="233" reference="35" classloader="0" />
    <remembered-set count="4905" />
  </mem-info>
</gc-end>
<cycle-end id="3554" type="scavenge" contextid="3548" timestamp="2023-06-02T09:25:16.380" />
<allocation-satisfied id="3555" threadId="000000000AB9D100" bytesRequested="16392" />
<af-end id="3556" timestamp="2023-06-02T09:25:16.380" threadId="000000000AB9DA80" success="true" from="nursery"/>
<exclusive-end id="3557" timestamp="2023-06-02T09:25:16.380" durationms="6.636" />

<exclusive-start id="3558" timestamp="2023-06-02T09:25:16.887" intervalms="514.122">
  <response-info timems="0.128" idlems="0.128" threads="0" lastid="0000000010678200" lastname="[SQL@09:25:16.884], select t1.ITEM_ID, 78, t1.SUBJECT_ITEM_ITEM" />
</exclusive-start>
<af-start id="3559" threadId="0000000010678B80" totalBytesRequested="33554440" timestamp="2023-06-02T09:25:16.887" intervalms="514.136" type="nursery" />
<cycle-start id="3560" type="scavenge" contextid="0" timestamp="2023-06-02T09:25:16.888" intervalms="514.130" />
<gc-start id="3561" type="scavenge" contextid="3560" timestamp="2023-06-02T09:25:16.889">
  <mem-info id="3562" free="75088776" total="1073741824" percent="6">
    <mem type="nursery" free="24701760" total="268435456" percent="9">
      <mem type="allocate" free="24701760" total="241565696" percent="10" />
      <mem type="survivor" free="0" total="26869760" percent="0" />
    </mem>
    <mem type="tenure" free="50387016" total="805306368" percent="6">
      <mem type="soa" free="14577752" total="765040640" percent="1" />
      <mem type="loa" free="35809264" total="40265728" percent="88" />
    </mem>
    <remembered-set count="6639" />
  </mem-info>
</gc-start>
<allocation-stats totalBytes="212709944" >
  <allocated-bytes non-tlh="68763800" tlh="143946144" />
  <largest-consumer threadName="Default Executor-thread-50" threadId="0000000002B90A00" bytes="41261736" />
</allocation-stats>
<gc-op id="3563" type="scavenge" timems="2.503" contextid="3560" timestamp="2023-06-02T09:25:16.891">
  <scavenger-info tenureage="14" tenuremask="4000" tiltratio="89" />
  <memory-copied type="nursery" objects="100740" bytes="5486048" bytesdiscarded="247040" />
  <memory-copied type="tenure" objects="2470" bytes="94408" bytesdiscarded="1472" />
  <finalization candidates="472" enqueued="378" />
  <ownableSynchronizers candidates="8160" cleared="7858" />
  <references type="soft" candidates="818" cleared="0" enqueued="0" dynamicThreshold="3" maxThreshold="32" />
  <references type="weak" candidates="152" cleared="46" enqueued="22" />
  <references type="phantom" candidates="13" cleared="0" enqueued="0" />
</gc-op>
<gc-end id="3564" type="scavenge" contextid="3560" durationms="2.827" usertimems="15.625" systemtimems="0.000" timestamp="2023-06-02T09:25:16.891" activeThreads="16">
  <mem-info id="3565" free="286114680" total="1073741824" percent="26">
    <mem type="nursery" free="235822984" total="268435456" percent="87">
      <mem type="allocate" free="235822984" total="241565696" percent="97" />
      <mem type="survivor" free="0" total="26869760" percent="0" />
    </mem>
    <mem type="tenure" free="50291696" total="805306368" percent="6" macro-fragmented="84680">
      <mem type="soa" free="14482432" total="765040640" percent="1" />
      <mem type="loa" free="35809264" total="40265728" percent="88" />
    </mem>
    <pending-finalizers system="153" default="225" reference="22" classloader="0" />
    <remembered-set count="4980" />
  </mem-info>
</gc-end>
<cycle-end id="3566" type="scavenge" contextid="3560" timestamp="2023-06-02T09:25:16.894" />
<allocation-satisfied id="3567" threadId="0000000010678200" bytesRequested="33554440" />
<af-end id="3568" timestamp="2023-06-02T09:25:16.896" threadId="0000000010678B80" success="true" from="nursery"/>
<exclusive-end id="3569" timestamp="2023-06-02T09:25:16.896" durationms="7.835" />

<exclusive-start id="3570" timestamp="2023-06-02T09:25:17.330" intervalms="442.590">
  <response-info timems="0.115" idlems="0.115" threads="0" lastid="00000000018AE900" lastname="Default Executor-thread-26 @@ 09:25 PiotrAniola &lt;Mozilla/5.0" />
</exclusive-start>
<af-start id="3571" threadId="00000000018AF280" totalBytesRequested="1248" timestamp="2023-06-02T09:25:17.330" intervalms="442.582" type="nursery" />
<cycle-start id="3572" type="scavenge" contextid="0" timestamp="2023-06-02T09:25:17.330" intervalms="442.587" />
<gc-start id="3573" type="scavenge" contextid="3572" timestamp="2023-06-02T09:25:17.331">
  <mem-info id="3574" free="50291696" total="1073741824" percent="4">
    <mem type="nursery" free="0" total="268435456" percent="0">
      <mem type="allocate" free="0" total="241565696" percent="0" />
      <mem type="survivor" free="0" total="26869760" percent="0" />
    </mem>
    <mem type="tenure" free="50291696" total="805306368" percent="6">
      <mem type="soa" free="14482432" total="765040640" percent="1" />
      <mem type="loa" free="35809264" total="40265728" percent="88" />
    </mem>
    <remembered-set count="6443" />
  </mem-info>
</gc-start>
<allocation-stats totalBytes="235674520" >
  <allocated-bytes non-tlh="101991408" tlh="133683112" />
  <largest-consumer threadName="Default Executor-thread-61" threadId="00000000104B3900" bytes="41781952" />
</allocation-stats>
<gc-op id="3575" type="scavenge" timems="2.453" contextid="3572" timestamp="2023-06-02T09:25:17.335">
  <scavenger-info tenureage="14" tenuremask="4000" tiltratio="89" />
  <memory-copied type="nursery" objects="54740" bytes="3948736" bytesdiscarded="175904" />
  <memory-copied type="tenure" objects="3816" bytes="185816" bytesdiscarded="5824" />
  <finalization candidates="436" enqueued="342" />
  <ownableSynchronizers candidates="7384" cleared="7095" />
  <references type="soft" candidates="783" cleared="0" enqueued="0" dynamicThreshold="3" maxThreshold="32" />
  <references type="weak" candidates="117" cleared="24" enqueued="6" />
  <references type="phantom" candidates="3" cleared="0" enqueued="0" />
</gc-op>
<gc-end id="3576" type="scavenge" contextid="3572" durationms="2.810" usertimems="0.000" systemtimems="0.000" timestamp="2023-06-02T09:25:17.335" activeThreads="16">
  <mem-info id="3577" free="287533192" total="1073741824" percent="26">
    <mem type="nursery" free="237432400" total="268435456" percent="88">
      <mem type="allocate" free="237432400" total="241565696" percent="98" />
      <mem type="survivor" free="0" total="26869760" percent="0" />
    </mem>
    <mem type="tenure" free="50100792" total="805306368" percent="6" macro-fragmented="0">
      <mem type="soa" free="14291528" total="765040640" percent="1" />
      <mem type="loa" free="35809264" total="40265728" percent="88" />
    </mem>
    <pending-finalizers system="141" default="201" reference="6" classloader="0" />
    <remembered-set count="4745" />
  </mem-info>
</gc-end>
<cycle-end id="3578" type="scavenge" contextid="3572" timestamp="2023-06-02T09:25:17.336" />
<allocation-satisfied id="3579" threadId="00000000018AE900" bytesRequested="1248" />
<af-end id="3580" timestamp="2023-06-02T09:25:17.336" threadId="00000000018AF280" success="true" from="nursery"/>
<exclusive-end id="3581" timestamp="2023-06-02T09:25:17.336" durationms="5.699" />

<exclusive-start id="3582" timestamp="2023-06-02T09:25:17.832" intervalms="501.536">
  <response-info timems="0.155" idlems="0.155" threads="0" lastid="0000000001877E00" lastname="Default Executor-thread-13" />
</exclusive-start>
<af-start id="3583" threadId="0000000001878780" totalBytesRequested="72" timestamp="2023-06-02T09:25:17.832" intervalms="501.542" type="nursery" />
<cycle-start id="3584" type="scavenge" contextid="0" timestamp="2023-06-02T09:25:17.832" intervalms="501.533" />
<gc-start id="3585" type="scavenge" contextid="3584" timestamp="2023-06-02T09:25:17.834">
  <mem-info id="3586" free="50100792" total="1073741824" percent="4">
    <mem type="nursery" free="0" total="268435456" percent="0">
      <mem type="allocate" free="0" total="241565696" percent="0" />
      <mem type="survivor" free="0" total="26869760" percent="0" />
    </mem>
    <mem type="tenure" free="50100792" total="805306368" percent="6">
      <mem type="soa" free="14291528" total="765040640" percent="1" />
      <mem type="loa" free="35809264" total="40265728" percent="88" />
    </mem>
    <remembered-set count="6081" />
  </mem-info>
</gc-start>
<allocation-stats totalBytes="237249104" >
  <allocated-bytes non-tlh="102303016" tlh="134946088" />
  <largest-consumer threadName="Default Executor-thread-38" threadId="000000000B6A6500" bytes="40652824" />
</allocation-stats>
<gc-op id="3587" type="scavenge" timems="2.799" contextid="3584" timestamp="2023-06-02T09:25:17.836">
  <scavenger-info tenureage="14" tenuremask="4000" tiltratio="89" />
  <memory-copied type="nursery" objects="51048" bytes="3560112" bytesdiscarded="159960" />
  <memory-copied type="tenure" objects="1674" bytes="152088" bytesdiscarded="3600" />
  <finalization candidates="349" enqueued="245" />
  <ownableSynchronizers candidates="8046" cleared="7793" />
  <references type="soft" candidates="773" cleared="0" enqueued="0" dynamicThreshold="3" maxThreshold="32" />
  <references type="weak" candidates="115" cleared="24" enqueued="6" />
  <references type="phantom" candidates="5" cleared="0" enqueued="0" />
</gc-op>
<gc-end id="3588" type="scavenge" contextid="3584" durationms="3.115" usertimems="0.000" systemtimems="0.000" timestamp="2023-06-02T09:25:17.837" activeThreads="16">
  <mem-info id="3589" free="287781200" total="1073741824" percent="26">
    <mem type="nursery" free="237837824" total="268435456" percent="88">
      <mem type="allocate" free="237837824" total="241565696" percent="98" />
      <mem type="survivor" free="0" total="26869760" percent="0" />
    </mem>
    <mem type="tenure" free="49943376" total="805306368" percent="6" macro-fragmented="0">
      <mem type="soa" free="14134112" total="765040640" percent="1" />
      <mem type="loa" free="35809264" total="40265728" percent="88" />
    </mem>
    <pending-finalizers system="112" default="133" reference="6" classloader="0" />
    <remembered-set count="4746" />
  </mem-info>
</gc-end>
<cycle-end id="3590" type="scavenge" contextid="3584" timestamp="2023-06-02T09:25:17.838" />
<allocation-satisfied id="3591" threadId="0000000001877E00" bytesRequested="72" />
<af-end id="3592" timestamp="2023-06-02T09:25:17.838" threadId="0000000001878780" success="true" from="nursery"/>
<exclusive-end id="3593" timestamp="2023-06-02T09:25:17.838" durationms="5.907" />

<exclusive-start id="3594" timestamp="2023-06-02T09:25:18.596" intervalms="764.886">
  <response-info timems="0.188" idlems="0.188" threads="0" lastid="000000000AB91D00" lastname="qm: AsynchronousTaskRunner-1 @@ 09:25" />
</exclusive-start>
<af-start id="3595" threadId="000000000AB92680" totalBytesRequested="32776" timestamp="2023-06-02T09:25:18.597" intervalms="764.967" type="nursery" />
<cycle-start id="3596" type="scavenge" contextid="0" timestamp="2023-06-02T09:25:18.597" intervalms="765.035" />
<gc-start id="3597" type="scavenge" contextid="3596" timestamp="2023-06-02T09:25:18.598">
  <mem-info id="3598" free="49943296" total="1073741824" percent="4">
    <mem type="nursery" free="0" total="268435456" percent="0">
      <mem type="allocate" free="0" total="241565696" percent="0" />
      <mem type="survivor" free="0" total="26869760" percent="0" />
    </mem>
    <mem type="tenure" free="49943296" total="805306368" percent="6">
      <mem type="soa" free="14134032" total="765040640" percent="1" />
      <mem type="loa" free="35809264" total="40265728" percent="88" />
    </mem>
    <remembered-set count="6631" />
  </mem-info>
</gc-start>
<allocation-stats totalBytes="237506656" >
  <allocated-bytes non-tlh="34358384" tlh="203148272" />
  <largest-consumer threadName="Default Executor-thread-2" threadId="00000000016EAB00" bytes="42097408" />
</allocation-stats>
<gc-op id="3599" type="scavenge" timems="2.745" contextid="3596" timestamp="2023-06-02T09:25:18.601">
  <scavenger-info tenureage="14" tenuremask="4000" tiltratio="89" />
  <memory-copied type="nursery" objects="61941" bytes="3889088" bytesdiscarded="197248" />
  <memory-copied type="tenure" objects="1636" bytes="97720" bytesdiscarded="880" />
  <finalization candidates="588" enqueued="500" />
  <ownableSynchronizers candidates="9407" cleared="9143" />
  <references type="soft" candidates="817" cleared="0" enqueued="0" dynamicThreshold="3" maxThreshold="32" />
  <references type="weak" candidates="269" cleared="106" enqueued="79" />
  <references type="phantom" candidates="25" cleared="0" enqueued="0" />
</gc-op>
<gc-end id="3600" type="scavenge" contextid="3596" durationms="3.083" usertimems="0.000" systemtimems="0.000" timestamp="2023-06-02T09:25:18.601" activeThreads="16">
  <mem-info id="3601" free="287323880" total="1073741824" percent="26">
    <mem type="nursery" free="237467072" total="268435456" percent="88">
      <mem type="allocate" free="237467072" total="241565696" percent="98" />
      <mem type="survivor" free="0" total="26869760" percent="0" />
    </mem>
    <mem type="tenure" free="49856808" total="805306368" percent="6" macro-fragmented="0">
      <mem type="soa" free="14047544" total="765040640" percent="1" />
      <mem type="loa" free="35809264" total="40265728" percent="88" />
    </mem>
    <pending-finalizers system="171" default="329" reference="79" classloader="0" />
    <remembered-set count="4728" />
  </mem-info>
</gc-end>
<cycle-end id="3602" type="scavenge" contextid="3596" timestamp="2023-06-02T09:25:18.602" />
<allocation-satisfied id="3603" threadId="000000000AB91D00" bytesRequested="32776" />
<af-end id="3604" timestamp="2023-06-02T09:25:18.602" threadId="000000000AB92680" success="true" from="nursery"/>
<exclusive-end id="3605" timestamp="2023-06-02T09:25:18.602" durationms="6.185" />

<exclusive-start id="3606" timestamp="2023-06-02T09:25:19.189" intervalms="591.783">
  <response-info timems="0.230" idlems="0.230" threads="0" lastid="0000000010835F00" lastname="[SQL@09:25:19.185], select t1.ITEM_ID, 78, t1.SUBJECT_ITEM_ITEM" />
</exclusive-start>
<af-start id="3607" threadId="0000000010836880" totalBytesRequested="33554440" timestamp="2023-06-02T09:25:19.189" intervalms="591.759" type="nursery" />
<cycle-start id="3608" type="scavenge" contextid="0" timestamp="2023-06-02T09:25:19.189" intervalms="591.697" />
<gc-start id="3609" type="scavenge" contextid="3608" timestamp="2023-06-02T09:25:19.190">
  <mem-info id="3610" free="66993768" total="1073741824" percent="6">
    <mem type="nursery" free="17138136" total="268435456" percent="6">
      <mem type="allocate" free="17138136" total="241565696" percent="7" />
      <mem type="survivor" free="0" total="26869760" percent="0" />
    </mem>
    <mem type="tenure" free="49855632" total="805306368" percent="6">
      <mem type="soa" free="14046368" total="765040640" percent="1" />
      <mem type="loa" free="35809264" total="40265728" percent="88" />
    </mem>
    <remembered-set count="6473" />
  </mem-info>
</gc-start>
<allocation-stats totalBytes="220162296" >
  <allocated-bytes non-tlh="68961720" tlh="151200576" />
  <largest-consumer threadName="Default Executor-thread-49" threadId="000000000BB76600" bytes="40392600" />
</allocation-stats>
<gc-op id="3611" type="scavenge" timems="2.555" contextid="3608" timestamp="2023-06-02T09:25:19.192">
  <scavenger-info tenureage="14" tenuremask="4000" tiltratio="89" />
  <memory-copied type="nursery" objects="101446" bytes="5438304" bytesdiscarded="213632" />
  <finalization candidates="518" enqueued="428" />
  <ownableSynchronizers candidates="9181" cleared="8906" />
  <references type="soft" candidates="873" cleared="0" enqueued="0" dynamicThreshold="3" maxThreshold="32" />
  <references type="weak" candidates="124" cleared="32" enqueued="7" />
  <references type="phantom" candidates="3" cleared="0" enqueued="0" />
</gc-op>
<gc-end id="3612" type="scavenge" contextid="3608" durationms="2.889" usertimems="15.625" systemtimems="0.000" timestamp="2023-06-02T09:25:19.192" activeThreads="16">
  <mem-info id="3613" free="285759544" total="1073741824" percent="26">
    <mem type="nursery" free="235903912" total="268435456" percent="87">
      <mem type="allocate" free="235903912" total="241565696" percent="97" />
      <mem type="survivor" free="0" total="26869760" percent="0" />
    </mem>
    <mem type="tenure" free="49855632" total="805306368" percent="6" macro-fragmented="0">
      <mem type="soa" free="14046368" total="765040640" percent="1" />
      <mem type="loa" free="35809264" total="40265728" percent="88" />
    </mem>
    <pending-finalizers system="149" default="279" reference="7" classloader="0" />
    <remembered-set count="4869" />
  </mem-info>
</gc-end>
<cycle-end id="3614" type="scavenge" contextid="3608" timestamp="2023-06-02T09:25:19.195" />
<allocation-satisfied id="3615" threadId="0000000010835F00" bytesRequested="33554440" />
<af-end id="3616" timestamp="2023-06-02T09:25:19.197" threadId="0000000010836880" success="true" from="nursery"/>
<exclusive-end id="3617" timestamp="2023-06-02T09:25:19.197" durationms="8.039" />

<exclusive-start id="3618" timestamp="2023-06-02T09:25:19.589" intervalms="400.696">
  <response-info timems="0.135" idlems="0.135" threads="0" lastid="00000000104B4400" lastname="Default Executor-thread-62 @@ 09:25 PiotrAniola &lt;Mozilla/5.0" />
</exclusive-start>
<af-start id="3619" threadId="00000000104B4D80" totalBytesRequested="32" timestamp="2023-06-02T09:25:19.589" intervalms="400.655" type="nursery" />
<cycle-start id="3620" type="scavenge" contextid="0" timestamp="2023-06-02T09:25:19.589" intervalms="400.668" />
<gc-start id="3621" type="scavenge" contextid="3620" timestamp="2023-06-02T09:25:19.590">
  <mem-info id="3622" free="49855632" total="1073741824" percent="4">
    <mem type="nursery" free="0" total="268435456" percent="0">
      <mem type="allocate" free="0" total="241565696" percent="0" />
      <mem type="survivor" free="0" total="26869760" percent="0" />
    </mem>
    <mem type="tenure" free="49855632" total="805306368" percent="6">
      <mem type="soa" free="14046368" total="765040640" percent="1" />
      <mem type="loa" free="35809264" total="40265728" percent="88" />
    </mem>
    <remembered-set count="6232" />
  </mem-info>
</gc-start>
<allocation-stats totalBytes="235768176" >
  <allocated-bytes non-tlh="101711912" tlh="134056264" />
  <largest-consumer threadName="Default Executor-thread-51" threadId="0000000010835F00" bytes="75193960" />
</allocation-stats>
<gc-op id="3623" type="scavenge" timems="2.568" contextid="3620" timestamp="2023-06-02T09:25:19.593">
  <scavenger-info tenureage="14" tenuremask="4000" tiltratio="89" />
  <memory-copied type="nursery" objects="56518" bytes="3593792" bytesdiscarded="213584" />
  <memory-copied type="tenure" objects="3406" bytes="165104" bytesdiscarded="2888" />
  <finalization candidates="374" enqueued="273" />
  <ownableSynchronizers candidates="8186" cleared="7919" />
  <references type="soft" candidates="851" cleared="0" enqueued="0" dynamicThreshold="3" maxThreshold="32" />
  <references type="weak" candidates="98" cleared="24" enqueued="6" />
  <references type="phantom" candidates="3" cleared="0" enqueued="0" />
</gc-op>
<gc-end id="3624" type="scavenge" contextid="3620" durationms="2.979" usertimems="15.625" systemtimems="0.000" timestamp="2023-06-02T09:25:19.593" activeThreads="16">
  <mem-info id="3625" free="287417456" total="1073741824" percent="26">
    <mem type="nursery" free="237750448" total="268435456" percent="88">
      <mem type="allocate" free="237750448" total="241565696" percent="98" />
      <mem type="survivor" free="0" total="26869760" percent="0" />
    </mem>
    <mem type="tenure" free="49667008" total="805306368" percent="6" macro-fragmented="201903">
      <mem type="soa" free="13857744" total="765040640" percent="1" />
      <mem type="loa" free="35809264" total="40265728" percent="88" />
    </mem>
    <pending-finalizers system="104" default="169" reference="6" classloader="0" />
    <remembered-set count="4848" />
  </mem-info>
</gc-end>
<cycle-end id="3626" type="scavenge" contextid="3620" timestamp="2023-06-02T09:25:19.595" />
<allocation-satisfied id="3627" threadId="00000000104B4400" bytesRequested="32" />
<af-end id="3628" timestamp="2023-06-02T09:25:19.595" threadId="00000000104B4D80" success="true" from="nursery"/>
<exclusive-end id="3629" timestamp="2023-06-02T09:25:19.595" durationms="6.290" />

<exclusive-start id="3630" timestamp="2023-06-02T09:25:20.106" intervalms="516.113">
  <response-info timems="0.166" idlems="0.166" threads="0" lastid="00000000018AE900" lastname="Default Executor-thread-26 @@ 09:25 &lt;unauthenticated&gt; " />
</exclusive-start>
<af-start id="3631" threadId="00000000018AF280" totalBytesRequested="72" timestamp="2023-06-02T09:25:20.106" intervalms="516.092" type="nursery" />
<cycle-start id="3632" type="scavenge" contextid="0" timestamp="2023-06-02T09:25:20.106" intervalms="516.080" />
<gc-start id="3633" type="scavenge" contextid="3632" timestamp="2023-06-02T09:25:20.107">
  <mem-info id="3634" free="49667008" total="1073741824" percent="4">
    <mem type="nursery" free="0" total="268435456" percent="0">
      <mem type="allocate" free="0" total="241565696" percent="0" />
      <mem type="survivor" free="0" total="26869760" percent="0" />
    </mem>
    <mem type="tenure" free="49667008" total="805306368" percent="6">
      <mem type="soa" free="13857744" total="765040640" percent="1" />
      <mem type="loa" free="35809264" total="40265728" percent="88" />
    </mem>
    <remembered-set count="6169" />
  </mem-info>
</gc-start>
<allocation-stats totalBytes="237542512" >
  <allocated-bytes non-tlh="102485672" tlh="135056840" />
  <largest-consumer threadName="Default Executor-thread-58" threadId="000000001104EA00" bytes="80712216" />
</allocation-stats>
<gc-op id="3635" type="scavenge" timems="2.769" contextid="3632" timestamp="2023-06-02T09:25:20.110">
  <scavenger-info tenureage="14" tenuremask="4000" tiltratio="89" />
  <memory-copied type="nursery" objects="57651" bytes="4241016" bytesdiscarded="268000" />
  <memory-copied type="tenure" objects="2418" bytes="96552" bytesdiscarded="1952" />
  <finalization candidates="411" enqueued="296" />
  <ownableSynchronizers candidates="7120" cleared="6838" />
  <references type="soft" candidates="839" cleared="0" enqueued="0" dynamicThreshold="3" maxThreshold="32" />
  <references type="weak" candidates="208" cleared="77" enqueued="63" />
  <references type="phantom" candidates="17" cleared="0" enqueued="0" />
</gc-op>
<gc-end id="3636" type="scavenge" contextid="3632" durationms="3.233" usertimems="0.000" systemtimems="0.000" timestamp="2023-06-02T09:25:20.110" activeThreads="16">
  <mem-info id="3637" free="286613664" total="1073741824" percent="26">
    <mem type="nursery" free="237047232" total="268435456" percent="88">
      <mem type="allocate" free="237047232" total="241565696" percent="98" />
      <mem type="survivor" free="0" total="26869760" percent="0" />
    </mem>
    <mem type="tenure" free="49566432" total="805306368" percent="6" macro-fragmented="0">
      <mem type="soa" free="13757168" total="765040640" percent="1" />
      <mem type="loa" free="35809264" total="40265728" percent="88" />
    </mem>
    <pending-finalizers system="148" default="148" reference="63" classloader="0" />
    <remembered-set count="4838" />
  </mem-info>
</gc-end>
<cycle-end id="3638" type="scavenge" contextid="3632" timestamp="2023-06-02T09:25:20.112" />
<allocation-satisfied id="3639" threadId="00000000018AE900" bytesRequested="72" />
<af-end id="3640" timestamp="2023-06-02T09:25:20.112" threadId="00000000018AF280" success="true" from="nursery"/>
<exclusive-end id="3641" timestamp="2023-06-02T09:25:20.112" durationms="6.420" />

<exclusive-start id="3642" timestamp="2023-06-02T09:25:20.778" intervalms="672.334">
  <response-info timems="0.173" idlems="0.173" threads="0" lastid="0000000008D69300" lastname="qm: AsynchronousTaskRunner-0 @@ 09:25" />
</exclusive-start>
<af-start id="3643" threadId="0000000008D69C80" totalBytesRequested="1032" timestamp="2023-06-02T09:25:20.778" intervalms="672.342" type="nursery" />
<cycle-start id="3644" type="scavenge" contextid="0" timestamp="2023-06-02T09:25:20.778" intervalms="672.345" />
<gc-start id="3645" type="scavenge" contextid="3644" timestamp="2023-06-02T09:25:20.779">
  <mem-info id="3646" free="49566432" total="1073741824" percent="4">
    <mem type="nursery" free="0" total="268435456" percent="0">
      <mem type="allocate" free="0" total="241565696" percent="0" />
      <mem type="survivor" free="0" total="26869760" percent="0" />
    </mem>
    <mem type="tenure" free="49566432" total="805306368" percent="6">
      <mem type="soa" free="13757168" total="765040640" percent="1" />
      <mem type="loa" free="35809264" total="40265728" percent="88" />
    </mem>
    <remembered-set count="6459" />
  </mem-info>
</gc-start>
<allocation-stats totalBytes="236857544" >
  <allocated-bytes non-tlh="68437040" tlh="168420504" />
  <largest-consumer threadName="Default Executor-thread-64 @@ 09:25 PiotrAniola &lt;Mozilla/5.0 (Windows NT 10.0, Win64, x64, rv:109.0) Gecko/20100101 Firefox/..." threadId="0000000010678200" bytes="44593680" />
</allocation-stats>
<gc-op id="3647" type="scavenge" timems="2.956" contextid="3644" timestamp="2023-06-02T09:25:20.782">
  <scavenger-info tenureage="14" tenuremask="4000" tiltratio="89" />
  <memory-copied type="nursery" objects="57398" bytes="3936536" bytesdiscarded="167632" />
  <memory-copied type="tenure" objects="3497" bytes="203440" bytesdiscarded="2256" />
  <finalization candidates="512" enqueued="404" />
  <ownableSynchronizers candidates="7283" cleared="7003" />
  <references type="soft" candidates="818" cleared="0" enqueued="0" dynamicThreshold="3" maxThreshold="32" />
  <references type="weak" candidates="101" cleared="26" enqueued="6" />
  <references type="phantom" candidates="2" cleared="0" enqueued="0" />
</gc-op>
<gc-end id="3648" type="scavenge" contextid="3644" durationms="3.306" usertimems="0.000" systemtimems="0.000" timestamp="2023-06-02T09:25:20.783" activeThreads="16">
  <mem-info id="3649" free="286802224" total="1073741824" percent="26">
    <mem type="nursery" free="237450416" total="268435456" percent="88">
      <mem type="allocate" free="237450416" total="241565696" percent="98" />
      <mem type="survivor" free="0" total="26869760" percent="0" />
    </mem>
    <mem type="tenure" free="49351808" total="805306368" percent="6" macro-fragmented="0">
      <mem type="soa" free="13542544" total="765040640" percent="1" />
      <mem type="loa" free="35809264" total="40265728" percent="88" />
    </mem>
    <pending-finalizers system="185" default="219" reference="6" classloader="0" />
    <remembered-set count="4805" />
  </mem-info>
</gc-end>
<cycle-end id="3650" type="scavenge" contextid="3644" timestamp="2023-06-02T09:25:20.789" />
<allocation-satisfied id="3651" threadId="0000000008D69300" bytesRequested="1032" />
<af-end id="3652" timestamp="2023-06-02T09:25:20.789" threadId="0000000008D69C80" success="true" from="nursery"/>
<exclusive-end id="3653" timestamp="2023-06-02T09:25:20.789" durationms="11.962" />

<exclusive-start id="3654" timestamp="2023-06-02T09:25:21.230" intervalms="452.496">
  <response-info timems="0.139" idlems="0.139" threads="0" lastid="0000000010832300" lastname="[SQL@09:25:21.227], select t1.ITEM_ID, 78, t1.SUBJECT_ITEM_ITEM" />
</exclusive-start>
<af-start id="3655" threadId="0000000010832C80" totalBytesRequested="33554440" timestamp="2023-06-02T09:25:21.230" intervalms="452.514" type="nursery" />
<cycle-start id="3656" type="scavenge" contextid="0" timestamp="2023-06-02T09:25:21.231" intervalms="452.519" />
<gc-start id="3657" type="scavenge" contextid="3656" timestamp="2023-06-02T09:25:21.237">
  <mem-info id="3658" free="78415264" total="1073741824" percent="7">
    <mem type="nursery" free="29063456" total="268435456" percent="10">
      <mem type="allocate" free="29063456" total="241565696" percent="12" />
      <mem type="survivor" free="0" total="26869760" percent="0" />
    </mem>
    <mem type="tenure" free="49351808" total="805306368" percent="6">
      <mem type="soa" free="13542544" total="765040640" percent="1" />
      <mem type="loa" free="35809264" total="40265728" percent="88" />
    </mem>
    <remembered-set count="6341" />
  </mem-info>
</gc-start>
<allocation-stats totalBytes="208194848" >
  <allocated-bytes non-tlh="68946832" tlh="139248016" />
  <largest-consumer threadName="Default Executor-thread-14" threadId="0000000001878A00" bytes="43226184" />
</allocation-stats>
<gc-op id="3659" type="scavenge" timems="2.683" contextid="3656" timestamp="2023-06-02T09:25:21.240">
  <scavenger-info tenureage="14" tenuremask="4000" tiltratio="89" />
  <memory-copied type="nursery" objects="99123" bytes="5242744" bytesdiscarded="211040" />
  <memory-copied type="tenure" objects="837" bytes="34920" bytesdiscarded="384" />
  <finalization candidates="436" enqueued="327" />
  <ownableSynchronizers candidates="7732" cleared="7473" />
  <references type="soft" candidates="825" cleared="0" enqueued="0" dynamicThreshold="3" maxThreshold="32" />
  <references type="weak" candidates="186" cleared="73" enqueued="54" />
  <references type="phantom" candidates="16" cleared="0" enqueued="0" />
</gc-op>
<gc-end id="3660" type="scavenge" contextid="3656" durationms="3.024" usertimems="0.000" systemtimems="0.000" timestamp="2023-06-02T09:25:21.241" activeThreads="16">
  <mem-info id="3661" free="285409520" total="1073741824" percent="26">
    <mem type="nursery" free="236103624" total="268435456" percent="87">
      <mem type="allocate" free="236103624" total="241565696" percent="97" />
      <mem type="survivor" free="0" total="26869760" percent="0" />
    </mem>
    <mem type="tenure" free="49305896" total="805306368" percent="6" macro-fragmented="0">
      <mem type="soa" free="13496632" total="765040640" percent="1" />
      <mem type="loa" free="35809264" total="40265728" percent="88" />
    </mem>
    <pending-finalizers system="112" default="215" reference="54" classloader="0" />
    <remembered-set count="4885" />
  </mem-info>
</gc-end>
<cycle-end id="3662" type="scavenge" contextid="3656" timestamp="2023-06-02T09:25:21.246" />
<allocation-satisfied id="3663" threadId="0000000010832300" bytesRequested="33554440" />
<af-end id="3664" timestamp="2023-06-02T09:25:21.248" threadId="0000000010832C80" success="true" from="nursery"/>
<exclusive-end id="3665" timestamp="2023-06-02T09:25:21.248" durationms="17.546" />

<exclusive-start id="3666" timestamp="2023-06-02T09:25:21.930" intervalms="700.462">
  <response-info timems="0.131" idlems="0.131" threads="0" lastid="000000000B459900" lastname="ccm: AsynchronousTaskRunner-4 @@ 09:25" />
</exclusive-start>
<af-start id="3667" threadId="000000000B45A280" totalBytesRequested="1032" timestamp="2023-06-02T09:25:21.930" intervalms="700.471" type="nursery" />
<cycle-start id="3668" type="scavenge" contextid="0" timestamp="2023-06-02T09:25:21.930" intervalms="700.468" />
<gc-start id="3669" type="scavenge" contextid="3668" timestamp="2023-06-02T09:25:21.936">
  <mem-info id="3670" free="49305664" total="1073741824" percent="4">
    <mem type="nursery" free="0" total="268435456" percent="0">
      <mem type="allocate" free="0" total="241565696" percent="0" />
      <mem type="survivor" free="0" total="26869760" percent="0" />
    </mem>
    <mem type="tenure" free="49305664" total="805306368" percent="6">
      <mem type="soa" free="13496400" total="765040640" percent="1" />
      <mem type="loa" free="35809264" total="40265728" percent="88" />
    </mem>
    <remembered-set count="6649" />
  </mem-info>
</gc-start>
<allocation-stats totalBytes="235916424" >
  <allocated-bytes non-tlh="67698968" tlh="168217456" />
  <largest-consumer threadName="Default Executor-thread-62" threadId="00000000104B4400" bytes="40177320" />
</allocation-stats>
<gc-op id="3671" type="scavenge" timems="2.621" contextid="3668" timestamp="2023-06-02T09:25:21.939">
  <scavenger-info tenureage="14" tenuremask="4000" tiltratio="89" />
  <memory-copied type="nursery" objects="61482" bytes="3902888" bytesdiscarded="183464" />
  <memory-copied type="tenure" objects="3088" bytes="157728" bytesdiscarded="1224" />
  <finalization candidates="526" enqueued="413" />
  <ownableSynchronizers candidates="9360" cleared="9093" />
  <references type="soft" candidates="835" cleared="0" enqueued="0" dynamicThreshold="3" maxThreshold="32" />
  <references type="weak" candidates="349" cleared="115" enqueued="85" />
  <references type="phantom" candidates="17" cleared="0" enqueued="0" />
</gc-op>
<gc-end id="3672" type="scavenge" contextid="3668" durationms="2.967" usertimems="0.000" systemtimems="0.000" timestamp="2023-06-02T09:25:21.939" activeThreads="16">
  <mem-info id="3673" free="286569184" total="1073741824" percent="26">
    <mem type="nursery" free="237467720" total="268435456" percent="88">
      <mem type="allocate" free="237467720" total="241565696" percent="98" />
      <mem type="survivor" free="0" total="26869760" percent="0" />
    </mem>
    <mem type="tenure" free="49101464" total="805306368" percent="6" macro-fragmented="41040">
      <mem type="soa" free="13292200" total="765040640" percent="1" />
      <mem type="loa" free="35809264" total="40265728" percent="88" />
    </mem>
    <pending-finalizers system="141" default="272" reference="85" classloader="0" />
    <remembered-set count="4916" />
  </mem-info>
</gc-end>
<cycle-end id="3674" type="scavenge" contextid="3668" timestamp="2023-06-02T09:25:21.945" />
<allocation-satisfied id="3675" threadId="000000000B459900" bytesRequested="1032" />
<af-end id="3676" timestamp="2023-06-02T09:25:21.945" threadId="000000000B45A280" success="true" from="nursery"/>
<exclusive-end id="3677" timestamp="2023-06-02T09:25:21.945" durationms="13.972" />

<exclusive-start id="3678" timestamp="2023-06-02T09:25:22.420" intervalms="489.562">
  <response-info timems="0.074" idlems="0.074" threads="0" lastid="000000000B71BC00" lastname="Default Executor-thread-47 @@ 09:25 PiotrAniola &lt;Mozilla/5.0" />
</exclusive-start>
<af-start id="3679" threadId="000000000B71C580" totalBytesRequested="48" timestamp="2023-06-02T09:25:22.420" intervalms="489.537" type="nursery" />
<cycle-start id="3680" type="scavenge" contextid="0" timestamp="2023-06-02T09:25:22.420" intervalms="489.550" />
<gc-start id="3681" type="scavenge" contextid="3680" timestamp="2023-06-02T09:25:22.427">
  <mem-info id="3682" free="49101464" total="1073741824" percent="4">
    <mem type="nursery" free="0" total="268435456" percent="0">
      <mem type="allocate" free="0" total="241565696" percent="0" />
      <mem type="survivor" free="0" total="26869760" percent="0" />
    </mem>
    <mem type="tenure" free="49101464" total="805306368" percent="6">
      <mem type="soa" free="13292200" total="765040640" percent="1" />
      <mem type="loa" free="35809264" total="40265728" percent="88" />
    </mem>
    <remembered-set count="6363" />
  </mem-info>
</gc-start>
<allocation-stats totalBytes="237316600" >
  <allocated-bytes non-tlh="102528880" tlh="134787720" />
  <largest-consumer threadName="Default Executor-thread-55" threadId="0000000008B71200" bytes="40729072" />
</allocation-stats>
<gc-op id="3683" type="scavenge" timems="2.576" contextid="3680" timestamp="2023-06-02T09:25:22.429">
  <scavenger-info tenureage="14" tenuremask="4000" tiltratio="89" />
  <memory-copied type="nursery" objects="53868" bytes="3563592" bytesdiscarded="232032" />
  <memory-copied type="tenure" objects="2797" bytes="106936" bytesdiscarded="4728" />
  <finalization candidates="455" enqueued="349" />
  <ownableSynchronizers candidates="9159" cleared="8923" />
  <references type="soft" candidates="825" cleared="0" enqueued="0" dynamicThreshold="3" maxThreshold="32" />
  <references type="weak" candidates="125" cleared="44" enqueued="27" />
  <references type="phantom" candidates="11" cleared="0" enqueued="0" />
</gc-op>
<gc-end id="3684" type="scavenge" contextid="3680" durationms="2.942" usertimems="0.000" systemtimems="0.000" timestamp="2023-06-02T09:25:22.430" activeThreads="16">
  <mem-info id="3685" free="286794936" total="1073741824" percent="26">
    <mem type="nursery" free="237761176" total="268435456" percent="88">
      <mem type="allocate" free="237761176" total="241565696" percent="98" />
      <mem type="survivor" free="0" total="26869760" percent="0" />
    </mem>
    <mem type="tenure" free="49033760" total="805306368" percent="6" macro-fragmented="0">
      <mem type="soa" free="13224496" total="765040640" percent="1" />
      <mem type="loa" free="35809264" total="40265728" percent="88" />
    </mem>
    <pending-finalizers system="122" default="227" reference="27" classloader="0" />
    <remembered-set count="4863" />
  </mem-info>
</gc-end>
<cycle-end id="3686" type="scavenge" contextid="3680" timestamp="2023-06-02T09:25:22.432" />
<allocation-satisfied id="3687" threadId="000000000B71BC00" bytesRequested="48" />
<af-end id="3688" timestamp="2023-06-02T09:25:22.432" threadId="000000000B71C580" success="true" from="nursery"/>
<exclusive-end id="3689" timestamp="2023-06-02T09:25:22.432" durationms="12.657" />

<exclusive-start id="3690" timestamp="2023-06-02T09:25:22.937" intervalms="517.572">
  <response-info timems="0.160" idlems="0.160" threads="0" lastid="0000000001878A00" lastname="[SQL@09:25:22.933], select t1.ITEM_ID, 78, t1.SUBJECT_ITEM_ITEM" />
</exclusive-start>
<af-start id="3691" threadId="0000000001879380" totalBytesRequested="33554440" timestamp="2023-06-02T09:25:22.937" intervalms="517.573" type="nursery" />
<cycle-start id="3692" type="scavenge" contextid="0" timestamp="2023-06-02T09:25:22.937" intervalms="517.558" />
<gc-start id="3693" type="scavenge" contextid="3692" timestamp="2023-06-02T09:25:22.941">
  <mem-info id="3694" free="102249536" total="1073741824" percent="9">
    <mem type="nursery" free="53215776" total="268435456" percent="19">
      <mem type="allocate" free="53215776" total="241565696" percent="22" />
      <mem type="survivor" free="0" total="26869760" percent="0" />
    </mem>
    <mem type="tenure" free="49033760" total="805306368" percent="6">
      <mem type="soa" free="13224496" total="765040640" percent="1" />
      <mem type="loa" free="35809264" total="40265728" percent="88" />
    </mem>
    <remembered-set count="6274" />
  </mem-info>
</gc-start>
<allocation-stats totalBytes="184398736" >
  <allocated-bytes non-tlh="34734200" tlh="149664536" />
  <largest-consumer threadName="[SQL@09:25:22.933], select t1.ITEM_ID, 78, t1.SUBJECT_ITEM_ITEM_ID, t1.JZ_SUBJECT_ITEM_DISCRIMINATOR, t1.OBJECT_ITEM_ITEM_ID, t..." threadId="0000000001878A00" bytes="45315896" />
</allocation-stats>
<gc-op id="3695" type="scavenge" timems="3.166" contextid="3692" timestamp="2023-06-02T09:25:22.945">
  <scavenger-info tenureage="14" tenuremask="4000" tiltratio="89" />
  <memory-copied type="nursery" objects="100506" bytes="5726168" bytesdiscarded="197488" />
  <memory-copied type="tenure" objects="2917" bytes="242344" bytesdiscarded="1224" />
  <finalization candidates="438" enqueued="331" />
  <ownableSynchronizers candidates="7162" cleared="6935" />
  <references type="soft" candidates="819" cleared="0" enqueued="0" dynamicThreshold="3" maxThreshold="32" />
  <references type="weak" candidates="89" cleared="32" enqueued="6" />
  <references type="phantom" candidates="1" cleared="0" enqueued="0" />
</gc-op>
<gc-end id="3696" type="scavenge" contextid="3692" durationms="3.520" usertimems="0.000" systemtimems="0.000" timestamp="2023-06-02T09:25:22.945" activeThreads="16">
  <mem-info id="3697" free="284373080" total="1073741824" percent="26">
    <mem type="nursery" free="235633232" total="268435456" percent="87">
      <mem type="allocate" free="235633232" total="241565696" percent="97" />
      <mem type="survivor" free="0" total="26869760" percent="0" />
    </mem>
    <mem type="tenure" free="48739848" total="805306368" percent="6" macro-fragmented="0">
      <mem type="soa" free="12930584" total="765040640" percent="1" />
      <mem type="loa" free="35809264" total="40265728" percent="88" />
    </mem>
    <pending-finalizers system="117" default="214" reference="6" classloader="0" />
    <remembered-set count="4785" />
  </mem-info>
</gc-end>
<cycle-end id="3698" type="scavenge" contextid="3692" timestamp="2023-06-02T09:25:22.950" />
<allocation-satisfied id="3699" threadId="0000000001878A00" bytesRequested="33554440" />
<af-end id="3700" timestamp="2023-06-02T09:25:22.951" threadId="0000000001879380" success="true" from="nursery"/>
<exclusive-end id="3701" timestamp="2023-06-02T09:25:22.951" durationms="13.598" />

<exclusive-start id="3702" timestamp="2023-06-02T09:25:23.496" intervalms="557.657">
  <response-info timems="0.115" idlems="0.115" threads="0" lastid="000000000AB9D100" lastname="qm: AsynchronousTaskRunner-4 @@ 09:25" />
</exclusive-start>
<af-start id="3703" threadId="000000000AB9DA80" totalBytesRequested="16392" timestamp="2023-06-02T09:25:23.496" intervalms="557.638" type="nursery" />
<cycle-start id="3704" type="scavenge" contextid="0" timestamp="2023-06-02T09:25:23.496" intervalms="557.636" />
<gc-start id="3705" type="scavenge" contextid="3704" timestamp="2023-06-02T09:25:23.500">
  <mem-info id="3706" free="48739848" total="1073741824" percent="4">
    <mem type="nursery" free="0" total="268435456" percent="0">
      <mem type="allocate" free="0" total="241565696" percent="0" />
      <mem type="survivor" free="0" total="26869760" percent="0" />
    </mem>
    <mem type="tenure" free="48739848" total="805306368" percent="6">
      <mem type="soa" free="12930584" total="765040640" percent="1" />
      <mem type="loa" free="35809264" total="40265728" percent="88" />
    </mem>
    <remembered-set count="6310" />
  </mem-info>
</gc-start>
<allocation-stats totalBytes="235507488" >
  <allocated-bytes non-tlh="101860288" tlh="133647200" />
  <largest-consumer threadName="Default Executor-thread-20" threadId="000000000186A100" bytes="40274864" />
</allocation-stats>
<gc-op id="3707" type="scavenge" timems="2.541" contextid="3704" timestamp="2023-06-02T09:25:23.502">
  <scavenger-info tenureage="14" tenuremask="4000" tiltratio="89" />
  <memory-copied type="nursery" objects="51091" bytes="3453304" bytesdiscarded="185112" />
  <memory-copied type="tenure" objects="2661" bytes="137520" bytesdiscarded="2216" />
  <finalization candidates="475" enqueued="370" />
  <ownableSynchronizers candidates="8577" cleared="8381" />
  <references type="soft" candidates="800" cleared="0" enqueued="0" dynamicThreshold="3" maxThreshold="32" />
  <references type="weak" candidates="81" cleared="25" enqueued="7" />
  <references type="phantom" candidates="1" cleared="0" enqueued="0" />
</gc-op>
<gc-end id="3708" type="scavenge" contextid="3704" durationms="2.865" usertimems="0.000" systemtimems="0.000" timestamp="2023-06-02T09:25:23.502" activeThreads="16">
  <mem-info id="3709" free="286522616" total="1073741824" percent="26">
    <mem type="nursery" free="237918072" total="268435456" percent="88">
      <mem type="allocate" free="237918072" total="241565696" percent="98" />
      <mem type="survivor" free="0" total="26869760" percent="0" />
    </mem>
    <mem type="tenure" free="48604544" total="805306368" percent="6" macro-fragmented="0">
      <mem type="soa" free="12795280" total="765040640" percent="1" />
      <mem type="loa" free="35809264" total="40265728" percent="88" />
    </mem>
    <pending-finalizers system="137" default="233" reference="7" classloader="0" />
    <remembered-set count="4697" />
  </mem-info>
</gc-end>
<cycle-end id="3710" type="scavenge" contextid="3704" timestamp="2023-06-02T09:25:23.507" />
<allocation-satisfied id="3711" threadId="000000000AB9D100" bytesRequested="16392" />
<af-end id="3712" timestamp="2023-06-02T09:25:23.507" threadId="000000000AB9DA80" success="true" from="nursery"/>
<exclusive-end id="3713" timestamp="2023-06-02T09:25:23.507" durationms="11.766" />

<exclusive-start id="3714" timestamp="2023-06-02T09:25:23.981" intervalms="485.862">
  <response-info timems="0.149" idlems="0.149" threads="0" lastid="00000000018B0000" lastname="[SQL@09:25:23.974], select t1.ITEM_ID, 78, t1.SUBJECT_ITEM_ITEM" />
</exclusive-start>
<af-start id="3715" threadId="00000000018B0980" totalBytesRequested="33554440" timestamp="2023-06-02T09:25:23.981" intervalms="485.875" type="nursery" />
<cycle-start id="3716" type="scavenge" contextid="0" timestamp="2023-06-02T09:25:23.981" intervalms="485.872" />
<gc-start id="3717" type="scavenge" contextid="3716" timestamp="2023-06-02T09:25:23.986">
  <mem-info id="3718" free="74655016" total="1073741824" percent="6">
    <mem type="nursery" free="26050472" total="268435456" percent="9">
      <mem type="allocate" free="26050472" total="241565696" percent="10" />
      <mem type="survivor" free="0" total="26869760" percent="0" />
    </mem>
    <mem type="tenure" free="48604544" total="805306368" percent="6">
      <mem type="soa" free="12795280" total="765040640" percent="1" />
      <mem type="loa" free="35809264" total="40265728" percent="88" />
    </mem>
    <remembered-set count="6147" />
  </mem-info>
</gc-start>
<allocation-stats totalBytes="211699128" >
  <allocated-bytes non-tlh="68753360" tlh="142945768" />
  <largest-consumer threadName="Default Executor-thread-32" threadId="0000000001994900" bytes="43099160" />
</allocation-stats>
<gc-op id="3719" type="scavenge" timems="2.620" contextid="3716" timestamp="2023-06-02T09:25:23.989">
  <scavenger-info tenureage="14" tenuremask="4000" tiltratio="89" />
  <memory-copied type="nursery" objects="94534" bytes="5097608" bytesdiscarded="233976" />
  <memory-copied type="tenure" objects="2673" bytes="104152" bytesdiscarded="1232" />
  <finalization candidates="409" enqueued="303" />
  <ownableSynchronizers candidates="8244" cleared="8056" />
  <references type="soft" candidates="798" cleared="0" enqueued="0" dynamicThreshold="3" maxThreshold="32" />
  <references type="weak" candidates="136" cleared="55" enqueued="38" />
  <references type="phantom" candidates="12" cleared="0" enqueued="0" />
</gc-op>
<gc-end id="3720" type="scavenge" contextid="3716" durationms="2.955" usertimems="0.000" systemtimems="0.000" timestamp="2023-06-02T09:25:23.989" activeThreads="16">
  <mem-info id="3721" free="284682312" total="1073741824" percent="26">
    <mem type="nursery" free="236225520" total="268435456" percent="88">
      <mem type="allocate" free="236225520" total="241565696" percent="97" />
      <mem type="survivor" free="0" total="26869760" percent="0" />
    </mem>
    <mem type="tenure" free="48456792" total="805306368" percent="6" macro-fragmented="0">
      <mem type="soa" free="12647528" total="765040640" percent="1" />
      <mem type="loa" free="35809264" total="40265728" percent="88" />
    </mem>
    <pending-finalizers system="107" default="196" reference="38" classloader="0" />
    <remembered-set count="4652" />
  </mem-info>
</gc-end>
<cycle-end id="3722" type="scavenge" contextid="3716" timestamp="2023-06-02T09:25:23.991" />
<allocation-satisfied id="3723" threadId="00000000018B0000" bytesRequested="33554440" />
<af-end id="3724" timestamp="2023-06-02T09:25:23.992" threadId="00000000018B0980" success="true" from="nursery"/>
<exclusive-end id="3725" timestamp="2023-06-02T09:25:23.992" durationms="11.456" />

<exclusive-start id="3726" timestamp="2023-06-02T09:25:24.552" intervalms="571.143">
  <response-info timems="0.188" idlems="0.188" threads="0" lastid="00000000104E1A00" lastname="[SQL@09:25:24.546], select t1.ITEM_ID, 78, t1.SUBJECT_ITEM_ITEM" />
</exclusive-start>
<af-start id="3727" threadId="00000000104E2380" totalBytesRequested="33554440" timestamp="2023-06-02T09:25:24.552" intervalms="571.183" type="nursery" />
<cycle-start id="3728" type="scavenge" contextid="0" timestamp="2023-06-02T09:25:24.552" intervalms="571.200" />
<gc-start id="3729" type="scavenge" contextid="3728" timestamp="2023-06-02T09:25:24.557">
  <mem-info id="3730" free="68252784" total="1073741824" percent="6">
    <mem type="nursery" free="19795992" total="268435456" percent="7">
      <mem type="allocate" free="19795992" total="241565696" percent="8" />
      <mem type="survivor" free="0" total="26869760" percent="0" />
    </mem>
    <mem type="tenure" free="48456792" total="805306368" percent="6">
      <mem type="soa" free="12647528" total="765040640" percent="1" />
      <mem type="loa" free="35809264" total="40265728" percent="88" />
    </mem>
    <remembered-set count="6346" />
  </mem-info>
</gc-start>
<allocation-stats totalBytes="216183408" >
  <allocated-bytes non-tlh="68404184" tlh="147779224" />
  <largest-consumer threadName="Default Executor-thread-5" threadId="0000000001733F00" bytes="40683824" />
</allocation-stats>
<gc-op id="3731" type="scavenge" timems="2.306" contextid="3728" timestamp="2023-06-02T09:25:24.559">
  <scavenger-info tenureage="14" tenuremask="4000" tiltratio="89" />
  <memory-copied type="nursery" objects="94346" bytes="5232488" bytesdiscarded="254296" />
  <memory-copied type="tenure" objects="2542" bytes="96128" bytesdiscarded="632" />
  <finalization candidates="542" enqueued="435" />
  <ownableSynchronizers candidates="7324" cleared="7135" />
  <references type="soft" candidates="796" cleared="0" enqueued="0" dynamicThreshold="3" maxThreshold="32" />
  <references type="weak" candidates="82" cleared="30" enqueued="6" />
</gc-op>
<gc-end id="3732" type="scavenge" contextid="3728" durationms="2.635" usertimems="0.000" systemtimems="0.000" timestamp="2023-06-02T09:25:24.560" activeThreads="16">
  <mem-info id="3733" free="284385824" total="1073741824" percent="26">
    <mem type="nursery" free="236069072" total="268435456" percent="87">
      <mem type="allocate" free="236069072" total="241565696" percent="97" />
      <mem type="survivor" free="0" total="26869760" percent="0" />
    </mem>
    <mem type="tenure" free="48316752" total="805306368" percent="5" macro-fragmented="168253">
      <mem type="soa" free="12507488" total="765040640" percent="1" />
      <mem type="loa" free="35809264" total="40265728" percent="88" />
    </mem>
    <pending-finalizers system="165" default="270" reference="6" classloader="0" />
    <remembered-set count="4560" />
  </mem-info>
</gc-end>
<cycle-end id="3734" type="scavenge" contextid="3728" timestamp="2023-06-02T09:25:24.564" />
<allocation-satisfied id="3735" threadId="00000000104E1A00" bytesRequested="33554440" />
<af-end id="3736" timestamp="2023-06-02T09:25:24.565" threadId="00000000104E2380" success="true" from="nursery"/>
<exclusive-end id="3737" timestamp="2023-06-02T09:25:24.565" durationms="12.806" />

<exclusive-start id="3738" timestamp="2023-06-02T09:25:25.139" intervalms="586.269">
  <response-info timems="0.138" idlems="0.138" threads="0" lastid="000000000BB76600" lastname="[SQL@09:25:25.135], select t1.ITEM_ID, 78, t1.SUBJECT_ITEM_ITEM" />
</exclusive-start>
<af-start id="3739" threadId="000000000BB76F80" totalBytesRequested="33554440" timestamp="2023-06-02T09:25:25.139" intervalms="586.230" type="nursery" />
<cycle-start id="3740" type="scavenge" contextid="0" timestamp="2023-06-02T09:25:25.139" intervalms="586.223" />
<gc-start id="3741" type="scavenge" contextid="3740" timestamp="2023-06-02T09:25:25.143">
  <mem-info id="3742" free="61587992" total="1073741824" percent="5">
    <mem type="nursery" free="13271240" total="268435456" percent="4">
      <mem type="allocate" free="13271240" total="241565696" percent="5" />
      <mem type="survivor" free="0" total="26869760" percent="0" />
    </mem>
    <mem type="tenure" free="48316752" total="805306368" percent="5">
      <mem type="soa" free="12507488" total="765040640" percent="1" />
      <mem type="loa" free="35809264" total="40265728" percent="88" />
    </mem>
    <remembered-set count="6263" />
  </mem-info>
</gc-start>
<allocation-stats totalBytes="222667128" >
  <allocated-bytes non-tlh="68157472" tlh="154509656" />
  <largest-consumer threadName="Default Executor-thread-48" threadId="000000000B726D00" bytes="39941232" />
</allocation-stats>
<gc-op id="3743" type="scavenge" timems="3.270" contextid="3740" timestamp="2023-06-02T09:25:25.146">
  <scavenger-info tenureage="14" tenuremask="4000" tiltratio="89" />
  <memory-copied type="nursery" objects="96960" bytes="5095168" bytesdiscarded="249056" />
  <memory-copied type="tenure" objects="1512" bytes="126840" bytesdiscarded="536" />
  <finalization candidates="462" enqueued="355" />
  <ownableSynchronizers candidates="8622" cleared="8399" />
  <references type="soft" candidates="806" cleared="0" enqueued="0" dynamicThreshold="3" maxThreshold="32" />
  <references type="weak" candidates="153" cleared="67" enqueued="45" />
  <references type="phantom" candidates="19" cleared="0" enqueued="0" />
</gc-op>
<gc-end id="3744" type="scavenge" contextid="3740" durationms="3.698" usertimems="0.000" systemtimems="0.000" timestamp="2023-06-02T09:25:25.146" activeThreads="16">
  <mem-info id="3745" free="284387272" total="1073741824" percent="26">
    <mem type="nursery" free="236211640" total="268435456" percent="87">
      <mem type="allocate" free="236211640" total="241565696" percent="97" />
      <mem type="survivor" free="0" total="26869760" percent="0" />
    </mem>
    <mem type="tenure" free="48175632" total="805306368" percent="5" macro-fragmented="0">
      <mem type="soa" free="12366368" total="765040640" percent="1" />
      <mem type="loa" free="35809264" total="40265728" percent="88" />
    </mem>
    <pending-finalizers system="125" default="230" reference="45" classloader="0" />
    <remembered-set count="4694" />
  </mem-info>
</gc-end>
<cycle-end id="3746" type="scavenge" contextid="3740" timestamp="2023-06-02T09:25:25.150" />
<allocation-satisfied id="3747" threadId="000000000BB76600" bytesRequested="33554440" />
<af-end id="3748" timestamp="2023-06-02T09:25:25.152" threadId="000000000BB76F80" success="true" from="nursery"/>
<exclusive-end id="3749" timestamp="2023-06-02T09:25:25.152" durationms="13.865" />

<exclusive-start id="3750" timestamp="2023-06-02T09:25:25.627" intervalms="488.291">
  <response-info timems="0.313" idlems="0.313" threads="0" lastid="00000000102F2000" lastname="Default Executor-thread-59 @@ 09:24 PiotrAniola &lt;Mozilla/5.0" />
</exclusive-start>
<af-start id="3751" threadId="00000000102F2980" totalBytesRequested="264" timestamp="2023-06-02T09:25:25.628" intervalms="488.525" type="nursery" />
<cycle-start id="3752" type="scavenge" contextid="0" timestamp="2023-06-02T09:25:25.628" intervalms="488.543" />
<gc-start id="3753" type="scavenge" contextid="3752" timestamp="2023-06-02T09:25:25.633">
  <mem-info id="3754" free="48173984" total="1073741824" percent="4">
    <mem type="nursery" free="0" total="268435456" percent="0">
      <mem type="allocate" free="0" total="241565696" percent="0" />
      <mem type="survivor" free="0" total="26869760" percent="0" />
    </mem>
    <mem type="tenure" free="48173984" total="805306368" percent="5">
      <mem type="soa" free="12364720" total="765040640" percent="1" />
      <mem type="loa" free="35809264" total="40265728" percent="88" />
    </mem>
    <remembered-set count="6249" />
  </mem-info>
</gc-start>
<allocation-stats totalBytes="236091320" >
  <allocated-bytes non-tlh="101944432" tlh="134146888" />
  <largest-consumer threadName="Default Executor-thread-34" threadId="000000000B5B7B00" bytes="40690224" />
</allocation-stats>
<gc-op id="3755" type="scavenge" timems="2.336" contextid="3752" timestamp="2023-06-02T09:25:25.636">
  <scavenger-info tenureage="11" tenuremask="4800" tiltratio="89" />
  <memory-copied type="nursery" objects="50322" bytes="3203064" bytesdiscarded="165776" />
  <memory-copied type="tenure" objects="3206" bytes="244184" bytesdiscarded="664" />
  <finalization candidates="433" enqueued="334" />
  <ownableSynchronizers candidates="8573" cleared="8365" />
  <references type="soft" candidates="852" cleared="0" enqueued="0" dynamicThreshold="3" maxThreshold="32" />
  <references type="weak" candidates="89" cleared="27" enqueued="7" />
</gc-op>
<gc-end id="3756" type="scavenge" contextid="3752" durationms="2.721" usertimems="0.000" systemtimems="0.000" timestamp="2023-06-02T09:25:25.636" activeThreads="16">
  <mem-info id="3757" free="286141864" total="1073741824" percent="26">
    <mem type="nursery" free="238188808" total="268435456" percent="88">
      <mem type="allocate" free="238188808" total="241565696" percent="98" />
      <mem type="survivor" free="0" total="26869760" percent="0" />
    </mem>
    <mem type="tenure" free="47953056" total="805306368" percent="5" macro-fragmented="0">
      <mem type="soa" free="12143792" total="765040640" percent="1" />
      <mem type="loa" free="35809264" total="40265728" percent="88" />
    </mem>
    <pending-finalizers system="119" default="215" reference="7" classloader="0" />
    <remembered-set count="4807" />
  </mem-info>
</gc-end>
<cycle-end id="3758" type="scavenge" contextid="3752" timestamp="2023-06-02T09:25:25.639" />
<allocation-satisfied id="3759" threadId="00000000102F2000" bytesRequested="264" />
<af-end id="3760" timestamp="2023-06-02T09:25:25.639" threadId="00000000102F2980" success="true" from="nursery"/>
<exclusive-end id="3761" timestamp="2023-06-02T09:25:25.639" durationms="12.485" />

<exclusive-start id="3762" timestamp="2023-06-02T09:25:26.094" intervalms="467.172">
  <response-info timems="0.198" idlems="0.198" threads="0" lastid="000000000B6A6500" lastname="[SQL@09:25:26.088], select t1.ITEM_ID, 78, t1.SUBJECT_ITEM_ITEM" />
</exclusive-start>
<af-start id="3763" threadId="000000000B6A6E80" totalBytesRequested="33554440" timestamp="2023-06-02T09:25:26.094" intervalms="467.069" type="nursery" />
<cycle-start id="3764" type="scavenge" contextid="0" timestamp="2023-06-02T09:25:26.094" intervalms="467.129" />
<gc-start id="3765" type="scavenge" contextid="3764" timestamp="2023-06-02T09:25:26.099">
  <mem-info id="3766" free="92891040" total="1073741824" percent="8">
    <mem type="nursery" free="44938216" total="268435456" percent="16">
      <mem type="allocate" free="44938216" total="241565696" percent="18" />
      <mem type="survivor" free="0" total="26869760" percent="0" />
    </mem>
    <mem type="tenure" free="47952824" total="805306368" percent="5">
      <mem type="soa" free="12143560" total="765040640" percent="1" />
      <mem type="loa" free="35809264" total="40265728" percent="88" />
    </mem>
    <remembered-set count="6274" />
  </mem-info>
</gc-start>
<allocation-stats totalBytes="193142984" >
  <allocated-bytes non-tlh="68867592" tlh="124275392" />
  <largest-consumer threadName="Default Executor-thread-50" threadId="0000000002B90A00" bytes="43939600" />
</allocation-stats>
<gc-op id="3767" type="scavenge" timems="2.926" contextid="3764" timestamp="2023-06-02T09:25:26.102">
  <scavenger-info tenureage="11" tenuremask="4800" tiltratio="89" />
  <memory-copied type="nursery" objects="92324" bytes="4721376" bytesdiscarded="165840" />
  <memory-copied type="tenure" objects="4405" bytes="178200" bytesdiscarded="1168" />
  <finalization candidates="407" enqueued="316" />
  <ownableSynchronizers candidates="8054" cleared="7840" />
  <references type="soft" candidates="787" cleared="0" enqueued="0" dynamicThreshold="3" maxThreshold="32" />
  <references type="weak" candidates="138" cleared="54" enqueued="35" />
  <references type="phantom" candidates="11" cleared="0" enqueued="0" />
</gc-op>
<gc-end id="3768" type="scavenge" contextid="3764" durationms="3.343" usertimems="0.000" systemtimems="0.000" timestamp="2023-06-02T09:25:26.102" activeThreads="16">
  <mem-info id="3769" free="284374120" total="1073741824" percent="26">
    <mem type="nursery" free="236670056" total="268435456" percent="88">
      <mem type="allocate" free="236670056" total="241565696" percent="97" />
      <mem type="survivor" free="0" total="26869760" percent="0" />
    </mem>
    <mem type="tenure" free="47704064" total="805306368" percent="5" macro-fragmented="33872">
      <mem type="soa" free="11894800" total="765040640" percent="1" />
      <mem type="loa" free="35809264" total="40265728" percent="88" />
    </mem>
    <pending-finalizers system="112" default="204" reference="35" classloader="0" />
    <remembered-set count="4593" />
  </mem-info>
</gc-end>
<cycle-end id="3770" type="scavenge" contextid="3764" timestamp="2023-06-02T09:25:26.105" />
<allocation-satisfied id="3771" threadId="000000000B6A6500" bytesRequested="33554440" />
<af-end id="3772" timestamp="2023-06-02T09:25:26.107" threadId="000000000B6A6E80" success="true" from="nursery"/>
<exclusive-end id="3773" timestamp="2023-06-02T09:25:26.107" durationms="13.283" />

<exclusive-start id="3774" timestamp="2023-06-02T09:25:26.608" intervalms="514.030">
  <response-info timems="0.154" idlems="0.154" threads="0" lastid="00000000104E1A00" lastname="Default Executor-thread-63" />
</exclusive-start>
<af-start id="3775" threadId="00000000104E2380" totalBytesRequested="72" timestamp="2023-06-02T09:25:26.661" intervalms="566.972" type="nursery" />
<cycle-start id="3776" type="scavenge" contextid="0" timestamp="2023-06-02T09:25:26.661" intervalms="567.002" />
<gc-start id="3777" type="scavenge" contextid="3776" timestamp="2023-06-02T09:25:26.672">
  <mem-info id="3778" free="47704064" total="1073741824" percent="4">
    <mem type="nursery" free="0" total="268435456" percent="0">
      <mem type="allocate" free="0" total="241565696" percent="0" />
      <mem type="survivor" free="0" total="26869760" percent="0" />
    </mem>
    <mem type="tenure" free="47704064" total="805306368" percent="5">
      <mem type="soa" free="11894800" total="765040640" percent="1" />
      <mem type="loa" free="35809264" total="40265728" percent="88" />
    </mem>
    <remembered-set count="6057" />
  </mem-info>
</gc-start>
<allocation-stats totalBytes="236535760" >
  <allocated-bytes non-tlh="101860288" tlh="134675472" />
  <largest-consumer threadName="Default Executor-thread-2" threadId="00000000016EAB00" bytes="44600872" />
</allocation-stats>
<gc-op id="3779" type="scavenge" timems="3.404" contextid="3776" timestamp="2023-06-02T09:25:26.676">
  <scavenger-info tenureage="11" tenuremask="4800" tiltratio="89" />
  <memory-copied type="nursery" objects="47439" bytes="3356832" bytesdiscarded="217872" />
  <memory-copied type="tenure" objects="4027" bytes="201656" bytesdiscarded="768" />
  <finalization candidates="397" enqueued="310" />
  <ownableSynchronizers candidates="8534" cleared="8337" />
  <references type="soft" candidates="727" cleared="0" enqueued="0" dynamicThreshold="3" maxThreshold="32" />
  <references type="weak" candidates="82" cleared="28" enqueued="6" />
</gc-op>
<gc-end id="3780" type="scavenge" contextid="3776" durationms="4.155" usertimems="0.000" systemtimems="0.000" timestamp="2023-06-02T09:25:26.676" activeThreads="16">
  <mem-info id="3781" free="285423976" total="1073741824" percent="26">
    <mem type="nursery" free="237982400" total="268435456" percent="88">
      <mem type="allocate" free="237982400" total="241565696" percent="98" />
      <mem type="survivor" free="0" total="26869760" percent="0" />
    </mem>
    <mem type="tenure" free="47441576" total="805306368" percent="5" macro-fragmented="0">
      <mem type="soa" free="11632312" total="765040640" percent="1" />
      <mem type="loa" free="35809264" total="40265728" percent="88" />
    </mem>
    <pending-finalizers system="105" default="205" reference="6" classloader="0" />
    <remembered-set count="4396" />
  </mem-info>
</gc-end>
<cycle-end id="3782" type="scavenge" contextid="3776" timestamp="2023-06-02T09:25:26.682" />
<allocation-satisfied id="3783" threadId="00000000104E1A00" bytesRequested="72" />
<af-end id="3784" timestamp="2023-06-02T09:25:26.682" threadId="00000000104E2380" success="true" from="nursery"/>
<exclusive-end id="3785" timestamp="2023-06-02T09:25:26.682" durationms="74.319" />

<exclusive-start id="3786" timestamp="2023-06-02T09:25:27.328" intervalms="719.939">
  <response-info timems="0.190" idlems="0.190" threads="0" lastid="000000000B71BC00" lastname="[SQL@09:25:27.324], select t1.ITEM_ID, 78, t1.SUBJECT_ITEM_ITEM" />
</exclusive-start>
<af-start id="3787" threadId="000000000B71C580" totalBytesRequested="33554440" timestamp="2023-06-02T09:25:27.328" intervalms="666.890" type="nursery" />
<cycle-start id="3788" type="scavenge" contextid="0" timestamp="2023-06-02T09:25:27.328" intervalms="666.776" />
<gc-start id="3789" type="scavenge" contextid="3788" timestamp="2023-06-02T09:25:27.332">
  <mem-info id="3790" free="68368504" total="1073741824" percent="6">
    <mem type="nursery" free="20927160" total="268435456" percent="7">
      <mem type="allocate" free="20927160" total="241565696" percent="8" />
      <mem type="survivor" free="0" total="26869760" percent="0" />
    </mem>
    <mem type="tenure" free="47441344" total="805306368" percent="5">
      <mem type="soa" free="11632080" total="765040640" percent="1" />
      <mem type="loa" free="35809264" total="40265728" percent="88" />
    </mem>
    <remembered-set count="6093" />
  </mem-info>
</gc-start>
<allocation-stats totalBytes="216882648" >
  <allocated-bytes non-tlh="69169696" tlh="147712952" />
  <largest-consumer threadName="Default Executor-thread-49" threadId="000000000BB76600" bytes="40682280" />
</allocation-stats>
<gc-op id="3791" type="scavenge" timems="2.583" contextid="3788" timestamp="2023-06-02T09:25:27.335">
  <scavenger-info tenureage="11" tenuremask="4800" tiltratio="89" />
  <memory-copied type="nursery" objects="92212" bytes="4975000" bytesdiscarded="268008" />
  <memory-copied type="tenure" objects="1850" bytes="69800" bytesdiscarded="352" />
  <finalization candidates="470" enqueued="400" />
  <ownableSynchronizers candidates="8529" cleared="8325" />
  <references type="soft" candidates="733" cleared="0" enqueued="0" dynamicThreshold="3" maxThreshold="32" />
  <references type="weak" candidates="88" cleared="31" enqueued="11" />
  <references type="phantom" candidates="3" cleared="0" enqueued="0" />
</gc-op>
<gc-end id="3792" type="scavenge" contextid="3788" durationms="2.945" usertimems="0.000" systemtimems="0.000" timestamp="2023-06-02T09:25:27.335" activeThreads="16">
  <mem-info id="3793" free="283685160" total="1073741824" percent="26">
    <mem type="nursery" free="236313336" total="268435456" percent="88">
      <mem type="allocate" free="236313336" total="241565696" percent="97" />
      <mem type="survivor" free="0" total="26869760" percent="0" />
    </mem>
    <mem type="tenure" free="47371824" total="805306368" percent="5" macro-fragmented="15725">
      <mem type="soa" free="11562560" total="765040640" percent="1" />
      <mem type="loa" free="35809264" total="40265728" percent="88" />
    </mem>
    <pending-finalizers system="131" default="269" reference="11" classloader="0" />
    <remembered-set count="4406" />
  </mem-info>
</gc-end>
<cycle-end id="3794" type="scavenge" contextid="3788" timestamp="2023-06-02T09:25:27.340" />
<allocation-satisfied id="3795" threadId="000000000B71BC00" bytesRequested="33554440" />
<af-end id="3796" timestamp="2023-06-02T09:25:27.341" threadId="000000000B71C580" success="true" from="nursery"/>
<exclusive-end id="3797" timestamp="2023-06-02T09:25:27.341" durationms="13.088" />

<exclusive-start id="3798" timestamp="2023-06-02T09:25:27.829" intervalms="501.850">
  <response-info timems="0.117" idlems="0.117" threads="0" lastid="00000000102F2000" lastname="Default Executor-thread-59 @@ 09:24 PiotrAniola &lt;Mozilla/5.0" />
</exclusive-start>
<af-start id="3799" threadId="00000000102F2980" totalBytesRequested="35272" timestamp="2023-06-02T09:25:27.830" intervalms="501.820" type="nursery" />
<cycle-start id="3800" type="scavenge" contextid="0" timestamp="2023-06-02T09:25:27.830" intervalms="501.814" />
<gc-start id="3801" type="scavenge" contextid="3800" timestamp="2023-06-02T09:25:27.836">
  <mem-info id="3802" free="47370624" total="1073741824" percent="4">
    <mem type="nursery" free="0" total="268435456" percent="0">
      <mem type="allocate" free="0" total="241565696" percent="0" />
      <mem type="survivor" free="0" total="26869760" percent="0" />
    </mem>
    <mem type="tenure" free="47370624" total="805306368" percent="5">
      <mem type="soa" free="11561360" total="765040640" percent="1" />
      <mem type="loa" free="35809264" total="40265728" percent="88" />
    </mem>
    <remembered-set count="5882" />
  </mem-info>
</gc-start>
<allocation-stats totalBytes="236145752" >
  <allocated-bytes non-tlh="101933344" tlh="134212408" />
  <largest-consumer threadName="Default Executor-thread-26" threadId="00000000018AE900" bytes="40250144" />
</allocation-stats>
<gc-op id="3803" type="scavenge" timems="2.279" contextid="3800" timestamp="2023-06-02T09:25:27.838">
  <scavenger-info tenureage="11" tenuremask="4800" tiltratio="89" />
  <memory-copied type="nursery" objects="43505" bytes="3006152" bytesdiscarded="156416" />
  <memory-copied type="tenure" objects="3724" bytes="183176" bytesdiscarded="2368" />
  <finalization candidates="354" enqueued="290" />
  <ownableSynchronizers candidates="8327" cleared="8144" />
  <references type="soft" candidates="705" cleared="0" enqueued="0" dynamicThreshold="3" maxThreshold="32" />
  <references type="weak" candidates="80" cleared="26" enqueued="7" />
</gc-op>
<gc-end id="3804" type="scavenge" contextid="3800" durationms="2.626" usertimems="0.000" systemtimems="0.000" timestamp="2023-06-02T09:25:27.839" activeThreads="16">
  <mem-info id="3805" free="285685736" total="1073741824" percent="26">
    <mem type="nursery" free="238395608" total="268435456" percent="88">
      <mem type="allocate" free="238395608" total="241565696" percent="98" />
      <mem type="survivor" free="0" total="26869760" percent="0" />
    </mem>
    <mem type="tenure" free="47290128" total="805306368" percent="5" macro-fragmented="418667">
      <mem type="soa" free="11480864" total="765040640" percent="1" />
      <mem type="loa" free="35809264" total="40265728" percent="88" />
    </mem>
    <pending-finalizers system="109" default="181" reference="7" classloader="0" />
    <remembered-set count="4156" />
  </mem-info>
</gc-end>
<cycle-end id="3806" type="scavenge" contextid="3800" timestamp="2023-06-02T09:25:27.843" />
<allocation-satisfied id="3807" threadId="00000000102F2000" bytesRequested="35272" />
<af-end id="3808" timestamp="2023-06-02T09:25:27.843" threadId="00000000102F2980" success="true" from="nursery"/>
<exclusive-end id="3809" timestamp="2023-06-02T09:25:27.843" durationms="13.537" />

<exclusive-start id="3810" timestamp="2023-06-02T09:25:28.518" intervalms="689.010">
  <response-info timems="0.117" idlems="0.117" threads="0" lastid="0000000008D69300" lastname="qm: AsynchronousTaskRunner-0 @@ 09:25" />
</exclusive-start>
<af-start id="3811" threadId="0000000008D69C80" totalBytesRequested="1032" timestamp="2023-06-02T09:25:28.519" intervalms="689.001" type="nursery" />
<cycle-start id="3812" type="scavenge" contextid="0" timestamp="2023-06-02T09:25:28.519" intervalms="689.006" />
<gc-start id="3813" type="scavenge" contextid="3812" timestamp="2023-06-02T09:25:28.528">
  <mem-info id="3814" free="47289896" total="1073741824" percent="4">
    <mem type="nursery" free="0" total="268435456" percent="0">
      <mem type="allocate" free="0" total="241565696" percent="0" />
      <mem type="survivor" free="0" total="26869760" percent="0" />
    </mem>
    <mem type="tenure" free="47289896" total="805306368" percent="5">
      <mem type="soa" free="11480632" total="765040640" percent="1" />
      <mem type="loa" free="35809264" total="40265728" percent="88" />
    </mem>
    <remembered-set count="5995" />
  </mem-info>
</gc-start>
<allocation-stats totalBytes="238222872" >
  <allocated-bytes non-tlh="68599248" tlh="169623624" />
  <largest-consumer threadName="Default Executor-thread-62" threadId="00000000104B4400" bytes="44813656" />
</allocation-stats>
<gc-op id="3815" type="scavenge" timems="2.702" contextid="3812" timestamp="2023-06-02T09:25:28.531">
  <scavenger-info tenureage="11" tenuremask="4800" tiltratio="89" />
  <memory-copied type="nursery" objects="51663" bytes="3606536" bytesdiscarded="157968" />
  <memory-copied type="tenure" objects="2038" bytes="77840" bytesdiscarded="792" />
  <finalization candidates="549" enqueued="479" />
  <ownableSynchronizers candidates="9096" cleared="8905" />
  <references type="soft" candidates="722" cleared="0" enqueued="0" dynamicThreshold="3" maxThreshold="32" />
  <references type="weak" candidates="213" cleared="98" enqueued="69" />
  <references type="phantom" candidates="16" cleared="0" enqueued="0" />
</gc-op>
<gc-end id="3816" type="scavenge" contextid="3812" durationms="3.068" usertimems="15.625" systemtimems="0.000" timestamp="2023-06-02T09:25:28.532" activeThreads="16">
  <mem-info id="3817" free="285015600" total="1073741824" percent="26">
    <mem type="nursery" free="237790592" total="268435456" percent="88">
      <mem type="allocate" free="237790592" total="241565696" percent="98" />
      <mem type="survivor" free="0" total="26869760" percent="0" />
    </mem>
    <mem type="tenure" free="47225008" total="805306368" percent="5" macro-fragmented="0">
      <mem type="soa" free="11415744" total="765040640" percent="1" />
      <mem type="loa" free="35809264" total="40265728" percent="88" />
    </mem>
    <pending-finalizers system="170" default="309" reference="69" classloader="0" />
    <remembered-set count="4204" />
  </mem-info>
</gc-end>
<cycle-end id="3818" type="scavenge" contextid="3812" timestamp="2023-06-02T09:25:28.536" />
<allocation-satisfied id="3819" threadId="0000000008D69300" bytesRequested="1032" />
<af-end id="3820" timestamp="2023-06-02T09:25:28.537" threadId="0000000008D69C80" success="true" from="nursery"/>
<exclusive-end id="3821" timestamp="2023-06-02T09:25:28.537" durationms="17.291" />

<exclusive-start id="3822" timestamp="2023-06-02T09:25:29.032" intervalms="513.857">
  <response-info timems="0.121" idlems="0.121" threads="0" lastid="0000000001733F00" lastname="Default Executor-thread-5" />
</exclusive-start>
<af-start id="3823" threadId="0000000001734880" totalBytesRequested="72" timestamp="2023-06-02T09:25:29.033" intervalms="513.867" type="nursery" />
<cycle-start id="3824" type="scavenge" contextid="0" timestamp="2023-06-02T09:25:29.033" intervalms="513.868" />
<gc-start id="3825" type="scavenge" contextid="3824" timestamp="2023-06-02T09:25:29.038">
  <mem-info id="3826" free="47225008" total="1073741824" percent="4">
    <mem type="nursery" free="0" total="268435456" percent="0">
      <mem type="allocate" free="0" total="241565696" percent="0" />
      <mem type="survivor" free="0" total="26869760" percent="0" />
    </mem>
    <mem type="tenure" free="47225008" total="805306368" percent="5">
      <mem type="soa" free="11415744" total="765040640" percent="1" />
      <mem type="loa" free="35809264" total="40265728" percent="88" />
    </mem>
    <remembered-set count="5680" />
  </mem-info>
</gc-start>
<allocation-stats totalBytes="237631608" >
  <allocated-bytes non-tlh="102237240" tlh="135394368" />
  <largest-consumer threadName="Default Executor-thread-15" threadId="0000000001874E00" bytes="80263128" />
</allocation-stats>
<gc-op id="3827" type="scavenge" timems="2.011" contextid="3824" timestamp="2023-06-02T09:25:29.040">
  <scavenger-info tenureage="11" tenuremask="4800" tiltratio="89" />
  <memory-copied type="nursery" objects="45691" bytes="3319552" bytesdiscarded="294088" />
  <memory-copied type="tenure" objects="2101" bytes="80888" bytesdiscarded="8" />
  <finalization candidates="373" enqueued="292" />
  <ownableSynchronizers candidates="8623" cleared="8446" />
  <references type="soft" candidates="705" cleared="0" enqueued="0" dynamicThreshold="3" maxThreshold="32" />
  <references type="weak" candidates="77" cleared="23" enqueued="6" />
</gc-op>
<gc-end id="3828" type="scavenge" contextid="3824" durationms="2.348" usertimems="0.000" systemtimems="0.000" timestamp="2023-06-02T09:25:29.040" activeThreads="16">
  <mem-info id="3829" free="285157576" total="1073741824" percent="26">
    <mem type="nursery" free="237944432" total="268435456" percent="88">
      <mem type="allocate" free="237944432" total="241565696" percent="98" />
      <mem type="survivor" free="0" total="26869760" percent="0" />
    </mem>
    <mem type="tenure" free="47213144" total="805306368" percent="5" macro-fragmented="0">
      <mem type="soa" free="11403880" total="765040640" percent="1" />
      <mem type="loa" free="35809264" total="40265728" percent="88" />
    </mem>
    <pending-finalizers system="106" default="186" reference="6" classloader="0" />
    <remembered-set count="4214" />
  </mem-info>
</gc-end>
<cycle-end id="3830" type="scavenge" contextid="3824" timestamp="2023-06-02T09:25:29.044" />
<allocation-satisfied id="3831" threadId="0000000001733F00" bytesRequested="72" />
<af-end id="3832" timestamp="2023-06-02T09:25:29.044" threadId="0000000001734880" success="true" from="nursery"/>
<exclusive-end id="3833" timestamp="2023-06-02T09:25:29.044" durationms="10.966" />

<exclusive-start id="3834" timestamp="2023-06-02T09:25:29.673" intervalms="640.381">
  <response-info timems="0.139" idlems="0.139" threads="0" lastid="0000000010832300" lastname="Default Executor-thread-54 @@ 09:25 PiotrAniola &lt;Mozilla/5.0" />
</exclusive-start>
<af-start id="3835" threadId="0000000010832C80" totalBytesRequested="40" timestamp="2023-06-02T09:25:29.673" intervalms="640.393" type="nursery" />
<cycle-start id="3836" type="scavenge" contextid="0" timestamp="2023-06-02T09:25:29.673" intervalms="640.399" />
<gc-start id="3837" type="scavenge" contextid="3836" timestamp="2023-06-02T09:25:29.680">
  <mem-info id="3838" free="47211848" total="1073741824" percent="4">
    <mem type="nursery" free="0" total="268435456" percent="0">
      <mem type="allocate" free="0" total="241565696" percent="0" />
      <mem type="survivor" free="0" total="26869760" percent="0" />
    </mem>
    <mem type="tenure" free="47211848" total="805306368" percent="5">
      <mem type="soa" free="11402584" total="765040640" percent="1" />
      <mem type="loa" free="35809264" total="40265728" percent="88" />
    </mem>
    <remembered-set count="6567" />
  </mem-info>
</gc-start>
<allocation-stats totalBytes="237686576" >
  <allocated-bytes non-tlh="71147680" tlh="166538896" />
  <largest-consumer threadName="Default Executor-thread-58" threadId="000000001104EA00" bytes="42846712" />
</allocation-stats>
<gc-op id="3839" type="scavenge" timems="3.959" contextid="3836" timestamp="2023-06-02T09:25:29.684">
  <scavenger-info tenureage="14" tenuremask="4000" tiltratio="89" />
  <memory-copied type="nursery" objects="70678" bytes="4660984" bytesdiscarded="126128" />
  <finalization candidates="447" enqueued="347" />
  <ownableSynchronizers candidates="6486" cleared="6085" />
  <references type="soft" candidates="824" cleared="0" enqueued="0" dynamicThreshold="3" maxThreshold="32" />
  <references type="weak" candidates="198" cleared="94" enqueued="56" />
  <references type="phantom" candidates="7" cleared="0" enqueued="0" />
</gc-op>
<gc-end id="3840" type="scavenge" contextid="3836" durationms="4.478" usertimems="0.000" systemtimems="0.000" timestamp="2023-06-02T09:25:29.685" activeThreads="16">
  <mem-info id="3841" free="283979688" total="1073741824" percent="26">
    <mem type="nursery" free="236767840" total="268435456" percent="88">
      <mem type="allocate" free="236767840" total="241565696" percent="98" />
      <mem type="survivor" free="0" total="26869760" percent="0" />
    </mem>
    <mem type="tenure" free="47211848" total="805306368" percent="5" macro-fragmented="0">
      <mem type="soa" free="11402584" total="765040640" percent="1" />
      <mem type="loa" free="35809264" total="40265728" percent="88" />
    </mem>
    <pending-finalizers system="159" default="188" reference="56" classloader="0" />
    <remembered-set count="5088" />
  </mem-info>
</gc-end>
<cycle-end id="3842" type="scavenge" contextid="3836" timestamp="2023-06-02T09:25:29.687" />
<allocation-satisfied id="3843" threadId="0000000010832300" bytesRequested="40" />
<af-end id="3844" timestamp="2023-06-02T09:25:29.687" threadId="0000000010832C80" success="true" from="nursery"/>
<exclusive-end id="3845" timestamp="2023-06-02T09:25:29.687" durationms="13.788" />

<exclusive-start id="3846" timestamp="2023-06-02T09:25:30.058" intervalms="384.845">
  <response-info timems="0.138" idlems="0.138" threads="0" lastid="0000000002B90A00" lastname="[SQL@09:25:30.054], select t1.ITEM_ID, 78, t1.SUBJECT_ITEM_ITEM" />
</exclusive-start>
<af-start id="3847" threadId="0000000002B91380" totalBytesRequested="33554440" timestamp="2023-06-02T09:25:30.059" intervalms="384.910" type="nursery" />
<cycle-start id="3848" type="scavenge" contextid="0" timestamp="2023-06-02T09:25:30.059" intervalms="384.916" />
<gc-start id="3849" type="scavenge" contextid="3848" timestamp="2023-06-02T09:25:30.064">
  <mem-info id="3850" free="53107008" total="1073741824" percent="4">
    <mem type="nursery" free="5898552" total="268435456" percent="2">
      <mem type="allocate" free="5898552" total="241565696" percent="2" />
      <mem type="survivor" free="0" total="26869760" percent="0" />
    </mem>
    <mem type="tenure" free="47208456" total="805306368" percent="5">
      <mem type="soa" free="11399192" total="765040640" percent="1" />
      <mem type="loa" free="35809264" total="40265728" percent="88" />
    </mem>
    <remembered-set count="10388" />
  </mem-info>
</gc-start>
<allocation-stats totalBytes="230721464" >
  <allocated-bytes non-tlh="7787384" tlh="222934080" />
  <largest-consumer threadName="Default Executor-thread-20" threadId="000000000186A100" bytes="92780728" />
</allocation-stats>
<gc-op id="3851" type="scavenge" timems="7.088" contextid="3848" timestamp="2023-06-02T09:25:30.071">
  <scavenger-info tenureage="14" tenuremask="4000" tiltratio="89" />
  <memory-copied type="nursery" objects="189962" bytes="10652992" bytesdiscarded="310176" />
  <finalization candidates="1284" enqueued="1176" />
  <ownableSynchronizers candidates="10197" cleared="8849" />
  <references type="soft" candidates="2809" cleared="0" enqueued="0" dynamicThreshold="3" maxThreshold="32" />
  <references type="weak" candidates="748" cleared="80" enqueued="66" />
  <references type="phantom" candidates="15" cleared="1" enqueued="1" />
</gc-op>
<gc-end id="3852" type="scavenge" contextid="3848" durationms="7.681" usertimems="0.000" systemtimems="0.000" timestamp="2023-06-02T09:25:30.071" activeThreads="16">
  <mem-info id="3853" free="277754456" total="1073741824" percent="25">
    <mem type="nursery" free="230546000" total="268435456" percent="85">
      <mem type="allocate" free="230546000" total="241565696" percent="95" />
      <mem type="survivor" free="0" total="26869760" percent="0" />
    </mem>
    <mem type="tenure" free="47208456" total="805306368" percent="5" macro-fragmented="0">
      <mem type="soa" free="11399192" total="765040640" percent="1" />
      <mem type="loa" free="35809264" total="40265728" percent="88" />
    </mem>
    <pending-finalizers system="556" default="620" reference="67" classloader="0" />
    <remembered-set count="8511" />
  </mem-info>
</gc-end>
<cycle-end id="3854" type="scavenge" contextid="3848" timestamp="2023-06-02T09:25:30.074" />
<allocation-satisfied id="3855" threadId="0000000002B90A00" bytesRequested="33554440" />
<af-end id="3856" timestamp="2023-06-02T09:25:30.075" threadId="0000000002B91380" success="true" from="nursery"/>
<exclusive-end id="3857" timestamp="2023-06-02T09:25:30.075" durationms="17.777" />

<exclusive-start id="3858" timestamp="2023-06-02T09:25:30.318" intervalms="259.461">
  <response-info timems="0.158" idlems="0.158" threads="0" lastid="000000000378C000" lastname="lqe.IndexingAgent[links_qm - piotr/qm]-thread-0" />
</exclusive-start>
<af-start id="3859" threadId="000000000378C980" totalBytesRequested="464" timestamp="2023-06-02T09:25:30.318" intervalms="259.398" type="nursery" />
<cycle-start id="3860" type="scavenge" contextid="0" timestamp="2023-06-02T09:25:30.318" intervalms="259.393" />
<gc-start id="3861" type="scavenge" contextid="3860" timestamp="2023-06-02T09:25:30.322">
  <mem-info id="3862" free="47207832" total="1073741824" percent="4">
    <mem type="nursery" free="0" total="268435456" percent="0">
      <mem type="allocate" free="0" total="241565696" percent="0" />
      <mem type="survivor" free="0" total="26869760" percent="0" />
    </mem>
    <mem type="tenure" free="47207832" total="805306368" percent="5">
      <mem type="soa" free="11398568" total="765040640" percent="1" />
      <mem type="loa" free="35809264" total="40265728" percent="88" />
    </mem>
    <remembered-set count="9736" />
  </mem-info>
</gc-start>
<allocation-stats totalBytes="230410112" >
  <allocated-bytes non-tlh="73801192" tlh="156608920" />
  <largest-consumer threadName="Default Executor-thread-24" threadId="00000000018B1900" bytes="61997320" />
</allocation-stats>
<gc-op id="3863" type="scavenge" timems="4.715" contextid="3860" timestamp="2023-06-02T09:25:30.327">
  <scavenger-info tenureage="14" tenuremask="4000" tiltratio="89" />
  <memory-copied type="nursery" objects="178310" bytes="11864160" bytesdiscarded="315336" />
  <finalization candidates="276" enqueued="166" />
  <ownableSynchronizers candidates="9765" cleared="8412" />
  <references type="soft" candidates="2836" cleared="0" enqueued="0" dynamicThreshold="3" maxThreshold="32" />
  <references type="weak" candidates="707" cleared="62" enqueued="45" />
  <references type="phantom" candidates="12" cleared="0" enqueued="0" />
</gc-op>
<gc-end id="3864" type="scavenge" contextid="3860" durationms="5.172" usertimems="15.625" systemtimems="0.000" timestamp="2023-06-02T09:25:30.327" activeThreads="16">
  <mem-info id="3865" free="276578504" total="1073741824" percent="25">
    <mem type="nursery" free="229370672" total="268435456" percent="85">
      <mem type="allocate" free="229370672" total="241565696" percent="94" />
      <mem type="survivor" free="0" total="26869760" percent="0" />
    </mem>
    <mem type="tenure" free="47207832" total="805306368" percent="5" macro-fragmented="0">
      <mem type="soa" free="11398568" total="765040640" percent="1" />
      <mem type="loa" free="35809264" total="40265728" percent="88" />
    </mem>
    <pending-finalizers system="56" default="110" reference="45" classloader="0" />
    <remembered-set count="8590" />
  </mem-info>
</gc-end>
<cycle-end id="3866" type="scavenge" contextid="3860" timestamp="2023-06-02T09:25:30.329" />
<allocation-satisfied id="3867" threadId="000000000378C000" bytesRequested="464" />
<af-end id="3868" timestamp="2023-06-02T09:25:30.329" threadId="000000000378C980" success="true" from="nursery"/>
<exclusive-end id="3869" timestamp="2023-06-02T09:25:30.329" durationms="11.379" />

<exclusive-start id="3870" timestamp="2023-06-02T09:25:30.867" intervalms="549.529">
  <response-info timems="0.164" idlems="0.164" threads="0" lastid="000000000B6A6500" lastname="Default Executor-thread-38 @@ 09:25 &lt;unauthenticated&gt; " />
</exclusive-start>
<af-start id="3871" threadId="000000000B6A6E80" totalBytesRequested="72" timestamp="2023-06-02T09:25:30.867" intervalms="549.546" type="nursery" />
<cycle-start id="3872" type="scavenge" contextid="0" timestamp="2023-06-02T09:25:30.867" intervalms="549.560" />
<gc-start id="3873" type="scavenge" contextid="3872" timestamp="2023-06-02T09:25:30.870">
  <mem-info id="3874" free="47206112" total="1073741824" percent="4">
    <mem type="nursery" free="0" total="268435456" percent="0">
      <mem type="allocate" free="0" total="241565696" percent="0" />
      <mem type="survivor" free="0" total="26869760" percent="0" />
    </mem>
    <mem type="tenure" free="47206112" total="805306368" percent="5">
      <mem type="soa" free="11396848" total="765040640" percent="1" />
      <mem type="loa" free="35809264" total="40265728" percent="88" />
    </mem>
    <remembered-set count="11389" />
  </mem-info>
</gc-start>
<allocation-stats totalBytes="229221512" >
  <allocated-bytes non-tlh="68516856" tlh="160704656" />
  <largest-consumer threadName="Default Executor-thread-26" threadId="00000000018AE900" bytes="43333232" />
</allocation-stats>
<gc-op id="3875" type="scavenge" timems="4.132" contextid="3872" timestamp="2023-06-02T09:25:30.875">
  <scavenger-info tenureage="14" tenuremask="4000" tiltratio="89" />
  <memory-copied type="nursery" objects="156295" bytes="10215112" bytesdiscarded="172696" />
  <memory-copied type="tenure" objects="2045" bytes="112464" bytesdiscarded="2936" />
  <finalization candidates="430" enqueued="303" />
  <ownableSynchronizers candidates="9725" cleared="7842" />
  <references type="soft" candidates="2909" cleared="0" enqueued="0" dynamicThreshold="3" maxThreshold="32" />
  <references type="weak" candidates="681" cleared="26" enqueued="6" />
  <references type="phantom" candidates="4" cleared="0" enqueued="0" />
</gc-op>
<gc-end id="3876" type="scavenge" contextid="3872" durationms="4.477" usertimems="31.250" systemtimems="0.000" timestamp="2023-06-02T09:25:30.875" activeThreads="16">
  <mem-info id="3877" free="278295512" total="1073741824" percent="25">
    <mem type="nursery" free="231166088" total="268435456" percent="86">
      <mem type="allocate" free="231166088" total="241565696" percent="95" />
      <mem type="survivor" free="0" total="26869760" percent="0" />
    </mem>
    <mem type="tenure" free="47129424" total="805306368" percent="5" macro-fragmented="0">
      <mem type="soa" free="11320160" total="765040640" percent="1" />
      <mem type="loa" free="35809264" total="40265728" percent="88" />
    </mem>
    <pending-finalizers system="96" default="207" reference="6" classloader="0" />
    <remembered-set count="9937" />
  </mem-info>
</gc-end>
<cycle-end id="3878" type="scavenge" contextid="3872" timestamp="2023-06-02T09:25:30.880" />
<allocation-satisfied id="3879" threadId="000000000B6A6500" bytesRequested="72" />
<af-end id="3880" timestamp="2023-06-02T09:25:30.880" threadId="000000000B6A6E80" success="true" from="nursery"/>
<exclusive-end id="3881" timestamp="2023-06-02T09:25:30.880" durationms="13.092" />

<exclusive-start id="3882" timestamp="2023-06-02T09:25:31.309" intervalms="442.954">
  <response-info timems="0.204" idlems="0.204" threads="0" lastid="00000000018B5500" lastname="Default Executor-thread-25 @@ 09:25 &lt;unauthenticated&gt; " />
</exclusive-start>
<af-start id="3883" threadId="00000000018B5E80" totalBytesRequested="24" timestamp="2023-06-02T09:25:31.310" intervalms="443.059" type="nursery" />
<cycle-start id="3884" type="scavenge" contextid="0" timestamp="2023-06-02T09:25:31.310" intervalms="443.146" />
<gc-start id="3885" type="scavenge" contextid="3884" timestamp="2023-06-02T09:25:31.318">
  <mem-info id="3886" free="47126040" total="1073741824" percent="4">
    <mem type="nursery" free="0" total="268435456" percent="0">
      <mem type="allocate" free="0" total="241565696" percent="0" />
      <mem type="survivor" free="0" total="26869760" percent="0" />
    </mem>
    <mem type="tenure" free="47126040" total="805306368" percent="5">
      <mem type="soa" free="11316776" total="765040640" percent="1" />
      <mem type="loa" free="35809264" total="40265728" percent="88" />
    </mem>
    <remembered-set count="12464" />
  </mem-info>
</gc-start>
<allocation-stats totalBytes="230981232" >
  <allocated-bytes non-tlh="68546448" tlh="162434784" />
  <largest-consumer threadName="Default Executor-thread-28" threadId="00000000018B0000" bytes="41251400" />
</allocation-stats>
<gc-op id="3887" type="scavenge" timems="4.823" contextid="3884" timestamp="2023-06-02T09:25:31.323">
  <scavenger-info tenureage="14" tenuremask="4000" tiltratio="89" />
  <memory-copied type="nursery" objects="173657" bytes="11526144" bytesdiscarded="243384" />
  <memory-copied type="tenure" objects="2094" bytes="178704" bytesdiscarded="3088" />
  <finalization candidates="1127" enqueued="1015" />
  <ownableSynchronizers candidates="13965" cleared="11972" />
  <references type="soft" candidates="3101" cleared="0" enqueued="0" dynamicThreshold="3" maxThreshold="32" />
  <references type="weak" candidates="898" cleared="127" enqueued="106" />
  <references type="phantom" candidates="4" cleared="0" enqueued="0" />
</gc-op>
<gc-end id="3888" type="scavenge" contextid="3884" durationms="5.238" usertimems="0.000" systemtimems="0.000" timestamp="2023-06-02T09:25:31.324" activeThreads="16">
  <mem-info id="3889" free="276745176" total="1073741824" percent="25">
    <mem type="nursery" free="229783928" total="268435456" percent="85">
      <mem type="allocate" free="229783928" total="241565696" percent="95" />
      <mem type="survivor" free="0" total="26869760" percent="0" />
    </mem>
    <mem type="tenure" free="46961248" total="805306368" percent="5" macro-fragmented="0">
      <mem type="soa" free="11151984" total="765040640" percent="1" />
      <mem type="loa" free="35809264" total="40265728" percent="88" />
    </mem>
    <pending-finalizers system="146" default="869" reference="106" classloader="0" />
    <remembered-set count="10245" />
  </mem-info>
</gc-end>
<cycle-end id="3890" type="scavenge" contextid="3884" timestamp="2023-06-02T09:25:31.326" />
<allocation-satisfied id="3891" threadId="00000000018B5500" bytesRequested="24" />
<af-end id="3892" timestamp="2023-06-02T09:25:31.326" threadId="00000000018B5E80" success="true" from="nursery"/>
<exclusive-end id="3893" timestamp="2023-06-02T09:25:31.326" durationms="15.780" />

<exclusive-start id="3894" timestamp="2023-06-02T09:25:32.262" intervalms="952.593">
  <response-info timems="0.189" idlems="0.189" threads="0" lastid="0000000001878A00" lastname="Default Executor-thread-14 @@ 09:25 &lt;unauthenticated&gt; " />
</exclusive-start>
<af-start id="3895" threadId="0000000001879380" totalBytesRequested="72" timestamp="2023-06-02T09:25:32.262" intervalms="952.524" type="nursery" />
<cycle-start id="3896" type="scavenge" contextid="0" timestamp="2023-06-02T09:25:32.262" intervalms="952.445" />
<gc-start id="3897" type="scavenge" contextid="3896" timestamp="2023-06-02T09:25:32.268">
  <mem-info id="3898" free="46959376" total="1073741824" percent="4">
    <mem type="nursery" free="0" total="268435456" percent="0">
      <mem type="allocate" free="0" total="241565696" percent="0" />
      <mem type="survivor" free="0" total="26869760" percent="0" />
    </mem>
    <mem type="tenure" free="46959376" total="805306368" percent="5">
      <mem type="soa" free="11150112" total="765040640" percent="1" />
      <mem type="loa" free="35809264" total="40265728" percent="88" />
    </mem>
    <remembered-set count="13117" />
  </mem-info>
</gc-start>
<allocation-stats totalBytes="229533968" >
  <allocated-bytes non-tlh="166448" tlh="229367520" />
  <largest-consumer threadName="Default Executor-thread-59" threadId="00000000102F2000" bytes="24136856" />
</allocation-stats>
<gc-op id="3899" type="scavenge" timems="5.494" contextid="3896" timestamp="2023-06-02T09:25:32.273">
  <scavenger-info tenureage="14" tenuremask="4000" tiltratio="89" />
  <memory-copied type="nursery" objects="197858" bytes="13217360" bytesdiscarded="290768" />
  <memory-copied type="tenure" objects="2058" bytes="80096" bytesdiscarded="920" />
  <finalization candidates="1881" enqueued="1777" />
  <ownableSynchronizers candidates="15971" cleared="13765" />
  <references type="soft" candidates="3373" cleared="0" enqueued="0" dynamicThreshold="3" maxThreshold="32" />
  <references type="weak" candidates="1013" cleared="241" enqueued="219" />
  <references type="phantom" candidates="4" cleared="0" enqueued="0" />
</gc-op>
<gc-end id="3900" type="scavenge" contextid="3896" durationms="5.958" usertimems="0.000" systemtimems="0.000" timestamp="2023-06-02T09:25:32.274" activeThreads="16">
  <mem-info id="3901" free="274903880" total="1073741824" percent="25">
    <mem type="nursery" free="228046056" total="268435456" percent="84">
      <mem type="allocate" free="228046056" total="241565696" percent="94" />
      <mem type="survivor" free="0" total="26869760" percent="0" />
    </mem>
    <mem type="tenure" free="46857824" total="805306368" percent="5" macro-fragmented="41040">
      <mem type="soa" free="11048560" total="765040640" percent="1" />
      <mem type="loa" free="35809264" total="40265728" percent="88" />
    </mem>
    <pending-finalizers system="159" default="1618" reference="219" classloader="0" />
    <remembered-set count="11003" />
  </mem-info>
</gc-end>
<cycle-end id="3902" type="scavenge" contextid="3896" timestamp="2023-06-02T09:25:32.277" />
<allocation-satisfied id="3903" threadId="0000000001878A00" bytesRequested="72" />
<af-end id="3904" timestamp="2023-06-02T09:25:32.277" threadId="0000000001879380" success="true" from="nursery"/>
<exclusive-end id="3905" timestamp="2023-06-02T09:25:32.277" durationms="14.860" />

<exclusive-start id="3906" timestamp="2023-06-02T09:25:33.426" intervalms="1163.190">
  <response-info timems="0.200" idlems="0.200" threads="0" lastid="0000000001877000" lastname="lqe.BatchWriter[links_qm - piotr/qm]-thread-0" />
</exclusive-start>
<af-start id="3907" threadId="0000000001877980" totalBytesRequested="16" timestamp="2023-06-02T09:25:33.426" intervalms="1163.152" type="nursery" />
<cycle-start id="3908" type="scavenge" contextid="0" timestamp="2023-06-02T09:25:33.426" intervalms="1163.152" />
<gc-start id="3909" type="scavenge" contextid="3908" timestamp="2023-06-02T09:25:33.428">
  <mem-info id="3910" free="46846640" total="1073741824" percent="4">
    <mem type="nursery" free="0" total="268435456" percent="0">
      <mem type="allocate" free="0" total="241565696" percent="0" />
      <mem type="survivor" free="0" total="26869760" percent="0" />
    </mem>
    <mem type="tenure" free="46846640" total="805306368" percent="5">
      <mem type="soa" free="11037376" total="765040640" percent="1" />
      <mem type="loa" free="35809264" total="40265728" percent="88" />
    </mem>
    <remembered-set count="13808" />
  </mem-info>
</gc-start>
<allocation-stats totalBytes="227885792" >
  <allocated-bytes non-tlh="166112" tlh="227719680" />
  <largest-consumer threadName="lqe.BatchWriter[links_qm - piotr/qm]-thread-0" threadId="0000000001877000" bytes="33639576" />
</allocation-stats>
<gc-op id="3911" type="scavenge" timems="6.358" contextid="3908" timestamp="2023-06-02T09:25:33.436">
  <scavenger-info tenureage="14" tenuremask="4000" tiltratio="89" />
  <memory-copied type="nursery" objects="230423" bytes="14870048" bytesdiscarded="276328" />
  <memory-copied type="tenure" objects="3153" bytes="161736" bytesdiscarded="3040" />
  <finalization candidates="2086" enqueued="1974" />
  <ownableSynchronizers candidates="19334" cleared="16727" />
  <references type="soft" candidates="3972" cleared="0" enqueued="0" dynamicThreshold="3" maxThreshold="32" />
  <references type="weak" candidates="1282" cleared="258" enqueued="254" />
  <references type="phantom" candidates="7" cleared="0" enqueued="0" />
</gc-op>
<gc-end id="3912" type="scavenge" contextid="3908" durationms="6.713" usertimems="0.000" systemtimems="0.000" timestamp="2023-06-02T09:25:33.436" activeThreads="16">
  <mem-info id="3913" free="273080736" total="1073741824" percent="25">
    <mem type="nursery" free="226399752" total="268435456" percent="84">
      <mem type="allocate" free="226399752" total="241565696" percent="93" />
      <mem type="survivor" free="0" total="26869760" percent="0" />
    </mem>
    <mem type="tenure" free="46680984" total="805306368" percent="5" macro-fragmented="140211">
      <mem type="soa" free="10871720" total="765040640" percent="1" />
      <mem type="loa" free="35809264" total="40265728" percent="88" />
    </mem>
    <pending-finalizers system="147" default="1827" reference="254" classloader="0" />
    <remembered-set count="11758" />
  </mem-info>
</gc-end>
<cycle-end id="3914" type="scavenge" contextid="3908" timestamp="2023-06-02T09:25:33.438" />
<allocation-satisfied id="3915" threadId="0000000001877000" bytesRequested="16" />
<af-end id="3916" timestamp="2023-06-02T09:25:33.438" threadId="0000000001877980" success="true" from="nursery"/>
<exclusive-end id="3917" timestamp="2023-06-02T09:25:33.438" durationms="12.141" />

<exclusive-start id="3918" timestamp="2023-06-02T09:25:34.336" intervalms="910.796">
  <response-info timems="0.117" idlems="0.117" threads="0" lastid="00000000015D4D00" lastname="Default Executor-thread-7 @@ 09:25 PiotrAniola &lt;Mozilla/5.0 " />
</exclusive-start>
<af-start id="3919" threadId="00000000015D5680" totalBytesRequested="8200" timestamp="2023-06-02T09:25:34.337" intervalms="910.895" type="nursery" />
<cycle-start id="3920" type="scavenge" contextid="0" timestamp="2023-06-02T09:25:34.337" intervalms="911.004" />
<gc-start id="3921" type="scavenge" contextid="3920" timestamp="2023-06-02T09:25:34.340">
  <mem-info id="3922" free="46665528" total="1073741824" percent="4">
    <mem type="nursery" free="0" total="268435456" percent="0">
      <mem type="allocate" free="0" total="241565696" percent="0" />
      <mem type="survivor" free="0" total="26869760" percent="0" />
    </mem>
    <mem type="tenure" free="46665528" total="805306368" percent="5">
      <mem type="soa" free="10856264" total="765040640" percent="1" />
      <mem type="loa" free="35809264" total="40265728" percent="88" />
    </mem>
    <remembered-set count="13456" />
  </mem-info>
</gc-start>
<allocation-stats totalBytes="226195264" >
  <allocated-bytes non-tlh="5394424" tlh="220800840" />
  <largest-consumer threadName="Default Executor-thread-2 @@ 09:25 PiotrAniola &lt;Mozilla/5.0 (Windows NT 10.0; Win64; x64; rv:109.0) Gecko/20100101 Firefox/1..." threadId="00000000016EAB00" bytes="19059488" />
</allocation-stats>
<gc-op id="3923" type="scavenge" timems="5.078" contextid="3920" timestamp="2023-06-02T09:25:34.345">
  <scavenger-info tenureage="14" tenuremask="4000" tiltratio="89" />
  <memory-copied type="nursery" objects="195468" bytes="13610880" bytesdiscarded="370288" />
  <memory-copied type="tenure" objects="2830" bytes="110152" bytesdiscarded="2288" />
  <finalization candidates="3627" enqueued="3510" />
  <ownableSynchronizers candidates="10546" cleared="8412" />
  <references type="soft" candidates="3848" cleared="0" enqueued="0" dynamicThreshold="3" maxThreshold="32" />
  <references type="weak" candidates="1021" cleared="32" enqueued="21" />
  <references type="phantom" candidates="9" cleared="3" enqueued="3" />
</gc-op>
<gc-end id="3924" type="scavenge" contextid="3920" durationms="5.472" usertimems="15.625" systemtimems="0.000" timestamp="2023-06-02T09:25:34.345" activeThreads="16">
  <mem-info id="3925" free="274136200" total="1073741824" percent="25">
    <mem type="nursery" free="227568408" total="268435456" percent="84">
      <mem type="allocate" free="227568408" total="241565696" percent="94" />
      <mem type="survivor" free="0" total="26869760" percent="0" />
    </mem>
    <mem type="tenure" free="46567792" total="805306368" percent="5" macro-fragmented="41040">
      <mem type="soa" free="10758528" total="765040640" percent="1" />
      <mem type="loa" free="35809264" total="40265728" percent="88" />
    </mem>
    <pending-finalizers system="45" default="3465" reference="24" classloader="0" />
    <remembered-set count="12313" />
  </mem-info>
</gc-end>
<cycle-end id="3926" type="scavenge" contextid="3920" timestamp="2023-06-02T09:25:34.347" />
<allocation-satisfied id="3927" threadId="00000000015D4D00" bytesRequested="8200" />
<af-end id="3928" timestamp="2023-06-02T09:25:34.347" threadId="00000000015D5680" success="true" from="nursery"/>
<exclusive-end id="3929" timestamp="2023-06-02T09:25:34.347" durationms="10.867" />

<exclusive-start id="3930" timestamp="2023-06-02T09:25:49.867" intervalms="15530.392">
  <response-info timems="0.113" idlems="0.113" threads="0" lastid="000000000AB99500" lastname="qm: AsynchronousTaskRunner-3 @@ 09:25" />
</exclusive-start>
<af-start id="3931" threadId="000000000AB99E80" totalBytesRequested="64" timestamp="2023-06-02T09:25:49.867" intervalms="15530.280" type="nursery" />
<cycle-start id="3932" type="scavenge" contextid="0" timestamp="2023-06-02T09:25:49.867" intervalms="15530.146" />
<gc-start id="3933" type="scavenge" contextid="3932" timestamp="2023-06-02T09:25:49.869">
  <mem-info id="3934" free="46390056" total="1073741824" percent="4">
    <mem type="nursery" free="0" total="268435456" percent="0">
      <mem type="allocate" free="0" total="241565696" percent="0" />
      <mem type="survivor" free="0" total="26869760" percent="0" />
    </mem>
    <mem type="tenure" free="46390056" total="805306368" percent="5">
      <mem type="soa" free="10580792" total="765040640" percent="1" />
      <mem type="loa" free="35809264" total="40265728" percent="88" />
    </mem>
    <remembered-set count="15538" />
  </mem-info>
</gc-start>
<allocation-stats totalBytes="227595232" >
  <allocated-bytes non-tlh="5481840" tlh="222113392" />
  <largest-consumer threadName="qm: AsynchronousTaskRunner-3 @@ 09:25" threadId="000000000AB99500" bytes="41481200" />
</allocation-stats>
<gc-op id="3935" type="scavenge" timems="4.955" contextid="3932" timestamp="2023-06-02T09:25:49.873">
  <scavenger-info tenureage="14" tenuremask="4000" tiltratio="89" />
  <memory-copied type="nursery" objects="214124" bytes="15095088" bytesdiscarded="290552" />
  <memory-copied type="tenure" objects="2089" bytes="81896" bytesdiscarded="2176" />
  <finalization candidates="1411" enqueued="1279" />
  <ownableSynchronizers candidates="15690" cleared="13325" />
  <references type="soft" candidates="3871" cleared="0" enqueued="0" dynamicThreshold="3" maxThreshold="32" />
  <references type="weak" candidates="1169" cleared="48" enqueued="39" />
  <references type="phantom" candidates="7" cleared="0" enqueued="0" />
</gc-op>
<gc-end id="3936" type="scavenge" contextid="3932" durationms="5.356" usertimems="0.000" systemtimems="0.000" timestamp="2023-06-02T09:25:49.873" activeThreads="16">
  <mem-info id="3937" free="272453104" total="1073741824" percent="25">
    <mem type="nursery" free="226137808" total="268435456" percent="84">
      <mem type="allocate" free="226137808" total="241565696" percent="93" />
      <mem type="survivor" free="0" total="26869760" percent="0" />
    </mem>
    <mem type="tenure" free="46315296" total="805306368" percent="5" macro-fragmented="0">
      <mem type="soa" free="10506032" total="765040640" percent="1" />
      <mem type="loa" free="35809264" total="40265728" percent="88" />
    </mem>
    <pending-finalizers system="239" default="1040" reference="39" classloader="0" />
    <remembered-set count="13590" />
  </mem-info>
</gc-end>
<cycle-end id="3938" type="scavenge" contextid="3932" timestamp="2023-06-02T09:25:49.878" />
<allocation-satisfied id="3939" threadId="000000000AB99500" bytesRequested="64" />
<af-end id="3940" timestamp="2023-06-02T09:25:49.878" threadId="000000000AB99E80" success="true" from="nursery"/>
<exclusive-end id="3941" timestamp="2023-06-02T09:25:49.878" durationms="11.934" />

<exclusive-start id="3942" timestamp="2023-06-02T09:25:53.944" intervalms="4077.270">
  <response-info timems="0.222" idlems="0.222" threads="0" lastid="0000000003397A00" lastname="lqe.Indexer-tdb-thread-0" />
</exclusive-start>
<af-start id="3943" threadId="0000000003398380" totalBytesRequested="16392" timestamp="2023-06-02T09:25:53.945" intervalms="4077.836" type="nursery" />
<cycle-start id="3944" type="scavenge" contextid="0" timestamp="2023-06-02T09:25:53.945" intervalms="4078.095" />
<gc-start id="3945" type="scavenge" contextid="3944" timestamp="2023-06-02T09:25:53.958">
  <mem-info id="3946" free="46146536" total="1073741824" percent="4">
    <mem type="nursery" free="0" total="268435456" percent="0">
      <mem type="allocate" free="0" total="241565696" percent="0" />
      <mem type="survivor" free="0" total="26869760" percent="0" />
    </mem>
    <mem type="tenure" free="46146536" total="805306368" percent="5">
      <mem type="soa" free="10337272" total="765040640" percent="1" />
      <mem type="loa" free="35809264" total="40265728" percent="88" />
    </mem>
    <remembered-set count="17657" />
  </mem-info>
</gc-start>
<allocation-stats totalBytes="226161024" >
  <allocated-bytes non-tlh="1911632" tlh="224249392" />
  <largest-consumer threadName="qm: AsynchronousTaskRunner-3 @@ 09:25" threadId="000000000AB99500" bytes="135724840" />
</allocation-stats>
<gc-op id="3947" type="scavenge" timems="11.147" contextid="3944" timestamp="2023-06-02T09:25:53.968">
  <scavenger-info tenureage="14" tenuremask="4000" tiltratio="89" />
  <memory-copied type="nursery" objects="354687" bytes="22379504" bytesdiscarded="283352" />
  <memory-copied type="tenure" objects="2114" bytes="114104" bytesdiscarded="1008" />
  <finalization candidates="8578" enqueued="8166" />
  <ownableSynchronizers candidates="18179" cleared="14654" />
  <references type="soft" candidates="4663" cleared="0" enqueued="0" dynamicThreshold="3" maxThreshold="32" />
  <references type="weak" candidates="1391" cleared="122" enqueued="73" />
  <references type="phantom" candidates="8" cleared="0" enqueued="0" />
</gc-op>
<gc-end id="3948" type="scavenge" contextid="3944" durationms="11.744" usertimems="15.625" systemtimems="0.000" timestamp="2023-06-02T09:25:53.969" activeThreads="16">
  <mem-info id="3949" free="259212720" total="1073741824" percent="24">
    <mem type="nursery" free="213285352" total="268435456" percent="79">
      <mem type="allocate" free="213285352" total="235995136" percent="90" />
      <mem type="survivor" free="0" total="32440320" percent="0" />
    </mem>
    <mem type="tenure" free="45927368" total="805306368" percent="5" macro-fragmented="418667">
      <mem type="soa" free="10118104" total="765040640" percent="1" />
      <mem type="loa" free="35809264" total="40265728" percent="88" />
    </mem>
    <pending-finalizers system="7511" default="655" reference="73" classloader="0" />
    <remembered-set count="16421" />
  </mem-info>
</gc-end>
<cycle-end id="3950" type="scavenge" contextid="3944" timestamp="2023-06-02T09:25:54.004" />
<allocation-satisfied id="3951" threadId="0000000003397A00" bytesRequested="16392" />
<af-end id="3952" timestamp="2023-06-02T09:25:54.004" threadId="0000000003398380" success="true" from="nursery"/>
<exclusive-end id="3953" timestamp="2023-06-02T09:25:54.004" durationms="60.106" />

<exclusive-start id="3954" timestamp="2023-06-02T09:25:55.471" intervalms="1526.687">
  <response-info timems="0.131" idlems="0.131" threads="0" lastid="000000000AB99500" lastname="[SQL@09:25:55.470], select distinct t2.ORIGINATOR_ITEM_ID, t3.U" />
</exclusive-start>
<af-start id="3955" threadId="000000000AB99E80" totalBytesRequested="40" timestamp="2023-06-02T09:25:55.472" intervalms="1526.125" type="nursery" />
<cycle-start id="3956" type="scavenge" contextid="0" timestamp="2023-06-02T09:25:55.472" intervalms="1525.878" />
<gc-start id="3957" type="scavenge" contextid="3956" timestamp="2023-06-02T09:25:55.476">
  <mem-info id="3958" free="45920072" total="1073741824" percent="4">
    <mem type="nursery" free="0" total="268435456" percent="0">
      <mem type="allocate" free="0" total="235995136" percent="0" />
      <mem type="survivor" free="0" total="32440320" percent="0" />
    </mem>
    <mem type="tenure" free="45920072" total="805306368" percent="5">
      <mem type="soa" free="10110808" total="765040640" percent="1" />
      <mem type="loa" free="35809264" total="40265728" percent="88" />
    </mem>
    <remembered-set count="17114" />
  </mem-info>
</gc-start>
<allocation-stats totalBytes="213201848" >
  <allocated-bytes non-tlh="541920" tlh="212659928" />
  <largest-consumer threadName="[SQL@09:25:55.470], select distinct t2.ORIGINATOR_ITEM_ID, t3.USER_ID, t3.NAME from &#xA;(select t1q.*, T1V.ITEM_TYPE_DBID from..." threadId="000000000AB99500" bytes="201090000" />
</allocation-stats>
<gc-op id="3959" type="scavenge" timems="9.540" contextid="3956" timestamp="2023-06-02T09:25:55.486">
  <scavenger-info tenureage="10" tenuremask="7400" tiltratio="87" />
  <memory-copied type="nursery" objects="354315" bytes="23317240" bytesdiscarded="222536" />
  <memory-copied type="tenure" objects="12948" bytes="853952" bytesdiscarded="7264" />
  <finalization candidates="2400" enqueued="1992" />
  <ownableSynchronizers candidates="35255" cleared="31802" />
  <references type="soft" candidates="4475" cleared="0" enqueued="0" dynamicThreshold="3" maxThreshold="32" />
  <references type="weak" candidates="1317" cleared="19" enqueued="10" />
  <references type="phantom" candidates="8" cleared="0" enqueued="0" />
</gc-op>
<gc-end id="3960" type="scavenge" contextid="3956" durationms="9.932" usertimems="15.625" systemtimems="0.000" timestamp="2023-06-02T09:25:55.486" activeThreads="16">
  <mem-info id="3961" free="260023656" total="1073741824" percent="24">
    <mem type="nursery" free="215061768" total="268435456" percent="80">
      <mem type="allocate" free="215061768" total="238616576" percent="90" />
      <mem type="survivor" free="0" total="29818880" percent="0" />
    </mem>
    <mem type="tenure" free="44961888" total="805306368" percent="5" macro-fragmented="0">
      <mem type="soa" free="9152624" total="765040640" percent="1" />
      <mem type="loa" free="35809264" total="40265728" percent="88" />
    </mem>
    <pending-finalizers system="1846" default="146" reference="10" classloader="0" />
    <remembered-set count="15535" />
  </mem-info>
</gc-end>
<cycle-end id="3962" type="scavenge" contextid="3956" timestamp="2023-06-02T09:25:55.490" />
<allocation-satisfied id="3963" threadId="000000000AB99500" bytesRequested="40" />
<af-end id="3964" timestamp="2023-06-02T09:25:55.490" threadId="000000000AB99E80" success="true" from="nursery"/>
<exclusive-end id="3965" timestamp="2023-06-02T09:25:55.490" durationms="18.438" />

<exclusive-start id="3966" timestamp="2023-06-02T09:25:55.832" intervalms="361.731">
  <response-info timems="0.768" idlems="0.768" threads="0" lastid="000000000AB99500" lastname="[SQL@09:25:55.827], select distinct t3.EXECUTION_VARIABLE_ITEM_" />
</exclusive-start>
<af-start id="3967" threadId="000000000AB99E80" totalBytesRequested="592" timestamp="2023-06-02T09:25:55.833" intervalms="362.486" type="nursery" />
<cycle-start id="3968" type="scavenge" contextid="0" timestamp="2023-06-02T09:25:55.834" intervalms="362.797" />
<gc-start id="3969" type="scavenge" contextid="3968" timestamp="2023-06-02T09:25:55.842">
  <mem-info id="3970" free="44960528" total="1073741824" percent="4">
    <mem type="nursery" free="0" total="268435456" percent="0">
      <mem type="allocate" free="0" total="238616576" percent="0" />
      <mem type="survivor" free="0" total="29818880" percent="0" />
    </mem>
    <mem type="tenure" free="44960528" total="805306368" percent="5">
      <mem type="soa" free="9151264" total="765040640" percent="1" />
      <mem type="loa" free="35809264" total="40265728" percent="88" />
    </mem>
    <remembered-set count="15729" />
  </mem-info>
</gc-start>
<allocation-stats totalBytes="214983544" >
  <allocated-bytes non-tlh="66208" tlh="214917336" />
  <largest-consumer threadName="[SQL@09:25:55.827], select distinct t3.EXECUTION_VARIABLE_ITEM_ID, t4.NAME, t4.ARCHIVED, t4.EXTERNAL_ID from &#xA;(select t1q.*..." threadId="000000000AB99500" bytes="213669256" />
</allocation-stats>
<gc-op id="3971" type="scavenge" timems="11.938" contextid="3968" timestamp="2023-06-02T09:25:55.854">
  <scavenger-info tenureage="12" tenuremask="5000" tiltratio="88" />
  <memory-copied type="nursery" objects="432527" bytes="25753880" bytesdiscarded="244016" />
  <memory-copied type="tenure" objects="2042" bytes="133136" bytesdiscarded="1960" />
  <finalization candidates="486" enqueued="122" />
  <ownableSynchronizers candidates="52212" cleared="48899" />
  <references type="soft" candidates="4438" cleared="0" enqueued="0" dynamicThreshold="3" maxThreshold="32" />
  <references type="weak" candidates="1310" cleared="13" enqueued="4" />
  <references type="phantom" candidates="8" cleared="0" enqueued="0" />
</gc-op>
<gc-end id="3972" type="scavenge" contextid="3968" durationms="13.195" usertimems="15.625" systemtimems="0.000" timestamp="2023-06-02T09:25:55.855" activeThreads="16">
  <mem-info id="3973" free="254252432" total="1073741824" percent="23">
    <mem type="nursery" free="209392920" total="268435456" percent="78">
      <mem type="allocate" free="209392920" total="235405312" percent="88" />
      <mem type="survivor" free="0" total="33030144" percent="0" />
    </mem>
    <mem type="tenure" free="44859512" total="805306368" percent="5" macro-fragmented="0">
      <mem type="soa" free="9050248" total="765040640" percent="1" />
      <mem type="loa" free="35809264" total="40265728" percent="88" />
    </mem>
    <pending-finalizers system="66" default="56" reference="4" classloader="0" />
    <remembered-set count="14720" />
  </mem-info>
</gc-end>
<cycle-end id="3974" type="scavenge" contextid="3968" timestamp="2023-06-02T09:25:55.862" />
<allocation-satisfied id="3975" threadId="000000000AB99500" bytesRequested="592" />
<af-end id="3976" timestamp="2023-06-02T09:25:55.862" threadId="000000000AB99E80" success="true" from="nursery"/>
<exclusive-end id="3977" timestamp="2023-06-02T09:25:55.862" durationms="30.154" />

<exclusive-start id="3978" timestamp="2023-06-02T09:25:56.273" intervalms="440.320">
  <response-info timems="0.150" idlems="0.150" threads="0" lastid="000000000AB99500" lastname="[SQL@09:25:56.265], select distinct t3.ITEM_ID, t3.NAME, t4.NAM" />
</exclusive-start>
<af-start id="3979" threadId="000000000AB99E80" totalBytesRequested="56" timestamp="2023-06-02T09:25:56.273" intervalms="439.600" type="nursery" />
<cycle-start id="3980" type="scavenge" contextid="0" timestamp="2023-06-02T09:25:56.273" intervalms="439.275" />
<gc-start id="3981" type="scavenge" contextid="3980" timestamp="2023-06-02T09:25:56.282">
  <mem-info id="3982" free="44859352" total="1073741824" percent="4">
    <mem type="nursery" free="0" total="268435456" percent="0">
      <mem type="allocate" free="0" total="235405312" percent="0" />
      <mem type="survivor" free="0" total="33030144" percent="0" />
    </mem>
    <mem type="tenure" free="44859352" total="805306368" percent="5">
      <mem type="soa" free="9050088" total="765040640" percent="1" />
      <mem type="loa" free="35809264" total="40265728" percent="88" />
    </mem>
    <remembered-set count="14962" />
  </mem-info>
</gc-start>
<allocation-stats totalBytes="209280552" >
  <allocated-bytes non-tlh="310872" tlh="208969680" />
  <largest-consumer threadName="[SQL@09:25:56.265], select distinct t3.ITEM_ID, t3.NAME, t4.NAME, t3.CATEGORY_TYPE_ITEM_ID, t3.ARCHIVED, t4.ARCHIVED, t3.EXTERN..." threadId="000000000AB99500" bytes="205180408" />
</allocation-stats>
<gc-op id="3983" type="scavenge" timems="11.134" contextid="3980" timestamp="2023-06-02T09:25:56.293">
  <scavenger-info tenureage="3" tenuremask="48e8" tiltratio="87" />
  <memory-copied type="nursery" objects="336643" bytes="18435760" bytesdiscarded="136976" />
  <memory-copied type="tenure" objects="152134" bytes="9168552" bytesdiscarded="80192" />
  <copy-failed type="tenure" objects="66005" bytes="4759080" />
  <finalization candidates="984" enqueued="633" />
  <ownableSynchronizers candidates="53191" cleared="49920" />
  <references type="soft" candidates="1142" cleared="0" enqueued="0" dynamicThreshold="3" maxThreshold="32" />
  <references type="weak" candidates="478" cleared="13" enqueued="3" />
  <references type="phantom" candidates="3" cleared="0" enqueued="0" />
</gc-op>
<gc-end id="3984" type="scavenge" contextid="3980" durationms="11.628" usertimems="0.000" systemtimems="0.000" timestamp="2023-06-02T09:25:56.293" activeThreads="16">
  <mem-info id="3985" free="253028032" total="1073741824" percent="23">
    <mem type="nursery" free="217218768" total="268435456" percent="80">
      <mem type="allocate" free="217218768" total="235798528" percent="92" />
      <mem type="survivor" free="0" total="32636928" percent="0" />
    </mem>
    <mem type="tenure" free="35809264" total="805306368" percent="4" macro-fragmented="0">
      <mem type="soa" free="0" total="765040640" percent="0" />
      <mem type="loa" free="35809264" total="40265728" percent="88" />
    </mem>
    <pending-finalizers system="540" default="93" reference="3" classloader="0" />
    <remembered-set count="14523" />
  </mem-info>
</gc-end>
<cycle-end id="3986" type="scavenge" contextid="3980" timestamp="2023-06-02T09:25:56.296" />
<allocation-satisfied id="3987" threadId="000000000AB99500" bytesRequested="56" />
<af-end id="3988" timestamp="2023-06-02T09:25:56.296" threadId="000000000AB99E80" success="true" from="nursery"/>
<exclusive-end id="3989" timestamp="2023-06-02T09:25:56.296" durationms="23.274" />

<exclusive-start id="3990" timestamp="2023-06-02T09:25:56.437" intervalms="164.712">
  <response-info timems="0.117" idlems="0.117" threads="0" lastid="0000000008D69300" lastname="qm: AsynchronousTaskRunner-0 @@ 09:25" />
</exclusive-start>
<af-start id="3991" threadId="0000000008D69C80" totalBytesRequested="80" timestamp="2023-06-02T09:25:56.438" intervalms="164.710" type="tenure" />
<cycle-start id="3992" type="global" contextid="0" timestamp="2023-06-02T09:25:56.438" intervalms="123284.961" />
<gc-start id="3993" type="global" contextid="3992" timestamp="2023-06-02T09:25:56.446">
  <mem-info id="3994" free="143103608" total="1073741824" percent="13">
    <mem type="nursery" free="107294344" total="268435456" percent="39">
      <mem type="allocate" free="107294344" total="235798528" percent="45" />
      <mem type="survivor" free="0" total="32636928" percent="0" />
    </mem>
    <mem type="tenure" free="35809264" total="805306368" percent="4">
      <mem type="soa" free="0" total="765040640" percent="0" />
      <mem type="loa" free="35809264" total="40265728" percent="88" />
    </mem>
    <remembered-set count="14726" />
  </mem-info>
</gc-start>
<allocation-stats totalBytes="109860960" >
  <allocated-bytes non-tlh="131144" tlh="109729816" />
  <largest-consumer threadName="qm: AsynchronousTaskRunner-3 @@ 09:25" threadId="000000000AB99500" bytes="109480200" />
</allocation-stats>
<gc-op id="3995" type="mark" timems="117.495" contextid="3992" timestamp="2023-06-02T09:25:56.563">
  <trace-info objectcount="13657366" scancount="11802861" scanbytes="395986432" />
  <finalization candidates="5859" enqueued="511" />
  <ownableSynchronizers candidates="88562" cleared="32649" />
  <references type="soft" candidates="103617" cleared="1" enqueued="1" dynamicThreshold="3" maxThreshold="32" />
  <references type="weak" candidates="56642" cleared="1621" enqueued="1607" />
  <references type="phantom" candidates="367" cleared="17" enqueued="17" />
  <stringconstants candidates="124993" cleared="1222"  />
</gc-op>
<gc-op id="3996" type="classunload" timems="112.663" contextid="3992" timestamp="2023-06-02T09:25:56.676">
  <classunload-info classloadercandidates="9693" classloadersunloaded="198" classesunloaded="198" anonymousclassesunloaded="0" quiescems="0.000" setupms="96.459" scanms="16.048" postms="0.155" />
</gc-op>
<gc-op id="3997" type="sweep" timems="4.612" contextid="3992" timestamp="2023-06-02T09:25:56.680" />
<gc-end id="3998" type="global" contextid="3992" durationms="268.172" usertimems="1828.125" systemtimems="46.875" timestamp="2023-06-02T09:25:56.714" activeThreads="16">
  <mem-info id="3999" free="288435232" total="1073741824" percent="26">
    <mem type="nursery" free="222911152" total="268435456" percent="83">
      <mem type="allocate" free="222911152" total="235798528" percent="94" />
      <mem type="survivor" free="0" total="32636928" percent="0" />
    </mem>
    <mem type="tenure" free="65524080" total="805306368" percent="8" micro-fragmented="26828099" macro-fragmented="0">
      <mem type="soa" free="29714816" total="765040640" percent="3" />
      <mem type="loa" free="35809264" total="40265728" percent="88" />
    </mem>
    <pending-finalizers system="480" default="31" reference="1625" classloader="0" />
    <remembered-set count="13563" />
  </mem-info>
</gc-end>
<cycle-end id="4000" type="global" contextid="3992" timestamp="2023-06-02T09:25:56.715" />
<allocation-satisfied id="4001" threadId="0000000008D69300" bytesRequested="80" />
<af-end id="4002" timestamp="2023-06-02T09:25:56.715" threadId="0000000008D69C80" success="true" from="tenure-soa"/>
<exclusive-end id="4003" timestamp="2023-06-02T09:25:56.715" durationms="277.376" />

<exclusive-start id="4004" timestamp="2023-06-02T09:25:57.050" intervalms="612.571">
  <response-info timems="0.064" idlems="0.064" threads="0" lastid="000000000AB99500" lastname="[SQL@09:25:57.048], select distinct t2.ORIGINATOR_ITEM_ID, t3.U" />
</exclusive-start>
<af-start id="4005" threadId="000000000AB99E80" totalBytesRequested="16" timestamp="2023-06-02T09:25:57.050" intervalms="612.521" type="nursery" />
<cycle-start id="4006" type="scavenge" contextid="0" timestamp="2023-06-02T09:25:57.050" intervalms="777.222" />
<gc-start id="4007" type="scavenge" contextid="4006" timestamp="2023-06-02T09:25:57.053">
  <mem-info id="4008" free="65516488" total="1073741824" percent="6">
    <mem type="nursery" free="0" total="268435456" percent="0">
      <mem type="allocate" free="0" total="235798528" percent="0" />
      <mem type="survivor" free="0" total="32636928" percent="0" />
    </mem>
    <mem type="tenure" free="65516488" total="805306368" percent="8">
      <mem type="soa" free="29707224" total="765040640" percent="3" />
      <mem type="loa" free="35809264" total="40265728" percent="88" />
    </mem>
    <remembered-set count="16944" />
  </mem-info>
</gc-start>
<allocation-stats totalBytes="222790344" >
  <allocated-bytes non-tlh="238192" tlh="222552152" />
  <largest-consumer threadName="[SQL@09:25:57.048], select distinct t2.ORIGINATOR_ITEM_ID, t3.USER_ID, t3.NAME from &#xA;(select t1q.*, T1V.ITEM_TYPE_DBID from..." threadId="000000000AB99500" bytes="206620808" />
</allocation-stats>
<gc-op id="4009" type="scavenge" timems="5.322" contextid="4006" timestamp="2023-06-02T09:25:57.059">
  <scavenger-info tenureage="4" tenuremask="4510" tiltratio="87" />
  <memory-copied type="nursery" objects="161772" bytes="10339440" bytesdiscarded="602784" />
  <memory-copied type="tenure" objects="56553" bytes="4206840" bytesdiscarded="67344" />
  <finalization candidates="423" enqueued="134" />
  <ownableSynchronizers candidates="157898" cleared="156140" />
  <references type="soft" candidates="2215" cleared="0" enqueued="0" dynamicThreshold="2" maxThreshold="32" />
  <references type="weak" candidates="415" cleared="17" enqueued="6" />
  <references type="phantom" candidates="2" cleared="0" enqueued="0" />
</gc-op>
<gc-end id="4010" type="scavenge" contextid="4006" durationms="5.685" usertimems="0.000" systemtimems="0.000" timestamp="2023-06-02T09:25:57.059" activeThreads="16">
  <mem-info id="4011" free="288127424" total="1073741824" percent="26">
    <mem type="nursery" free="226947104" total="268435456" percent="84">
      <mem type="allocate" free="226947104" total="237895680" percent="95" />
      <mem type="survivor" free="0" total="30539776" percent="0" />
    </mem>
    <mem type="tenure" free="61180320" total="805306368" percent="7" macro-fragmented="0">
      <mem type="soa" free="25642816" total="765040640" percent="3" />
      <mem type="loa" free="35537504" total="40265728" percent="88" />
    </mem>
    <pending-finalizers system="53" default="81" reference="6" classloader="0" />
    <remembered-set count="15975" />
  </mem-info>
</gc-end>
<cycle-end id="4012" type="scavenge" contextid="4006" timestamp="2023-06-02T09:25:57.062" />
<allocation-satisfied id="4013" threadId="000000000AB99500" bytesRequested="16" />
<af-end id="4014" timestamp="2023-06-02T09:25:57.062" threadId="000000000AB99E80" success="true" from="nursery"/>
<exclusive-end id="4015" timestamp="2023-06-02T09:25:57.062" durationms="11.123" />

<exclusive-start id="4016" timestamp="2023-06-02T09:25:57.677" intervalms="626.756">
  <response-info timems="0.164" idlems="0.164" threads="0" lastid="000000000AB99500" lastname="[SQL@09:25:57.671], select distinct t3.EXECUTION_VARIABLE_VALUE" />
</exclusive-start>
<af-start id="4017" threadId="000000000AB99E80" totalBytesRequested="584" timestamp="2023-06-02T09:25:57.677" intervalms="626.766" type="nursery" />
<cycle-start id="4018" type="scavenge" contextid="0" timestamp="2023-06-02T09:25:57.677" intervalms="626.773" />
<gc-start id="4019" type="scavenge" contextid="4018" timestamp="2023-06-02T09:25:57.680">
  <mem-info id="4020" free="61174368" total="1073741824" percent="5">
    <mem type="nursery" free="0" total="268435456" percent="0">
      <mem type="allocate" free="0" total="237895680" percent="0" />
      <mem type="survivor" free="0" total="30539776" percent="0" />
    </mem>
    <mem type="tenure" free="61174368" total="805306368" percent="7">
      <mem type="soa" free="25636864" total="765040640" percent="3" />
      <mem type="loa" free="35537504" total="40265728" percent="88" />
    </mem>
    <remembered-set count="16396" />
  </mem-info>
</gc-start>
<allocation-stats totalBytes="226859944" >
  <allocated-bytes non-tlh="248456" tlh="226611488" />
  <largest-consumer threadName="[SQL@09:25:57.671], select distinct t3.EXECUTION_VARIABLE_VALUE_ITM_D, t4.NAME, t4.ARCHIVED, t4.EXTERNAL_ID, t4.EXECUTION_VARIA..." threadId="000000000AB99500" bytes="223230360" />
</allocation-stats>
<gc-op id="4021" type="scavenge" timems="4.618" contextid="4018" timestamp="2023-06-02T09:25:57.684">
  <scavenger-info tenureage="14" tenuremask="4000" tiltratio="88" />
  <memory-copied type="nursery" objects="225686" bytes="12733704" bytesdiscarded="399040" />
  <finalization candidates="2259" enqueued="1975" />
  <ownableSynchronizers candidates="51386" cleared="49817" />
  <references type="soft" candidates="2219" cleared="0" enqueued="0" dynamicThreshold="2" maxThreshold="32" />
  <references type="weak" candidates="415" cleared="17" enqueued="4" />
  <references type="phantom" candidates="2" cleared="0" enqueued="0" />
</gc-op>
<gc-end id="4022" type="scavenge" contextid="4018" durationms="5.163" usertimems="0.000" systemtimems="0.000" timestamp="2023-06-02T09:25:57.685" activeThreads="16">
  <mem-info id="4023" free="288420112" total="1073741824" percent="26">
    <mem type="nursery" free="227245744" total="268435456" percent="84">
      <mem type="allocate" free="227245744" total="240386048" percent="94" />
      <mem type="survivor" free="0" total="28049408" percent="0" />
    </mem>
    <mem type="tenure" free="61174368" total="805306368" percent="7" macro-fragmented="67744">
      <mem type="soa" free="25636864" total="765040640" percent="3" />
      <mem type="loa" free="35537504" total="40265728" percent="88" />
    </mem>
    <pending-finalizers system="1892" default="83" reference="4" classloader="0" />
    <remembered-set count="16037" />
  </mem-info>
</gc-end>
<cycle-end id="4024" type="scavenge" contextid="4018" timestamp="2023-06-02T09:25:57.688" />
<allocation-satisfied id="4025" threadId="000000000AB99500" bytesRequested="584" />
<af-end id="4026" timestamp="2023-06-02T09:25:57.688" threadId="000000000AB99E80" success="true" from="nursery"/>
<exclusive-end id="4027" timestamp="2023-06-02T09:25:57.688" durationms="11.328" />

<exclusive-start id="4028" timestamp="2023-06-02T09:25:58.317" intervalms="639.885">
  <response-info timems="0.114" idlems="0.114" threads="0" lastid="000000000AB99500" lastname="[SQL@09:25:58.314], select distinct t3.ITEM_ID, t3.IDENTIFIER, " />
</exclusive-start>
<af-start id="4029" threadId="000000000AB99E80" totalBytesRequested="40" timestamp="2023-06-02T09:25:58.317" intervalms="639.871" type="nursery" />
<cycle-start id="4030" type="scavenge" contextid="0" timestamp="2023-06-02T09:25:58.317" intervalms="639.872" />
<gc-start id="4031" type="scavenge" contextid="4030" timestamp="2023-06-02T09:25:58.319">
  <mem-info id="4032" free="61174368" total="1073741824" percent="5">
    <mem type="nursery" free="0" total="268435456" percent="0">
      <mem type="allocate" free="0" total="240386048" percent="0" />
      <mem type="survivor" free="0" total="28049408" percent="0" />
    </mem>
    <mem type="tenure" free="61174368" total="805306368" percent="7">
      <mem type="soa" free="25636864" total="765040640" percent="3" />
      <mem type="loa" free="35537504" total="40265728" percent="88" />
    </mem>
    <remembered-set count="16369" />
  </mem-info>
</gc-start>
<allocation-stats totalBytes="227141384" >
  <allocated-bytes non-tlh="245160" tlh="226896224" />
  <largest-consumer threadName="[SQL@09:25:58.314], select distinct t3.ITEM_ID, t3.IDENTIFIER, t3.NAME, t3.REQUIRED, t3.EXTERNAL_URI from &#xA;(select t1q.*, T..." threadId="000000000AB99500" bytes="221564792" />
</allocation-stats>
<gc-op id="4033" type="scavenge" timems="8.249" contextid="4030" timestamp="2023-06-02T09:25:58.327">
  <scavenger-info tenureage="14" tenuremask="4000" tiltratio="89" />
  <memory-copied type="nursery" objects="136797" bytes="10475800" bytesdiscarded="431528" />
  <memory-copied type="tenure" objects="2505" bytes="123224" bytesdiscarded="7160" />
  <finalization candidates="2769" enqueued="2485" />
  <ownableSynchronizers candidates="54085" cleared="52535" />
  <references type="soft" candidates="2077" cleared="0" enqueued="0" dynamicThreshold="2" maxThreshold="32" />
  <references type="weak" candidates="312" cleared="15" enqueued="2" />
  <references type="phantom" candidates="2" cleared="0" enqueued="0" />
</gc-op>
<gc-end id="4034" type="scavenge" contextid="4030" durationms="8.609" usertimems="0.000" systemtimems="0.000" timestamp="2023-06-02T09:25:58.327" activeThreads="16">
  <mem-info id="4035" free="291697528" total="1073741824" percent="27">
    <mem type="nursery" free="230651064" total="268435456" percent="85">
      <mem type="allocate" free="230651064" total="241565696" percent="95" />
      <mem type="survivor" free="0" total="26869760" percent="0" />
    </mem>
    <mem type="tenure" free="61046464" total="805306368" percent="7" macro-fragmented="0">
      <mem type="soa" free="25508960" total="765040640" percent="3" />
      <mem type="loa" free="35537504" total="40265728" percent="88" />
    </mem>
    <pending-finalizers system="2378" default="107" reference="2" classloader="0" />
    <remembered-set count="14091" />
  </mem-info>
</gc-end>
<cycle-end id="4036" type="scavenge" contextid="4030" timestamp="2023-06-02T09:25:58.329" />
<allocation-satisfied id="4037" threadId="000000000AB99500" bytesRequested="40" />
<af-end id="4038" timestamp="2023-06-02T09:25:58.329" threadId="000000000AB99E80" success="true" from="nursery"/>
<exclusive-end id="4039" timestamp="2023-06-02T09:25:58.329" durationms="12.258" />

<exclusive-start id="4040" timestamp="2023-06-02T09:25:58.726" intervalms="409.563">
  <response-info timems="0.083" idlems="0.083" threads="0" lastid="000000000AB99500" lastname="[SQL@09:25:58.722], select distinct t2.ORIGINATOR_ITEM_ID, t3.U" />
</exclusive-start>
<af-start id="4041" threadId="000000000AB99E80" totalBytesRequested="16" timestamp="2023-06-02T09:25:58.726" intervalms="409.608" type="nursery" />
<cycle-start id="4042" type="scavenge" contextid="0" timestamp="2023-06-02T09:25:58.726" intervalms="409.604" />
<gc-start id="4043" type="scavenge" contextid="4042" timestamp="2023-06-02T09:25:58.728">
  <mem-info id="4044" free="61046464" total="1073741824" percent="5">
    <mem type="nursery" free="0" total="268435456" percent="0">
      <mem type="allocate" free="0" total="241565696" percent="0" />
      <mem type="survivor" free="0" total="26869760" percent="0" />
    </mem>
    <mem type="tenure" free="61046464" total="805306368" percent="7">
      <mem type="soa" free="25508960" total="765040640" percent="3" />
      <mem type="loa" free="35537504" total="40265728" percent="88" />
    </mem>
    <remembered-set count="14290" />
  </mem-info>
</gc-start>
<allocation-stats totalBytes="230565928" >
  <allocated-bytes non-tlh="196672" tlh="230369256" />
  <largest-consumer threadName="[SQL@09:25:58.722], select distinct t2.ORIGINATOR_ITEM_ID, t3.USER_ID, t3.NAME from &#xA;(select t1q.*, T1V.ITEM_TYPE_DBID from..." threadId="000000000AB99500" bytes="229579976" />
</allocation-stats>
<gc-op id="4045" type="scavenge" timems="5.139" contextid="4042" timestamp="2023-06-02T09:25:58.734">
  <scavenger-info tenureage="6" tenuremask="4040" tiltratio="89" />
  <memory-copied type="nursery" objects="192789" bytes="9982320" bytesdiscarded="242704" />
  <memory-copied type="tenure" objects="50406" bytes="3973368" bytesdiscarded="38016" />
  <finalization candidates="867" enqueued="585" />
  <ownableSynchronizers candidates="55388" cleared="53882" />
  <references type="soft" candidates="1945" cleared="0" enqueued="0" dynamicThreshold="2" maxThreshold="32" />
  <references type="weak" candidates="277" cleared="14" enqueued="2" />
  <references type="phantom" candidates="2" cleared="0" enqueued="0" />
</gc-op>
<gc-end id="4046" type="scavenge" contextid="4042" durationms="5.500" usertimems="15.625" systemtimems="0.000" timestamp="2023-06-02T09:25:58.734" activeThreads="16">
  <mem-info id="4047" free="288299616" total="1073741824" percent="26">
    <mem type="nursery" free="231335112" total="268435456" percent="86">
      <mem type="allocate" free="231335112" total="241565696" percent="95" />
      <mem type="survivor" free="0" total="26869760" percent="0" />
    </mem>
    <mem type="tenure" free="56964504" total="805306368" percent="7" macro-fragmented="0">
      <mem type="soa" free="21427000" total="765040640" percent="2" />
      <mem type="loa" free="35537504" total="40265728" percent="88" />
    </mem>
    <pending-finalizers system="526" default="59" reference="2" classloader="0" />
    <remembered-set count="10908" />
  </mem-info>
</gc-end>
<cycle-end id="4048" type="scavenge" contextid="4042" timestamp="2023-06-02T09:25:58.736" />
<allocation-satisfied id="4049" threadId="000000000AB99500" bytesRequested="16" />
<af-end id="4050" timestamp="2023-06-02T09:25:58.736" threadId="000000000AB99E80" success="true" from="nursery"/>
<exclusive-end id="4051" timestamp="2023-06-02T09:25:58.736" durationms="9.463" />

<exclusive-start id="4052" timestamp="2023-06-02T09:25:59.069" intervalms="342.125">
  <response-info timems="0.132" idlems="0.132" threads="0" lastid="000000000AB99500" lastname="qm: AsynchronousTaskRunner-3 @@ 09:25" />
</exclusive-start>
<af-start id="4053" threadId="000000000AB99E80" totalBytesRequested="24" timestamp="2023-06-02T09:25:59.069" intervalms="342.082" type="nursery" />
<cycle-start id="4054" type="scavenge" contextid="0" timestamp="2023-06-02T09:25:59.069" intervalms="342.086" />
<gc-start id="4055" type="scavenge" contextid="4054" timestamp="2023-06-02T09:25:59.072">
  <mem-info id="4056" free="56964504" total="1073741824" percent="5">
    <mem type="nursery" free="0" total="268435456" percent="0">
      <mem type="allocate" free="0" total="241565696" percent="0" />
      <mem type="survivor" free="0" total="26869760" percent="0" />
    </mem>
    <mem type="tenure" free="56964504" total="805306368" percent="7">
      <mem type="soa" free="21427000" total="765040640" percent="2" />
      <mem type="loa" free="35537504" total="40265728" percent="88" />
    </mem>
    <remembered-set count="11943" />
  </mem-info>
</gc-start>
<allocation-stats totalBytes="231220856" >
  <allocated-bytes non-tlh="65560" tlh="231155296" />
  <largest-consumer threadName="qm: AsynchronousTaskRunner-3 @@ 09:25" threadId="000000000AB99500" bytes="227405016" />
</allocation-stats>
<gc-op id="4057" type="scavenge" timems="4.399" contextid="4054" timestamp="2023-06-02T09:25:59.076">
  <scavenger-info tenureage="9" tenuremask="4200" tiltratio="89" />
  <memory-copied type="nursery" objects="115515" bytes="7321232" bytesdiscarded="326696" />
  <memory-copied type="tenure" objects="11311" bytes="971816" bytesdiscarded="14072" />
  <finalization candidates="425" enqueued="146" />
  <ownableSynchronizers candidates="54318" cleared="53917" />
  <references type="soft" candidates="1847" cleared="0" enqueued="0" dynamicThreshold="2" maxThreshold="32" />
  <references type="weak" candidates="145" cleared="13" enqueued="2" />
  <references type="phantom" candidates="1" cleared="0" enqueued="0" />
</gc-op>
<gc-end id="4058" type="scavenge" contextid="4054" durationms="4.958" usertimems="15.625" systemtimems="0.000" timestamp="2023-06-02T09:25:59.076" activeThreads="16">
  <mem-info id="4059" free="289980816" total="1073741824" percent="27">
    <mem type="nursery" free="233914032" total="268435456" percent="87">
      <mem type="allocate" free="233914032" total="241565696" percent="96" />
      <mem type="survivor" free="0" total="26869760" percent="0" />
    </mem>
    <mem type="tenure" free="56066784" total="805306368" percent="6" macro-fragmented="1224">
      <mem type="soa" free="20675536" total="765040640" percent="2" />
      <mem type="loa" free="35391248" total="40265728" percent="87" />
    </mem>
    <pending-finalizers system="64" default="82" reference="2" classloader="0" />
    <remembered-set count="6459" />
  </mem-info>
</gc-end>
<cycle-end id="4060" type="scavenge" contextid="4054" timestamp="2023-06-02T09:25:59.078" />
<allocation-satisfied id="4061" threadId="000000000AB99500" bytesRequested="24" />
<af-end id="4062" timestamp="2023-06-02T09:25:59.078" threadId="000000000AB99E80" success="true" from="nursery"/>
<exclusive-end id="4063" timestamp="2023-06-02T09:25:59.078" durationms="9.678" />

<exclusive-start id="4064" timestamp="2023-06-02T09:25:59.423" intervalms="354.808">
  <response-info timems="0.154" idlems="0.154" threads="0" lastid="000000000AB99500" lastname="[SQL@09:25:59.417], select distinct t3.EXECUTION_VARIABLE_VALUE" />
</exclusive-start>
<af-start id="4065" threadId="000000000AB99E80" totalBytesRequested="40" timestamp="2023-06-02T09:25:59.423" intervalms="354.837" type="nursery" />
<cycle-start id="4066" type="scavenge" contextid="0" timestamp="2023-06-02T09:25:59.423" intervalms="354.840" />
<gc-start id="4067" type="scavenge" contextid="4066" timestamp="2023-06-02T09:25:59.425">
  <mem-info id="4068" free="56066784" total="1073741824" percent="5">
    <mem type="nursery" free="0" total="268435456" percent="0">
      <mem type="allocate" free="0" total="241565696" percent="0" />
      <mem type="survivor" free="0" total="26869760" percent="0" />
    </mem>
    <mem type="tenure" free="56066784" total="805306368" percent="6">
      <mem type="soa" free="20675536" total="765040640" percent="2" />
      <mem type="loa" free="35391248" total="40265728" percent="87" />
    </mem>
    <remembered-set count="7466" />
  </mem-info>
</gc-start>
<allocation-stats totalBytes="233828152" >
  <allocated-bytes non-tlh="260992" tlh="233567160" />
  <largest-consumer threadName="[SQL@09:25:59.417], select distinct t3.EXECUTION_VARIABLE_VALUE_ITM_D, t4.NAME, t4.ARCHIVED, t4.EXTERNAL_ID, t4.EXECUTION_VARIA..." threadId="000000000AB99500" bytes="232362160" />
</allocation-stats>
<gc-op id="4069" type="scavenge" timems="4.294" contextid="4066" timestamp="2023-06-02T09:25:59.429">
  <scavenger-info tenureage="12" tenuremask="5000" tiltratio="89" />
  <memory-copied type="nursery" objects="213038" bytes="10099736" bytesdiscarded="355192" />
  <memory-copied type="tenure" objects="12421" bytes="897048" bytesdiscarded="35680" />
  <finalization candidates="378" enqueued="120" />
  <ownableSynchronizers candidates="52601" cleared="52295" />
  <references type="soft" candidates="1549" cleared="0" enqueued="0" dynamicThreshold="2" maxThreshold="32" />
  <references type="weak" candidates="20" cleared="13" enqueued="2" />
</gc-op>
<gc-end id="4070" type="scavenge" contextid="4066" durationms="4.865" usertimems="0.000" systemtimems="0.000" timestamp="2023-06-02T09:25:59.430" activeThreads="16">
  <mem-info id="4071" free="286181416" total="1073741824" percent="26">
    <mem type="nursery" free="231107528" total="268435456" percent="86">
      <mem type="allocate" free="231107528" total="241565696" percent="95" />
      <mem type="survivor" free="0" total="26869760" percent="0" />
    </mem>
    <mem type="tenure" free="55073888" total="805306368" percent="6" macro-fragmented="0">
      <mem type="soa" free="19682640" total="765040640" percent="2" />
      <mem type="loa" free="35391248" total="40265728" percent="87" />
    </mem>
    <pending-finalizers system="48" default="72" reference="2" classloader="0" />
    <remembered-set count="4811" />
  </mem-info>
</gc-end>
<cycle-end id="4072" type="scavenge" contextid="4066" timestamp="2023-06-02T09:25:59.433" />
<allocation-satisfied id="4073" threadId="000000000AB99500" bytesRequested="40" />
<af-end id="4074" timestamp="2023-06-02T09:25:59.433" threadId="000000000AB99E80" success="true" from="nursery"/>
<exclusive-end id="4075" timestamp="2023-06-02T09:25:59.433" durationms="9.899" />

<exclusive-start id="4076" timestamp="2023-06-02T09:26:00.312" intervalms="889.398">
  <response-info timems="0.145" idlems="0.145" threads="0" lastid="000000000AB99500" lastname="[SQL@09:26:00.306], select distinct t3.ITEM_ID, t3.IDENTIFIER, " />
</exclusive-start>
<af-start id="4077" threadId="000000000AB99E80" totalBytesRequested="16" timestamp="2023-06-02T09:26:00.313" intervalms="889.447" type="nursery" />
<cycle-start id="4078" type="scavenge" contextid="0" timestamp="2023-06-02T09:26:00.313" intervalms="889.516" />
<gc-start id="4079" type="scavenge" contextid="4078" timestamp="2023-06-02T09:26:00.315">
  <mem-info id="4080" free="55073184" total="1073741824" percent="5">
    <mem type="nursery" free="0" total="268435456" percent="0">
      <mem type="allocate" free="0" total="241565696" percent="0" />
      <mem type="survivor" free="0" total="26869760" percent="0" />
    </mem>
    <mem type="tenure" free="55073184" total="805306368" percent="6">
      <mem type="soa" free="19681936" total="765040640" percent="2" />
      <mem type="loa" free="35391248" total="40265728" percent="87" />
    </mem>
    <remembered-set count="6070" />
  </mem-info>
</gc-start>
<allocation-stats totalBytes="230999688" >
  <allocated-bytes non-tlh="319064" tlh="230680624" />
  <largest-consumer threadName="[SQL@09:26:00.306], select distinct t3.ITEM_ID, t3.IDENTIFIER, t3.NAME, t3.REQUIRED, t3.EXTERNAL_URI from &#xA;(select t1q.*, T..." threadId="000000000AB99500" bytes="224412056" />
</allocation-stats>
<gc-op id="4081" type="scavenge" timems="4.897" contextid="4078" timestamp="2023-06-02T09:26:00.320">
  <scavenger-info tenureage="12" tenuremask="5000" tiltratio="89" />
  <memory-copied type="nursery" objects="168520" bytes="9266696" bytesdiscarded="227832" />
  <memory-copied type="tenure" objects="1773" bytes="183664" bytesdiscarded="824" />
  <finalization candidates="4156" enqueued="3903" />
  <ownableSynchronizers candidates="52949" cleared="52676" />
  <references type="soft" candidates="1452" cleared="0" enqueued="0" dynamicThreshold="2" maxThreshold="32" />
  <references type="weak" candidates="24" cleared="20" enqueued="8" />
</gc-op>
<gc-end id="4082" type="scavenge" contextid="4078" durationms="5.339" usertimems="15.625" systemtimems="0.000" timestamp="2023-06-02T09:26:00.320" activeThreads="16">
  <mem-info id="4083" free="286946200" total="1073741824" percent="26">
    <mem type="nursery" free="232068048" total="268435456" percent="86">
      <mem type="allocate" free="232068048" total="241565696" percent="96" />
      <mem type="survivor" free="0" total="26869760" percent="0" />
    </mem>
    <mem type="tenure" free="54878152" total="805306368" percent="6" macro-fragmented="0">
      <mem type="soa" free="19486904" total="765040640" percent="2" />
      <mem type="loa" free="35391248" total="40265728" percent="87" />
    </mem>
    <pending-finalizers system="3787" default="116" reference="8" classloader="0" />
    <remembered-set count="4645" />
  </mem-info>
</gc-end>
<cycle-end id="4084" type="scavenge" contextid="4078" timestamp="2023-06-02T09:26:00.322" />
<allocation-satisfied id="4085" threadId="000000000AB99500" bytesRequested="16" />
<af-end id="4086" timestamp="2023-06-02T09:26:00.322" threadId="000000000AB99E80" success="true" from="nursery"/>
<exclusive-end id="4087" timestamp="2023-06-02T09:26:00.322" durationms="9.338" />

<exclusive-start id="4088" timestamp="2023-06-02T09:26:00.845" intervalms="532.536">
  <response-info timems="0.124" idlems="0.124" threads="0" lastid="000000000AB99500" lastname="[SQL@09:26:00.842], select distinct t2.OWNER_ITEM_ID, t3.USER_I" />
</exclusive-start>
<af-start id="4089" threadId="000000000AB99E80" totalBytesRequested="16" timestamp="2023-06-02T09:26:00.845" intervalms="532.458" type="nursery" />
<cycle-start id="4090" type="scavenge" contextid="0" timestamp="2023-06-02T09:26:00.845" intervalms="532.386" />
<gc-start id="4091" type="scavenge" contextid="4090" timestamp="2023-06-02T09:26:00.846">
  <mem-info id="4092" free="54878152" total="1073741824" percent="5">
    <mem type="nursery" free="0" total="268435456" percent="0">
      <mem type="allocate" free="0" total="241565696" percent="0" />
      <mem type="survivor" free="0" total="26869760" percent="0" />
    </mem>
    <mem type="tenure" free="54878152" total="805306368" percent="6">
      <mem type="soa" free="19486904" total="765040640" percent="2" />
      <mem type="loa" free="35391248" total="40265728" percent="87" />
    </mem>
    <remembered-set count="5653" />
  </mem-info>
</gc-start>
<allocation-stats totalBytes="231979904" >
  <allocated-bytes non-tlh="16" tlh="231979888" />
  <largest-consumer threadName="[SQL@09:26:00.842], select distinct t2.OWNER_ITEM_ID, t3.USER_ID, t3.NAME from &#xA;(select t1q.*, T1V.ITEM_TYPE_DBID from PLAN..." threadId="000000000AB99500" bytes="229870248" />
</allocation-stats>
<gc-op id="4093" type="scavenge" timems="5.367" contextid="4090" timestamp="2023-06-02T09:26:00.852">
  <scavenger-info tenureage="8" tenuremask="4100" tiltratio="89" />
  <memory-copied type="nursery" objects="124345" bytes="7616776" bytesdiscarded="229168" />
  <memory-copied type="tenure" objects="3462" bytes="565072" bytesdiscarded="26264" />
  <finalization candidates="844" enqueued="592" />
  <ownableSynchronizers candidates="54645" cleared="54397" />
  <references type="soft" candidates="1453" cleared="0" enqueued="0" dynamicThreshold="2" maxThreshold="32" />
  <references type="weak" candidates="14" cleared="10" enqueued="2" />
</gc-op>
<gc-end id="4094" type="scavenge" contextid="4090" durationms="5.992" usertimems="15.625" systemtimems="0.000" timestamp="2023-06-02T09:26:00.852" activeThreads="16">
  <mem-info id="4095" free="288051720" total="1073741824" percent="26">
    <mem type="nursery" free="233717088" total="268435456" percent="87">
      <mem type="allocate" free="233717088" total="241565696" percent="96" />
      <mem type="survivor" free="0" total="26869760" percent="0" />
    </mem>
    <mem type="tenure" free="54334632" total="805306368" percent="6" macro-fragmented="0">
      <mem type="soa" free="18943384" total="765040640" percent="2" />
      <mem type="loa" free="35391248" total="40265728" percent="87" />
    </mem>
    <pending-finalizers system="526" default="66" reference="2" classloader="0" />
    <remembered-set count="4568" />
  </mem-info>
</gc-end>
<cycle-end id="4096" type="scavenge" contextid="4090" timestamp="2023-06-02T09:26:00.855" />
<allocation-satisfied id="4097" threadId="000000000AB99500" bytesRequested="16" />
<af-end id="4098" timestamp="2023-06-02T09:26:00.855" threadId="000000000AB99E80" success="true" from="nursery"/>
<exclusive-end id="4099" timestamp="2023-06-02T09:26:00.855" durationms="9.462" />

<exclusive-start id="4100" timestamp="2023-06-02T09:26:01.297" intervalms="452.224">
  <response-info timems="0.126" idlems="0.126" threads="0" lastid="000000000AB99500" lastname="[SQL@09:26:01.296], select distinct t2.ORIGINATOR_ITEM_ID, t3.U" />
</exclusive-start>
<af-start id="4101" threadId="000000000AB99E80" totalBytesRequested="24" timestamp="2023-06-02T09:26:01.298" intervalms="452.242" type="nursery" />
<cycle-start id="4102" type="scavenge" contextid="0" timestamp="2023-06-02T09:26:01.298" intervalms="452.264" />
<gc-start id="4103" type="scavenge" contextid="4102" timestamp="2023-06-02T09:26:01.299">
  <mem-info id="4104" free="54334632" total="1073741824" percent="5">
    <mem type="nursery" free="0" total="268435456" percent="0">
      <mem type="allocate" free="0" total="241565696" percent="0" />
      <mem type="survivor" free="0" total="26869760" percent="0" />
    </mem>
    <mem type="tenure" free="54334632" total="805306368" percent="6">
      <mem type="soa" free="18943384" total="765040640" percent="2" />
      <mem type="loa" free="35391248" total="40265728" percent="87" />
    </mem>
    <remembered-set count="5649" />
  </mem-info>
</gc-start>
<allocation-stats totalBytes="233604136" >
  <allocated-bytes non-tlh="179048" tlh="233425088" />
  <largest-consumer threadName="[SQL@09:26:01.296], select distinct t2.ORIGINATOR_ITEM_ID, t3.USER_ID, t3.NAME from &#xA;(select t1q.*, T1V.ITEM_TYPE_DBID from..." threadId="000000000AB99500" bytes="229283704" />
</allocation-stats>
<gc-op id="4105" type="scavenge" timems="9.887" contextid="4102" timestamp="2023-06-02T09:26:01.309">
  <scavenger-info tenureage="14" tenuremask="4000" tiltratio="89" />
  <memory-copied type="nursery" objects="87655" bytes="6856904" bytesdiscarded="287736" />
  <finalization candidates="873" enqueued="621" />
  <ownableSynchronizers candidates="54510" cleared="54274" />
  <references type="soft" candidates="1453" cleared="0" enqueued="0" dynamicThreshold="2" maxThreshold="32" />
  <references type="weak" candidates="14" cleared="10" enqueued="2" />
</gc-op>
<gc-end id="4106" type="scavenge" contextid="4102" durationms="10.235" usertimems="0.000" systemtimems="0.000" timestamp="2023-06-02T09:26:01.310" activeThreads="16">
  <mem-info id="4107" free="288753168" total="1073741824" percent="26">
    <mem type="nursery" free="234418536" total="268435456" percent="87">
      <mem type="allocate" free="234418536" total="241565696" percent="97" />
      <mem type="survivor" free="0" total="26869760" percent="0" />
    </mem>
    <mem type="tenure" free="54334632" total="805306368" percent="6" macro-fragmented="67744">
      <mem type="soa" free="18943384" total="765040640" percent="2" />
      <mem type="loa" free="35391248" total="40265728" percent="87" />
    </mem>
    <pending-finalizers system="526" default="95" reference="2" classloader="0" />
    <remembered-set count="4570" />
  </mem-info>
</gc-end>
<cycle-end id="4108" type="scavenge" contextid="4102" timestamp="2023-06-02T09:26:01.312" />
<allocation-satisfied id="4109" threadId="000000000AB99500" bytesRequested="24" />
<af-end id="4110" timestamp="2023-06-02T09:26:01.312" threadId="000000000AB99E80" success="true" from="nursery"/>
<exclusive-end id="4111" timestamp="2023-06-02T09:26:01.312" durationms="14.195" />

<exclusive-start id="4112" timestamp="2023-06-02T09:26:01.656" intervalms="358.296">
  <response-info timems="0.193" idlems="0.193" threads="0" lastid="000000000AB99500" lastname="[SQL@09:26:01.653], select distinct t3.ITEM_ID, t3.NAME, t4.NAM" />
</exclusive-start>
<af-start id="4113" threadId="000000000AB99E80" totalBytesRequested="40" timestamp="2023-06-02T09:26:01.656" intervalms="358.411" type="nursery" />
<cycle-start id="4114" type="scavenge" contextid="0" timestamp="2023-06-02T09:26:01.656" intervalms="358.432" />
<gc-start id="4115" type="scavenge" contextid="4114" timestamp="2023-06-02T09:26:01.658">
  <mem-info id="4116" free="54334088" total="1073741824" percent="5">
    <mem type="nursery" free="0" total="268435456" percent="0">
      <mem type="allocate" free="0" total="241565696" percent="0" />
      <mem type="survivor" free="0" total="26869760" percent="0" />
    </mem>
    <mem type="tenure" free="54334088" total="805306368" percent="6">
      <mem type="soa" free="18942840" total="765040640" percent="2" />
      <mem type="loa" free="35391248" total="40265728" percent="87" />
    </mem>
    <remembered-set count="5807" />
  </mem-info>
</gc-start>
<allocation-stats totalBytes="234325496" >
  <allocated-bytes non-tlh="66120" tlh="234259376" />
  <largest-consumer threadName="[SQL@09:26:01.653], select distinct t3.ITEM_ID, t3.NAME, t4.NAME, t3.CATEGORY_TYPE_ITEM_ID, t3.ARCHIVED, t4.ARCHIVED, t3.EXTERN..." threadId="000000000AB99500" bytes="231907488" />
</allocation-stats>
<gc-op id="4117" type="scavenge" timems="3.623" contextid="4114" timestamp="2023-06-02T09:26:01.662">
  <scavenger-info tenureage="14" tenuremask="4000" tiltratio="89" />
  <memory-copied type="nursery" objects="131890" bytes="8496048" bytesdiscarded="250704" />
  <finalization candidates="382" enqueued="130" />
  <ownableSynchronizers candidates="55873" cleared="55522" />
  <references type="soft" candidates="1457" cleared="0" enqueued="0" dynamicThreshold="2" maxThreshold="32" />
  <references type="weak" candidates="20" cleared="14" enqueued="2" />
</gc-op>
<gc-end id="4118" type="scavenge" contextid="4114" durationms="4.032" usertimems="0.000" systemtimems="0.000" timestamp="2023-06-02T09:26:01.662" activeThreads="16">
  <mem-info id="4119" free="287148936" total="1073741824" percent="26">
    <mem type="nursery" free="232814848" total="268435456" percent="86">
      <mem type="allocate" free="232814848" total="241565696" percent="96" />
      <mem type="survivor" free="0" total="26869760" percent="0" />
    </mem>
    <mem type="tenure" free="54334088" total="805306368" percent="6" macro-fragmented="168253">
      <mem type="soa" free="18942840" total="765040640" percent="2" />
      <mem type="loa" free="35391248" total="40265728" percent="87" />
    </mem>
    <pending-finalizers system="65" default="65" reference="2" classloader="0" />
    <remembered-set count="4738" />
  </mem-info>
</gc-end>
<cycle-end id="4120" type="scavenge" contextid="4114" timestamp="2023-06-02T09:26:01.665" />
<allocation-satisfied id="4121" threadId="000000000AB99500" bytesRequested="40" />
<af-end id="4122" timestamp="2023-06-02T09:26:01.665" threadId="000000000AB99E80" success="true" from="nursery"/>
<exclusive-end id="4123" timestamp="2023-06-02T09:26:01.665" durationms="8.819" />

<exclusive-start id="4124" timestamp="2023-06-02T09:26:02.001" intervalms="345.327">
  <response-info timems="0.108" idlems="0.108" threads="0" lastid="000000000AB99500" lastname="[SQL@09:26:01.995], select distinct t1.ITEM_ID, t1.STATE_ID fro" />
</exclusive-start>
<af-start id="4125" threadId="000000000AB99E80" totalBytesRequested="24" timestamp="2023-06-02T09:26:02.001" intervalms="345.190" type="nursery" />
<cycle-start id="4126" type="scavenge" contextid="0" timestamp="2023-06-02T09:26:02.001" intervalms="345.148" />
<gc-start id="4127" type="scavenge" contextid="4126" timestamp="2023-06-02T09:26:02.003">
  <mem-info id="4128" free="54333888" total="1073741824" percent="5">
    <mem type="nursery" free="0" total="268435456" percent="0">
      <mem type="allocate" free="0" total="241565696" percent="0" />
      <mem type="survivor" free="0" total="26869760" percent="0" />
    </mem>
    <mem type="tenure" free="54333888" total="805306368" percent="6">
      <mem type="soa" free="18942640" total="765040640" percent="2" />
      <mem type="loa" free="35391248" total="40265728" percent="87" />
    </mem>
    <remembered-set count="5818" />
  </mem-info>
</gc-start>
<allocation-stats totalBytes="232714088" >
  <allocated-bytes non-tlh="240" tlh="232713848" />
  <largest-consumer threadName="[SQL@09:26:01.995], select distinct t1.ITEM_ID, t1.STATE_ID from &#xA;(select t1q.*, T1V.ITEM_TYPE_DBID from LINKS.AUDITABLE_LI..." threadId="000000000AB99500" bytes="228967808" />
</allocation-stats>
<gc-op id="4129" type="scavenge" timems="4.663" contextid="4126" timestamp="2023-06-02T09:26:02.007">
  <scavenger-info tenureage="14" tenuremask="4000" tiltratio="89" />
  <memory-copied type="nursery" objects="62353" bytes="6608088" bytesdiscarded="213256" />
  <finalization candidates="375" enqueued="123" />
  <ownableSynchronizers candidates="54275" cleared="53892" />
  <references type="soft" candidates="1458" cleared="0" enqueued="0" dynamicThreshold="2" maxThreshold="32" />
  <references type="weak" candidates="16" cleared="9" enqueued="2" />
</gc-op>
<gc-end id="4130" type="scavenge" contextid="4126" durationms="5.005" usertimems="0.000" systemtimems="0.000" timestamp="2023-06-02T09:26:02.007" activeThreads="16">
  <mem-info id="4131" free="289074016" total="1073741824" percent="26">
    <mem type="nursery" free="234740128" total="268435456" percent="87">
      <mem type="allocate" free="234740128" total="241565696" percent="97" />
      <mem type="survivor" free="0" total="26869760" percent="0" />
    </mem>
    <mem type="tenure" free="54333888" total="805306368" percent="6" macro-fragmented="0">
      <mem type="soa" free="18942640" total="765040640" percent="2" />
      <mem type="loa" free="35391248" total="40265728" percent="87" />
    </mem>
    <pending-finalizers system="48" default="75" reference="2" classloader="0" />
    <remembered-set count="4838" />
  </mem-info>
</gc-end>
<cycle-end id="4132" type="scavenge" contextid="4126" timestamp="2023-06-02T09:26:02.009" />
<allocation-satisfied id="4133" threadId="000000000AB99500" bytesRequested="24" />
<af-end id="4134" timestamp="2023-06-02T09:26:02.009" threadId="000000000AB99E80" success="true" from="nursery"/>
<exclusive-end id="4135" timestamp="2023-06-02T09:26:02.009" durationms="8.155" />

<exclusive-start id="4136" timestamp="2023-06-02T09:26:02.887" intervalms="886.246">
  <response-info timems="0.187" idlems="0.187" threads="0" lastid="000000000AB99500" lastname="[SQL@09:26:02.886], select distinct t3.EXECUTION_VARIABLE_ITEM_" />
</exclusive-start>
<af-start id="4137" threadId="000000000AB99E80" totalBytesRequested="40" timestamp="2023-06-02T09:26:02.887" intervalms="886.295" type="nursery" />
<cycle-start id="4138" type="scavenge" contextid="0" timestamp="2023-06-02T09:26:02.887" intervalms="886.323" />
<gc-start id="4139" type="scavenge" contextid="4138" timestamp="2023-06-02T09:26:02.890">
  <mem-info id="4140" free="54333888" total="1073741824" percent="5">
    <mem type="nursery" free="0" total="268435456" percent="0">
      <mem type="allocate" free="0" total="241565696" percent="0" />
      <mem type="survivor" free="0" total="26869760" percent="0" />
    </mem>
    <mem type="tenure" free="54333888" total="805306368" percent="6">
      <mem type="soa" free="18942640" total="765040640" percent="2" />
      <mem type="loa" free="35391248" total="40265728" percent="87" />
    </mem>
    <remembered-set count="5892" />
  </mem-info>
</gc-start>
<allocation-stats totalBytes="234637000" >
  <allocated-bytes non-tlh="179056" tlh="234457944" />
  <largest-consumer threadName="[SQL@09:26:02.886], select distinct t3.EXECUTION_VARIABLE_ITEM_ID, t4.NAME, t4.ARCHIVED, t4.EXTERNAL_ID from &#xA;(select t1q.*..." threadId="000000000AB99500" bytes="230095768" />
</allocation-stats>
<gc-op id="4141" type="scavenge" timems="5.061" contextid="4138" timestamp="2023-06-02T09:26:02.895">
  <scavenger-info tenureage="13" tenuremask="6000" tiltratio="89" />
  <memory-copied type="nursery" objects="102565" bytes="8206312" bytesdiscarded="192792" />
  <memory-copied type="tenure" objects="2347" bytes="364120" bytesdiscarded="26552" />
  <finalization candidates="4109" enqueued="3857" />
  <ownableSynchronizers candidates="51599" cleared="51210" />
  <references type="soft" candidates="1458" cleared="0" enqueued="0" dynamicThreshold="2" maxThreshold="32" />
  <references type="weak" candidates="18" cleared="11" enqueued="2" />
</gc-op>
<gc-end id="4142" type="scavenge" contextid="4138" durationms="5.728" usertimems="15.625" systemtimems="0.000" timestamp="2023-06-02T09:26:02.896" activeThreads="16">
  <mem-info id="4143" free="287121656" total="1073741824" percent="26">
    <mem type="nursery" free="233162640" total="268435456" percent="86">
      <mem type="allocate" free="233162640" total="241565696" percent="96" />
      <mem type="survivor" free="0" total="26869760" percent="0" />
    </mem>
    <mem type="tenure" free="53959016" total="805306368" percent="6" macro-fragmented="7583">
      <mem type="soa" free="18567768" total="765040640" percent="2" />
      <mem type="loa" free="35391248" total="40265728" percent="87" />
    </mem>
    <pending-finalizers system="3768" default="89" reference="2" classloader="0" />
    <remembered-set count="4818" />
  </mem-info>
</gc-end>
<cycle-end id="4144" type="scavenge" contextid="4138" timestamp="2023-06-02T09:26:02.900" />
<allocation-satisfied id="4145" threadId="000000000AB99500" bytesRequested="40" />
<af-end id="4146" timestamp="2023-06-02T09:26:02.900" threadId="000000000AB99E80" success="true" from="nursery"/>
<exclusive-end id="4147" timestamp="2023-06-02T09:26:02.900" durationms="12.567" />

<exclusive-start id="4148" timestamp="2023-06-02T09:26:03.386" intervalms="499.587">
  <response-info timems="0.104" idlems="0.104" threads="0" lastid="000000000AB99500" lastname="[SQL@09:26:03.383], select distinct t3.ITEM_ID, t3.IDENTIFIER, " />
</exclusive-start>
<af-start id="4149" threadId="000000000AB99E80" totalBytesRequested="40" timestamp="2023-06-02T09:26:03.387" intervalms="499.538" type="nursery" />
<cycle-start id="4150" type="scavenge" contextid="0" timestamp="2023-06-02T09:26:03.387" intervalms="499.505" />
<gc-start id="4151" type="scavenge" contextid="4150" timestamp="2023-06-02T09:26:03.388">
  <mem-info id="4152" free="53959016" total="1073741824" percent="5">
    <mem type="nursery" free="0" total="268435456" percent="0">
      <mem type="allocate" free="0" total="241565696" percent="0" />
      <mem type="survivor" free="0" total="26869760" percent="0" />
    </mem>
    <mem type="tenure" free="53959016" total="805306368" percent="6">
      <mem type="soa" free="18567768" total="765040640" percent="2" />
      <mem type="loa" free="35391248" total="40265728" percent="87" />
    </mem>
    <remembered-set count="5881" />
  </mem-info>
</gc-start>
<allocation-stats totalBytes="233052568" >
  <allocated-bytes non-tlh="179072" tlh="232873496" />
  <largest-consumer threadName="[SQL@09:26:03.383], select distinct t3.ITEM_ID, t3.IDENTIFIER, t3.NAME, t3.REQUIRED, t3.EXTERNAL_URI from &#xA;(select t1q.*, T..." threadId="000000000AB99500" bytes="228778832" />
</allocation-stats>
<gc-op id="4153" type="scavenge" timems="3.954" contextid="4150" timestamp="2023-06-02T09:26:03.392">
  <scavenger-info tenureage="14" tenuremask="4000" tiltratio="89" />
  <memory-copied type="nursery" objects="181741" bytes="10774648" bytesdiscarded="223736" />
  <finalization candidates="874" enqueued="622" />
  <ownableSynchronizers candidates="54885" cleared="54506" />
  <references type="soft" candidates="1458" cleared="0" enqueued="0" dynamicThreshold="2" maxThreshold="32" />
  <references type="weak" candidates="18" cleared="11" enqueued="2" />
</gc-op>
<gc-end id="4154" type="scavenge" contextid="4150" durationms="4.281" usertimems="0.000" systemtimems="0.000" timestamp="2023-06-02T09:26:03.392" activeThreads="16">
  <mem-info id="4155" free="284522848" total="1073741824" percent="26">
    <mem type="nursery" free="230563832" total="268435456" percent="85">
      <mem type="allocate" free="230563832" total="241565696" percent="95" />
      <mem type="survivor" free="0" total="26869760" percent="0" />
    </mem>
    <mem type="tenure" free="53959016" total="805306368" percent="6" macro-fragmented="5266">
      <mem type="soa" free="18567768" total="765040640" percent="2" />
      <mem type="loa" free="35391248" total="40265728" percent="87" />
    </mem>
    <pending-finalizers system="526" default="96" reference="2" classloader="0" />
    <remembered-set count="4822" />
  </mem-info>
</gc-end>
<cycle-end id="4156" type="scavenge" contextid="4150" timestamp="2023-06-02T09:26:03.397" />
<allocation-satisfied id="4157" threadId="000000000AB99500" bytesRequested="40" />
<af-end id="4158" timestamp="2023-06-02T09:26:03.397" threadId="000000000AB99E80" success="true" from="nursery"/>
<exclusive-end id="4159" timestamp="2023-06-02T09:26:03.397" durationms="9.399" />

<exclusive-start id="4160" timestamp="2023-06-02T09:26:03.893" intervalms="506.204">
  <response-info timems="0.194" idlems="0.194" threads="0" lastid="000000000AB99500" lastname="[SQL@09:26:03.892], select distinct t2.OWNER_ITEM_ID, t3.USER_I" />
</exclusive-start>
<af-start id="4161" threadId="000000000AB99E80" totalBytesRequested="40" timestamp="2023-06-02T09:26:03.893" intervalms="506.246" type="nursery" />
<cycle-start id="4162" type="scavenge" contextid="0" timestamp="2023-06-02T09:26:03.893" intervalms="506.270" />
<gc-start id="4163" type="scavenge" contextid="4162" timestamp="2023-06-02T09:26:03.896">
  <mem-info id="4164" free="53958424" total="1073741824" percent="5">
    <mem type="nursery" free="0" total="268435456" percent="0">
      <mem type="allocate" free="0" total="241565696" percent="0" />
      <mem type="survivor" free="0" total="26869760" percent="0" />
    </mem>
    <mem type="tenure" free="53958424" total="805306368" percent="6">
      <mem type="soa" free="18567176" total="765040640" percent="2" />
      <mem type="loa" free="35391248" total="40265728" percent="87" />
    </mem>
    <remembered-set count="6169" />
  </mem-info>
</gc-start>
<allocation-stats totalBytes="230468224" >
  <allocated-bytes non-tlh="632" tlh="230467592" />
  <largest-consumer threadName="[SQL@09:26:03.892], select distinct t2.OWNER_ITEM_ID, t3.USER_ID, t3.NAME from &#xA;(select t1q.*, T1V.ITEM_TYPE_DBID from PLAN..." threadId="000000000AB99500" bytes="226931336" />
</allocation-stats>
<gc-op id="4165" type="scavenge" timems="2.533" contextid="4162" timestamp="2023-06-02T09:26:03.899">
  <scavenger-info tenureage="14" tenuremask="4000" tiltratio="89" />
  <memory-copied type="nursery" objects="78533" bytes="8013704" bytesdiscarded="342416" />
  <finalization candidates="871" enqueued="619" />
  <ownableSynchronizers candidates="54499" cleared="54018" />
  <references type="soft" candidates="1469" cleared="0" enqueued="0" dynamicThreshold="2" maxThreshold="32" />
  <references type="weak" candidates="27" cleared="14" enqueued="7" />
</gc-op>
<gc-end id="4166" type="scavenge" contextid="4162" durationms="2.880" usertimems="0.000" systemtimems="0.000" timestamp="2023-06-02T09:26:03.899" activeThreads="16">
  <mem-info id="4167" free="287164192" total="1073741824" percent="26">
    <mem type="nursery" free="233205768" total="268435456" percent="86">
      <mem type="allocate" free="233205768" total="241565696" percent="96" />
      <mem type="survivor" free="0" total="26869760" percent="0" />
    </mem>
    <mem type="tenure" free="53958424" total="805306368" percent="6" macro-fragmented="0">
      <mem type="soa" free="18567176" total="765040640" percent="2" />
      <mem type="loa" free="35391248" total="40265728" percent="87" />
    </mem>
    <pending-finalizers system="544" default="75" reference="7" classloader="0" />
    <remembered-set count="5078" />
  </mem-info>
</gc-end>
<cycle-end id="4168" type="scavenge" contextid="4162" timestamp="2023-06-02T09:26:03.901" />
<allocation-satisfied id="4169" threadId="000000000AB99500" bytesRequested="40" />
<af-end id="4170" timestamp="2023-06-02T09:26:03.901" threadId="000000000AB99E80" success="true" from="nursery"/>
<exclusive-end id="4171" timestamp="2023-06-02T09:26:03.901" durationms="8.148" />

<exclusive-start id="4172" timestamp="2023-06-02T09:26:05.097" intervalms="1204.473">
  <response-info timems="1.746" idlems="1.157" threads="2" lastid="00000000104B3900" lastname="Default Executor-thread-61" />
</exclusive-start>
<af-start id="4173" threadId="000000000789A080" totalBytesRequested="136" timestamp="2023-06-02T09:26:05.098" intervalms="1204.447" type="nursery" />
<cycle-start id="4174" type="scavenge" contextid="0" timestamp="2023-06-02T09:26:05.098" intervalms="1204.427" />
<gc-start id="4175" type="scavenge" contextid="4174" timestamp="2023-06-02T09:26:05.100">
  <mem-info id="4176" free="53958424" total="1073741824" percent="5">
    <mem type="nursery" free="0" total="268435456" percent="0">
      <mem type="allocate" free="0" total="241565696" percent="0" />
      <mem type="survivor" free="0" total="26869760" percent="0" />
    </mem>
    <mem type="tenure" free="53958424" total="805306368" percent="6">
      <mem type="soa" free="18567176" total="765040640" percent="2" />
      <mem type="loa" free="35391248" total="40265728" percent="87" />
    </mem>
    <remembered-set count="6222" />
  </mem-info>
</gc-start>
<allocation-stats totalBytes="233113960" >
  <allocated-bytes non-tlh="187272" tlh="232926688" />
  <largest-consumer threadName="[SQL@09:26:04.251], select distinct t3.ITEM_ID, t3.NAME, t4.NAME, t3.CATEGORY_TYPE_ITEM_ID, t3.ARCHIVED, t4.ARCHIVED, t3.EXTERN..." threadId="000000000AB99500" bytes="228345984" />
</allocation-stats>
<gc-op id="4177" type="scavenge" timems="4.208" contextid="4174" timestamp="2023-06-02T09:26:05.105">
  <scavenger-info tenureage="8" tenuremask="4f00" tiltratio="89" />
  <memory-copied type="nursery" objects="228730" bytes="11066464" bytesdiscarded="265552" />
  <memory-copied type="tenure" objects="24087" bytes="2706208" bytesdiscarded="112024" />
  <finalization candidates="427" enqueued="171" />
  <ownableSynchronizers candidates="54945" cleared="54463" />
  <references type="soft" candidates="27" cleared="0" enqueued="0" dynamicThreshold="2" maxThreshold="32" />
  <references type="weak" candidates="55" cleared="11" enqueued="2" />
</gc-op>
<gc-end id="4178" type="scavenge" contextid="4174" durationms="4.591" usertimems="0.000" systemtimems="0.000" timestamp="2023-06-02T09:26:05.105" activeThreads="16">
  <mem-info id="4179" free="281313752" total="1073741824" percent="26">
    <mem type="nursery" free="230230520" total="268435456" percent="85">
      <mem type="allocate" free="230230520" total="241565696" percent="95" />
      <mem type="survivor" free="0" total="26869760" percent="0" />
    </mem>
    <mem type="tenure" free="51083232" total="805306368" percent="6" macro-fragmented="0">
      <mem type="soa" free="15691984" total="765040640" percent="2" />
      <mem type="loa" free="35391248" total="40265728" percent="87" />
    </mem>
    <pending-finalizers system="64" default="107" reference="2" classloader="0" />
    <remembered-set count="3519" />
  </mem-info>
</gc-end>
<cycle-end id="4180" type="scavenge" contextid="4174" timestamp="2023-06-02T09:26:05.108" />
<allocation-satisfied id="4181" threadId="0000000007899700" bytesRequested="136" />
<af-end id="4182" timestamp="2023-06-02T09:26:05.108" threadId="000000000789A080" success="true" from="nursery"/>
<exclusive-end id="4183" timestamp="2023-06-02T09:26:05.108" durationms="9.937" />

<exclusive-start id="4184" timestamp="2023-06-02T09:26:05.532" intervalms="435.043">
  <response-info timems="0.090" idlems="0.090" threads="0" lastid="000000000AB99500" lastname="qm: AsynchronousTaskRunner-3 @@ 09:25" />
</exclusive-start>
<af-start id="4185" threadId="000000000AB99E80" totalBytesRequested="48" timestamp="2023-06-02T09:26:05.532" intervalms="435.007" type="nursery" />
<cycle-start id="4186" type="scavenge" contextid="0" timestamp="2023-06-02T09:26:05.533" intervalms="434.994" />
<gc-start id="4187" type="scavenge" contextid="4186" timestamp="2023-06-02T09:26:05.535">
  <mem-info id="4188" free="51083232" total="1073741824" percent="4">
    <mem type="nursery" free="0" total="268435456" percent="0">
      <mem type="allocate" free="0" total="241565696" percent="0" />
      <mem type="survivor" free="0" total="26869760" percent="0" />
    </mem>
    <mem type="tenure" free="51083232" total="805306368" percent="6">
      <mem type="soa" free="15691984" total="765040640" percent="2" />
      <mem type="loa" free="35391248" total="40265728" percent="87" />
    </mem>
    <remembered-set count="4574" />
  </mem-info>
</gc-start>
<allocation-stats totalBytes="230118840" >
  <allocated-bytes non-tlh="195560" tlh="229923280" />
  <largest-consumer threadName="qm: AsynchronousTaskRunner-3 @@ 09:25" threadId="000000000AB99500" bytes="226521992" />
</allocation-stats>
<gc-op id="4189" type="scavenge" timems="8.694" contextid="4186" timestamp="2023-06-02T09:26:05.544">
  <scavenger-info tenureage="13" tenuremask="6000" tiltratio="89" />
  <memory-copied type="nursery" objects="48584" bytes="5612120" bytesdiscarded="847168" />
  <memory-copied type="tenure" objects="6673" bytes="885360" bytesdiscarded="41264" />
  <finalization candidates="820" enqueued="570" />
  <ownableSynchronizers candidates="53747" cleared="53363" />
  <references type="soft" candidates="22" cleared="0" enqueued="0" dynamicThreshold="2" maxThreshold="32" />
  <references type="weak" candidates="21" cleared="11" enqueued="4" />
</gc-op>
<gc-end id="4190" type="scavenge" contextid="4186" durationms="9.414" usertimems="0.000" systemtimems="0.000" timestamp="2023-06-02T09:26:05.544" activeThreads="16">
  <mem-info id="4191" free="285249392" total="1073741824" percent="26">
    <mem type="nursery" free="235104104" total="268435456" percent="87">
      <mem type="allocate" free="235104104" total="241565696" percent="97" />
      <mem type="survivor" free="0" total="26869760" percent="0" />
    </mem>
    <mem type="tenure" free="50145288" total="805306368" percent="6" macro-fragmented="1020">
      <mem type="soa" free="14754040" total="765040640" percent="1" />
      <mem type="loa" free="35391248" total="40265728" percent="87" />
    </mem>
    <pending-finalizers system="474" default="96" reference="4" classloader="0" />
    <remembered-set count="3264" />
  </mem-info>
</gc-end>
<cycle-end id="4192" type="scavenge" contextid="4186" timestamp="2023-06-02T09:26:05.547" />
<allocation-satisfied id="4193" threadId="000000000AB99500" bytesRequested="48" />
<af-end id="4194" timestamp="2023-06-02T09:26:05.547" threadId="000000000AB99E80" success="true" from="nursery"/>
<exclusive-end id="4195" timestamp="2023-06-02T09:26:05.547" durationms="13.704" />

<exclusive-start id="4196" timestamp="2023-06-02T09:26:06.398" intervalms="865.589">
  <response-info timems="0.126" idlems="0.126" threads="0" lastid="000000000AB99500" lastname="[SQL@09:26:06.395], select distinct t3.KEY_COL, t3.VALUE, t4.KE" />
</exclusive-start>
<af-start id="4197" threadId="000000000AB99E80" totalBytesRequested="40" timestamp="2023-06-02T09:26:06.398" intervalms="865.614" type="nursery" />
<cycle-start id="4198" type="scavenge" contextid="0" timestamp="2023-06-02T09:26:06.398" intervalms="865.629" />
<gc-start id="4199" type="scavenge" contextid="4198" timestamp="2023-06-02T09:26:06.400">
  <mem-info id="4200" free="50144896" total="1073741824" percent="4">
    <mem type="nursery" free="0" total="268435456" percent="0">
      <mem type="allocate" free="0" total="241565696" percent="0" />
      <mem type="survivor" free="0" total="26869760" percent="0" />
    </mem>
    <mem type="tenure" free="50144896" total="805306368" percent="6">
      <mem type="soa" free="14753648" total="765040640" percent="1" />
      <mem type="loa" free="35391248" total="40265728" percent="87" />
    </mem>
    <remembered-set count="4623" />
  </mem-info>
</gc-start>
<allocation-stats totalBytes="235019712" >
  <allocated-bytes non-tlh="310560" tlh="234709152" />
  <largest-consumer threadName="[SQL@09:26:06.395], select distinct t3.KEY_COL, t3.VALUE, t4.KEY_COL, t4.VALUE, t5.KEY_COL, t5.VALUE, t6.KEY_COL, t6.VALUE, t7...." threadId="000000000AB99500" bytes="226989296" />
</allocation-stats>
<gc-op id="4201" type="scavenge" timems="3.077" contextid="4198" timestamp="2023-06-02T09:26:06.404">
  <scavenger-info tenureage="8" tenuremask="4100" tiltratio="89" />
  <memory-copied type="nursery" objects="135817" bytes="8228400" bytesdiscarded="436480" />
  <memory-copied type="tenure" objects="2669" bytes="470096" bytesdiscarded="20560" />
  <finalization candidates="4177" enqueued="3925" />
  <ownableSynchronizers candidates="50944" cleared="50569" />
  <references type="soft" candidates="24" cleared="0" enqueued="0" dynamicThreshold="2" maxThreshold="32" />
  <references type="weak" candidates="28" cleared="18" enqueued="2" />
</gc-op>
<gc-end id="4202" type="scavenge" contextid="4198" durationms="3.697" usertimems="0.000" systemtimems="0.000" timestamp="2023-06-02T09:26:06.404" activeThreads="16">
  <mem-info id="4203" free="282542552" total="1073741824" percent="26">
    <mem type="nursery" free="232898440" total="268435456" percent="86">
      <mem type="allocate" free="232898440" total="241565696" percent="96" />
      <mem type="survivor" free="0" total="26869760" percent="0" />
    </mem>
    <mem type="tenure" free="49644112" total="805306368" percent="6" macro-fragmented="4112">
      <mem type="soa" free="14252864" total="765040640" percent="1" />
      <mem type="loa" free="35391248" total="40265728" percent="87" />
    </mem>
    <pending-finalizers system="3807" default="118" reference="2" classloader="0" />
    <remembered-set count="3484" />
  </mem-info>
</gc-end>
<cycle-end id="4204" type="scavenge" contextid="4198" timestamp="2023-06-02T09:26:06.408" />
<allocation-satisfied id="4205" threadId="000000000AB99500" bytesRequested="40" />
<af-end id="4206" timestamp="2023-06-02T09:26:06.408" threadId="000000000AB99E80" success="true" from="nursery"/>
<exclusive-end id="4207" timestamp="2023-06-02T09:26:06.408" durationms="9.281" />

<exclusive-start id="4208" timestamp="2023-06-02T09:26:06.760" intervalms="362.072">
  <response-info timems="0.090" idlems="0.090" threads="0" lastid="000000000AB99500" lastname="[SQL@09:26:06.754], select distinct t2.OWNER_ITEM_ID, t3.USER_I" />
</exclusive-start>
<af-start id="4209" threadId="000000000AB99E80" totalBytesRequested="16" timestamp="2023-06-02T09:26:06.761" intervalms="362.206" type="nursery" />
<cycle-start id="4210" type="scavenge" contextid="0" timestamp="2023-06-02T09:26:06.761" intervalms="362.272" />
<gc-start id="4211" type="scavenge" contextid="4210" timestamp="2023-06-02T09:26:06.764">
  <mem-info id="4212" free="49644112" total="1073741824" percent="4">
    <mem type="nursery" free="0" total="268435456" percent="0">
      <mem type="allocate" free="0" total="241565696" percent="0" />
      <mem type="survivor" free="0" total="26869760" percent="0" />
    </mem>
    <mem type="tenure" free="49644112" total="805306368" percent="6">
      <mem type="soa" free="14252864" total="765040640" percent="1" />
      <mem type="loa" free="35391248" total="40265728" percent="87" />
    </mem>
    <remembered-set count="4565" />
  </mem-info>
</gc-start>
<allocation-stats totalBytes="232814920" >
  <allocated-bytes non-tlh="131128" tlh="232683792" />
  <largest-consumer threadName="[SQL@09:26:06.754], select distinct t2.OWNER_ITEM_ID, t3.USER_ID, t3.NAME from &#xA;(select t1q.*, T1V.ITEM_TYPE_DBID from PLAN..." threadId="000000000AB99500" bytes="230981984" />
</allocation-stats>
<gc-op id="4213" type="scavenge" timems="3.886" contextid="4210" timestamp="2023-06-02T09:26:06.768">
  <scavenger-info tenureage="6" tenuremask="4440" tiltratio="89" />
  <memory-copied type="nursery" objects="250401" bytes="11081168" bytesdiscarded="354120" />
  <memory-copied type="tenure" objects="6302" bytes="1019464" bytesdiscarded="45848" />
  <finalization candidates="385" enqueued="133" />
  <ownableSynchronizers candidates="54908" cleared="54538" />
  <references type="soft" candidates="26" cleared="0" enqueued="0" dynamicThreshold="2" maxThreshold="32" />
  <references type="weak" candidates="27" cleared="17" enqueued="4" />
</gc-op>
<gc-end id="4214" type="scavenge" contextid="4210" durationms="4.242" usertimems="0.000" systemtimems="0.000" timestamp="2023-06-02T09:26:06.769" activeThreads="16">
  <mem-info id="4215" free="278631056" total="1073741824" percent="25">
    <mem type="nursery" free="230128616" total="268435456" percent="85">
      <mem type="allocate" free="230128616" total="241565696" percent="95" />
      <mem type="survivor" free="0" total="26869760" percent="0" />
    </mem>
    <mem type="tenure" free="48502440" total="805306368" percent="6" macro-fragmented="67744">
      <mem type="soa" free="13111192" total="765040640" percent="1" />
      <mem type="loa" free="35391248" total="40265728" percent="87" />
    </mem>
    <pending-finalizers system="65" default="68" reference="4" classloader="0" />
    <remembered-set count="3407" />
  </mem-info>
</gc-end>
<cycle-end id="4216" type="scavenge" contextid="4210" timestamp="2023-06-02T09:26:06.771" />
<allocation-satisfied id="4217" threadId="000000000AB99500" bytesRequested="16" />
<af-end id="4218" timestamp="2023-06-02T09:26:06.771" threadId="000000000AB99E80" success="true" from="nursery"/>
<exclusive-end id="4219" timestamp="2023-06-02T09:26:06.771" durationms="10.741" />

<exclusive-start id="4220" timestamp="2023-06-02T09:26:07.154" intervalms="393.426">
  <response-info timems="0.070" idlems="0.070" threads="0" lastid="000000000AB99500" lastname="[SQL@09:26:07.153], select distinct t2.ITEM_ID, t3.ID, t3.EXTER" />
</exclusive-start>
<af-start id="4221" threadId="000000000AB99E80" totalBytesRequested="16" timestamp="2023-06-02T09:26:07.154" intervalms="393.339" type="nursery" />
<cycle-start id="4222" type="scavenge" contextid="0" timestamp="2023-06-02T09:26:07.154" intervalms="393.279" />
<gc-start id="4223" type="scavenge" contextid="4222" timestamp="2023-06-02T09:26:07.160">
  <mem-info id="4224" free="48502440" total="1073741824" percent="4">
    <mem type="nursery" free="0" total="268435456" percent="0">
      <mem type="allocate" free="0" total="241565696" percent="0" />
      <mem type="survivor" free="0" total="26869760" percent="0" />
    </mem>
    <mem type="tenure" free="48502440" total="805306368" percent="6">
      <mem type="soa" free="13111192" total="765040640" percent="1" />
      <mem type="loa" free="35391248" total="40265728" percent="87" />
    </mem>
    <remembered-set count="4493" />
  </mem-info>
</gc-start>
<allocation-stats totalBytes="230014920" >
  <allocated-bytes non-tlh="244592" tlh="229770328" />
  <largest-consumer threadName="[SQL@09:26:07.153], select distinct t2.ITEM_ID, t3.ID, t3.EXTERNAL_ID, t3.SCRIPT_TYPE, t2.REVISION, t2.SNAPSHOT from &#xA;(sele..." threadId="000000000AB99500" bytes="225973016" />
</allocation-stats>
<gc-op id="4225" type="scavenge" timems="2.507" contextid="4222" timestamp="2023-06-02T09:26:07.162">
  <scavenger-info tenureage="14" tenuremask="4000" tiltratio="89" />
  <memory-copied type="nursery" objects="62193" bytes="5701432" bytesdiscarded="280040" />
  <finalization candidates="876" enqueued="624" />
  <ownableSynchronizers candidates="53989" cleared="53629" />
  <references type="soft" candidates="26" cleared="0" enqueued="0" dynamicThreshold="2" maxThreshold="32" />
  <references type="weak" candidates="23" cleared="13" enqueued="2" />
</gc-op>
<gc-end id="4226" type="scavenge" contextid="4222" durationms="2.919" usertimems="0.000" systemtimems="0.000" timestamp="2023-06-02T09:26:07.162" activeThreads="16">
  <mem-info id="4227" free="284085136" total="1073741824" percent="26">
    <mem type="nursery" free="235582696" total="268435456" percent="87">
      <mem type="allocate" free="235582696" total="241565696" percent="97" />
      <mem type="survivor" free="0" total="26869760" percent="0" />
    </mem>
    <mem type="tenure" free="48502440" total="805306368" percent="6" macro-fragmented="13104">
      <mem type="soa" free="13111192" total="765040640" percent="1" />
      <mem type="loa" free="35391248" total="40265728" percent="87" />
    </mem>
    <pending-finalizers system="526" default="98" reference="2" classloader="0" />
    <remembered-set count="3434" />
  </mem-info>
</gc-end>
<cycle-end id="4228" type="scavenge" contextid="4222" timestamp="2023-06-02T09:26:07.164" />
<allocation-satisfied id="4229" threadId="000000000AB99500" bytesRequested="16" />
<af-end id="4230" timestamp="2023-06-02T09:26:07.164" threadId="000000000AB99E80" success="true" from="nursery"/>
<exclusive-end id="4231" timestamp="2023-06-02T09:26:07.164" durationms="10.835" />

<exclusive-start id="4232" timestamp="2023-06-02T09:26:07.553" intervalms="399.018">
  <response-info timems="0.116" idlems="0.116" threads="0" lastid="000000000AB99500" lastname="[SQL@09:26:07.552], select distinct t3.ITEM_ID, t3.NAME, t4.NAM" />
</exclusive-start>
<af-start id="4233" threadId="000000000AB99E80" totalBytesRequested="592" timestamp="2023-06-02T09:26:07.553" intervalms="398.962" type="nursery" />
<cycle-start id="4234" type="scavenge" contextid="0" timestamp="2023-06-02T09:26:07.553" intervalms="398.952" />
<gc-start id="4235" type="scavenge" contextid="4234" timestamp="2023-06-02T09:26:07.555">
  <mem-info id="4236" free="48502440" total="1073741824" percent="4">
    <mem type="nursery" free="0" total="268435456" percent="0">
      <mem type="allocate" free="0" total="241565696" percent="0" />
      <mem type="survivor" free="0" total="26869760" percent="0" />
    </mem>
    <mem type="tenure" free="48502440" total="805306368" percent="6">
      <mem type="soa" free="13111192" total="765040640" percent="1" />
      <mem type="loa" free="35391248" total="40265728" percent="87" />
    </mem>
    <remembered-set count="4387" />
  </mem-info>
</gc-start>
<allocation-stats totalBytes="235489464" >
  <allocated-bytes non-tlh="131104" tlh="235358360" />
  <largest-consumer threadName="[SQL@09:26:07.552], select distinct t3.ITEM_ID, t3.NAME, t4.NAME, t3.CATEGORY_TYPE_ITEM_ID, t3.ARCHIVED, t4.ARCHIVED, t3.EXTERN..." threadId="000000000AB99500" bytes="234190448" />
</allocation-stats>
<gc-op id="4237" type="scavenge" timems="2.751" contextid="4234" timestamp="2023-06-02T09:26:07.558">
  <scavenger-info tenureage="14" tenuremask="4000" tiltratio="89" />
  <memory-copied type="nursery" objects="83931" bytes="6711336" bytesdiscarded="213704" />
  <finalization candidates="379" enqueued="127" />
  <ownableSynchronizers candidates="55909" cleared="55548" />
  <references type="soft" candidates="26" cleared="0" enqueued="0" dynamicThreshold="2" maxThreshold="32" />
  <references type="weak" candidates="23" cleared="13" enqueued="2" />
</gc-op>
<gc-end id="4238" type="scavenge" contextid="4234" durationms="3.142" usertimems="0.000" systemtimems="0.000" timestamp="2023-06-02T09:26:07.558" activeThreads="16">
  <mem-info id="4239" free="283141888" total="1073741824" percent="26">
    <mem type="nursery" free="234639448" total="268435456" percent="87">
      <mem type="allocate" free="234639448" total="241565696" percent="97" />
      <mem type="survivor" free="0" total="26869760" percent="0" />
    </mem>
    <mem type="tenure" free="48502440" total="805306368" percent="6" macro-fragmented="418667">
      <mem type="soa" free="13111192" total="765040640" percent="1" />
      <mem type="loa" free="35391248" total="40265728" percent="87" />
    </mem>
    <pending-finalizers system="64" default="63" reference="2" classloader="0" />
    <remembered-set count="3456" />
  </mem-info>
</gc-end>
<cycle-end id="4240" type="scavenge" contextid="4234" timestamp="2023-06-02T09:26:07.560" />
<allocation-satisfied id="4241" threadId="000000000AB99500" bytesRequested="592" />
<af-end id="4242" timestamp="2023-06-02T09:26:07.560" threadId="000000000AB99E80" success="true" from="nursery"/>
<exclusive-end id="4243" timestamp="2023-06-02T09:26:07.560" durationms="7.304" />

<exclusive-start id="4244" timestamp="2023-06-02T09:26:08.205" intervalms="652.071">
  <response-info timems="0.097" idlems="0.097" threads="0" lastid="000000000AB99500" lastname="[SQL@09:26:08.204], select distinct t3.EXECUTION_VARIABLE_VALUE" />
</exclusive-start>
<af-start id="4245" threadId="000000000AB99E80" totalBytesRequested="16" timestamp="2023-06-02T09:26:08.205" intervalms="652.078" type="nursery" />
<cycle-start id="4246" type="scavenge" contextid="0" timestamp="2023-06-02T09:26:08.205" intervalms="652.071" />
<gc-start id="4247" type="scavenge" contextid="4246" timestamp="2023-06-02T09:26:08.207">
  <mem-info id="4248" free="48502440" total="1073741824" percent="4">
    <mem type="nursery" free="0" total="268435456" percent="0">
      <mem type="allocate" free="0" total="241565696" percent="0" />
      <mem type="survivor" free="0" total="26869760" percent="0" />
    </mem>
    <mem type="tenure" free="48502440" total="805306368" percent="6">
      <mem type="soa" free="13111192" total="765040640" percent="1" />
      <mem type="loa" free="35391248" total="40265728" percent="87" />
    </mem>
    <remembered-set count="4475" />
  </mem-info>
</gc-start>
<allocation-stats totalBytes="234527008" >
  <allocated-bytes non-tlh="245168" tlh="234281840" />
  <largest-consumer threadName="[SQL@09:26:08.204], select distinct t3.EXECUTION_VARIABLE_VALUE_ITM_D, t4.NAME, t4.ARCHIVED, t4.EXTERNAL_ID, t4.EXECUTION_VARIA..." threadId="000000000AB99500" bytes="229510824" />
</allocation-stats>
<gc-op id="4249" type="scavenge" timems="3.163" contextid="4246" timestamp="2023-06-02T09:26:08.211">
  <scavenger-info tenureage="8" tenuremask="4d00" tiltratio="89" />
  <memory-copied type="nursery" objects="94621" bytes="6309688" bytesdiscarded="198984" />
  <memory-copied type="tenure" objects="10522" bytes="1463272" bytesdiscarded="44432" />
  <finalization candidates="2252" enqueued="2000" />
  <ownableSynchronizers candidates="51069" cleared="50721" />
  <references type="soft" candidates="21" cleared="0" enqueued="0" dynamicThreshold="2" maxThreshold="32" />
  <references type="weak" candidates="20" cleared="13" enqueued="2" />
</gc-op>
<gc-end id="4250" type="scavenge" contextid="4246" durationms="3.567" usertimems="0.000" systemtimems="0.000" timestamp="2023-06-02T09:26:08.211" activeThreads="16">
  <mem-info id="4251" free="282077336" total="1073741824" percent="26">
    <mem type="nursery" free="235056208" total="268435456" percent="87">
      <mem type="allocate" free="235056208" total="241565696" percent="97" />
      <mem type="survivor" free="0" total="26869760" percent="0" />
    </mem>
    <mem type="tenure" free="47021128" total="805306368" percent="5" macro-fragmented="0">
      <mem type="soa" free="11629880" total="765040640" percent="1" />
      <mem type="loa" free="35391248" total="40265728" percent="87" />
    </mem>
    <pending-finalizers system="1900" default="100" reference="2" classloader="0" />
    <remembered-set count="3196" />
  </mem-info>
</gc-end>
<cycle-end id="4252" type="scavenge" contextid="4246" timestamp="2023-06-02T09:26:08.212" />
<allocation-satisfied id="4253" threadId="000000000AB99500" bytesRequested="16" />
<af-end id="4254" timestamp="2023-06-02T09:26:08.212" threadId="000000000AB99E80" success="true" from="nursery"/>
<exclusive-end id="4255" timestamp="2023-06-02T09:26:08.212" durationms="7.365" />

<exclusive-start id="4256" timestamp="2023-06-02T09:26:08.942" intervalms="737.249">
  <response-info timems="0.101" idlems="0.101" threads="0" lastid="000000000AB99500" lastname="[SQL@09:26:08.934], select distinct t3.ITEM_ID, t3.IDENTIFIER, " />
</exclusive-start>
<af-start id="4257" threadId="000000000AB99E80" totalBytesRequested="16" timestamp="2023-06-02T09:26:08.942" intervalms="737.241" type="nursery" />
<cycle-start id="4258" type="scavenge" contextid="0" timestamp="2023-06-02T09:26:08.942" intervalms="737.248" />
<gc-start id="4259" type="scavenge" contextid="4258" timestamp="2023-06-02T09:26:08.944">
  <mem-info id="4260" free="47020424" total="1073741824" percent="4">
    <mem type="nursery" free="0" total="268435456" percent="0">
      <mem type="allocate" free="0" total="241565696" percent="0" />
      <mem type="survivor" free="0" total="26869760" percent="0" />
    </mem>
    <mem type="tenure" free="47020424" total="805306368" percent="5">
      <mem type="soa" free="11629176" total="765040640" percent="1" />
      <mem type="loa" free="35391248" total="40265728" percent="87" />
    </mem>
    <remembered-set count="4503" />
  </mem-info>
</gc-start>
<allocation-stats totalBytes="234971752" >
  <allocated-bytes non-tlh="140008" tlh="234831744" />
  <largest-consumer threadName="[SQL@09:26:08.934], select distinct t3.ITEM_ID, t3.IDENTIFIER, t3.NAME, t3.REQUIRED, t3.EXTERNAL_URI from &#xA;(select t1q.*, T..." threadId="000000000AB99500" bytes="228752432" />
</allocation-stats>
<gc-op id="4261" type="scavenge" timems="3.614" contextid="4258" timestamp="2023-06-02T09:26:08.949">
  <scavenger-info tenureage="14" tenuremask="4000" tiltratio="89" />
  <memory-copied type="nursery" objects="233420" bytes="10971768" bytesdiscarded="153240" />
  <finalization candidates="2262" enqueued="2009" />
  <ownableSynchronizers candidates="54395" cleared="54065" />
  <references type="soft" candidates="27" cleared="0" enqueued="0" dynamicThreshold="2" maxThreshold="32" />
  <references type="weak" candidates="31" cleared="20" enqueued="7" />
</gc-op>
<gc-end id="4262" type="scavenge" contextid="4258" durationms="3.987" usertimems="0.000" systemtimems="0.000" timestamp="2023-06-02T09:26:08.949" activeThreads="16">
  <mem-info id="4263" free="277458640" total="1073741824" percent="25">
    <mem type="nursery" free="230438216" total="268435456" percent="85">
      <mem type="allocate" free="230438216" total="241565696" percent="95" />
      <mem type="survivor" free="0" total="26869760" percent="0" />
    </mem>
    <mem type="tenure" free="47020424" total="805306368" percent="5" macro-fragmented="0">
      <mem type="soa" free="11629176" total="765040640" percent="1" />
      <mem type="loa" free="35391248" total="40265728" percent="87" />
    </mem>
    <pending-finalizers system="1917" default="92" reference="7" classloader="0" />
    <remembered-set count="3382" />
  </mem-info>
</gc-end>
<cycle-end id="4264" type="scavenge" contextid="4258" timestamp="2023-06-02T09:26:08.952" />
<allocation-satisfied id="4265" threadId="000000000AB99500" bytesRequested="16" />
<af-end id="4266" timestamp="2023-06-02T09:26:08.952" threadId="000000000AB99E80" success="true" from="nursery"/>
<exclusive-end id="4267" timestamp="2023-06-02T09:26:08.952" durationms="9.353" />

<exclusive-start id="4268" timestamp="2023-06-02T09:26:09.406" intervalms="464.204">
  <response-info timems="0.096" idlems="0.096" threads="0" lastid="000000000AB99500" lastname="[SQL@09:26:09.400], select distinct t2.ORIGINATOR_ITEM_ID, t3.U" />
</exclusive-start>
<af-start id="4269" threadId="000000000AB99E80" totalBytesRequested="40" timestamp="2023-06-02T09:26:09.406" intervalms="464.234" type="nursery" />
<cycle-start id="4270" type="scavenge" contextid="0" timestamp="2023-06-02T09:26:09.406" intervalms="464.240" />
<gc-start id="4271" type="scavenge" contextid="4270" timestamp="2023-06-02T09:26:09.409">
  <mem-info id="4272" free="47019600" total="1073741824" percent="4">
    <mem type="nursery" free="0" total="268435456" percent="0">
      <mem type="allocate" free="0" total="241565696" percent="0" />
      <mem type="survivor" free="0" total="26869760" percent="0" />
    </mem>
    <mem type="tenure" free="47019600" total="805306368" percent="5">
      <mem type="soa" free="11628352" total="765040640" percent="1" />
      <mem type="loa" free="35391248" total="40265728" percent="87" />
    </mem>
    <remembered-set count="4495" />
  </mem-info>
</gc-start>
<allocation-stats totalBytes="230345832" >
  <allocated-bytes non-tlh="179128" tlh="230166704" />
  <largest-consumer threadName="[SQL@09:26:09.400], select distinct t2.ORIGINATOR_ITEM_ID, t3.USER_ID, t3.NAME from &#xA;(select t1q.*, T1V.ITEM_TYPE_DBID from..." threadId="000000000AB99500" bytes="227208832" />
</allocation-stats>
<gc-op id="4273" type="scavenge" timems="4.477" contextid="4270" timestamp="2023-06-02T09:26:09.413">
  <scavenger-info tenureage="8" tenuremask="4100" tiltratio="89" />
  <memory-copied type="nursery" objects="246665" bytes="11353808" bytesdiscarded="204968" />
  <memory-copied type="tenure" objects="3791" bytes="504848" bytesdiscarded="19288" />
  <finalization candidates="1326" enqueued="1073" />
  <ownableSynchronizers candidates="53600" cleared="53264" />
  <references type="soft" candidates="25" cleared="0" enqueued="0" dynamicThreshold="2" maxThreshold="32" />
  <references type="weak" candidates="24" cleared="13" enqueued="2" />
</gc-op>
<gc-end id="4274" type="scavenge" contextid="4270" durationms="4.877" usertimems="0.000" systemtimems="0.000" timestamp="2023-06-02T09:26:09.413" activeThreads="16">
  <mem-info id="4275" free="276440584" total="1073741824" percent="25">
    <mem type="nursery" free="230004256" total="268435456" percent="85">
      <mem type="allocate" free="230004256" total="241565696" percent="95" />
      <mem type="survivor" free="0" total="26869760" percent="0" />
    </mem>
    <mem type="tenure" free="46436328" total="805306368" percent="5" macro-fragmented="201903">
      <mem type="soa" free="11045080" total="765040640" percent="1" />
      <mem type="loa" free="35391248" total="40265728" percent="87" />
    </mem>
    <pending-finalizers system="988" default="85" reference="2" classloader="0" />
    <remembered-set count="3427" />
  </mem-info>
</gc-end>
<cycle-end id="4276" type="scavenge" contextid="4270" timestamp="2023-06-02T09:26:09.415" />
<allocation-satisfied id="4277" threadId="000000000AB99500" bytesRequested="40" />
<af-end id="4278" timestamp="2023-06-02T09:26:09.415" threadId="000000000AB99E80" success="true" from="nursery"/>
<exclusive-end id="4279" timestamp="2023-06-02T09:26:09.415" durationms="9.674" />

<exclusive-start id="4280" timestamp="2023-06-02T09:26:09.771" intervalms="365.191">
  <response-info timems="0.095" idlems="0.095" threads="0" lastid="000000000AB99500" lastname="[SQL@09:26:09.769], select distinct t3.ITEM_ID, t3.NAME, t4.NAM" />
</exclusive-start>
<af-start id="4281" threadId="000000000AB99E80" totalBytesRequested="24" timestamp="2023-06-02T09:26:09.771" intervalms="365.160" type="nursery" />
<cycle-start id="4282" type="scavenge" contextid="0" timestamp="2023-06-02T09:26:09.771" intervalms="365.149" />
<gc-start id="4283" type="scavenge" contextid="4282" timestamp="2023-06-02T09:26:09.774">
  <mem-info id="4284" free="46434360" total="1073741824" percent="4">
    <mem type="nursery" free="0" total="268435456" percent="0">
      <mem type="allocate" free="0" total="241565696" percent="0" />
      <mem type="survivor" free="0" total="26869760" percent="0" />
    </mem>
    <mem type="tenure" free="46434360" total="805306368" percent="5">
      <mem type="soa" free="11043112" total="765040640" percent="1" />
      <mem type="loa" free="35391248" total="40265728" percent="87" />
    </mem>
    <remembered-set count="4523" />
  </mem-info>
</gc-start>
<allocation-stats totalBytes="229914888" >
  <allocated-bytes non-tlh="66808" tlh="229848080" />
  <largest-consumer threadName="[SQL@09:26:09.769], select distinct t3.ITEM_ID, t3.NAME, t4.NAME, t3.CATEGORY_TYPE_ITEM_ID, t3.ARCHIVED, t4.ARCHIVED, t3.EXTERN..." threadId="000000000AB99500" bytes="227919408" />
</allocation-stats>
<gc-op id="4285" type="scavenge" timems="3.067" contextid="4282" timestamp="2023-06-02T09:26:09.776">
  <scavenger-info tenureage="8" tenuremask="4100" tiltratio="89" />
  <memory-copied type="nursery" objects="110633" bytes="7309856" bytesdiscarded="180192" />
  <memory-copied type="tenure" objects="2143" bytes="344224" bytesdiscarded="8680" />
  <finalization candidates="392" enqueued="139" />
  <ownableSynchronizers candidates="54880" cleared="54571" />
  <references type="soft" candidates="26" cleared="0" enqueued="0" dynamicThreshold="2" maxThreshold="32" />
  <references type="weak" candidates="30" cleared="19" enqueued="4" />
</gc-op>
<gc-end id="4286" type="scavenge" contextid="4282" durationms="3.477" usertimems="0.000" systemtimems="0.000" timestamp="2023-06-02T09:26:09.777" activeThreads="16">
  <mem-info id="4287" free="280176432" total="1073741824" percent="26">
    <mem type="nursery" free="234073248" total="268435456" percent="87">
      <mem type="allocate" free="234073248" total="241565696" percent="96" />
      <mem type="survivor" free="0" total="26869760" percent="0" />
    </mem>
    <mem type="tenure" free="46103184" total="805306368" percent="5" macro-fragmented="1469">
      <mem type="soa" free="10711936" total="765040640" percent="1" />
      <mem type="loa" free="35391248" total="40265728" percent="87" />
    </mem>
    <pending-finalizers system="65" default="74" reference="4" classloader="0" />
    <remembered-set count="3432" />
  </mem-info>
</gc-end>
<cycle-end id="4288" type="scavenge" contextid="4282" timestamp="2023-06-02T09:26:09.779" />
<allocation-satisfied id="4289" threadId="000000000AB99500" bytesRequested="24" />
<af-end id="4290" timestamp="2023-06-02T09:26:09.779" threadId="000000000AB99E80" success="true" from="nursery"/>
<exclusive-end id="4291" timestamp="2023-06-02T09:26:09.779" durationms="7.920" />

<exclusive-start id="4292" timestamp="2023-06-02T09:26:10.424" intervalms="652.723">
  <response-info timems="0.123" idlems="0.123" threads="0" lastid="000000000AB99500" lastname="[SQL@09:26:10.423], select distinct t3.EXECUTION_VARIABLE_VALUE" />
</exclusive-start>
<af-start id="4293" threadId="000000000AB99E80" totalBytesRequested="16" timestamp="2023-06-02T09:26:10.424" intervalms="652.762" type="nursery" />
<cycle-start id="4294" type="scavenge" contextid="0" timestamp="2023-06-02T09:26:10.424" intervalms="652.783" />
<gc-start id="4295" type="scavenge" contextid="4294" timestamp="2023-06-02T09:26:10.428">
  <mem-info id="4296" free="46103184" total="1073741824" percent="4">
    <mem type="nursery" free="0" total="268435456" percent="0">
      <mem type="allocate" free="0" total="241565696" percent="0" />
      <mem type="survivor" free="0" total="26869760" percent="0" />
    </mem>
    <mem type="tenure" free="46103184" total="805306368" percent="5">
      <mem type="soa" free="10711936" total="765040640" percent="1" />
      <mem type="loa" free="35391248" total="40265728" percent="87" />
    </mem>
    <remembered-set count="4465" />
  </mem-info>
</gc-start>
<allocation-stats totalBytes="233976032" >
  <allocated-bytes non-tlh="326536" tlh="233649496" />
  <largest-consumer threadName="[SQL@09:26:10.423], select distinct t3.EXECUTION_VARIABLE_VALUE_ITM_D, t4.NAME, t4.ARCHIVED, t4.EXTERNAL_ID, t4.EXECUTION_VARIA..." threadId="000000000AB99500" bytes="228639232" />
</allocation-stats>
<gc-op id="4297" type="scavenge" timems="2.701" contextid="4294" timestamp="2023-06-02T09:26:10.430">
  <scavenger-info tenureage="8" tenuremask="4100" tiltratio="89" />
  <memory-copied type="nursery" objects="102165" bytes="6826064" bytesdiscarded="354040" />
  <memory-copied type="tenure" objects="4246" bytes="747832" bytesdiscarded="15032" />
  <finalization candidates="2253" enqueued="2000" />
  <ownableSynchronizers candidates="50872" cleared="50565" />
  <references type="soft" candidates="24" cleared="0" enqueued="0" dynamicThreshold="2" maxThreshold="32" />
  <references type="weak" candidates="25" cleared="14" enqueued="2" />
</gc-op>
<gc-end id="4298" type="scavenge" contextid="4294" durationms="3.094" usertimems="0.000" systemtimems="0.000" timestamp="2023-06-02T09:26:10.431" activeThreads="16">
  <mem-info id="4299" free="279742896" total="1073741824" percent="26">
    <mem type="nursery" free="234383464" total="268435456" percent="87">
      <mem type="allocate" free="234383464" total="241565696" percent="97" />
      <mem type="survivor" free="0" total="26869760" percent="0" />
    </mem>
    <mem type="tenure" free="45359432" total="805306368" percent="5" macro-fragmented="50808">
      <mem type="soa" free="9968184" total="765040640" percent="1" />
      <mem type="loa" free="35391248" total="40265728" percent="87" />
    </mem>
    <pending-finalizers system="1900" default="100" reference="2" classloader="0" />
    <remembered-set count="3299" />
  </mem-info>
</gc-end>
<cycle-end id="4300" type="scavenge" contextid="4294" timestamp="2023-06-02T09:26:10.433" />
<allocation-satisfied id="4301" threadId="000000000AB99500" bytesRequested="16" />
<af-end id="4302" timestamp="2023-06-02T09:26:10.433" threadId="000000000AB99E80" success="true" from="nursery"/>
<exclusive-end id="4303" timestamp="2023-06-02T09:26:10.433" durationms="9.176" />

<exclusive-start id="4304" timestamp="2023-06-02T09:26:11.127" intervalms="702.701">
  <response-info timems="0.219" idlems="0.219" threads="0" lastid="000000000AB99500" lastname="[SQL@09:26:11.121], select distinct t3.ITEM_ID, t3.IDENTIFIER, " />
</exclusive-start>
<af-start id="4305" threadId="000000000AB99E80" totalBytesRequested="40" timestamp="2023-06-02T09:26:11.128" intervalms="702.909" type="nursery" />
<cycle-start id="4306" type="scavenge" contextid="0" timestamp="2023-06-02T09:26:11.128" intervalms="702.909" />
<gc-start id="4307" type="scavenge" contextid="4306" timestamp="2023-06-02T09:26:11.130">
  <mem-info id="4308" free="45317792" total="1073741824" percent="4">
    <mem type="nursery" free="0" total="268435456" percent="0">
      <mem type="allocate" free="0" total="241565696" percent="0" />
      <mem type="survivor" free="0" total="26869760" percent="0" />
    </mem>
    <mem type="tenure" free="45317792" total="805306368" percent="5">
      <mem type="soa" free="9926544" total="765040640" percent="1" />
      <mem type="loa" free="35391248" total="40265728" percent="87" />
    </mem>
    <remembered-set count="4509" />
  </mem-info>
</gc-start>
<allocation-stats totalBytes="234325848" >
  <allocated-bytes non-tlh="36792" tlh="234289056" />
  <largest-consumer threadName="[SQL@09:26:11.121], select distinct t3.ITEM_ID, t3.IDENTIFIER, t3.NAME, t3.REQUIRED, t3.EXTERNAL_URI from &#xA;(select t1q.*, T..." threadId="000000000AB99500" bytes="228038432" />
</allocation-stats>
<gc-op id="4309" type="scavenge" timems="3.733" contextid="4306" timestamp="2023-06-02T09:26:11.133">
  <scavenger-info tenureage="8" tenuremask="5100" tiltratio="89" />
  <memory-copied type="nursery" objects="225698" bytes="10219112" bytesdiscarded="173008" />
  <memory-copied type="tenure" objects="8817" bytes="1060184" bytesdiscarded="43016" />
  <finalization candidates="2265" enqueued="2012" />
  <ownableSynchronizers candidates="54125" cleared="53874" />
  <references type="soft" candidates="11" cleared="0" enqueued="0" dynamicThreshold="2" maxThreshold="32" />
  <references type="weak" candidates="22" cleared="17" enqueued="6" />
</gc-op>
<gc-end id="4310" type="scavenge" contextid="4306" durationms="4.114" usertimems="0.000" systemtimems="0.000" timestamp="2023-06-02T09:26:11.133" activeThreads="16">
  <mem-info id="4311" free="275447784" total="1073741824" percent="25">
    <mem type="nursery" free="231171752" total="268435456" percent="86">
      <mem type="allocate" free="231171752" total="241565696" percent="95" />
      <mem type="survivor" free="0" total="26869760" percent="0" />
    </mem>
    <mem type="tenure" free="44276032" total="805306368" percent="5" macro-fragmented="20520">
      <mem type="soa" free="8884784" total="765040640" percent="1" />
      <mem type="loa" free="35391248" total="40265728" percent="87" />
    </mem>
    <pending-finalizers system="1924" default="88" reference="6" classloader="0" />
    <remembered-set count="3019" />
  </mem-info>
</gc-end>
<cycle-end id="4312" type="scavenge" contextid="4306" timestamp="2023-06-02T09:26:11.135" />
<allocation-satisfied id="4313" threadId="000000000AB99500" bytesRequested="40" />
<af-end id="4314" timestamp="2023-06-02T09:26:11.135" threadId="000000000AB99E80" success="true" from="nursery"/>
<exclusive-end id="4315" timestamp="2023-06-02T09:26:11.135" durationms="8.571" />

<exclusive-start id="4316" timestamp="2023-06-02T09:26:11.638" intervalms="511.071">
  <response-info timems="0.136" idlems="0.136" threads="0" lastid="000000000AB99500" lastname="[SQL@09:26:11.635], select distinct t2.OWNER_ITEM_ID, t3.USER_I" />
</exclusive-start>
<af-start id="4317" threadId="000000000AB99E80" totalBytesRequested="40" timestamp="2023-06-02T09:26:11.639" intervalms="510.855" type="nursery" />
<cycle-start id="4318" type="scavenge" contextid="0" timestamp="2023-06-02T09:26:11.639" intervalms="510.872" />
<gc-start id="4319" type="scavenge" contextid="4318" timestamp="2023-06-02T09:26:11.641">
  <mem-info id="4320" free="44276032" total="1073741824" percent="4">
    <mem type="nursery" free="0" total="268435456" percent="0">
      <mem type="allocate" free="0" total="241565696" percent="0" />
      <mem type="survivor" free="0" total="26869760" percent="0" />
    </mem>
    <mem type="tenure" free="44276032" total="805306368" percent="5">
      <mem type="soa" free="8884784" total="765040640" percent="1" />
      <mem type="loa" free="35391248" total="40265728" percent="87" />
    </mem>
    <remembered-set count="4232" />
  </mem-info>
</gc-start>
<allocation-stats totalBytes="231080952" >
  <allocated-bytes non-tlh="179072" tlh="230901880" />
  <largest-consumer threadName="[SQL@09:26:11.635], select distinct t2.OWNER_ITEM_ID, t3.USER_ID, t3.NAME from &#xA;(select t1q.*, T1V.ITEM_TYPE_DBID from PLAN..." threadId="000000000AB99500" bytes="227602520" />
</allocation-stats>
<gc-op id="4321" type="scavenge" timems="3.001" contextid="4318" timestamp="2023-06-02T09:26:11.643">
  <scavenger-info tenureage="8" tenuremask="4100" tiltratio="89" />
  <memory-copied type="nursery" objects="130514" bytes="7182432" bytesdiscarded="267152" />
  <memory-copied type="tenure" objects="3523" bytes="494032" bytesdiscarded="24528" />
  <finalization candidates="853" enqueued="618" />
  <ownableSynchronizers candidates="54216" cleared="54020" />
  <references type="soft" candidates="14" cleared="0" enqueued="0" dynamicThreshold="2" maxThreshold="32" />
  <references type="weak" candidates="19" cleared="14" enqueued="4" />
</gc-op>
<gc-end id="4322" type="scavenge" contextid="4318" durationms="3.541" usertimems="0.000" systemtimems="0.000" timestamp="2023-06-02T09:26:11.643" activeThreads="16">
  <mem-info id="4323" free="277867968" total="1073741824" percent="25">
    <mem type="nursery" free="234114288" total="268435456" percent="87">
      <mem type="allocate" free="234114288" total="241565696" percent="96" />
      <mem type="survivor" free="0" total="26869760" percent="0" />
    </mem>
    <mem type="tenure" free="43753680" total="805306368" percent="5" macro-fragmented="67744">
      <mem type="soa" free="8362432" total="765040640" percent="1" />
      <mem type="loa" free="35391248" total="40265728" percent="87" />
    </mem>
    <pending-finalizers system="527" default="91" reference="4" classloader="0" />
    <remembered-set count="3058" />
  </mem-info>
</gc-end>
<cycle-end id="4324" type="scavenge" contextid="4318" timestamp="2023-06-02T09:26:11.646" />
<allocation-satisfied id="4325" threadId="000000000AB99500" bytesRequested="40" />
<af-end id="4326" timestamp="2023-06-02T09:26:11.646" threadId="000000000AB99E80" success="true" from="nursery"/>
<exclusive-end id="4327" timestamp="2023-06-02T09:26:11.646" durationms="7.916" />

<exclusive-start id="4328" timestamp="2023-06-02T09:26:12.040" intervalms="401.829">
  <response-info timems="0.151" idlems="0.151" threads="0" lastid="000000000AB99500" lastname="[SQL@09:26:12.036], select distinct t2.ORIGINATOR_ITEM_ID, t3.U" />
</exclusive-start>
<af-start id="4329" threadId="000000000AB99E80" totalBytesRequested="40" timestamp="2023-06-02T09:26:12.040" intervalms="401.850" type="nursery" />
<cycle-start id="4330" type="scavenge" contextid="0" timestamp="2023-06-02T09:26:12.040" intervalms="401.829" />
<gc-start id="4331" type="scavenge" contextid="4330" timestamp="2023-06-02T09:26:12.042">
  <mem-info id="4332" free="43753680" total="1073741824" percent="4">
    <mem type="nursery" free="0" total="268435456" percent="0">
      <mem type="allocate" free="0" total="241565696" percent="0" />
      <mem type="survivor" free="0" total="26869760" percent="0" />
    </mem>
    <mem type="tenure" free="43753680" total="805306368" percent="5">
      <mem type="soa" free="8362432" total="765040640" percent="1" />
      <mem type="loa" free="35391248" total="40265728" percent="87" />
    </mem>
    <remembered-set count="4019" />
  </mem-info>
</gc-start>
<allocation-stats totalBytes="233994800" >
  <allocated-bytes non-tlh="40" tlh="233994760" />
  <largest-consumer threadName="[SQL@09:26:12.036], select distinct t2.ORIGINATOR_ITEM_ID, t3.USER_ID, t3.NAME from &#xA;(select t1q.*, T1V.ITEM_TYPE_DBID from..." threadId="000000000AB99500" bytes="230694472" />
</allocation-stats>
<gc-op id="4333" type="scavenge" timems="6.427" contextid="4330" timestamp="2023-06-02T09:26:12.049">
  <scavenger-info tenureage="8" tenuremask="4100" tiltratio="89" />
  <memory-copied type="nursery" objects="148265" bytes="7681640" bytesdiscarded="186344" />
  <memory-copied type="tenure" objects="3400" bytes="494560" bytesdiscarded="21360" />
  <finalization candidates="374" enqueued="139" />
  <ownableSynchronizers candidates="54842" cleared="54643" />
  <references type="soft" candidates="14" cleared="0" enqueued="0" dynamicThreshold="2" maxThreshold="32" />
  <references type="weak" candidates="15" cleared="10" enqueued="2" />
</gc-op>
<gc-end id="4334" type="scavenge" contextid="4330" durationms="6.843" usertimems="15.625" systemtimems="0.000" timestamp="2023-06-02T09:26:12.049" activeThreads="16">
  <mem-info id="4335" free="276916088" total="1073741824" percent="25">
    <mem type="nursery" free="233695936" total="268435456" percent="87">
      <mem type="allocate" free="233695936" total="241565696" percent="96" />
      <mem type="survivor" free="0" total="26869760" percent="0" />
    </mem>
    <mem type="tenure" free="43220152" total="805306368" percent="5" macro-fragmented="39130">
      <mem type="soa" free="7828904" total="765040640" percent="1" />
      <mem type="loa" free="35391248" total="40265728" percent="87" />
    </mem>
    <pending-finalizers system="64" default="75" reference="2" classloader="0" />
    <remembered-set count="2933" />
  </mem-info>
</gc-end>
<cycle-end id="4336" type="scavenge" contextid="4330" timestamp="2023-06-02T09:26:12.050" />
<allocation-satisfied id="4337" threadId="000000000AB99500" bytesRequested="40" />
<af-end id="4338" timestamp="2023-06-02T09:26:12.050" threadId="000000000AB99E80" success="true" from="nursery"/>
<exclusive-end id="4339" timestamp="2023-06-02T09:26:12.050" durationms="10.836" />

<exclusive-start id="4340" timestamp="2023-06-02T09:26:12.467" intervalms="427.599">
  <response-info timems="0.065" idlems="0.065" threads="0" lastid="000000000AB99500" lastname="[SQL@09:26:12.464], select distinct t3.ITEM_ID, t3.NAME, t4.NAM" />
</exclusive-start>
<af-start id="4341" threadId="000000000AB99E80" totalBytesRequested="24" timestamp="2023-06-02T09:26:12.467" intervalms="427.548" type="nursery" />
<cycle-start id="4342" type="scavenge" contextid="0" timestamp="2023-06-02T09:26:12.467" intervalms="427.528" />
<gc-start id="4343" type="scavenge" contextid="4342" timestamp="2023-06-02T09:26:12.470">
  <mem-info id="4344" free="43220152" total="1073741824" percent="4">
    <mem type="nursery" free="0" total="268435456" percent="0">
      <mem type="allocate" free="0" total="241565696" percent="0" />
      <mem type="survivor" free="0" total="26869760" percent="0" />
    </mem>
    <mem type="tenure" free="43220152" total="805306368" percent="5">
      <mem type="soa" free="7828904" total="765040640" percent="1" />
      <mem type="loa" free="35391248" total="40265728" percent="87" />
    </mem>
    <remembered-set count="3976" />
  </mem-info>
</gc-start>
<allocation-stats totalBytes="233592184" >
  <allocated-bytes non-tlh="179072" tlh="233413112" />
  <largest-consumer threadName="[SQL@09:26:12.464], select distinct t3.ITEM_ID, t3.NAME, t4.NAME, t3.CATEGORY_TYPE_ITEM_ID, t3.ARCHIVED, t4.ARCHIVED, t3.EXTERN..." threadId="000000000AB99500" bytes="231268600" />
</allocation-stats>
<gc-op id="4345" type="scavenge" timems="3.136" contextid="4342" timestamp="2023-06-02T09:26:12.473">
  <scavenger-info tenureage="14" tenuremask="4000" tiltratio="89" />
  <memory-copied type="nursery" objects="157867" bytes="8374832" bytesdiscarded="179672" />
  <finalization candidates="840" enqueued="605" />
  <ownableSynchronizers candidates="55276" cleared="55080" />
  <references type="soft" candidates="14" cleared="0" enqueued="0" dynamicThreshold="2" maxThreshold="32" />
  <references type="weak" candidates="15" cleared="10" enqueued="2" />
</gc-op>
<gc-end id="4346" type="scavenge" contextid="4342" durationms="3.462" usertimems="0.000" systemtimems="0.000" timestamp="2023-06-02T09:26:12.473" activeThreads="16">
  <mem-info id="4347" free="276229672" total="1073741824" percent="25">
    <mem type="nursery" free="233009520" total="268435456" percent="86">
      <mem type="allocate" free="233009520" total="241565696" percent="96" />
      <mem type="survivor" free="0" total="26869760" percent="0" />
    </mem>
    <mem type="tenure" free="43220152" total="805306368" percent="5" macro-fragmented="0">
      <mem type="soa" free="7828904" total="765040640" percent="1" />
      <mem type="loa" free="35391248" total="40265728" percent="87" />
    </mem>
    <pending-finalizers system="526" default="79" reference="2" classloader="0" />
    <remembered-set count="2948" />
  </mem-info>
</gc-end>
<cycle-end id="4348" type="scavenge" contextid="4342" timestamp="2023-06-02T09:26:12.474" />
<allocation-satisfied id="4349" threadId="000000000AB99500" bytesRequested="24" />
<af-end id="4350" timestamp="2023-06-02T09:26:12.474" threadId="000000000AB99E80" success="true" from="nursery"/>
<exclusive-end id="4351" timestamp="2023-06-02T09:26:12.474" durationms="7.480" />

<exclusive-start id="4352" timestamp="2023-06-02T09:26:12.834" intervalms="366.624">
  <response-info timems="0.109" idlems="0.109" threads="0" lastid="000000000AB99500" lastname="[SQL@09:26:12.826], select t1.ITEM_ID, t1.STATE_ID, t1.JZ_DISCR" />
</exclusive-start>
<af-start id="4353" threadId="000000000AB99E80" totalBytesRequested="40" timestamp="2023-06-02T09:26:12.834" intervalms="366.697" type="nursery" />
<cycle-start id="4354" type="scavenge" contextid="0" timestamp="2023-06-02T09:26:12.834" intervalms="366.726" />
<gc-start id="4355" type="scavenge" contextid="4354" timestamp="2023-06-02T09:26:12.837">
  <mem-info id="4356" free="43220152" total="1073741824" percent="4">
    <mem type="nursery" free="0" total="268435456" percent="0">
      <mem type="allocate" free="0" total="241565696" percent="0" />
      <mem type="survivor" free="0" total="26869760" percent="0" />
    </mem>
    <mem type="tenure" free="43220152" total="805306368" percent="5">
      <mem type="soa" free="7828904" total="765040640" percent="1" />
      <mem type="loa" free="35391248" total="40265728" percent="87" />
    </mem>
    <remembered-set count="3851" />
  </mem-info>
</gc-start>
<allocation-stats totalBytes="232936120" >
  <allocated-bytes non-tlh="24" tlh="232936096" />
  <largest-consumer threadName="[SQL@09:26:12.826], select t1.ITEM_ID, t1.STATE_ID, t1.JZ_DISCRIMINATOR from &#xA;(select t1q.*, T1V.ITEM_TYPE_DBID from PLANNI..." threadId="000000000AB99500" bytes="232223904" />
</allocation-stats>
<gc-op id="4357" type="scavenge" timems="2.393" contextid="4354" timestamp="2023-06-02T09:26:12.839">
  <scavenger-info tenureage="9" tenuremask="4200" tiltratio="89" />
  <memory-copied type="nursery" objects="96900" bytes="6572792" bytesdiscarded="411768" />
  <memory-copied type="tenure" objects="2583" bytes="368016" bytesdiscarded="23296" />
  <finalization candidates="354" enqueued="119" />
  <ownableSynchronizers candidates="54633" cleared="54439" />
  <references type="soft" candidates="14" cleared="0" enqueued="0" dynamicThreshold="2" maxThreshold="32" />
  <references type="weak" candidates="15" cleared="10" enqueued="2" />
</gc-op>
<gc-end id="4358" type="scavenge" contextid="4354" durationms="2.732" usertimems="0.000" systemtimems="0.000" timestamp="2023-06-02T09:26:12.839" activeThreads="16">
  <mem-info id="4359" free="277403096" total="1073741824" percent="25">
    <mem type="nursery" free="234579312" total="268435456" percent="87">
      <mem type="allocate" free="234579312" total="241565696" percent="97" />
      <mem type="survivor" free="0" total="26869760" percent="0" />
    </mem>
    <mem type="tenure" free="42823784" total="805306368" percent="5" macro-fragmented="27173">
      <mem type="soa" free="7432536" total="765040640" percent="0" />
      <mem type="loa" free="35391248" total="40265728" percent="87" />
    </mem>
    <pending-finalizers system="64" default="55" reference="2" classloader="0" />
    <remembered-set count="2939" />
  </mem-info>
</gc-end>
<cycle-end id="4360" type="scavenge" contextid="4354" timestamp="2023-06-02T09:26:12.841" />
<allocation-satisfied id="4361" threadId="000000000AB99500" bytesRequested="40" />
<af-end id="4362" timestamp="2023-06-02T09:26:12.841" threadId="000000000AB99E80" success="true" from="nursery"/>
<exclusive-end id="4363" timestamp="2023-06-02T09:26:12.841" durationms="7.039" />

<exclusive-start id="4364" timestamp="2023-06-02T09:26:13.538" intervalms="703.937">
  <response-info timems="0.074" idlems="0.074" threads="0" lastid="000000000AB99500" lastname="[SQL@09:26:13.535], select distinct t3.EXECUTION_VARIABLE_ITEM_" />
</exclusive-start>
<af-start id="4365" threadId="000000000AB99E80" totalBytesRequested="40" timestamp="2023-06-02T09:26:13.538" intervalms="703.874" type="nursery" />
<cycle-start id="4366" type="scavenge" contextid="0" timestamp="2023-06-02T09:26:13.538" intervalms="703.853" />
<gc-start id="4367" type="scavenge" contextid="4366" timestamp="2023-06-02T09:26:13.541">
  <mem-info id="4368" free="42823784" total="1073741824" percent="3">
    <mem type="nursery" free="0" total="268435456" percent="0">
      <mem type="allocate" free="0" total="241565696" percent="0" />
      <mem type="survivor" free="0" total="26869760" percent="0" />
    </mem>
    <mem type="tenure" free="42823784" total="805306368" percent="5">
      <mem type="soa" free="7432536" total="765040640" percent="0" />
      <mem type="loa" free="35391248" total="40265728" percent="87" />
    </mem>
    <remembered-set count="4037" />
  </mem-info>
</gc-start>
<allocation-stats totalBytes="234473688" >
  <allocated-bytes non-tlh="195464" tlh="234278224" />
  <largest-consumer threadName="[SQL@09:26:13.535], select distinct t3.EXECUTION_VARIABLE_ITEM_ID, t4.NAME, t4.ARCHIVED, t4.EXTERNAL_ID from &#xA;(select t1q.*..." threadId="000000000AB99500" bytes="227847648" />
</allocation-stats>
<gc-op id="4369" type="scavenge" timems="5.436" contextid="4366" timestamp="2023-06-02T09:26:13.545">
  <scavenger-info tenureage="14" tenuremask="4000" tiltratio="89" />
  <memory-copied type="nursery" objects="155073" bytes="8932376" bytesdiscarded="397272" />
  <finalization candidates="4092" enqueued="3857" />
  <ownableSynchronizers candidates="50953" cleared="50793" />
  <references type="soft" candidates="14" cleared="0" enqueued="0" dynamicThreshold="2" maxThreshold="32" />
  <references type="weak" candidates="14" cleared="9" enqueued="2" />
</gc-op>
<gc-end id="4370" type="scavenge" contextid="4366" durationms="5.829" usertimems="0.000" systemtimems="0.000" timestamp="2023-06-02T09:26:13.546" activeThreads="16">
  <mem-info id="4371" free="275057936" total="1073741824" percent="25">
    <mem type="nursery" free="232234152" total="268435456" percent="86">
      <mem type="allocate" free="232234152" total="241565696" percent="96" />
      <mem type="survivor" free="0" total="26869760" percent="0" />
    </mem>
    <mem type="tenure" free="42823784" total="805306368" percent="5" macro-fragmented="418667">
      <mem type="soa" free="7432536" total="765040640" percent="0" />
      <mem type="loa" free="35391248" total="40265728" percent="87" />
    </mem>
    <pending-finalizers system="3752" default="105" reference="2" classloader="0" />
    <remembered-set count="2934" />
  </mem-info>
</gc-end>
<cycle-end id="4372" type="scavenge" contextid="4366" timestamp="2023-06-02T09:26:13.547" />
<allocation-satisfied id="4373" threadId="000000000AB99500" bytesRequested="40" />
<af-end id="4374" timestamp="2023-06-02T09:26:13.547" threadId="000000000AB99E80" success="true" from="nursery"/>
<exclusive-end id="4375" timestamp="2023-06-02T09:26:13.547" durationms="9.890" />

<exclusive-start id="4376" timestamp="2023-06-02T09:26:14.075" intervalms="536.998">
  <response-info timems="0.171" idlems="0.171" threads="0" lastid="000000000AB99500" lastname="[SQL@09:26:14.068], select distinct t3.ITEM_ID, t3.IDENTIFIER, " />
</exclusive-start>
<af-start id="4377" threadId="000000000AB99E80" totalBytesRequested="40" timestamp="2023-06-02T09:26:14.075" intervalms="537.135" type="nursery" />
<cycle-start id="4378" type="scavenge" contextid="0" timestamp="2023-06-02T09:26:14.075" intervalms="537.170" />
<gc-start id="4379" type="scavenge" contextid="4378" timestamp="2023-06-02T09:26:14.078">
  <mem-info id="4380" free="42823784" total="1073741824" percent="3">
    <mem type="nursery" free="0" total="268435456" percent="0">
      <mem type="allocate" free="0" total="241565696" percent="0" />
      <mem type="survivor" free="0" total="26869760" percent="0" />
    </mem>
    <mem type="tenure" free="42823784" total="805306368" percent="5">
      <mem type="soa" free="7432536" total="765040640" percent="0" />
      <mem type="loa" free="35391248" total="40265728" percent="87" />
    </mem>
    <remembered-set count="4065" />
  </mem-info>
</gc-start>
<allocation-stats totalBytes="232145408" >
  <allocated-bytes non-tlh="40" tlh="232145368" />
  <largest-consumer threadName="[SQL@09:26:14.068], select distinct t3.ITEM_ID, t3.IDENTIFIER, t3.NAME, t3.REQUIRED, t3.EXTERNAL_URI from &#xA;(select t1q.*, T..." threadId="000000000AB99500" bytes="227960992" />
</allocation-stats>
<gc-op id="4381" type="scavenge" timems="9.130" contextid="4378" timestamp="2023-06-02T09:26:14.087">
  <scavenger-info tenureage="6" tenuremask="4240" tiltratio="89" />
  <memory-copied type="nursery" objects="204948" bytes="9824640" bytesdiscarded="192984" />
  <memory-copied type="tenure" objects="7290" bytes="1023688" bytesdiscarded="57872" />
  <finalization candidates="845" enqueued="610" />
  <ownableSynchronizers candidates="54549" cleared="54400" />
  <references type="soft" candidates="14" cleared="0" enqueued="0" dynamicThreshold="2" maxThreshold="32" />
  <references type="weak" candidates="20" cleared="15" enqueued="2" />
</gc-op>
<gc-end id="4382" type="scavenge" contextid="4378" durationms="9.915" usertimems="0.000" systemtimems="0.000" timestamp="2023-06-02T09:26:14.088" activeThreads="16">
  <mem-info id="4383" free="273276032" total="1073741824" percent="25">
    <mem type="nursery" free="231546592" total="268435456" percent="86">
      <mem type="allocate" free="231546592" total="241565696" percent="95" />
      <mem type="survivor" free="0" total="26869760" percent="0" />
    </mem>
    <mem type="tenure" free="41729440" total="805306368" percent="5" macro-fragmented="0">
      <mem type="soa" free="6338192" total="765040640" percent="0" />
      <mem type="loa" free="35391248" total="40265728" percent="87" />
    </mem>
    <pending-finalizers system="527" default="83" reference="2" classloader="0" />
    <remembered-set count="2976" />
  </mem-info>
</gc-end>
<cycle-end id="4384" type="scavenge" contextid="4378" timestamp="2023-06-02T09:26:14.092" />
<allocation-satisfied id="4385" threadId="000000000AB99500" bytesRequested="40" />
<af-end id="4386" timestamp="2023-06-02T09:26:14.092" threadId="000000000AB99E80" success="true" from="nursery"/>
<exclusive-end id="4387" timestamp="2023-06-02T09:26:14.092" durationms="17.284" />

<exclusive-start id="4388" timestamp="2023-06-02T09:26:14.563" intervalms="488.866">
  <response-info timems="0.179" idlems="0.179" threads="0" lastid="000000000AB99500" lastname="[SQL@09:26:14.559], select distinct t2.OWNER_ITEM_ID, t3.USER_I" />
</exclusive-start>
<af-start id="4389" threadId="000000000AB99E80" totalBytesRequested="16" timestamp="2023-06-02T09:26:14.564" intervalms="488.906" type="nursery" />
<cycle-start id="4390" type="scavenge" contextid="0" timestamp="2023-06-02T09:26:14.564" intervalms="488.903" />
<gc-start id="4391" type="scavenge" contextid="4390" timestamp="2023-06-02T09:26:14.568">
  <mem-info id="4392" free="41729440" total="1073741824" percent="3">
    <mem type="nursery" free="0" total="268435456" percent="0">
      <mem type="allocate" free="0" total="241565696" percent="0" />
      <mem type="survivor" free="0" total="26869760" percent="0" />
    </mem>
    <mem type="tenure" free="41729440" total="805306368" percent="5">
      <mem type="soa" free="6338192" total="765040640" percent="0" />
      <mem type="loa" free="35391248" total="40265728" percent="87" />
    </mem>
    <remembered-set count="4055" />
  </mem-info>
</gc-start>
<allocation-stats totalBytes="231454864" >
  <allocated-bytes non-tlh="179072" tlh="231275792" />
  <largest-consumer threadName="[SQL@09:26:14.559], select distinct t2.OWNER_ITEM_ID, t3.USER_ID, t3.NAME from &#xA;(select t1q.*, T1V.ITEM_TYPE_DBID from PLAN..." threadId="000000000AB99500" bytes="228971384" />
</allocation-stats>
<gc-op id="4393" type="scavenge" timems="3.961" contextid="4390" timestamp="2023-06-02T09:26:14.572">
  <scavenger-info tenureage="9" tenuremask="4200" tiltratio="89" />
  <memory-copied type="nursery" objects="156670" bytes="8267632" bytesdiscarded="259336" />
  <memory-copied type="tenure" objects="3470" bytes="560072" bytesdiscarded="22928" />
  <finalization candidates="847" enqueued="612" />
  <ownableSynchronizers candidates="54338" cleared="54204" />
  <references type="soft" candidates="12" cleared="0" enqueued="0" dynamicThreshold="2" maxThreshold="32" />
  <references type="weak" candidates="15" cleared="10" enqueued="2" />
</gc-op>
<gc-end id="4394" type="scavenge" contextid="4390" durationms="4.420" usertimems="0.000" systemtimems="0.000" timestamp="2023-06-02T09:26:14.573" activeThreads="16">
  <mem-info id="4395" free="274165320" total="1073741824" percent="25">
    <mem type="nursery" free="233037488" total="268435456" percent="86">
      <mem type="allocate" free="233037488" total="241565696" percent="96" />
      <mem type="survivor" free="0" total="26869760" percent="0" />
    </mem>
    <mem type="tenure" free="41127832" total="805306368" percent="5" macro-fragmented="33872">
      <mem type="soa" free="5736584" total="765040640" percent="0" />
      <mem type="loa" free="35391248" total="40265728" percent="87" />
    </mem>
    <pending-finalizers system="526" default="86" reference="2" classloader="0" />
    <remembered-set count="2955" />
  </mem-info>
</gc-end>
<cycle-end id="4396" type="scavenge" contextid="4390" timestamp="2023-06-02T09:26:14.576" />
<allocation-satisfied id="4397" threadId="000000000AB99500" bytesRequested="16" />
<af-end id="4398" timestamp="2023-06-02T09:26:14.576" threadId="000000000AB99E80" success="true" from="nursery"/>
<exclusive-end id="4399" timestamp="2023-06-02T09:26:14.576" durationms="11.794" />

<exclusive-start id="4400" timestamp="2023-06-02T09:26:15.032" intervalms="468.498">
  <response-info timems="0.178" idlems="0.178" threads="0" lastid="000000000AB99500" lastname="[SQL@09:26:15.026], select distinct t2.ORIGINATOR_ITEM_ID, t3.U" />
</exclusive-start>
<af-start id="4401" threadId="000000000AB99E80" totalBytesRequested="16" timestamp="2023-06-02T09:26:15.032" intervalms="468.377" type="nursery" />
<cycle-start id="4402" type="scavenge" contextid="0" timestamp="2023-06-02T09:26:15.033" intervalms="468.564" />
<gc-start id="4403" type="scavenge" contextid="4402" timestamp="2023-06-02T09:26:15.035">
  <mem-info id="4404" free="41127832" total="1073741824" percent="3">
    <mem type="nursery" free="0" total="268435456" percent="0">
      <mem type="allocate" free="0" total="241565696" percent="0" />
      <mem type="survivor" free="0" total="26869760" percent="0" />
    </mem>
    <mem type="tenure" free="41127832" total="805306368" percent="5">
      <mem type="soa" free="5736584" total="765040640" percent="0" />
      <mem type="loa" free="35391248" total="40265728" percent="87" />
    </mem>
    <remembered-set count="4112" />
  </mem-info>
</gc-start>
<allocation-stats totalBytes="232936264" >
  <allocated-bytes non-tlh="16" tlh="232936248" />
  <largest-consumer threadName="[SQL@09:26:15.026], select distinct t2.ORIGINATOR_ITEM_ID, t3.USER_ID, t3.NAME from &#xA;(select t1q.*, T1V.ITEM_TYPE_DBID from..." threadId="000000000AB99500" bytes="229969144" />
</allocation-stats>
<gc-op id="4405" type="scavenge" timems="3.021" contextid="4402" timestamp="2023-06-02T09:26:15.039">
  <scavenger-info tenureage="14" tenuremask="4000" tiltratio="89" />
  <memory-copied type="nursery" objects="158146" bytes="8671616" bytesdiscarded="200616" />
  <finalization candidates="382" enqueued="147" />
  <ownableSynchronizers candidates="54652" cleared="54519" />
  <references type="soft" candidates="15" cleared="0" enqueued="0" dynamicThreshold="2" maxThreshold="32" />
  <references type="weak" candidates="18" cleared="13" enqueued="4" />
</gc-op>
<gc-end id="4406" type="scavenge" contextid="4402" durationms="3.449" usertimems="15.625" systemtimems="0.000" timestamp="2023-06-02T09:26:15.039" activeThreads="16">
  <mem-info id="4407" free="273820088" total="1073741824" percent="25">
    <mem type="nursery" free="232692256" total="268435456" percent="86">
      <mem type="allocate" free="232692256" total="241565696" percent="96" />
      <mem type="survivor" free="0" total="26869760" percent="0" />
    </mem>
    <mem type="tenure" free="41127832" total="805306368" percent="5" macro-fragmented="0">
      <mem type="soa" free="5736584" total="765040640" percent="0" />
      <mem type="loa" free="35391248" total="40265728" percent="87" />
    </mem>
    <pending-finalizers system="65" default="82" reference="4" classloader="0" />
    <remembered-set count="3024" />
  </mem-info>
</gc-end>
<cycle-end id="4408" type="scavenge" contextid="4402" timestamp="2023-06-02T09:26:15.041" />
<allocation-satisfied id="4409" threadId="000000000AB99500" bytesRequested="16" />
<af-end id="4410" timestamp="2023-06-02T09:26:15.041" threadId="000000000AB99E80" success="true" from="nursery"/>
<exclusive-end id="4411" timestamp="2023-06-02T09:26:15.041" durationms="7.962" />

<exclusive-start id="4412" timestamp="2023-06-02T09:26:15.662" intervalms="629.202">
  <response-info timems="0.146" idlems="0.146" threads="0" lastid="000000000AB99500" lastname="[SQL@09:26:15.655], select t1.ITEM_ID, t1.STATE_ID, t1.JZ_DISCR" />
</exclusive-start>
<af-start id="4413" threadId="000000000AB99E80" totalBytesRequested="40" timestamp="2023-06-02T09:26:15.662" intervalms="629.171" type="nursery" />
<cycle-start id="4414" type="scavenge" contextid="0" timestamp="2023-06-02T09:26:15.662" intervalms="628.973" />
<gc-start id="4415" type="scavenge" contextid="4414" timestamp="2023-06-02T09:26:15.665">
  <mem-info id="4416" free="41127832" total="1073741824" percent="3">
    <mem type="nursery" free="0" total="268435456" percent="0">
      <mem type="allocate" free="0" total="241565696" percent="0" />
      <mem type="survivor" free="0" total="26869760" percent="0" />
    </mem>
    <mem type="tenure" free="41127832" total="805306368" percent="5">
      <mem type="soa" free="5736584" total="765040640" percent="0" />
      <mem type="loa" free="35391248" total="40265728" percent="87" />
    </mem>
    <remembered-set count="4229" />
  </mem-info>
</gc-start>
<allocation-stats totalBytes="232601664" >
  <allocated-bytes non-tlh="179048" tlh="232422616" />
  <largest-consumer threadName="[SQL@09:26:15.655], select t1.ITEM_ID, t1.STATE_ID, t1.JZ_DISCRIMINATOR from &#xA;(select t1q.*, T1V.ITEM_TYPE_DBID from PLANNI..." threadId="000000000AB99500" bytes="228476104" />
</allocation-stats>
<gc-op id="4417" type="scavenge" timems="4.724" contextid="4414" timestamp="2023-06-02T09:26:15.670">
  <scavenger-info tenureage="10" tenuremask="4400" tiltratio="89" />
  <memory-copied type="nursery" objects="121390" bytes="7771224" bytesdiscarded="184728" />
  <memory-copied type="tenure" objects="2379" bytes="359808" bytesdiscarded="18288" />
  <finalization candidates="2234" enqueued="1999" />
  <ownableSynchronizers candidates="53643" cleared="53466" />
  <references type="soft" candidates="15" cleared="0" enqueued="0" dynamicThreshold="2" maxThreshold="32" />
  <references type="weak" candidates="14" cleared="9" enqueued="2" />
</gc-op>
<gc-end id="4418" type="scavenge" contextid="4414" durationms="5.285" usertimems="0.000" systemtimems="0.000" timestamp="2023-06-02T09:26:15.670" activeThreads="16">
  <mem-info id="4419" free="274362624" total="1073741824" percent="25">
    <mem type="nursery" free="233608488" total="268435456" percent="87">
      <mem type="allocate" free="233608488" total="241565696" percent="96" />
      <mem type="survivor" free="0" total="26869760" percent="0" />
    </mem>
    <mem type="tenure" free="40754136" total="805306368" percent="5" macro-fragmented="46956">
      <mem type="soa" free="5362888" total="765040640" percent="0" />
      <mem type="loa" free="35391248" total="40265728" percent="87" />
    </mem>
    <pending-finalizers system="1916" default="83" reference="2" classloader="0" />
    <remembered-set count="3087" />
  </mem-info>
</gc-end>
<cycle-end id="4420" type="scavenge" contextid="4414" timestamp="2023-06-02T09:26:15.671" />
<allocation-satisfied id="4421" threadId="000000000AB99500" bytesRequested="40" />
<af-end id="4422" timestamp="2023-06-02T09:26:15.671" threadId="000000000AB99E80" success="true" from="nursery"/>
<exclusive-end id="4423" timestamp="2023-06-02T09:26:15.671" durationms="10.672" />

<exclusive-start id="4424" timestamp="2023-06-02T09:26:16.183" intervalms="521.976">
  <response-info timems="0.124" idlems="0.124" threads="0" lastid="000000000AB99500" lastname="[SQL@09:26:16.182], select distinct t3.EXECUTION_VARIABLE_VALUE" />
</exclusive-start>
<af-start id="4425" threadId="000000000AB99E80" totalBytesRequested="40" timestamp="2023-06-02T09:26:16.184" intervalms="521.986" type="nursery" />
<cycle-start id="4426" type="scavenge" contextid="0" timestamp="2023-06-02T09:26:16.184" intervalms="522.003" />
<gc-start id="4427" type="scavenge" contextid="4426" timestamp="2023-06-02T09:26:16.186">
  <mem-info id="4428" free="40754136" total="1073741824" percent="3">
    <mem type="nursery" free="0" total="268435456" percent="0">
      <mem type="allocate" free="0" total="241565696" percent="0" />
      <mem type="survivor" free="0" total="26869760" percent="0" />
    </mem>
    <mem type="tenure" free="40754136" total="805306368" percent="5">
      <mem type="soa" free="5362888" total="765040640" percent="0" />
      <mem type="loa" free="35391248" total="40265728" percent="87" />
    </mem>
    <remembered-set count="4177" />
  </mem-info>
</gc-start>
<allocation-stats totalBytes="233502488" >
  <allocated-bytes non-tlh="179072" tlh="233323416" />
  <largest-consumer threadName="[SQL@09:26:16.182], select distinct t3.EXECUTION_VARIABLE_VALUE_ITM_D, t4.NAME, t4.ARCHIVED, t4.EXTERNAL_ID, t4.EXECUTION_VARIA..." threadId="000000000AB99500" bytes="228657496" />
</allocation-stats>
<gc-op id="4429" type="scavenge" timems="2.910" contextid="4426" timestamp="2023-06-02T09:26:16.189">
  <scavenger-info tenureage="14" tenuremask="4000" tiltratio="89" />
  <memory-copied type="nursery" objects="85058" bytes="6536432" bytesdiscarded="276952" />
  <memory-copied type="tenure" objects="8742" bytes="696680" bytesdiscarded="39072" />
  <finalization candidates="2232" enqueued="1997" />
  <ownableSynchronizers candidates="51584" cleared="51418" />
  <references type="soft" candidates="10" cleared="0" enqueued="0" dynamicThreshold="2" maxThreshold="32" />
  <references type="weak" candidates="11" cleared="10" enqueued="2" />
</gc-op>
<gc-end id="4430" type="scavenge" contextid="4426" durationms="3.377" usertimems="0.000" systemtimems="0.000" timestamp="2023-06-02T09:26:16.190" activeThreads="16">
  <mem-info id="4431" free="274752984" total="1073741824" percent="25">
    <mem type="nursery" free="234751480" total="268435456" percent="87">
      <mem type="allocate" free="234751480" total="241565696" percent="97" />
      <mem type="survivor" free="0" total="26869760" percent="0" />
    </mem>
    <mem type="tenure" free="40001504" total="805306368" percent="4" macro-fragmented="348889">
      <mem type="soa" free="4610256" total="765040640" percent="0" />
      <mem type="loa" free="35391248" total="40265728" percent="87" />
    </mem>
    <pending-finalizers system="1900" default="97" reference="2" classloader="0" />
    <remembered-set count="2741" />
  </mem-info>
</gc-end>
<cycle-end id="4432" type="scavenge" contextid="4426" timestamp="2023-06-02T09:26:16.191" />
<allocation-satisfied id="4433" threadId="000000000AB99500" bytesRequested="40" />
<af-end id="4434" timestamp="2023-06-02T09:26:16.191" threadId="000000000AB99E80" success="true" from="nursery"/>
<exclusive-end id="4435" timestamp="2023-06-02T09:26:16.191" durationms="7.984" />

<exclusive-start id="4436" timestamp="2023-06-02T09:26:16.553" intervalms="369.341">
  <response-info timems="0.122" idlems="0.122" threads="0" lastid="000000000AB99500" lastname="[SQL@09:26:16.548], select distinct t3.KEY_COL, t3.VALUE, t4.KE" />
</exclusive-start>
<af-start id="4437" threadId="000000000AB99E80" totalBytesRequested="56" timestamp="2023-06-02T09:26:16.553" intervalms="369.370" type="nursery" />
<cycle-start id="4438" type="scavenge" contextid="0" timestamp="2023-06-02T09:26:16.553" intervalms="369.450" />
<gc-start id="4439" type="scavenge" contextid="4438" timestamp="2023-06-02T09:26:16.555">
  <mem-info id="4440" free="40001504" total="1073741824" percent="3">
    <mem type="nursery" free="0" total="268435456" percent="0">
      <mem type="allocate" free="0" total="241565696" percent="0" />
      <mem type="survivor" free="0" total="26869760" percent="0" />
    </mem>
    <mem type="tenure" free="40001504" total="805306368" percent="4">
      <mem type="soa" free="4610256" total="765040640" percent="0" />
      <mem type="loa" free="35391248" total="40265728" percent="87" />
    </mem>
    <remembered-set count="3927" />
  </mem-info>
</gc-start>
<allocation-stats totalBytes="234661848" >
  <allocated-bytes non-tlh="50848" tlh="234611000" />
  <largest-consumer threadName="[SQL@09:26:16.548], select distinct t3.KEY_COL, t3.VALUE, t4.KEY_COL, t4.VALUE, t5.KEY_COL, t5.VALUE, t6.KEY_COL, t6.VALUE, t7...." threadId="000000000AB99500" bytes="225674712" />
</allocation-stats>
<gc-op id="4441" type="scavenge" timems="2.717" contextid="4438" timestamp="2023-06-02T09:26:16.558">
  <scavenger-info tenureage="7" tenuremask="4080" tiltratio="89" />
  <memory-copied type="nursery" objects="105303" bytes="7118200" bytesdiscarded="388384" />
  <memory-copied type="tenure" objects="4299" bytes="517736" bytesdiscarded="30248" />
  <finalization candidates="382" enqueued="141" />
  <ownableSynchronizers candidates="54262" cleared="54115" />
  <references type="soft" candidates="20" cleared="0" enqueued="0" dynamicThreshold="2" maxThreshold="32" />
  <references type="weak" candidates="15" cleared="14" enqueued="6" />
</gc-op>
<gc-end id="4442" type="scavenge" contextid="4438" durationms="3.109" usertimems="0.000" systemtimems="0.000" timestamp="2023-06-02T09:26:16.558" activeThreads="16">
  <mem-info id="4443" free="273518864" total="1073741824" percent="25">
    <mem type="nursery" free="234058104" total="268435456" percent="87">
      <mem type="allocate" free="234058104" total="241565696" percent="96" />
      <mem type="survivor" free="0" total="26869760" percent="0" />
    </mem>
    <mem type="tenure" free="39460760" total="805306368" percent="4" macro-fragmented="131104">
      <mem type="soa" free="4069512" total="765040640" percent="0" />
      <mem type="loa" free="35391248" total="40265728" percent="87" />
    </mem>
    <pending-finalizers system="68" default="73" reference="6" classloader="0" />
    <remembered-set count="2891" />
  </mem-info>
</gc-end>
<cycle-end id="4444" type="scavenge" contextid="4438" timestamp="2023-06-02T09:26:16.562" />
<allocation-satisfied id="4445" threadId="000000000AB99500" bytesRequested="56" />
<af-end id="4446" timestamp="2023-06-02T09:26:16.562" threadId="000000000AB99E80" success="true" from="nursery"/>
<exclusive-end id="4447" timestamp="2023-06-02T09:26:16.562" durationms="9.605" />

<exclusive-start id="4448" timestamp="2023-06-02T09:26:17.549" intervalms="996.395">
  <response-info timems="0.153" idlems="0.153" threads="0" lastid="000000000AB99500" lastname="[SQL@09:26:17.532], select distinct t2.ORIGINATOR_ITEM_ID, t3.U" />
</exclusive-start>
<af-start id="4449" threadId="000000000AB99E80" totalBytesRequested="48" timestamp="2023-06-02T09:26:17.549" intervalms="996.365" type="nursery" />
<cycle-start id="4450" type="scavenge" contextid="0" timestamp="2023-06-02T09:26:17.549" intervalms="996.319" />
<gc-start id="4451" type="scavenge" contextid="4450" timestamp="2023-06-02T09:26:17.553">
  <mem-info id="4452" free="39460760" total="1073741824" percent="3">
    <mem type="nursery" free="0" total="268435456" percent="0">
      <mem type="allocate" free="0" total="241565696" percent="0" />
      <mem type="survivor" free="0" total="26869760" percent="0" />
    </mem>
    <mem type="tenure" free="39460760" total="805306368" percent="4">
      <mem type="soa" free="4069512" total="765040640" percent="0" />
      <mem type="loa" free="35391248" total="40265728" percent="87" />
    </mem>
    <remembered-set count="4088" />
  </mem-info>
</gc-start>
<allocation-stats totalBytes="233940968" >
  <allocated-bytes non-tlh="195480" tlh="233745488" />
  <largest-consumer threadName="[SQL@09:26:17.532], select distinct t2.ORIGINATOR_ITEM_ID, t3.USER_ID, t3.NAME from &#xA;(select t1q.*, T1V.ITEM_TYPE_DBID from..." threadId="000000000AB99500" bytes="226385656" />
</allocation-stats>
<gc-op id="4453" type="scavenge" timems="4.650" contextid="4450" timestamp="2023-06-02T09:26:17.557">
  <scavenger-info tenureage="7" tenuremask="4080" tiltratio="89" />
  <memory-copied type="nursery" objects="255742" bytes="12066624" bytesdiscarded="257776" />
  <memory-copied type="tenure" objects="3379" bytes="433736" bytesdiscarded="23816" />
  <finalization candidates="4122" enqueued="3881" />
  <ownableSynchronizers candidates="52674" cleared="52521" />
  <references type="soft" candidates="20" cleared="0" enqueued="0" dynamicThreshold="2" maxThreshold="32" />
  <references type="weak" candidates="11" cleared="10" enqueued="2" />
</gc-op>
<gc-end id="4454" type="scavenge" contextid="4450" durationms="5.008" usertimems="0.000" systemtimems="0.000" timestamp="2023-06-02T09:26:17.557" activeThreads="16">
  <mem-info id="4455" free="268237320" total="1073741824" percent="24">
    <mem type="nursery" free="229240128" total="268435456" percent="85">
      <mem type="allocate" free="229240128" total="241565696" percent="94" />
      <mem type="survivor" free="0" total="26869760" percent="0" />
    </mem>
    <mem type="tenure" free="38997192" total="805306368" percent="4" macro-fragmented="0">
      <mem type="soa" free="3605944" total="765040640" percent="0" />
      <mem type="loa" free="35391248" total="40265728" percent="87" />
    </mem>
    <pending-finalizers system="3768" default="113" reference="2" classloader="0" />
    <remembered-set count="2903" />
  </mem-info>
</gc-end>
<cycle-end id="4456" type="scavenge" contextid="4450" timestamp="2023-06-02T09:26:17.559" />
<allocation-satisfied id="4457" threadId="000000000AB99500" bytesRequested="48" />
<af-end id="4458" timestamp="2023-06-02T09:26:17.559" threadId="000000000AB99E80" success="true" from="nursery"/>
<exclusive-end id="4459" timestamp="2023-06-02T09:26:17.559" durationms="9.972" />

<exclusive-start id="4460" timestamp="2023-06-02T09:26:18.123" intervalms="574.576">
  <response-info timems="0.232" idlems="0.232" threads="0" lastid="000000000AB99500" lastname="[SQL@09:26:18.122], select distinct t3.ITEM_ID, t3.NAME, t4.NAM" />
</exclusive-start>
<af-start id="4461" threadId="000000000AB99E80" totalBytesRequested="16" timestamp="2023-06-02T09:26:18.124" intervalms="574.761" type="nursery" />
<cycle-start id="4462" type="scavenge" contextid="0" timestamp="2023-06-02T09:26:18.124" intervalms="574.797" />
<gc-start id="4463" type="scavenge" contextid="4462" timestamp="2023-06-02T09:26:18.128">
  <mem-info id="4464" free="38996568" total="1073741824" percent="3">
    <mem type="nursery" free="0" total="268435456" percent="0">
      <mem type="allocate" free="0" total="241565696" percent="0" />
      <mem type="survivor" free="0" total="26869760" percent="0" />
    </mem>
    <mem type="tenure" free="38996568" total="805306368" percent="4">
      <mem type="soa" free="3605320" total="765040640" percent="0" />
      <mem type="loa" free="35391248" total="40265728" percent="87" />
    </mem>
    <remembered-set count="4055" />
  </mem-info>
</gc-start>
<allocation-stats totalBytes="229154640" >
  <allocated-bytes non-tlh="672" tlh="229153968" />
  <largest-consumer threadName="[SQL@09:26:18.122], select distinct t3.ITEM_ID, t3.NAME, t4.NAME, t3.CATEGORY_TYPE_ITEM_ID, t3.ARCHIVED, t4.ARCHIVED, t3.EXTERN..." threadId="000000000AB99500" bytes="224932576" />
</allocation-stats>
<gc-op id="4465" type="scavenge" timems="3.525" contextid="4462" timestamp="2023-06-02T09:26:18.132">
  <scavenger-info tenureage="7" tenuremask="5080" tiltratio="89" />
  <memory-copied type="nursery" objects="59198" bytes="5474776" bytesdiscarded="193464" />
  <memory-copied type="tenure" objects="7265" bytes="990768" bytesdiscarded="48728" />
  <finalization candidates="869" enqueued="610" />
  <ownableSynchronizers candidates="54140" cleared="53986" />
  <references type="soft" candidates="19" cleared="0" enqueued="0" dynamicThreshold="2" maxThreshold="32" />
  <references type="weak" candidates="17" cleared="16" enqueued="3" />
</gc-op>
<gc-end id="4466" type="scavenge" contextid="4462" durationms="4.030" usertimems="0.000" systemtimems="0.000" timestamp="2023-06-02T09:26:18.132" activeThreads="16">
  <mem-info id="4467" free="273825080" total="1073741824" percent="25">
    <mem type="nursery" free="235896632" total="268435456" percent="87">
      <mem type="allocate" free="235896632" total="241565696" percent="97" />
      <mem type="survivor" free="0" total="26869760" percent="0" />
    </mem>
    <mem type="tenure" free="37928448" total="805306368" percent="4" macro-fragmented="33872">
      <mem type="soa" free="2537200" total="765040640" percent="0" />
      <mem type="loa" free="35391248" total="40265728" percent="87" />
    </mem>
    <pending-finalizers system="527" default="83" reference="3" classloader="0" />
    <remembered-set count="2867" />
  </mem-info>
</gc-end>
<cycle-end id="4468" type="scavenge" contextid="4462" timestamp="2023-06-02T09:26:18.135" />
<allocation-satisfied id="4469" threadId="000000000AB99500" bytesRequested="16" />
<af-end id="4470" timestamp="2023-06-02T09:26:18.135" threadId="000000000AB99E80" success="true" from="nursery"/>
<exclusive-end id="4471" timestamp="2023-06-02T09:26:18.135" durationms="11.399" />

<exclusive-start id="4472" timestamp="2023-06-02T09:26:18.570" intervalms="446.286">
  <response-info timems="0.141" idlems="0.141" threads="0" lastid="000000000AB99500" lastname="qm: AsynchronousTaskRunner-3 @@ 09:25" />
</exclusive-start>
<af-start id="4473" threadId="000000000AB99E80" totalBytesRequested="32776" timestamp="2023-06-02T09:26:18.570" intervalms="446.077" type="nursery" />
<cycle-start id="4474" type="scavenge" contextid="0" timestamp="2023-06-02T09:26:18.570" intervalms="445.986" />
<gc-start id="4475" type="scavenge" contextid="4474" timestamp="2023-06-02T09:26:18.574">
  <mem-info id="4476" free="37928448" total="1073741824" percent="3">
    <mem type="nursery" free="0" total="268435456" percent="0">
      <mem type="allocate" free="0" total="241565696" percent="0" />
      <mem type="survivor" free="0" total="26869760" percent="0" />
    </mem>
    <mem type="tenure" free="37928448" total="805306368" percent="4">
      <mem type="soa" free="2537200" total="765040640" percent="0" />
      <mem type="loa" free="35391248" total="40265728" percent="87" />
    </mem>
    <remembered-set count="3901" />
  </mem-info>
</gc-start>
<allocation-stats totalBytes="235751536" >
  <allocated-bytes non-tlh="179048" tlh="235572488" />
  <largest-consumer threadName="qm: AsynchronousTaskRunner-3 @@ 09:25" threadId="000000000AB99500" bytes="233411344" />
</allocation-stats>
<gc-op id="4477" type="scavenge" timems="3.539" contextid="4474" timestamp="2023-06-02T09:26:18.577">
  <scavenger-info tenureage="6" tenuremask="50c0" tiltratio="89" />
  <memory-copied type="nursery" objects="39365" bytes="4141680" bytesdiscarded="250600" />
  <memory-copied type="tenure" objects="12893" bytes="1541424" bytesdiscarded="52432" />
  <finalization candidates="854" enqueued="596" />
  <ownableSynchronizers candidates="54526" cleared="54397" />
  <references type="soft" candidates="16" cleared="0" enqueued="0" dynamicThreshold="2" maxThreshold="32" />
  <references type="weak" candidates="10" cleared="10" enqueued="2" />
</gc-op>
<gc-end id="4478" type="scavenge" contextid="4474" durationms="4.105" usertimems="15.625" systemtimems="0.000" timestamp="2023-06-02T09:26:18.578" activeThreads="16">
  <mem-info id="4479" free="273486864" total="1073741824" percent="25">
    <mem type="nursery" free="237172728" total="268435456" percent="88">
      <mem type="allocate" free="237172728" total="241565696" percent="98" />
      <mem type="survivor" free="0" total="26869760" percent="0" />
    </mem>
    <mem type="tenure" free="36314136" total="805306368" percent="4" macro-fragmented="18464">
      <mem type="soa" free="922888" total="765040640" percent="0" />
      <mem type="loa" free="35391248" total="40265728" percent="87" />
    </mem>
    <pending-finalizers system="520" default="76" reference="2" classloader="0" />
    <remembered-set count="2708" />
  </mem-info>
</gc-end>
<cycle-end id="4480" type="scavenge" contextid="4474" timestamp="2023-06-02T09:26:18.580" />
<allocation-satisfied id="4481" threadId="000000000AB99500" bytesRequested="32776" />
<af-end id="4482" timestamp="2023-06-02T09:26:18.580" threadId="000000000AB99E80" success="true" from="nursery"/>
<exclusive-end id="4483" timestamp="2023-06-02T09:26:18.580" durationms="9.667" />

<concurrent-kickoff id="4484" timestamp="2023-06-02T09:26:18.885">
  <kickoff reason="threshold reached" targetBytes="334642377" thresholdFreeBytes="46301980"  remainingFree="46282736" tenureFreeBytes="36314136" nurseryFreeBytes="46282736" />
</concurrent-kickoff>
<exclusive-start id="4485" timestamp="2023-06-02T09:26:18.887" intervalms="316.807">
  <response-info timems="0.136" idlems="0.136" threads="0" lastid="000000000AB99500" lastname="[SQL@09:26:18.880], select distinct t3.ITEM_ID, t3.NAME, t4.NAM" />
</exclusive-start>
<cycle-start id="4486" type="global" contextid="0" timestamp="2023-06-02T09:26:18.887" intervalms="22449.020" />
<exclusive-end id="4487" timestamp="2023-06-02T09:26:18.887" durationms="0.038" />

<exclusive-start id="4488" timestamp="2023-06-02T09:26:19.373" intervalms="486.292">
  <response-info timems="0.133" idlems="0.133" threads="0" lastid="000000000AB99500" lastname="[SQL@09:26:19.320], select distinct t3.EXECUTION_VARIABLE_VALUE" />
</exclusive-start>
<concurrent-collection-start id="4489" timestamp="2023-06-02T09:26:19.373" intervalms="141386.955" >
  <concurrent-trace-info reason="card cleaning threshold reached" tracedByMutators="177383408" tracedByHelpers="221729876" cardsCleaned="1289" workStackOverflowCount="0" />
</concurrent-collection-start>
<gc-start id="4490" type="global" contextid="4486" timestamp="2023-06-02T09:26:19.376">
  <mem-info id="4491" free="38107312" total="1073741824" percent="3">
    <mem type="nursery" free="1793176" total="268435456" percent="0">
      <mem type="allocate" free="1793176" total="241565696" percent="0" />
      <mem type="survivor" free="0" total="26869760" percent="0" />
    </mem>
    <mem type="tenure" free="36314136" total="805306368" percent="4">
      <mem type="soa" free="922888" total="765040640" percent="0" />
      <mem type="loa" free="35391248" total="40265728" percent="87" />
    </mem>
    <remembered-set count="3888" />
  </mem-info>
</gc-start>
<allocation-stats totalBytes="235269616" >
  <allocated-bytes non-tlh="211808" tlh="235057808" />
  <largest-consumer threadName="[SQL@09:26:19.320], select distinct t3.EXECUTION_VARIABLE_VALUE_ITM_D, t4.NAME, t4.ARCHIVED, t4.EXTERNAL_ID, t4.EXECUTION_VARIA..." threadId="000000000AB99500" bytes="230124760" />
</allocation-stats>
<gc-op id="4492" type="rs-scan" timems="2.714" contextid="4486" timestamp="2023-06-02T09:26:19.378">
  <scan objectsFound="3428" bytesTraced="2067904" workStackOverflowCount="0" />
</gc-op>
<gc-op id="4493" type="card-cleaning" timems="0.496" contextid="4486" timestamp="2023-06-02T09:26:19.379">
  <card-cleaning cardsCleaned="41" bytesTraced="170736" workStackOverflowCount="0" />
</gc-op>
<gc-op id="4494" type="mark" timems="34.163" contextid="4486" timestamp="2023-06-02T09:26:19.413">
  <trace-info objectcount="64324" scancount="60435" scanbytes="1786488" />
  <finalization candidates="5527" enqueued="180" />
  <ownableSynchronizers candidates="108521" cleared="52829" />
  <references type="soft" candidates="103731" cleared="141" enqueued="134" dynamicThreshold="2" maxThreshold="32" />
  <references type="weak" candidates="55021" cleared="19" enqueued="11" />
  <references type="phantom" candidates="350" cleared="0" enqueued="0" />
  <stringconstants candidates="123959" cleared="135"  />
</gc-op>
<gc-op id="4495" type="classunload" timems="25.170" contextid="4486" timestamp="2023-06-02T09:26:19.439">
  <classunload-info classloadercandidates="9562" classloadersunloaded="23" classesunloaded="23" anonymousclassesunloaded="0" quiescems="0.000" setupms="23.639" scanms="1.505" postms="0.025" />
</gc-op>
<gc-op id="4496" type="sweep" timems="4.549" contextid="4486" timestamp="2023-06-02T09:26:19.443" />
<gc-end id="4497" type="global" contextid="4486" durationms="68.349" usertimems="265.625" systemtimems="0.000" timestamp="2023-06-02T09:26:19.444" activeThreads="16">
  <mem-info id="4498" free="275408040" total="1073741824" percent="25">
    <mem type="nursery" free="234507240" total="268435456" percent="87">
      <mem type="allocate" free="234507240" total="241565696" percent="97" />
      <mem type="survivor" free="0" total="26869760" percent="0" />
    </mem>
    <mem type="tenure" free="40900800" total="805306368" percent="5" micro-fragmented="29186938" macro-fragmented="0">
      <mem type="soa" free="5247400" total="765040640" percent="0" />
      <mem type="loa" free="35653400" total="40265728" percent="88" />
    </mem>
    <pending-finalizers system="81" default="99" reference="145" classloader="0" />
    <remembered-set count="3815" />
  </mem-info>
</gc-end>
<cycle-end id="4499" type="global" contextid="4486" timestamp="2023-06-02T09:26:19.446" />
<concurrent-collection-end id="4500" timestamp="2023-06-02T09:26:19.446" />
<exclusive-end id="4501" timestamp="2023-06-02T09:26:19.446" durationms="72.808" />

<exclusive-start id="4502" timestamp="2023-06-02T09:26:20.080" intervalms="706.817">
  <response-info timems="0.103" idlems="0.103" threads="0" lastid="000000000AB99500" lastname="[SQL@09:26:20.076], select distinct t3.KEY_COL, t3.VALUE, t4.KE" />
</exclusive-start>
<af-start id="4503" threadId="000000000AB99E80" totalBytesRequested="40" timestamp="2023-06-02T09:26:20.080" intervalms="1510.074" type="nursery" />
<cycle-start id="4504" type="scavenge" contextid="0" timestamp="2023-06-02T09:26:20.080" intervalms="1510.057" />
<gc-start id="4505" type="scavenge" contextid="4504" timestamp="2023-06-02T09:26:20.083">
  <mem-info id="4506" free="40900800" total="1073741824" percent="3">
    <mem type="nursery" free="0" total="268435456" percent="0">
      <mem type="allocate" free="0" total="241565696" percent="0" />
      <mem type="survivor" free="0" total="26869760" percent="0" />
    </mem>
    <mem type="tenure" free="40900800" total="805306368" percent="5">
      <mem type="soa" free="5247400" total="765040640" percent="0" />
      <mem type="loa" free="35653400" total="40265728" percent="88" />
    </mem>
    <remembered-set count="4101" />
  </mem-info>
</gc-start>
<allocation-stats totalBytes="234365800" >
  <allocated-bytes non-tlh="176736" tlh="234189064" />
  <largest-consumer threadName="[SQL@09:26:20.076], select distinct t3.KEY_COL, t3.VALUE, t4.KEY_COL, t4.VALUE, t5.KEY_COL, t5.VALUE, t6.KEY_COL, t6.VALUE, t7...." threadId="000000000AB99500" bytes="229647424" />
</allocation-stats>
<gc-op id="4507" type="scavenge" timems="4.566" contextid="4504" timestamp="2023-06-02T09:26:20.088">
  <scavenger-info tenureage="6" tenuremask="5040" tiltratio="89" />
  <memory-copied type="nursery" objects="154187" bytes="7587888" bytesdiscarded="299088" />
  <memory-copied type="tenure" objects="7876" bytes="1015360" bytesdiscarded="31728" />
  <finalization candidates="2260" enqueued="2001" />
  <ownableSynchronizers candidates="165593" cleared="165461" />
  <references type="soft" candidates="16" cleared="7" enqueued="0" dynamicThreshold="1" maxThreshold="32" />
  <references type="weak" candidates="10" cleared="9" enqueued="2" />
</gc-op>
<gc-end id="4508" type="scavenge" contextid="4504" durationms="5.108" usertimems="0.000" systemtimems="0.000" timestamp="2023-06-02T09:26:20.088" activeThreads="16">
  <mem-info id="4509" free="273423520" total="1073741824" percent="25">
    <mem type="nursery" free="233677904" total="268435456" percent="87">
      <mem type="allocate" free="233677904" total="241565696" percent="96" />
      <mem type="survivor" free="0" total="26869760" percent="0" />
    </mem>
    <mem type="tenure" free="39745616" total="805306368" percent="4" macro-fragmented="0">
      <mem type="soa" free="4092216" total="765040640" percent="0" />
      <mem type="loa" free="35653400" total="40265728" percent="88" />
    </mem>
    <pending-finalizers system="1916" default="85" reference="2" classloader="0" />
    <remembered-set count="2828" />
  </mem-info>
</gc-end>
<cycle-end id="4510" type="scavenge" contextid="4504" timestamp="2023-06-02T09:26:20.091" />
<allocation-satisfied id="4511" threadId="000000000AB99500" bytesRequested="40" />
<af-end id="4512" timestamp="2023-06-02T09:26:20.091" threadId="000000000AB99E80" success="true" from="nursery"/>
<exclusive-end id="4513" timestamp="2023-06-02T09:26:20.091" durationms="11.023" />

<exclusive-start id="4514" timestamp="2023-06-02T09:26:20.788" intervalms="707.132">
  <response-info timems="0.136" idlems="0.136" threads="0" lastid="000000000AB99500" lastname="[SQL@09:26:20.784], select distinct t2.OWNER_ITEM_ID, t3.USER_I" />
</exclusive-start>
<af-start id="4515" threadId="000000000AB99E80" totalBytesRequested="40" timestamp="2023-06-02T09:26:20.788" intervalms="707.067" type="nursery" />
<cycle-start id="4516" type="scavenge" contextid="0" timestamp="2023-06-02T09:26:20.788" intervalms="707.083" />
<gc-start id="4517" type="scavenge" contextid="4516" timestamp="2023-06-02T09:26:20.789">
  <mem-info id="4518" free="39745616" total="1073741824" percent="3">
    <mem type="nursery" free="0" total="268435456" percent="0">
      <mem type="allocate" free="0" total="241565696" percent="0" />
      <mem type="survivor" free="0" total="26869760" percent="0" />
    </mem>
    <mem type="tenure" free="39745616" total="805306368" percent="4">
      <mem type="soa" free="4092216" total="765040640" percent="0" />
      <mem type="loa" free="35653400" total="40265728" percent="88" />
    </mem>
    <remembered-set count="3991" />
  </mem-info>
</gc-start>
<allocation-stats totalBytes="233587512" >
  <allocated-bytes non-tlh="310160" tlh="233277352" />
  <largest-consumer threadName="[SQL@09:26:20.784], select distinct t2.OWNER_ITEM_ID, t3.USER_ID, t3.NAME from &#xA;(select t1q.*, T1V.ITEM_TYPE_DBID from PLAN..." threadId="000000000AB99500" bytes="230033144" />
</allocation-stats>
<gc-op id="4519" type="scavenge" timems="3.609" contextid="4516" timestamp="2023-06-02T09:26:20.792">
  <scavenger-info tenureage="5" tenuremask="4020" tiltratio="89" />
  <memory-copied type="nursery" objects="143216" bytes="7397520" bytesdiscarded="235256" />
  <memory-copied type="tenure" objects="5897" bytes="650336" bytesdiscarded="28472" />
  <finalization candidates="2728" enqueued="2469" />
  <ownableSynchronizers candidates="53775" cleared="53652" />
  <references type="soft" candidates="2" cleared="0" enqueued="0" dynamicThreshold="1" maxThreshold="32" />
  <references type="weak" candidates="16" cleared="15" enqueued="2" />
</gc-op>
<gc-end id="4520" type="scavenge" contextid="4516" durationms="4.169" usertimems="0.000" systemtimems="0.000" timestamp="2023-06-02T09:26:20.793" activeThreads="16">
  <mem-info id="4521" free="273052256" total="1073741824" percent="25">
    <mem type="nursery" free="233932288" total="268435456" percent="87">
      <mem type="allocate" free="233932288" total="241565696" percent="96" />
      <mem type="survivor" free="0" total="26869760" percent="0" />
    </mem>
    <mem type="tenure" free="39119968" total="805306368" percent="4" macro-fragmented="27173">
      <mem type="soa" free="3466568" total="765040640" percent="0" />
      <mem type="loa" free="35653400" total="40265728" percent="88" />
    </mem>
    <pending-finalizers system="2378" default="91" reference="2" classloader="0" />
    <remembered-set count="2906" />
  </mem-info>
</gc-end>
<cycle-end id="4522" type="scavenge" contextid="4516" timestamp="2023-06-02T09:26:20.795" />
<allocation-satisfied id="4523" threadId="000000000AB99500" bytesRequested="40" />
<af-end id="4524" timestamp="2023-06-02T09:26:20.795" threadId="000000000AB99E80" success="true" from="nursery"/>
<exclusive-end id="4525" timestamp="2023-06-02T09:26:20.795" durationms="8.386" />

<exclusive-start id="4526" timestamp="2023-06-02T09:26:21.151" intervalms="364.321">
  <response-info timems="0.144" idlems="0.144" threads="0" lastid="000000000AB99500" lastname="[SQL@09:26:21.151], select distinct t2.ORIGINATOR_ITEM_ID, t3.U" />
</exclusive-start>
<af-start id="4527" threadId="000000000AB99E80" totalBytesRequested="592" timestamp="2023-06-02T09:26:21.151" intervalms="364.249" type="nursery" />
<cycle-start id="4528" type="scavenge" contextid="0" timestamp="2023-06-02T09:26:21.151" intervalms="364.238" />
<gc-start id="4529" type="scavenge" contextid="4528" timestamp="2023-06-02T09:26:21.155">
  <mem-info id="4530" free="39119968" total="1073741824" percent="3">
    <mem type="nursery" free="0" total="268435456" percent="0">
      <mem type="allocate" free="0" total="241565696" percent="0" />
      <mem type="survivor" free="0" total="26869760" percent="0" />
    </mem>
    <mem type="tenure" free="39119968" total="805306368" percent="4">
      <mem type="soa" free="3466568" total="765040640" percent="0" />
      <mem type="loa" free="35653400" total="40265728" percent="88" />
    </mem>
    <remembered-set count="4074" />
  </mem-info>
</gc-start>
<allocation-stats totalBytes="233826784" >
  <allocated-bytes non-tlh="179072" tlh="233647712" />
  <largest-consumer threadName="[SQL@09:26:21.151], select distinct t2.ORIGINATOR_ITEM_ID, t3.USER_ID, t3.NAME from &#xA;(select t1q.*, T1V.ITEM_TYPE_DBID from..." threadId="000000000AB99500" bytes="229603320" />
</allocation-stats>
<gc-op id="4531" type="scavenge" timems="2.805" contextid="4528" timestamp="2023-06-02T09:26:21.157">
  <scavenger-info tenureage="14" tenuremask="4000" tiltratio="89" />
  <memory-copied type="nursery" objects="44893" bytes="4626328" bytesdiscarded="302640" />
  <finalization candidates="414" enqueued="162" />
  <ownableSynchronizers candidates="54421" cleared="54303" />
  <references type="soft" candidates="2" cleared="0" enqueued="0" dynamicThreshold="1" maxThreshold="32" />
  <references type="weak" candidates="16" cleared="15" enqueued="2" />
</gc-op>
<gc-end id="4532" type="scavenge" contextid="4528" durationms="3.179" usertimems="0.000" systemtimems="0.000" timestamp="2023-06-02T09:26:21.158" activeThreads="16">
  <mem-info id="4533" free="275756184" total="1073741824" percent="25">
    <mem type="nursery" free="236636216" total="268435456" percent="88">
      <mem type="allocate" free="236636216" total="241565696" percent="97" />
      <mem type="survivor" free="0" total="26869760" percent="0" />
    </mem>
    <mem type="tenure" free="39119968" total="805306368" percent="4" macro-fragmented="116842">
      <mem type="soa" free="3466568" total="765040640" percent="0" />
      <mem type="loa" free="35653400" total="40265728" percent="88" />
    </mem>
    <pending-finalizers system="64" default="98" reference="2" classloader="0" />
    <remembered-set count="2878" />
  </mem-info>
</gc-end>
<cycle-end id="4534" type="scavenge" contextid="4528" timestamp="2023-06-02T09:26:21.159" />
<allocation-satisfied id="4535" threadId="000000000AB99500" bytesRequested="592" />
<af-end id="4536" timestamp="2023-06-02T09:26:21.159" threadId="000000000AB99E80" success="true" from="nursery"/>
<exclusive-end id="4537" timestamp="2023-06-02T09:26:21.159" durationms="7.602" />

<exclusive-start id="4538" timestamp="2023-06-02T09:26:21.565" intervalms="414.312">
  <response-info timems="0.073" idlems="0.073" threads="0" lastid="000000000AB99500" lastname="[SQL@09:26:21.565], select distinct t3.ITEM_ID, t3.NAME, t4.NAM" />
</exclusive-start>
<af-start id="4539" threadId="000000000AB99E80" totalBytesRequested="40" timestamp="2023-06-02T09:26:21.566" intervalms="414.269" type="nursery" />
<cycle-start id="4540" type="scavenge" contextid="0" timestamp="2023-06-02T09:26:21.566" intervalms="414.258" />
<gc-start id="4541" type="scavenge" contextid="4540" timestamp="2023-06-02T09:26:21.568">
  <mem-info id="4542" free="39116688" total="1073741824" percent="3">
    <mem type="nursery" free="0" total="268435456" percent="0">
      <mem type="allocate" free="0" total="241565696" percent="0" />
      <mem type="survivor" free="0" total="26869760" percent="0" />
    </mem>
    <mem type="tenure" free="39116688" total="805306368" percent="4">
      <mem type="soa" free="3463288" total="765040640" percent="0" />
      <mem type="loa" free="35653400" total="40265728" percent="88" />
    </mem>
    <remembered-set count="4179" />
  </mem-info>
</gc-start>
<allocation-stats totalBytes="236550424" >
  <allocated-bytes non-tlh="75504" tlh="236474920" />
  <largest-consumer threadName="[SQL@09:26:21.565], select distinct t3.ITEM_ID, t3.NAME, t4.NAME, t3.CATEGORY_TYPE_ITEM_ID, t3.ARCHIVED, t4.ARCHIVED, t3.EXTERN..." threadId="000000000AB99500" bytes="234050696" />
</allocation-stats>
<gc-op id="4543" type="scavenge" timems="3.988" contextid="4540" timestamp="2023-06-02T09:26:21.573">
  <scavenger-info tenureage="6" tenuremask="4040" tiltratio="89" />
  <memory-copied type="nursery" objects="64796" bytes="5218032" bytesdiscarded="245840" />
  <memory-copied type="tenure" objects="3201" bytes="535944" bytesdiscarded="27976" />
  <finalization candidates="854" enqueued="602" />
  <ownableSynchronizers candidates="55594" cleared="55466" />
  <references type="soft" candidates="6" cleared="0" enqueued="0" dynamicThreshold="1" maxThreshold="32" />
  <references type="weak" candidates="20" cleared="19" enqueued="8" />
</gc-op>
<gc-end id="4544" type="scavenge" contextid="4540" durationms="4.348" usertimems="0.000" systemtimems="0.000" timestamp="2023-06-02T09:26:21.573" activeThreads="16">
  <mem-info id="4545" free="274671568" total="1073741824" percent="25">
    <mem type="nursery" free="236101256" total="268435456" percent="87">
      <mem type="allocate" free="236101256" total="241565696" percent="97" />
      <mem type="survivor" free="0" total="26869760" percent="0" />
    </mem>
    <mem type="tenure" free="38570312" total="805306368" percent="4" macro-fragmented="97368">
      <mem type="soa" free="2916912" total="765040640" percent="0" />
      <mem type="loa" free="35653400" total="40265728" percent="88" />
    </mem>
    <pending-finalizers system="527" default="75" reference="8" classloader="0" />
    <remembered-set count="2979" />
  </mem-info>
</gc-end>
<cycle-end id="4546" type="scavenge" contextid="4540" timestamp="2023-06-02T09:26:21.574" />
<allocation-satisfied id="4547" threadId="000000000AB99500" bytesRequested="40" />
<af-end id="4548" timestamp="2023-06-02T09:26:21.574" threadId="000000000AB99E80" success="true" from="nursery"/>
<exclusive-end id="4549" timestamp="2023-06-02T09:26:21.574" durationms="8.686" />

<exclusive-start id="4550" timestamp="2023-06-02T09:26:21.923" intervalms="357.178">
  <response-info timems="0.067" idlems="0.067" threads="0" lastid="000000000AB99500" lastname="[SQL@09:26:21.917], select distinct t1.ITEM_ID, t1.STATE_ID fro" />
</exclusive-start>
<af-start id="4551" threadId="000000000AB99E80" totalBytesRequested="24" timestamp="2023-06-02T09:26:21.923" intervalms="357.184" type="nursery" />
<cycle-start id="4552" type="scavenge" contextid="0" timestamp="2023-06-02T09:26:21.923" intervalms="357.172" />
<gc-start id="4553" type="scavenge" contextid="4552" timestamp="2023-06-02T09:26:21.928">
  <mem-info id="4554" free="38570312" total="1073741824" percent="3">
    <mem type="nursery" free="0" total="268435456" percent="0">
      <mem type="allocate" free="0" total="241565696" percent="0" />
      <mem type="survivor" free="0" total="26869760" percent="0" />
    </mem>
    <mem type="tenure" free="38570312" total="805306368" percent="4">
      <mem type="soa" free="2916912" total="765040640" percent="0" />
      <mem type="loa" free="35653400" total="40265728" percent="88" />
    </mem>
    <remembered-set count="4155" />
  </mem-info>
</gc-start>
<allocation-stats totalBytes="236014976" >
  <allocated-bytes non-tlh="65592" tlh="235949384" />
  <largest-consumer threadName="[SQL@09:26:21.917], select distinct t1.ITEM_ID, t1.STATE_ID from &#xA;(select t1q.*, T1V.ITEM_TYPE_DBID from LINKS.AUDITABLE_LI..." threadId="000000000AB99500" bytes="233532272" />
</allocation-stats>
<gc-op id="4555" type="scavenge" timems="2.438" contextid="4552" timestamp="2023-06-02T09:26:21.930">
  <scavenger-info tenureage="4" tenuremask="4070" tiltratio="89" />
  <memory-copied type="nursery" objects="28754" bytes="3010328" bytesdiscarded="240960" />
  <memory-copied type="tenure" objects="15779" bytes="1914168" bytesdiscarded="89424" />
  <finalization candidates="369" enqueued="117" />
  <ownableSynchronizers candidates="54170" cleared="54011" />
  <references type="soft" candidates="9" cleared="0" enqueued="0" dynamicThreshold="1" maxThreshold="32" />
  <references type="weak" candidates="21" cleared="20" enqueued="4" />
</gc-op>
<gc-end id="4556" type="scavenge" contextid="4552" durationms="2.875" usertimems="0.000" systemtimems="0.000" timestamp="2023-06-02T09:26:21.931" activeThreads="16">
  <mem-info id="4557" free="274825368" total="1073741824" percent="25">
    <mem type="nursery" free="238313384" total="268435456" percent="88">
      <mem type="allocate" free="238313384" total="241565696" percent="98" />
      <mem type="survivor" free="0" total="26869760" percent="0" />
    </mem>
    <mem type="tenure" free="36511984" total="805306368" percent="4" macro-fragmented="13848">
      <mem type="soa" free="858584" total="765040640" percent="0" />
      <mem type="loa" free="35653400" total="40265728" percent="88" />
    </mem>
    <pending-finalizers system="50" default="67" reference="4" classloader="0" />
    <remembered-set count="2855" />
  </mem-info>
</gc-end>
<cycle-end id="4558" type="scavenge" contextid="4552" timestamp="2023-06-02T09:26:21.932" />
<allocation-satisfied id="4559" threadId="000000000AB99500" bytesRequested="24" />
<af-end id="4560" timestamp="2023-06-02T09:26:21.932" threadId="000000000AB99E80" success="true" from="nursery"/>
<exclusive-end id="4561" timestamp="2023-06-02T09:26:21.932" durationms="9.042" />

<concurrent-kickoff id="4562" timestamp="2023-06-02T09:26:22.599">
  <kickoff reason="threshold reached" targetBytes="347294355" thresholdFreeBytes="48049592"  remainingFree="47957032" tenureFreeBytes="36511984" nurseryFreeBytes="47957032" />
</concurrent-kickoff>
<exclusive-start id="4563" timestamp="2023-06-02T09:26:22.612" intervalms="689.272">
  <response-info timems="0.124" idlems="0.124" threads="0" lastid="000000000AB99500" lastname="qm: AsynchronousTaskRunner-3 @@ 09:25" />
</exclusive-start>
<cycle-start id="4564" type="global" contextid="0" timestamp="2023-06-02T09:26:22.612" intervalms="3725.337" />
<exclusive-end id="4565" timestamp="2023-06-02T09:26:22.612" durationms="0.053" />

<exclusive-start id="4566" timestamp="2023-06-02T09:26:23.138" intervalms="526.358">
  <response-info timems="0.253" idlems="0.253" threads="0" lastid="000000000AB99500" lastname="[SQL@09:26:23.056], select distinct t3.KEY_COL, t3.VALUE, t4.KE" />
</exclusive-start>
<concurrent-collection-start id="4567" timestamp="2023-06-02T09:26:23.139" intervalms="3765.438" >
  <concurrent-trace-info reason="card cleaning threshold reached" tracedByMutators="154281684" tracedByHelpers="232536012" cardsCleaned="1354" workStackOverflowCount="0" />
</concurrent-collection-start>
<gc-start id="4568" type="global" contextid="4564" timestamp="2023-06-02T09:26:23.142">
  <mem-info id="4569" free="39399576" total="1073741824" percent="3">
    <mem type="nursery" free="2887592" total="268435456" percent="1">
      <mem type="allocate" free="2887592" total="241565696" percent="1" />
      <mem type="survivor" free="0" total="26869760" percent="0" />
    </mem>
    <mem type="tenure" free="36511984" total="805306368" percent="4">
      <mem type="soa" free="858584" total="765040640" percent="0" />
      <mem type="loa" free="35653400" total="40265728" percent="88" />
    </mem>
    <remembered-set count="3990" />
  </mem-info>
</gc-start>
<allocation-stats totalBytes="235325536" >
  <allocated-bytes non-tlh="326536" tlh="234999000" />
  <largest-consumer threadName="[SQL@09:26:23.056], select distinct t3.KEY_COL, t3.VALUE, t4.KEY_COL, t4.VALUE, t5.KEY_COL, t5.VALUE, t6.KEY_COL, t6.VALUE, t7...." threadId="000000000AB99500" bytes="227378008" />
</allocation-stats>
<gc-op id="4570" type="rs-scan" timems="3.406" contextid="4564" timestamp="2023-06-02T09:26:23.146">
  <scan objectsFound="3481" bytesTraced="1817904" workStackOverflowCount="0" />
</gc-op>
<gc-op id="4571" type="card-cleaning" timems="0.563" contextid="4564" timestamp="2023-06-02T09:26:23.149">
  <card-cleaning cardsCleaned="13" bytesTraced="75808" workStackOverflowCount="0" />
</gc-op>
<gc-op id="4572" type="mark" timems="35.571" contextid="4564" timestamp="2023-06-02T09:26:23.184">
  <trace-info objectcount="149508" scancount="141390" scanbytes="4297384" />
  <finalization candidates="7395" enqueued="2145" />
  <ownableSynchronizers candidates="107465" cleared="53910" />
  <references type="soft" candidates="103520" cleared="12773" enqueued="12458" dynamicThreshold="1" maxThreshold="32" />
  <references type="weak" candidates="55011" cleared="177" enqueued="163" />
  <references type="phantom" candidates="350" cleared="0" enqueued="0" />
  <stringconstants candidates="123835" cleared="40"  />
</gc-op>
<gc-op id="4573" type="sweep" timems="4.979" contextid="4564" timestamp="2023-06-02T09:26:23.189" />
<gc-end id="4574" type="global" contextid="4564" durationms="48.711" usertimems="343.750" systemtimems="0.000" timestamp="2023-06-02T09:26:23.190" activeThreads="16">
  <mem-info id="4575" free="285875568" total="1073741824" percent="26">
    <mem type="nursery" free="231977264" total="268435456" percent="86">
      <mem type="allocate" free="231977264" total="241565696" percent="96" />
      <mem type="survivor" free="0" total="26869760" percent="0" />
    </mem>
    <mem type="tenure" free="53898304" total="805306368" percent="6" micro-fragmented="29277904" macro-fragmented="98328">
      <mem type="soa" free="18244904" total="765040640" percent="2" />
      <mem type="loa" free="35653400" total="40265728" percent="88" />
    </mem>
    <pending-finalizers system="2013" default="132" reference="12621" classloader="0" />
    <remembered-set count="3899" />
  </mem-info>
</gc-end>
<cycle-end id="4576" type="global" contextid="4564" timestamp="2023-06-02T09:26:23.192" />
<concurrent-collection-end id="4577" timestamp="2023-06-02T09:26:23.193" />
<exclusive-end id="4578" timestamp="2023-06-02T09:26:23.193" durationms="54.245" />

<exclusive-start id="4579" timestamp="2023-06-02T09:26:23.834" intervalms="694.927">
  <response-info timems="0.104" idlems="0.104" threads="0" lastid="000000000AB99500" lastname="[SQL@09:26:23.827], select distinct t2.ORIGINATOR_ITEM_ID, t3.U" />
</exclusive-start>
<af-start id="4580" threadId="000000000AB99E80" totalBytesRequested="40" timestamp="2023-06-02T09:26:23.834" intervalms="1910.579" type="nursery" />
<cycle-start id="4581" type="scavenge" contextid="0" timestamp="2023-06-02T09:26:23.834" intervalms="1910.591" />
<gc-start id="4582" type="scavenge" contextid="4581" timestamp="2023-06-02T09:26:23.837">
  <mem-info id="4583" free="53896160" total="1073741824" percent="5">
    <mem type="nursery" free="0" total="268435456" percent="0">
      <mem type="allocate" free="0" total="241565696" percent="0" />
      <mem type="survivor" free="0" total="26869760" percent="0" />
    </mem>
    <mem type="tenure" free="53896160" total="805306368" percent="6">
      <mem type="soa" free="18242760" total="765040640" percent="2" />
      <mem type="loa" free="35653400" total="40265728" percent="88" />
    </mem>
    <remembered-set count="26435" />
  </mem-info>
</gc-start>
<allocation-stats totalBytes="231771552" >
  <allocated-bytes non-tlh="450344" tlh="231321208" />
  <largest-consumer threadName="[SQL@09:26:23.827], select distinct t2.ORIGINATOR_ITEM_ID, t3.USER_ID, t3.NAME from &#xA;(select t1q.*, T1V.ITEM_TYPE_DBID from..." threadId="000000000AB99500" bytes="227012136" />
</allocation-stats>
<gc-op id="4584" type="scavenge" timems="7.227" contextid="4581" timestamp="2023-06-02T09:26:23.844">
  <scavenger-info tenureage="4" tenuremask="4010" tiltratio="89" />
  <memory-copied type="nursery" objects="246182" bytes="10110384" bytesdiscarded="480488" />
  <memory-copied type="tenure" objects="3985" bytes="710336" bytesdiscarded="33280" />
  <finalization candidates="2785" enqueued="2533" />
  <ownableSynchronizers candidates="159546" cleared="159314" />
  <references type="soft" candidates="46" cleared="0" enqueued="0" dynamicThreshold="2" maxThreshold="32" />
  <references type="weak" candidates="16" cleared="15" enqueued="3" />
</gc-op>
<gc-end id="4585" type="scavenge" contextid="4581" durationms="7.701" usertimems="0.000" systemtimems="0.000" timestamp="2023-06-02T09:26:23.845" activeThreads="16">
  <mem-info id="4586" free="284105744" total="1073741824" percent="26">
    <mem type="nursery" free="230971496" total="268435456" percent="86">
      <mem type="allocate" free="230971496" total="241565696" percent="95" />
      <mem type="survivor" free="0" total="26869760" percent="0" />
    </mem>
    <mem type="tenure" free="53134248" total="805306368" percent="6" macro-fragmented="348889">
      <mem type="soa" free="17480848" total="765040640" percent="2" />
      <mem type="loa" free="35653400" total="40265728" percent="88" />
    </mem>
    <pending-finalizers system="2395" default="138" reference="3" classloader="0" />
    <remembered-set count="23149" />
  </mem-info>
</gc-end>
<cycle-end id="4587" type="scavenge" contextid="4581" timestamp="2023-06-02T09:26:23.846" />
<allocation-satisfied id="4588" threadId="000000000AB99500" bytesRequested="40" />
<af-end id="4589" timestamp="2023-06-02T09:26:23.847" threadId="000000000AB99E80" success="true" from="nursery"/>
<exclusive-end id="4590" timestamp="2023-06-02T09:26:23.847" durationms="12.918" />

<exclusive-start id="4591" timestamp="2023-06-02T09:26:24.262" intervalms="428.531">
  <response-info timems="0.222" idlems="0.222" threads="0" lastid="000000000AB99500" lastname="[SQL@09:26:24.260], select t1.ITEM_ID, t1.STATE_ID, t1.JZ_DISCR" />
</exclusive-start>
<af-start id="4592" threadId="000000000AB99E80" totalBytesRequested="40" timestamp="2023-06-02T09:26:24.262" intervalms="428.733" type="nursery" />
<cycle-start id="4593" type="scavenge" contextid="0" timestamp="2023-06-02T09:26:24.263" intervalms="428.772" />
<gc-start id="4594" type="scavenge" contextid="4593" timestamp="2023-06-02T09:26:24.268">
  <mem-info id="4595" free="53134168" total="1073741824" percent="4">
    <mem type="nursery" free="0" total="268435456" percent="0">
      <mem type="allocate" free="0" total="241565696" percent="0" />
      <mem type="survivor" free="0" total="26869760" percent="0" />
    </mem>
    <mem type="tenure" free="53134168" total="805306368" percent="6">
      <mem type="soa" free="17480768" total="765040640" percent="2" />
      <mem type="loa" free="35653400" total="40265728" percent="88" />
    </mem>
    <remembered-set count="24302" />
  </mem-info>
</gc-start>
<allocation-stats totalBytes="230741384" >
  <allocated-bytes non-tlh="343016" tlh="230398368" />
  <largest-consumer threadName="[SQL@09:26:24.260], select t1.ITEM_ID, t1.STATE_ID, t1.JZ_DISCRIMINATOR from &#xA;(select t1q.*, T1V.ITEM_TYPE_DBID from PLANNI..." threadId="000000000AB99500" bytes="224551760" />
</allocation-stats>
<gc-op id="4596" type="scavenge" timems="3.839" contextid="4593" timestamp="2023-06-02T09:26:24.272">
  <scavenger-info tenureage="14" tenuremask="4000" tiltratio="89" />
  <memory-copied type="nursery" objects="57850" bytes="4718032" bytesdiscarded="272248" />
  <finalization candidates="960" enqueued="708" />
  <ownableSynchronizers candidates="53153" cleared="52914" />
  <references type="soft" candidates="83" cleared="0" enqueued="0" dynamicThreshold="2" maxThreshold="32" />
  <references type="weak" candidates="14" cleared="12" enqueued="2" />
</gc-op>
<gc-end id="4597" type="scavenge" contextid="4593" durationms="4.269" usertimems="0.000" systemtimems="0.000" timestamp="2023-06-02T09:26:24.272" activeThreads="16">
  <mem-info id="4598" free="289706008" total="1073741824" percent="26">
    <mem type="nursery" free="236571840" total="268435456" percent="88">
      <mem type="allocate" free="236571840" total="241565696" percent="97" />
      <mem type="survivor" free="0" total="26869760" percent="0" />
    </mem>
    <mem type="tenure" free="53134168" total="805306368" percent="6" macro-fragmented="0">
      <mem type="soa" free="17480768" total="765040640" percent="2" />
      <mem type="loa" free="35653400" total="40265728" percent="88" />
    </mem>
    <pending-finalizers system="544" default="164" reference="2" classloader="0" />
    <remembered-set count="23213" />
  </mem-info>
</gc-end>
<cycle-end id="4599" type="scavenge" contextid="4593" timestamp="2023-06-02T09:26:24.273" />
<allocation-satisfied id="4600" threadId="000000000AB99500" bytesRequested="40" />
<af-end id="4601" timestamp="2023-06-02T09:26:24.273" threadId="000000000AB99E80" success="true" from="nursery"/>
<exclusive-end id="4602" timestamp="2023-06-02T09:26:24.273" durationms="11.106" />

<exclusive-start id="4603" timestamp="2023-06-02T09:26:24.602" intervalms="339.337">
  <response-info timems="0.126" idlems="0.126" threads="0" lastid="000000000AB99500" lastname="[SQL@09:26:24.598], select distinct t3.EXECUTION_VARIABLE_VALUE" />
</exclusive-start>
<af-start id="4604" threadId="000000000AB99E80" totalBytesRequested="16" timestamp="2023-06-02T09:26:24.602" intervalms="339.122" type="nursery" />
<cycle-start id="4605" type="scavenge" contextid="0" timestamp="2023-06-02T09:26:24.602" intervalms="339.097" />
<gc-start id="4606" type="scavenge" contextid="4605" timestamp="2023-06-02T09:26:24.604">
  <mem-info id="4607" free="53133936" total="1073741824" percent="4">
    <mem type="nursery" free="0" total="268435456" percent="0">
      <mem type="allocate" free="0" total="241565696" percent="0" />
      <mem type="survivor" free="0" total="26869760" percent="0" />
    </mem>
    <mem type="tenure" free="53133936" total="805306368" percent="6">
      <mem type="soa" free="17480536" total="765040640" percent="2" />
      <mem type="loa" free="35653400" total="40265728" percent="88" />
    </mem>
    <remembered-set count="24200" />
  </mem-info>
</gc-start>
<allocation-stats totalBytes="236493672" >
  <allocated-bytes non-tlh="65816" tlh="236427856" />
  <largest-consumer threadName="[SQL@09:26:24.598], select distinct t3.EXECUTION_VARIABLE_VALUE_ITM_D, t4.NAME, t4.ARCHIVED, t4.EXTERNAL_ID, t4.EXECUTION_VARIA..." threadId="000000000AB99500" bytes="235564384" />
</allocation-stats>
<gc-op id="4608" type="scavenge" timems="4.746" contextid="4605" timestamp="2023-06-02T09:26:24.609">
  <scavenger-info tenureage="14" tenuremask="4000" tiltratio="89" />
  <memory-copied type="nursery" objects="188146" bytes="9074240" bytesdiscarded="497840" />
  <finalization candidates="437" enqueued="185" />
  <ownableSynchronizers candidates="53152" cleared="52881" />
  <references type="soft" candidates="115" cleared="0" enqueued="0" dynamicThreshold="2" maxThreshold="32" />
  <references type="weak" candidates="17" cleared="15" enqueued="3" />
</gc-op>
<gc-end id="4609" type="scavenge" contextid="4605" durationms="5.091" usertimems="15.625" systemtimems="0.000" timestamp="2023-06-02T09:26:24.609" activeThreads="16">
  <mem-info id="4610" free="285124472" total="1073741824" percent="26">
    <mem type="nursery" free="231990536" total="268435456" percent="86">
      <mem type="allocate" free="231990536" total="241565696" percent="96" />
      <mem type="survivor" free="0" total="26869760" percent="0" />
    </mem>
    <mem type="tenure" free="53133936" total="805306368" percent="6" macro-fragmented="502401">
      <mem type="soa" free="17480536" total="765040640" percent="2" />
      <mem type="loa" free="35653400" total="40265728" percent="88" />
    </mem>
    <pending-finalizers system="82" default="103" reference="3" classloader="0" />
    <remembered-set count="10620" />
  </mem-info>
</gc-end>
<cycle-end id="4611" type="scavenge" contextid="4605" timestamp="2023-06-02T09:26:24.611" />
<allocation-satisfied id="4612" threadId="000000000AB99500" bytesRequested="16" />
<af-end id="4613" timestamp="2023-06-02T09:26:24.611" threadId="000000000AB99E80" success="true" from="nursery"/>
<exclusive-end id="4614" timestamp="2023-06-02T09:26:24.611" durationms="9.733" />

<exclusive-start id="4615" timestamp="2023-06-02T09:26:25.142" intervalms="540.529">
  <response-info timems="0.130" idlems="0.130" threads="0" lastid="000000000AB99500" lastname="[SQL@09:26:25.133], select distinct t3.ITEM_ID, t3.IDENTIFIER, " />
</exclusive-start>
<af-start id="4616" threadId="000000000AB99E80" totalBytesRequested="32" timestamp="2023-06-02T09:26:25.142" intervalms="540.603" type="nursery" />
<cycle-start id="4617" type="scavenge" contextid="0" timestamp="2023-06-02T09:26:25.142" intervalms="540.629" />
<gc-start id="4618" type="scavenge" contextid="4617" timestamp="2023-06-02T09:26:25.146">
  <mem-info id="4619" free="53133776" total="1073741824" percent="4">
    <mem type="nursery" free="0" total="268435456" percent="0">
      <mem type="allocate" free="0" total="241565696" percent="0" />
      <mem type="survivor" free="0" total="26869760" percent="0" />
    </mem>
    <mem type="tenure" free="53133776" total="805306368" percent="6">
      <mem type="soa" free="17480376" total="765040640" percent="2" />
      <mem type="loa" free="35653400" total="40265728" percent="88" />
    </mem>
    <remembered-set count="11813" />
  </mem-info>
</gc-start>
<allocation-stats totalBytes="231870280" >
  <allocated-bytes non-tlh="244752" tlh="231625528" />
  <largest-consumer threadName="[SQL@09:26:25.133], select distinct t3.ITEM_ID, t3.IDENTIFIER, t3.NAME, t3.REQUIRED, t3.EXTERNAL_URI from &#xA;(select t1q.*, T..." threadId="000000000AB99500" bytes="227142976" />
</allocation-stats>
<gc-op id="4620" type="scavenge" timems="5.606" contextid="4617" timestamp="2023-06-02T09:26:25.151">
  <scavenger-info tenureage="14" tenuremask="4000" tiltratio="89" />
  <memory-copied type="nursery" objects="228588" bytes="10959040" bytesdiscarded="212816" />
  <finalization candidates="2359" enqueued="2107" />
  <ownableSynchronizers candidates="53713" cleared="53372" />
  <references type="soft" candidates="166" cleared="0" enqueued="0" dynamicThreshold="2" maxThreshold="32" />
  <references type="weak" candidates="17" cleared="13" enqueued="2" />
</gc-op>
<gc-end id="4621" type="scavenge" contextid="4617" durationms="5.988" usertimems="0.000" systemtimems="0.000" timestamp="2023-06-02T09:26:25.151" activeThreads="16">
  <mem-info id="4622" free="283523816" total="1073741824" percent="26">
    <mem type="nursery" free="230390040" total="268435456" percent="85">
      <mem type="allocate" free="230390040" total="241565696" percent="95" />
      <mem type="survivor" free="0" total="26869760" percent="0" />
    </mem>
    <mem type="tenure" free="53133776" total="805306368" percent="6" macro-fragmented="201903">
      <mem type="soa" free="17480376" total="765040640" percent="2" />
      <mem type="loa" free="35653400" total="40265728" percent="88" />
    </mem>
    <pending-finalizers system="1940" default="167" reference="2" classloader="0" />
    <remembered-set count="10728" />
  </mem-info>
</gc-end>
<cycle-end id="4623" type="scavenge" contextid="4617" timestamp="2023-06-02T09:26:25.154" />
<allocation-satisfied id="4624" threadId="000000000AB99500" bytesRequested="32" />
<af-end id="4625" timestamp="2023-06-02T09:26:25.154" threadId="000000000AB99E80" success="true" from="nursery"/>
<exclusive-end id="4626" timestamp="2023-06-02T09:26:25.154" durationms="12.422" />

<exclusive-start id="4627" timestamp="2023-06-02T09:26:25.723" intervalms="580.838">
  <response-info timems="0.132" idlems="0.132" threads="0" lastid="000000000AB99500" lastname="[SQL@09:26:25.715], select distinct t2.ORIGINATOR_ITEM_ID, t3.U" />
</exclusive-start>
<af-start id="4628" threadId="000000000AB99E80" totalBytesRequested="584" timestamp="2023-06-02T09:26:25.723" intervalms="580.759" type="nursery" />
<cycle-start id="4629" type="scavenge" contextid="0" timestamp="2023-06-02T09:26:25.723" intervalms="580.710" />
<gc-start id="4630" type="scavenge" contextid="4629" timestamp="2023-06-02T09:26:25.725">
  <mem-info id="4631" free="53133776" total="1073741824" percent="4">
    <mem type="nursery" free="0" total="268435456" percent="0">
      <mem type="allocate" free="0" total="241565696" percent="0" />
      <mem type="survivor" free="0" total="26869760" percent="0" />
    </mem>
    <mem type="tenure" free="53133776" total="805306368" percent="6">
      <mem type="soa" free="17480376" total="765040640" percent="2" />
      <mem type="loa" free="35653400" total="40265728" percent="88" />
    </mem>
    <remembered-set count="11916" />
  </mem-info>
</gc-start>
<allocation-stats totalBytes="230296160" >
  <allocated-bytes non-tlh="32808" tlh="230263352" />
  <largest-consumer threadName="[SQL@09:26:25.715], select distinct t2.ORIGINATOR_ITEM_ID, t3.USER_ID, t3.NAME from &#xA;(select t1q.*, T1V.ITEM_TYPE_DBID from..." threadId="000000000AB99500" bytes="226765392" />
</allocation-stats>
<gc-op id="4632" type="scavenge" timems="4.210" contextid="4629" timestamp="2023-06-02T09:26:25.730">
  <scavenger-info tenureage="7" tenuremask="4080" tiltratio="89" />
  <memory-copied type="nursery" objects="190320" bytes="9605872" bytesdiscarded="213432" />
  <memory-copied type="tenure" objects="4754" bytes="799960" bytesdiscarded="41328" />
  <finalization candidates="2311" enqueued="2059" />
  <ownableSynchronizers candidates="53263" cleared="52891" />
  <references type="soft" candidates="204" cleared="0" enqueued="0" dynamicThreshold="2" maxThreshold="32" />
  <references type="weak" candidates="21" cleared="17" enqueued="2" />
</gc-op>
<gc-end id="4633" type="scavenge" contextid="4629" durationms="4.653" usertimems="0.000" systemtimems="0.000" timestamp="2023-06-02T09:26:25.730" activeThreads="16">
  <mem-info id="4634" free="284020752" total="1073741824" percent="26">
    <mem type="nursery" free="231742688" total="268435456" percent="86">
      <mem type="allocate" free="231742688" total="241565696" percent="95" />
      <mem type="survivor" free="0" total="26869760" percent="0" />
    </mem>
    <mem type="tenure" free="52278064" total="805306368" percent="6" macro-fragmented="0">
      <mem type="soa" free="16624664" total="765040640" percent="2" />
      <mem type="loa" free="35653400" total="40265728" percent="88" />
    </mem>
    <pending-finalizers system="1935" default="124" reference="2" classloader="0" />
    <remembered-set count="10677" />
  </mem-info>
</gc-end>
<cycle-end id="4635" type="scavenge" contextid="4629" timestamp="2023-06-02T09:26:25.731" />
<allocation-satisfied id="4636" threadId="000000000AB99500" bytesRequested="584" />
<af-end id="4637" timestamp="2023-06-02T09:26:25.731" threadId="000000000AB99E80" success="true" from="nursery"/>
<exclusive-end id="4638" timestamp="2023-06-02T09:26:25.731" durationms="8.597" />

<exclusive-start id="4639" timestamp="2023-06-02T09:26:26.187" intervalms="463.686">
  <response-info timems="0.138" idlems="0.138" threads="0" lastid="000000000AB99500" lastname="[SQL@09:26:26.181], select t1.ITEM_ID, t1.STATE_ID, t1.JZ_DISCR" />
</exclusive-start>
<af-start id="4640" threadId="000000000AB99E80" totalBytesRequested="16" timestamp="2023-06-02T09:26:26.187" intervalms="463.703" type="nursery" />
<cycle-start id="4641" type="scavenge" contextid="0" timestamp="2023-06-02T09:26:26.187" intervalms="463.721" />
<gc-start id="4642" type="scavenge" contextid="4641" timestamp="2023-06-02T09:26:26.189">
  <mem-info id="4643" free="52278064" total="1073741824" percent="4">
    <mem type="nursery" free="0" total="268435456" percent="0">
      <mem type="allocate" free="0" total="241565696" percent="0" />
      <mem type="survivor" free="0" total="26869760" percent="0" />
    </mem>
    <mem type="tenure" free="52278064" total="805306368" percent="6">
      <mem type="soa" free="16624664" total="765040640" percent="2" />
      <mem type="loa" free="35653400" total="40265728" percent="88" />
    </mem>
    <remembered-set count="11736" />
  </mem-info>
</gc-start>
<allocation-stats totalBytes="231624184" >
  <allocated-bytes non-tlh="179616" tlh="231444568" />
  <largest-consumer threadName="[SQL@09:26:26.181], select t1.ITEM_ID, t1.STATE_ID, t1.JZ_DISCRIMINATOR from &#xA;(select t1q.*, T1V.ITEM_TYPE_DBID from PLANNI..." threadId="000000000AB99500" bytes="227299936" />
</allocation-stats>
<gc-op id="4644" type="scavenge" timems="3.133" contextid="4641" timestamp="2023-06-02T09:26:26.192">
  <scavenger-info tenureage="7" tenuremask="4080" tiltratio="89" />
  <memory-copied type="nursery" objects="116874" bytes="7383112" bytesdiscarded="162920" />
  <memory-copied type="tenure" objects="4249" bytes="521232" bytesdiscarded="28904" />
  <finalization candidates="1397" enqueued="1145" />
  <ownableSynchronizers candidates="53868" cleared="53471" />
  <references type="soft" candidates="230" cleared="0" enqueued="0" dynamicThreshold="2" maxThreshold="32" />
  <references type="weak" candidates="14" cleared="10" enqueued="2" />
</gc-op>
<gc-end id="4645" type="scavenge" contextid="4641" durationms="3.493" usertimems="0.000" systemtimems="0.000" timestamp="2023-06-02T09:26:26.192" activeThreads="16">
  <mem-info id="4646" free="285751648" total="1073741824" percent="26">
    <mem type="nursery" free="234016184" total="268435456" percent="87">
      <mem type="allocate" free="234016184" total="241565696" percent="96" />
      <mem type="survivor" free="0" total="26869760" percent="0" />
    </mem>
    <mem type="tenure" free="51735464" total="805306368" percent="6" macro-fragmented="1469">
      <mem type="soa" free="16082064" total="765040640" percent="2" />
      <mem type="loa" free="35653400" total="40265728" percent="88" />
    </mem>
    <pending-finalizers system="1003" default="142" reference="2" classloader="0" />
    <remembered-set count="10547" />
  </mem-info>
</gc-end>
<cycle-end id="4647" type="scavenge" contextid="4641" timestamp="2023-06-02T09:26:26.195" />
<allocation-satisfied id="4648" threadId="000000000AB99500" bytesRequested="16" />
<af-end id="4649" timestamp="2023-06-02T09:26:26.195" threadId="000000000AB99E80" success="true" from="nursery"/>
<exclusive-end id="4650" timestamp="2023-06-02T09:26:26.195" durationms="8.578" />

<exclusive-start id="4651" timestamp="2023-06-02T09:26:26.593" intervalms="406.479">
  <response-info timems="0.134" idlems="0.134" threads="0" lastid="000000000AB99500" lastname="qm: AsynchronousTaskRunner-3 @@ 09:25" />
</exclusive-start>
<af-start id="4652" threadId="000000000AB99E80" totalBytesRequested="2056" timestamp="2023-06-02T09:26:26.593" intervalms="406.728" type="nursery" />
<cycle-start id="4653" type="scavenge" contextid="0" timestamp="2023-06-02T09:26:26.593" intervalms="406.741" />
<gc-start id="4654" type="scavenge" contextid="4653" timestamp="2023-06-02T09:26:26.597">
  <mem-info id="4655" free="51735464" total="1073741824" percent="4">
    <mem type="nursery" free="0" total="268435456" percent="0">
      <mem type="allocate" free="0" total="241565696" percent="0" />
      <mem type="survivor" free="0" total="26869760" percent="0" />
    </mem>
    <mem type="tenure" free="51735464" total="805306368" percent="6">
      <mem type="soa" free="16082064" total="765040640" percent="2" />
      <mem type="loa" free="35653400" total="40265728" percent="88" />
    </mem>
    <remembered-set count="11446" />
  </mem-info>
</gc-start>
<allocation-stats totalBytes="233924576" >
  <allocated-bytes non-tlh="16" tlh="233924560" />
  <largest-consumer threadName="qm: AsynchronousTaskRunner-3 @@ 09:25" threadId="000000000AB99500" bytes="232557704" />
</allocation-stats>
<gc-op id="4656" type="scavenge" timems="2.673" contextid="4653" timestamp="2023-06-02T09:26:26.599">
  <scavenger-info tenureage="6" tenuremask="4040" tiltratio="89" />
  <memory-copied type="nursery" objects="52976" bytes="4784312" bytesdiscarded="445912" />
  <memory-copied type="tenure" objects="19287" bytes="1471080" bytesdiscarded="51776" />
  <finalization candidates="408" enqueued="155" />
  <ownableSynchronizers candidates="52868" cleared="52488" />
  <references type="soft" candidates="219" cleared="0" enqueued="0" dynamicThreshold="2" maxThreshold="32" />
  <references type="weak" candidates="15" cleared="10" enqueued="2" />
</gc-op>
<gc-end id="4657" type="scavenge" contextid="4653" durationms="3.061" usertimems="0.000" systemtimems="0.000" timestamp="2023-06-02T09:26:26.600" activeThreads="16">
  <mem-info id="4658" free="286511544" total="1073741824" percent="26">
    <mem type="nursery" free="236333336" total="268435456" percent="88">
      <mem type="allocate" free="236333336" total="241565696" percent="97" />
      <mem type="survivor" free="0" total="26869760" percent="0" />
    </mem>
    <mem type="tenure" free="50178208" total="805306368" percent="6" macro-fragmented="418667">
      <mem type="soa" free="14524808" total="765040640" percent="1" />
      <mem type="loa" free="35653400" total="40265728" percent="88" />
    </mem>
    <pending-finalizers system="61" default="94" reference="2" classloader="0" />
    <remembered-set count="2844" />
  </mem-info>
</gc-end>
<cycle-end id="4659" type="scavenge" contextid="4653" timestamp="2023-06-02T09:26:26.601" />
<allocation-satisfied id="4660" threadId="000000000AB99500" bytesRequested="2056" />
<af-end id="4661" timestamp="2023-06-02T09:26:26.601" threadId="000000000AB99E80" success="true" from="nursery"/>
<exclusive-end id="4662" timestamp="2023-06-02T09:26:26.601" durationms="8.622" />

<exclusive-start id="4663" timestamp="2023-06-02T09:26:26.927" intervalms="334.042">
  <response-info timems="0.215" idlems="0.215" threads="0" lastid="000000000AB99500" lastname="[SQL@09:26:26.924], select distinct t3.EXECUTION_VARIABLE_VALUE" />
</exclusive-start>
<af-start id="4664" threadId="000000000AB99E80" totalBytesRequested="72" timestamp="2023-06-02T09:26:26.927" intervalms="333.966" type="nursery" />
<cycle-start id="4665" type="scavenge" contextid="0" timestamp="2023-06-02T09:26:26.927" intervalms="333.969" />
<gc-start id="4666" type="scavenge" contextid="4665" timestamp="2023-06-02T09:26:26.931">
  <mem-info id="4667" free="50178208" total="1073741824" percent="4">
    <mem type="nursery" free="0" total="268435456" percent="0">
      <mem type="allocate" free="0" total="241565696" percent="0" />
      <mem type="survivor" free="0" total="26869760" percent="0" />
    </mem>
    <mem type="tenure" free="50178208" total="805306368" percent="6">
      <mem type="soa" free="14524808" total="765040640" percent="1" />
      <mem type="loa" free="35653400" total="40265728" percent="88" />
    </mem>
    <remembered-set count="3860" />
  </mem-info>
</gc-start>
<allocation-stats totalBytes="236254168" >
  <allocated-bytes non-tlh="2056" tlh="236252112" />
  <largest-consumer threadName="[SQL@09:26:26.924], select distinct t3.EXECUTION_VARIABLE_VALUE_ITM_D, t4.NAME, t4.ARCHIVED, t4.EXTERNAL_ID, t4.EXECUTION_VARIA..." threadId="000000000AB99500" bytes="235169568" />
</allocation-stats>
<gc-op id="4668" type="scavenge" timems="4.551" contextid="4665" timestamp="2023-06-02T09:26:26.936">
  <scavenger-info tenureage="4" tenuremask="4010" tiltratio="89" />
  <memory-copied type="nursery" objects="115872" bytes="6629752" bytesdiscarded="218280" />
  <memory-copied type="tenure" objects="8092" bytes="763888" bytesdiscarded="38552" />
  <finalization candidates="440" enqueued="188" />
  <ownableSynchronizers candidates="55865" cleared="55548" />
  <references type="soft" candidates="199" cleared="0" enqueued="0" dynamicThreshold="2" maxThreshold="32" />
  <references type="weak" candidates="11" cleared="9" enqueued="2" />
</gc-op>
<gc-end id="4669" type="scavenge" contextid="4665" durationms="4.873" usertimems="15.625" systemtimems="0.000" timestamp="2023-06-02T09:26:26.936" activeThreads="16">
  <mem-info id="4670" free="284069960" total="1073741824" percent="26">
    <mem type="nursery" free="234715056" total="268435456" percent="87">
      <mem type="allocate" free="234715056" total="241565696" percent="97" />
      <mem type="survivor" free="0" total="26869760" percent="0" />
    </mem>
    <mem type="tenure" free="49354904" total="805306368" percent="6" macro-fragmented="33872">
      <mem type="soa" free="13701504" total="765040640" percent="1" />
      <mem type="loa" free="35653400" total="40265728" percent="88" />
    </mem>
    <pending-finalizers system="80" default="108" reference="2" classloader="0" />
    <remembered-set count="2902" />
  </mem-info>
</gc-end>
<cycle-end id="4671" type="scavenge" contextid="4665" timestamp="2023-06-02T09:26:26.938" />
<allocation-satisfied id="4672" threadId="000000000AB99500" bytesRequested="72" />
<af-end id="4673" timestamp="2023-06-02T09:26:26.938" threadId="000000000AB99E80" success="true" from="nursery"/>
<exclusive-end id="4674" timestamp="2023-06-02T09:26:26.938" durationms="10.699" />

<exclusive-start id="4675" timestamp="2023-06-02T09:26:27.284" intervalms="357.687">
  <response-info timems="0.063" idlems="0.063" threads="0" lastid="000000000AB99500" lastname="[SQL@09:26:27.280], select distinct t3.KEY_COL, t3.VALUE, t4.KE" />
</exclusive-start>
<af-start id="4676" threadId="000000000AB99E80" totalBytesRequested="40" timestamp="2023-06-02T09:26:27.284" intervalms="357.564" type="nursery" />
<cycle-start id="4677" type="scavenge" contextid="0" timestamp="2023-06-02T09:26:27.285" intervalms="357.696" />
<gc-start id="4678" type="scavenge" contextid="4677" timestamp="2023-06-02T09:26:27.288">
  <mem-info id="4679" free="49354120" total="1073741824" percent="4">
    <mem type="nursery" free="0" total="268435456" percent="0">
      <mem type="allocate" free="0" total="241565696" percent="0" />
      <mem type="survivor" free="0" total="26869760" percent="0" />
    </mem>
    <mem type="tenure" free="49354120" total="805306368" percent="6">
      <mem type="soa" free="13700720" total="765040640" percent="1" />
      <mem type="loa" free="35653400" total="40265728" percent="88" />
    </mem>
    <remembered-set count="4149" />
  </mem-info>
</gc-start>
<allocation-stats totalBytes="234618608" >
  <allocated-bytes non-tlh="391792" tlh="234226816" />
  <largest-consumer threadName="[SQL@09:26:27.280], select distinct t3.KEY_COL, t3.VALUE, t4.KEY_COL, t4.VALUE, t5.KEY_COL, t5.VALUE, t6.KEY_COL, t6.VALUE, t7...." threadId="000000000AB99500" bytes="229542800" />
</allocation-stats>
<gc-op id="4680" type="scavenge" timems="4.240" contextid="4677" timestamp="2023-06-02T09:26:27.293">
  <scavenger-info tenureage="3" tenuremask="4098" tiltratio="89" />
  <memory-copied type="nursery" objects="197820" bytes="8160632" bytesdiscarded="217536" />
  <memory-copied type="tenure" objects="24891" bytes="2200120" bytesdiscarded="91248" />
  <finalization candidates="514" enqueued="262" />
  <ownableSynchronizers candidates="54876" cleared="54615" />
  <references type="soft" candidates="134" cleared="0" enqueued="0" dynamicThreshold="2" maxThreshold="32" />
  <references type="weak" candidates="24" cleared="22" enqueued="13" />
</gc-op>
<gc-end id="4681" type="scavenge" contextid="4677" durationms="4.823" usertimems="0.000" systemtimems="0.000" timestamp="2023-06-02T09:26:27.293" activeThreads="16">
  <mem-info id="4682" free="280249224" total="1073741824" percent="26">
    <mem type="nursery" free="233185072" total="268435456" percent="86">
      <mem type="allocate" free="233185072" total="241565696" percent="96" />
      <mem type="survivor" free="0" total="26869760" percent="0" />
    </mem>
    <mem type="tenure" free="47064152" total="805306368" percent="5" macro-fragmented="0">
      <mem type="soa" free="11410752" total="765040640" percent="1" />
      <mem type="loa" free="35653400" total="40265728" percent="88" />
    </mem>
    <pending-finalizers system="90" default="172" reference="13" classloader="0" />
    <remembered-set count="2544" />
  </mem-info>
</gc-end>
<cycle-end id="4683" type="scavenge" contextid="4677" timestamp="2023-06-02T09:26:27.296" />
<allocation-satisfied id="4684" threadId="000000000AB99500" bytesRequested="40" />
<af-end id="4685" timestamp="2023-06-02T09:26:27.296" threadId="000000000AB99E80" success="true" from="nursery"/>
<exclusive-end id="4686" timestamp="2023-06-02T09:26:27.296" durationms="11.767" />

<exclusive-start id="4687" timestamp="2023-06-02T09:26:28.092" intervalms="807.252">
  <response-info timems="0.111" idlems="0.111" threads="0" lastid="000000000AB99500" lastname="[SQL@09:26:28.091], select distinct t2.OWNER_ITEM_ID, t3.USER_I" />
</exclusive-start>
<af-start id="4688" threadId="000000000AB99E80" totalBytesRequested="16" timestamp="2023-06-02T09:26:28.092" intervalms="807.196" type="nursery" />
<cycle-start id="4689" type="scavenge" contextid="0" timestamp="2023-06-02T09:26:28.092" intervalms="807.035" />
<gc-start id="4690" type="scavenge" contextid="4689" timestamp="2023-06-02T09:26:28.096">
  <mem-info id="4691" free="47064152" total="1073741824" percent="4">
    <mem type="nursery" free="0" total="268435456" percent="0">
      <mem type="allocate" free="0" total="241565696" percent="0" />
      <mem type="survivor" free="0" total="26869760" percent="0" />
    </mem>
    <mem type="tenure" free="47064152" total="805306368" percent="5">
      <mem type="soa" free="11410752" total="765040640" percent="1" />
      <mem type="loa" free="35653400" total="40265728" percent="88" />
    </mem>
    <remembered-set count="3967" />
  </mem-info>
</gc-start>
<allocation-stats totalBytes="233101296" >
  <allocated-bytes non-tlh="49112" tlh="233052184" />
  <largest-consumer threadName="[SQL@09:26:28.091], select distinct t2.OWNER_ITEM_ID, t3.USER_ID, t3.NAME from &#xA;(select t1q.*, T1V.ITEM_TYPE_DBID from PLAN..." threadId="000000000AB99500" bytes="226692776" />
</allocation-stats>
<gc-op id="4692" type="scavenge" timems="3.109" contextid="4689" timestamp="2023-06-02T09:26:28.099">
  <scavenger-info tenureage="7" tenuremask="4080" tiltratio="89" />
  <memory-copied type="nursery" objects="92879" bytes="5226000" bytesdiscarded="510600" />
  <memory-copied type="tenure" objects="5527" bytes="606096" bytesdiscarded="28920" />
  <finalization candidates="3951" enqueued="3699" />
  <ownableSynchronizers candidates="52854" cleared="52670" />
  <references type="soft" candidates="135" cleared="0" enqueued="0" dynamicThreshold="2" maxThreshold="32" />
  <references type="weak" candidates="13" cleared="11" enqueued="2" />
</gc-op>
<gc-end id="4693" type="scavenge" contextid="4689" durationms="3.457" usertimems="0.000" systemtimems="0.000" timestamp="2023-06-02T09:26:28.100" activeThreads="16">
  <mem-info id="4694" free="282263536" total="1073741824" percent="26">
    <mem type="nursery" free="235826384" total="268435456" percent="87">
      <mem type="allocate" free="235826384" total="241565696" percent="97" />
      <mem type="survivor" free="0" total="26869760" percent="0" />
    </mem>
    <mem type="tenure" free="46437152" total="805306368" percent="5" macro-fragmented="0">
      <mem type="soa" free="10783752" total="765040640" percent="1" />
      <mem type="loa" free="35653400" total="40265728" percent="88" />
    </mem>
    <pending-finalizers system="3551" default="148" reference="2" classloader="0" />
    <remembered-set count="2536" />
  </mem-info>
</gc-end>
<cycle-end id="4695" type="scavenge" contextid="4689" timestamp="2023-06-02T09:26:28.101" />
<allocation-satisfied id="4696" threadId="000000000AB99500" bytesRequested="16" />
<af-end id="4697" timestamp="2023-06-02T09:26:28.101" threadId="000000000AB99E80" success="true" from="nursery"/>
<exclusive-end id="4698" timestamp="2023-06-02T09:26:28.101" durationms="9.386" />

<exclusive-start id="4699" timestamp="2023-06-02T09:26:28.499" intervalms="407.161">
  <response-info timems="0.071" idlems="0.071" threads="0" lastid="000000000AB99500" lastname="[SQL@09:26:28.497], select distinct t2.ORIGINATOR_ITEM_ID, t3.U" />
</exclusive-start>
<af-start id="4700" threadId="000000000AB99E80" totalBytesRequested="40" timestamp="2023-06-02T09:26:28.499" intervalms="407.166" type="nursery" />
<cycle-start id="4701" type="scavenge" contextid="0" timestamp="2023-06-02T09:26:28.499" intervalms="407.184" />
<gc-start id="4702" type="scavenge" contextid="4701" timestamp="2023-06-02T09:26:28.502">
  <mem-info id="4703" free="46437152" total="1073741824" percent="4">
    <mem type="nursery" free="0" total="268435456" percent="0">
      <mem type="allocate" free="0" total="241565696" percent="0" />
      <mem type="survivor" free="0" total="26869760" percent="0" />
    </mem>
    <mem type="tenure" free="46437152" total="805306368" percent="5">
      <mem type="soa" free="10783752" total="765040640" percent="1" />
      <mem type="loa" free="35653400" total="40265728" percent="88" />
    </mem>
    <remembered-set count="3669" />
  </mem-info>
</gc-start>
<allocation-stats totalBytes="235741680" >
  <allocated-bytes non-tlh="179048" tlh="235562632" />
  <largest-consumer threadName="[SQL@09:26:28.497], select distinct t2.ORIGINATOR_ITEM_ID, t3.USER_ID, t3.NAME from &#xA;(select t1q.*, T1V.ITEM_TYPE_DBID from..." threadId="000000000AB99500" bytes="233342960" />
</allocation-stats>
<gc-op id="4704" type="scavenge" timems="2.762" contextid="4701" timestamp="2023-06-02T09:26:28.505">
  <scavenger-info tenureage="14" tenuremask="4000" tiltratio="89" />
  <memory-copied type="nursery" objects="113958" bytes="6140648" bytesdiscarded="152384" />
  <finalization candidates="904" enqueued="670" />
  <ownableSynchronizers candidates="54983" cleared="54797" />
  <references type="soft" candidates="167" cleared="0" enqueued="0" dynamicThreshold="2" maxThreshold="32" />
  <references type="weak" candidates="12" cleared="10" enqueued="2" />
</gc-op>
<gc-end id="4705" type="scavenge" contextid="4701" durationms="3.177" usertimems="0.000" systemtimems="0.000" timestamp="2023-06-02T09:26:28.505" activeThreads="16">
  <mem-info id="4706" free="281707376" total="1073741824" percent="26">
    <mem type="nursery" free="235270224" total="268435456" percent="87">
      <mem type="allocate" free="235270224" total="241565696" percent="97" />
      <mem type="survivor" free="0" total="26869760" percent="0" />
    </mem>
    <mem type="tenure" free="46437152" total="805306368" percent="5" macro-fragmented="0">
      <mem type="soa" free="10783752" total="765040640" percent="1" />
      <mem type="loa" free="35653400" total="40265728" percent="88" />
    </mem>
    <pending-finalizers system="542" default="128" reference="2" classloader="0" />
    <remembered-set count="2623" />
  </mem-info>
</gc-end>
<cycle-end id="4707" type="scavenge" contextid="4701" timestamp="2023-06-02T09:26:28.507" />
<allocation-satisfied id="4708" threadId="000000000AB99500" bytesRequested="40" />
<af-end id="4709" timestamp="2023-06-02T09:26:28.507" threadId="000000000AB99E80" success="true" from="nursery"/>
<exclusive-end id="4710" timestamp="2023-06-02T09:26:28.507" durationms="8.019" />

<exclusive-start id="4711" timestamp="2023-06-02T09:26:28.925" intervalms="425.939">
  <response-info timems="0.118" idlems="0.118" threads="0" lastid="000000000AB99500" lastname="[SQL@09:26:28.921], select distinct t3.ITEM_ID, t3.NAME, t4.NAM" />
</exclusive-start>
<af-start id="4712" threadId="000000000AB99E80" totalBytesRequested="40" timestamp="2023-06-02T09:26:28.925" intervalms="425.943" type="nursery" />
<cycle-start id="4713" type="scavenge" contextid="0" timestamp="2023-06-02T09:26:28.925" intervalms="425.926" />
<gc-start id="4714" type="scavenge" contextid="4713" timestamp="2023-06-02T09:26:28.928">
  <mem-info id="4715" free="46437152" total="1073741824" percent="4">
    <mem type="nursery" free="0" total="268435456" percent="0">
      <mem type="allocate" free="0" total="241565696" percent="0" />
      <mem type="survivor" free="0" total="26869760" percent="0" />
    </mem>
    <mem type="tenure" free="46437152" total="805306368" percent="5">
      <mem type="soa" free="10783752" total="765040640" percent="1" />
      <mem type="loa" free="35653400" total="40265728" percent="88" />
    </mem>
    <remembered-set count="3623" />
  </mem-info>
</gc-start>
<allocation-stats totalBytes="235191760" >
  <allocated-bytes non-tlh="40" tlh="235191720" />
  <largest-consumer threadName="[SQL@09:26:28.921], select distinct t3.ITEM_ID, t3.NAME, t4.NAME, t3.CATEGORY_TYPE_ITEM_ID, t3.ARCHIVED, t4.ARCHIVED, t3.EXTERN..." threadId="000000000AB99500" bytes="234181216" />
</allocation-stats>
<gc-op id="4716" type="scavenge" timems="3.013" contextid="4713" timestamp="2023-06-02T09:26:28.931">
  <scavenger-info tenureage="4" tenuremask="5010" tiltratio="89" />
  <memory-copied type="nursery" objects="153782" bytes="7019392" bytesdiscarded="230712" />
  <memory-copied type="tenure" objects="11080" bytes="1142440" bytesdiscarded="62720" />
  <finalization candidates="880" enqueued="646" />
  <ownableSynchronizers candidates="55609" cleared="55397" />
  <references type="soft" candidates="166" cleared="0" enqueued="0" dynamicThreshold="2" maxThreshold="32" />
  <references type="weak" candidates="12" cleared="10" enqueued="2" />
</gc-op>
<gc-end id="4717" type="scavenge" contextid="4713" durationms="3.335" usertimems="0.000" systemtimems="0.000" timestamp="2023-06-02T09:26:28.932" activeThreads="16">
  <mem-info id="4718" free="279522544" total="1073741824" percent="26">
    <mem type="nursery" free="234313384" total="268435456" percent="87">
      <mem type="allocate" free="234313384" total="241565696" percent="96" />
      <mem type="survivor" free="0" total="26869760" percent="0" />
    </mem>
    <mem type="tenure" free="45209160" total="805306368" percent="5" macro-fragmented="0">
      <mem type="soa" free="9555760" total="765040640" percent="1" />
      <mem type="loa" free="35653400" total="40265728" percent="88" />
    </mem>
    <pending-finalizers system="542" default="104" reference="2" classloader="0" />
    <remembered-set count="2568" />
  </mem-info>
</gc-end>
<cycle-end id="4719" type="scavenge" contextid="4713" timestamp="2023-06-02T09:26:28.933" />
<allocation-satisfied id="4720" threadId="000000000AB99500" bytesRequested="40" />
<af-end id="4721" timestamp="2023-06-02T09:26:28.933" threadId="000000000AB99E80" success="true" from="nursery"/>
<exclusive-end id="4722" timestamp="2023-06-02T09:26:28.933" durationms="7.986" />

<exclusive-start id="4723" timestamp="2023-06-02T09:26:29.269" intervalms="343.525">
  <response-info timems="0.242" idlems="0.242" threads="0" lastid="000000000AB99500" lastname="qm: AsynchronousTaskRunner-3 @@ 09:25" />
</exclusive-start>
<af-start id="4724" threadId="000000000AB99E80" totalBytesRequested="8208" timestamp="2023-06-02T09:26:29.269" intervalms="344.161" type="nursery" />
<cycle-start id="4725" type="scavenge" contextid="0" timestamp="2023-06-02T09:26:29.270" intervalms="344.367" />
<gc-start id="4726" type="scavenge" contextid="4725" timestamp="2023-06-02T09:26:29.273">
  <mem-info id="4727" free="45209160" total="1073741824" percent="4">
    <mem type="nursery" free="0" total="268435456" percent="0">
      <mem type="allocate" free="0" total="241565696" percent="0" />
      <mem type="survivor" free="0" total="26869760" percent="0" />
    </mem>
    <mem type="tenure" free="45209160" total="805306368" percent="5">
      <mem type="soa" free="9555760" total="765040640" percent="1" />
      <mem type="loa" free="35653400" total="40265728" percent="88" />
    </mem>
    <remembered-set count="3716" />
  </mem-info>
</gc-start>
<allocation-stats totalBytes="234196088" >
  <allocated-bytes non-tlh="195464" tlh="234000624" />
  <largest-consumer threadName="qm: AsynchronousTaskRunner-3 @@ 09:25" threadId="000000000AB99500" bytes="229926400" />
</allocation-stats>
<gc-op id="4728" type="scavenge" timems="2.369" contextid="4725" timestamp="2023-06-02T09:26:29.275">
  <scavenger-info tenureage="14" tenuremask="4000" tiltratio="89" />
  <memory-copied type="nursery" objects="50729" bytes="4583216" bytesdiscarded="142728" />
  <finalization candidates="459" enqueued="225" />
  <ownableSynchronizers candidates="54033" cleared="53859" />
  <references type="soft" candidates="196" cleared="0" enqueued="0" dynamicThreshold="2" maxThreshold="32" />
  <references type="weak" candidates="13" cleared="11" enqueued="2" />
</gc-op>
<gc-end id="4729" type="scavenge" contextid="4725" durationms="2.715" usertimems="0.000" systemtimems="0.000" timestamp="2023-06-02T09:26:29.275" activeThreads="16">
  <mem-info id="4730" free="282046664" total="1073741824" percent="26">
    <mem type="nursery" free="236837504" total="268435456" percent="88">
      <mem type="allocate" free="236837504" total="241565696" percent="98" />
      <mem type="survivor" free="0" total="26869760" percent="0" />
    </mem>
    <mem type="tenure" free="45209160" total="805306368" percent="5" macro-fragmented="3296">
      <mem type="soa" free="9555760" total="765040640" percent="1" />
      <mem type="loa" free="35653400" total="40265728" percent="88" />
    </mem>
    <pending-finalizers system="83" default="142" reference="2" classloader="0" />
    <remembered-set count="2623" />
  </mem-info>
</gc-end>
<cycle-end id="4731" type="scavenge" contextid="4725" timestamp="2023-06-02T09:26:29.281" />
<allocation-satisfied id="4732" threadId="000000000AB99500" bytesRequested="8208" />
<af-end id="4733" timestamp="2023-06-02T09:26:29.281" threadId="000000000AB99E80" success="true" from="nursery"/>
<exclusive-end id="4734" timestamp="2023-06-02T09:26:29.281" durationms="13.711" />

<exclusive-start id="4735" timestamp="2023-06-02T09:26:29.798" intervalms="529.917">
  <response-info timems="0.125" idlems="0.125" threads="0" lastid="000000000AB99500" lastname="[SQL@09:26:29.795], select distinct t3.EXECUTION_VARIABLE_ITEM_" />
</exclusive-start>
<af-start id="4736" threadId="000000000AB99E80" totalBytesRequested="40" timestamp="2023-06-02T09:26:29.799" intervalms="529.263" type="nursery" />
<cycle-start id="4737" type="scavenge" contextid="0" timestamp="2023-06-02T09:26:29.799" intervalms="529.060" />
<gc-start id="4738" type="scavenge" contextid="4737" timestamp="2023-06-02T09:26:29.802">
  <mem-info id="4739" free="45202200" total="1073741824" percent="4">
    <mem type="nursery" free="0" total="268435456" percent="0">
      <mem type="allocate" free="0" total="241565696" percent="0" />
      <mem type="survivor" free="0" total="26869760" percent="0" />
    </mem>
    <mem type="tenure" free="45202200" total="805306368" percent="5">
      <mem type="soa" free="9548800" total="765040640" percent="1" />
      <mem type="loa" free="35653400" total="40265728" percent="88" />
    </mem>
    <remembered-set count="6016" />
  </mem-info>
</gc-start>
<allocation-stats totalBytes="236713696" >
  <allocated-bytes non-tlh="3327184" tlh="233386512" />
  <largest-consumer threadName="[SQL@09:26:29.795], select distinct t3.EXECUTION_VARIABLE_ITEM_ID, t4.NAME, t4.ARCHIVED, t4.EXTERNAL_ID from &#xA;(select t1q.*..." threadId="000000000AB99500" bytes="168259152" />
</allocation-stats>
<gc-op id="4740" type="scavenge" timems="10.311" contextid="4737" timestamp="2023-06-02T09:26:29.812">
  <scavenger-info tenureage="5" tenuremask="4020" tiltratio="89" />
  <memory-copied type="nursery" objects="172007" bytes="12458120" bytesdiscarded="350592" />
  <memory-copied type="tenure" objects="6109" bytes="636672" bytesdiscarded="36944" />
  <finalization candidates="3999" enqueued="3727" />
  <ownableSynchronizers candidates="42955" cleared="41025" />
  <references type="soft" candidates="2185" cleared="0" enqueued="0" dynamicThreshold="2" maxThreshold="32" />
  <references type="weak" candidates="134" cleared="55" enqueued="17" />
</gc-op>
<gc-end id="4741" type="scavenge" contextid="4737" durationms="10.829" usertimems="15.625" systemtimems="0.000" timestamp="2023-06-02T09:26:29.812" activeThreads="16">
  <mem-info id="4742" free="273237520" total="1073741824" percent="25">
    <mem type="nursery" free="228717704" total="268435456" percent="85">
      <mem type="allocate" free="228717704" total="241565696" percent="94" />
      <mem type="survivor" free="0" total="26869760" percent="0" />
    </mem>
    <mem type="tenure" free="44519816" total="805306368" percent="5" macro-fragmented="56347">
      <mem type="soa" free="8866416" total="765040640" percent="1" />
      <mem type="loa" free="35653400" total="40265728" percent="88" />
    </mem>
    <pending-finalizers system="2766" default="961" reference="17" classloader="0" />
    <remembered-set count="4863" />
  </mem-info>
</gc-end>
<cycle-end id="4743" type="scavenge" contextid="4737" timestamp="2023-06-02T09:26:29.815" />
<allocation-satisfied id="4744" threadId="000000000AB99500" bytesRequested="40" />
<af-end id="4745" timestamp="2023-06-02T09:26:29.815" threadId="000000000AB99E80" success="true" from="nursery"/>
<exclusive-end id="4746" timestamp="2023-06-02T09:26:29.815" durationms="17.079" />

<exclusive-start id="4747" timestamp="2023-06-02T09:26:30.109" intervalms="310.962">
  <response-info timems="0.099" idlems="0.099" threads="0" lastid="000000000186A100" lastname="Default Executor-thread-20 @@ 09:26 &lt;unauthenticated&gt; " />
</exclusive-start>
<af-start id="4748" threadId="000000000186AA80" totalBytesRequested="16" timestamp="2023-06-02T09:26:30.109" intervalms="311.134" type="nursery" />
<cycle-start id="4749" type="scavenge" contextid="0" timestamp="2023-06-02T09:26:30.109" intervalms="311.150" />
<gc-start id="4750" type="scavenge" contextid="4749" timestamp="2023-06-02T09:26:30.113">
  <mem-info id="4751" free="44519816" total="1073741824" percent="4">
    <mem type="nursery" free="0" total="268435456" percent="0">
      <mem type="allocate" free="0" total="241565696" percent="0" />
      <mem type="survivor" free="0" total="26869760" percent="0" />
    </mem>
    <mem type="tenure" free="44519816" total="805306368" percent="5">
      <mem type="soa" free="8866416" total="765040640" percent="1" />
      <mem type="loa" free="35653400" total="40265728" percent="88" />
    </mem>
    <remembered-set count="5728" />
  </mem-info>
</gc-start>
<allocation-stats totalBytes="228587136" >
  <allocated-bytes non-tlh="7345856" tlh="221241280" />
  <largest-consumer threadName="qm: AsynchronousTaskRunner-3 @@ 09:25" threadId="000000000AB99500" bytes="79239024" />
</allocation-stats>
<gc-op id="4752" type="scavenge" timems="4.114" contextid="4749" timestamp="2023-06-02T09:26:30.117">
  <scavenger-info tenureage="14" tenuremask="4000" tiltratio="89" />
  <memory-copied type="nursery" objects="163193" bytes="12293808" bytesdiscarded="299704" />
  <finalization candidates="2267" enqueued="1994" />
  <ownableSynchronizers candidates="28221" cleared="26156" />
  <references type="soft" candidates="2691" cleared="0" enqueued="0" dynamicThreshold="2" maxThreshold="32" />
  <references type="weak" candidates="77" cleared="14" enqueued="6" />
</gc-op>
<gc-end id="4753" type="scavenge" contextid="4749" durationms="4.524" usertimems="15.625" systemtimems="0.000" timestamp="2023-06-02T09:26:30.118" activeThreads="16">
  <mem-info id="4754" free="273472080" total="1073741824" percent="25">
    <mem type="nursery" free="228952264" total="268435456" percent="85">
      <mem type="allocate" free="228952264" total="241565696" percent="94" />
      <mem type="survivor" free="0" total="26869760" percent="0" />
    </mem>
    <mem type="tenure" free="44519816" total="805306368" percent="5" macro-fragmented="0">
      <mem type="soa" free="8866416" total="765040640" percent="1" />
      <mem type="loa" free="35653400" total="40265728" percent="88" />
    </mem>
    <pending-finalizers system="1724" default="270" reference="6" classloader="0" />
    <remembered-set count="5179" />
  </mem-info>
</gc-end>
<cycle-end id="4755" type="scavenge" contextid="4749" timestamp="2023-06-02T09:26:30.120" />
<allocation-satisfied id="4756" threadId="000000000186A100" bytesRequested="16" />
<af-end id="4757" timestamp="2023-06-02T09:26:30.120" threadId="000000000186AA80" success="true" from="nursery"/>
<exclusive-end id="4758" timestamp="2023-06-02T09:26:30.120" durationms="10.337" />

<exclusive-start id="4759" timestamp="2023-06-02T09:26:30.427" intervalms="317.431">
  <response-info timems="0.184" idlems="0.184" threads="0" lastid="000000000173B700" lastname="lqe.Fetcher[links_qm - piotr/qm]-thread-0" />
</exclusive-start>
<af-start id="4760" threadId="000000000173C080" totalBytesRequested="136" timestamp="2023-06-02T09:26:30.427" intervalms="317.302" type="nursery" />
<cycle-start id="4761" type="scavenge" contextid="0" timestamp="2023-06-02T09:26:30.427" intervalms="317.295" />
<gc-start id="4762" type="scavenge" contextid="4761" timestamp="2023-06-02T09:26:30.429">
  <mem-info id="4763" free="44516576" total="1073741824" percent="4">
    <mem type="nursery" free="0" total="268435456" percent="0">
      <mem type="allocate" free="0" total="241565696" percent="0" />
      <mem type="survivor" free="0" total="26869760" percent="0" />
    </mem>
    <mem type="tenure" free="44516576" total="805306368" percent="5">
      <mem type="soa" free="8863176" total="765040640" percent="1" />
      <mem type="loa" free="35653400" total="40265728" percent="88" />
    </mem>
    <remembered-set count="6735" />
  </mem-info>
</gc-start>
<allocation-stats totalBytes="228843704" >
  <allocated-bytes non-tlh="6199776" tlh="222643928" />
  <largest-consumer threadName="qm: AsynchronousTaskRunner-3 @@ 09:25" threadId="000000000AB99500" bytes="129008624" />
</allocation-stats>
<gc-op id="4764" type="scavenge" timems="6.499" contextid="4761" timestamp="2023-06-02T09:26:30.435">
  <scavenger-info tenureage="14" tenuremask="4000" tiltratio="89" />
  <memory-copied type="nursery" objects="199060" bytes="11963960" bytesdiscarded="291512" />
  <finalization candidates="1473" enqueued="1199" />
  <ownableSynchronizers candidates="33574" cleared="31364" />
  <references type="soft" candidates="3323" cleared="0" enqueued="0" dynamicThreshold="2" maxThreshold="32" />
  <references type="weak" candidates="134" cleared="45" enqueued="27" />
</gc-op>
<gc-end id="4765" type="scavenge" contextid="4761" durationms="6.856" usertimems="15.625" systemtimems="0.000" timestamp="2023-06-02T09:26:30.436" activeThreads="16">
  <mem-info id="4766" free="273806568" total="1073741824" percent="25">
    <mem type="nursery" free="229289992" total="268435456" percent="85">
      <mem type="allocate" free="229289992" total="241565696" percent="94" />
      <mem type="survivor" free="0" total="26869760" percent="0" />
    </mem>
    <mem type="tenure" free="44516576" total="805306368" percent="5" macro-fragmented="131104">
      <mem type="soa" free="8863176" total="765040640" percent="1" />
      <mem type="loa" free="35653400" total="40265728" percent="88" />
    </mem>
    <pending-finalizers system="904" default="295" reference="27" classloader="0" />
    <remembered-set count="5812" />
  </mem-info>
</gc-end>
<cycle-end id="4767" type="scavenge" contextid="4761" timestamp="2023-06-02T09:26:30.438" />
<allocation-satisfied id="4768" threadId="000000000173B700" bytesRequested="136" />
<af-end id="4769" timestamp="2023-06-02T09:26:30.438" threadId="000000000173C080" success="true" from="nursery"/>
<exclusive-end id="4770" timestamp="2023-06-02T09:26:30.438" durationms="11.136" />

<exclusive-start id="4771" timestamp="2023-06-02T09:26:30.734" intervalms="307.649">
  <response-info timems="0.142" idlems="0.142" threads="0" lastid="000000000AB99500" lastname="[SQL@09:26:30.727], select distinct t2.OWNER_ITEM_ID, t3.USER_I" />
</exclusive-start>
<af-start id="4772" threadId="000000000AB99E80" totalBytesRequested="40" timestamp="2023-06-02T09:26:30.735" intervalms="307.688" type="nursery" />
<cycle-start id="4773" type="scavenge" contextid="0" timestamp="2023-06-02T09:26:30.735" intervalms="307.691" />
<gc-start id="4774" type="scavenge" contextid="4773" timestamp="2023-06-02T09:26:30.737">
  <mem-info id="4775" free="44515800" total="1073741824" percent="4">
    <mem type="nursery" free="0" total="268435456" percent="0">
      <mem type="allocate" free="0" total="241565696" percent="0" />
      <mem type="survivor" free="0" total="26869760" percent="0" />
    </mem>
    <mem type="tenure" free="44515800" total="805306368" percent="5">
      <mem type="soa" free="8862400" total="765040640" percent="1" />
      <mem type="loa" free="35653400" total="40265728" percent="88" />
    </mem>
    <remembered-set count="7023" />
  </mem-info>
</gc-start>
<allocation-stats totalBytes="229145488" >
  <allocated-bytes non-tlh="2844840" tlh="226300648" />
  <largest-consumer threadName="[SQL@09:26:30.727], select distinct t2.OWNER_ITEM_ID, t3.USER_ID, t3.NAME from &#xA;(select t1q.*, T1V.ITEM_TYPE_DBID from PLAN..." threadId="000000000AB99500" bytes="205842856" />
</allocation-stats>
<gc-op id="4776" type="scavenge" timems="5.434" contextid="4773" timestamp="2023-06-02T09:26:30.742">
  <scavenger-info tenureage="14" tenuremask="4000" tiltratio="89" />
  <memory-copied type="nursery" objects="326783" bytes="16554664" bytesdiscarded="187656" />
  <finalization candidates="703" enqueued="430" />
  <ownableSynchronizers candidates="50371" cleared="48183" />
  <references type="soft" candidates="3393" cleared="0" enqueued="0" dynamicThreshold="2" maxThreshold="32" />
  <references type="weak" candidates="101" cleared="36" enqueued="20" />
  <references type="phantom" candidates="4" cleared="3" enqueued="3" />
</gc-op>
<gc-end id="4777" type="scavenge" contextid="4773" durationms="5.799" usertimems="0.000" systemtimems="0.000" timestamp="2023-06-02T09:26:30.743" activeThreads="16">
  <mem-info id="4778" free="269329856" total="1073741824" percent="25">
    <mem type="nursery" free="224814056" total="268435456" percent="83">
      <mem type="allocate" free="224814056" total="241565696" percent="93" />
      <mem type="survivor" free="0" total="26869760" percent="0" />
    </mem>
    <mem type="tenure" free="44515800" total="805306368" percent="5" macro-fragmented="20520">
      <mem type="soa" free="8862400" total="765040640" percent="1" />
      <mem type="loa" free="35653400" total="40265728" percent="88" />
    </mem>
    <pending-finalizers system="94" default="336" reference="23" classloader="0" />
    <remembered-set count="6224" />
  </mem-info>
</gc-end>
<cycle-end id="4779" type="scavenge" contextid="4773" timestamp="2023-06-02T09:26:30.747" />
<allocation-satisfied id="4780" threadId="000000000AB99500" bytesRequested="40" />
<af-end id="4781" timestamp="2023-06-02T09:26:30.747" threadId="000000000AB99E80" success="true" from="nursery"/>
<exclusive-end id="4782" timestamp="2023-06-02T09:26:30.747" durationms="12.800" />

<exclusive-start id="4783" timestamp="2023-06-02T09:26:31.123" intervalms="388.016">
  <response-info timems="0.116" idlems="0.116" threads="0" lastid="000000000AB99500" lastname="qm: AsynchronousTaskRunner-3 @@ 09:25" />
</exclusive-start>
<af-start id="4784" threadId="000000000AB99E80" totalBytesRequested="584" timestamp="2023-06-02T09:26:31.123" intervalms="387.937" type="nursery" />
<cycle-start id="4785" type="scavenge" contextid="0" timestamp="2023-06-02T09:26:31.123" intervalms="387.934" />
<gc-start id="4786" type="scavenge" contextid="4785" timestamp="2023-06-02T09:26:31.125">
  <mem-info id="4787" free="44515800" total="1073741824" percent="4">
    <mem type="nursery" free="0" total="268435456" percent="0">
      <mem type="allocate" free="0" total="241565696" percent="0" />
      <mem type="survivor" free="0" total="26869760" percent="0" />
    </mem>
    <mem type="tenure" free="44515800" total="805306368" percent="5">
      <mem type="soa" free="8862400" total="765040640" percent="1" />
      <mem type="loa" free="35653400" total="40265728" percent="88" />
    </mem>
    <remembered-set count="6734" />
  </mem-info>
</gc-start>
<allocation-stats totalBytes="224695112" >
  <allocated-bytes non-tlh="380120" tlh="224314992" />
  <largest-consumer threadName="qm: AsynchronousTaskRunner-3 @@ 09:25" threadId="000000000AB99500" bytes="219821152" />
</allocation-stats>
<gc-op id="4788" type="scavenge" timems="5.458" contextid="4785" timestamp="2023-06-02T09:26:31.131">
  <scavenger-info tenureage="4" tenuremask="4190" tiltratio="89" />
  <memory-copied type="nursery" objects="150620" bytes="9532512" bytesdiscarded="460296" />
  <memory-copied type="tenure" objects="61096" bytes="3879648" bytesdiscarded="105480" />
  <finalization candidates="968" enqueued="695" />
  <ownableSynchronizers candidates="54387" cleared="52220" />
  <references type="soft" candidates="1344" cleared="0" enqueued="0" dynamicThreshold="2" maxThreshold="32" />
  <references type="weak" candidates="35" cleared="31" enqueued="18" />
  <references type="phantom" candidates="1" cleared="0" enqueued="0" />
</gc-op>
<gc-end id="4789" type="scavenge" contextid="4785" durationms="5.824" usertimems="0.000" systemtimems="0.000" timestamp="2023-06-02T09:26:31.131" activeThreads="16">
  <mem-info id="4790" free="272057144" total="1073741824" percent="25">
    <mem type="nursery" free="231569176" total="268435456" percent="86">
      <mem type="allocate" free="231569176" total="241565696" percent="95" />
      <mem type="survivor" free="0" total="26869760" percent="0" />
    </mem>
    <mem type="tenure" free="40487968" total="805306368" percent="5" macro-fragmented="9232">
      <mem type="soa" free="4834568" total="765040640" percent="0" />
      <mem type="loa" free="35653400" total="40265728" percent="88" />
    </mem>
    <pending-finalizers system="553" default="142" reference="18" classloader="0" />
    <remembered-set count="6380" />
  </mem-info>
</gc-end>
<cycle-end id="4791" type="scavenge" contextid="4785" timestamp="2023-06-02T09:26:31.133" />
<allocation-satisfied id="4792" threadId="000000000AB99500" bytesRequested="584" />
<af-end id="4793" timestamp="2023-06-02T09:26:31.133" threadId="000000000AB99E80" success="true" from="nursery"/>
<exclusive-end id="4794" timestamp="2023-06-02T09:26:31.133" durationms="10.270" />

<exclusive-start id="4795" timestamp="2023-06-02T09:26:31.456" intervalms="333.886">
  <response-info timems="0.081" idlems="0.081" threads="0" lastid="000000000AB99500" lastname="[SQL@09:26:31.455], select distinct t3.EXECUTION_VARIABLE_VALUE" />
</exclusive-start>
<af-start id="4796" threadId="000000000AB99E80" totalBytesRequested="40" timestamp="2023-06-02T09:26:31.457" intervalms="333.885" type="nursery" />
<cycle-start id="4797" type="scavenge" contextid="0" timestamp="2023-06-02T09:26:31.457" intervalms="333.875" />
<gc-start id="4798" type="scavenge" contextid="4797" timestamp="2023-06-02T09:26:31.458">
  <mem-info id="4799" free="40487584" total="1073741824" percent="3">
    <mem type="nursery" free="0" total="268435456" percent="0">
      <mem type="allocate" free="0" total="241565696" percent="0" />
      <mem type="survivor" free="0" total="26869760" percent="0" />
    </mem>
    <mem type="tenure" free="40487584" total="805306368" percent="5">
      <mem type="soa" free="4834184" total="765040640" percent="0" />
      <mem type="loa" free="35653400" total="40265728" percent="88" />
    </mem>
    <remembered-set count="7152" />
  </mem-info>
</gc-start>
<allocation-stats totalBytes="231485872" >
  <allocated-bytes non-tlh="234096" tlh="231251776" />
  <largest-consumer threadName="[SQL@09:26:31.455], select distinct t3.EXECUTION_VARIABLE_VALUE_ITM_D, t4.NAME, t4.ARCHIVED, t4.EXTERNAL_ID, t4.EXECUTION_VARIA..." threadId="000000000AB99500" bytes="229141704" />
</allocation-stats>
<gc-op id="4800" type="scavenge" timems="4.301" contextid="4797" timestamp="2023-06-02T09:26:31.463">
  <scavenger-info tenureage="3" tenuremask="5088" tiltratio="89" />
  <memory-copied type="nursery" objects="97053" bytes="6558552" bytesdiscarded="353088" />
  <memory-copied type="tenure" objects="38126" bytes="2586696" bytesdiscarded="82200" />
  <copy-failed type="tenure" objects="33" bytes="1081608" />
  <finalization candidates="446" enqueued="192" />
  <ownableSynchronizers candidates="52318" cleared="51465" />
  <references type="soft" candidates="708" cleared="0" enqueued="0" dynamicThreshold="2" maxThreshold="32" />
  <references type="weak" candidates="27" cleared="14" enqueued="2" />
  <references type="phantom" candidates="1" cleared="0" enqueued="0" />
</gc-op>
<gc-end id="4801" type="scavenge" contextid="4797" durationms="4.696" usertimems="0.000" systemtimems="0.000" timestamp="2023-06-02T09:26:31.463" activeThreads="16">
  <mem-info id="4802" free="272465552" total="1073741824" percent="25">
    <mem type="nursery" free="234651896" total="268435456" percent="87">
      <mem type="allocate" free="234651896" total="241565696" percent="97" />
      <mem type="survivor" free="0" total="26869760" percent="0" />
    </mem>
    <mem type="tenure" free="37813656" total="805306368" percent="4" macro-fragmented="0">
      <mem type="soa" free="2160256" total="765040640" percent="0" />
      <mem type="loa" free="35653400" total="40265728" percent="88" />
    </mem>
    <pending-finalizers system="65" default="127" reference="2" classloader="0" />
    <remembered-set count="5296" />
  </mem-info>
</gc-end>
<cycle-end id="4803" type="scavenge" contextid="4797" timestamp="2023-06-02T09:26:31.465" />
<allocation-satisfied id="4804" threadId="000000000AB99500" bytesRequested="40" />
<af-end id="4805" timestamp="2023-06-02T09:26:31.465" threadId="000000000AB99E80" success="true" from="nursery"/>
<exclusive-end id="4806" timestamp="2023-06-02T09:26:31.465" durationms="8.386" />

<concurrent-kickoff id="4807" timestamp="2023-06-02T09:26:31.937">
  <kickoff reason="next scavenge will percolate" targetBytes="355030593" thresholdFreeBytes="49117868"  remainingFree="49037504" tenureFreeBytes="37813656" nurseryFreeBytes="49037504" />
</concurrent-kickoff>
<exclusive-start id="4808" timestamp="2023-06-02T09:26:31.938" intervalms="482.009">
  <response-info timems="0.087" idlems="0.087" threads="0" lastid="0000000003397A00" lastname="lqe.Indexer-tdb-thread-0" />
</exclusive-start>
<cycle-start id="4809" type="global" contextid="0" timestamp="2023-06-02T09:26:31.938" intervalms="9326.172" />
<exclusive-end id="4810" timestamp="2023-06-02T09:26:31.938" durationms="0.049" />

<exclusive-start id="4811" timestamp="2023-06-02T09:26:32.426" intervalms="487.646">
  <response-info timems="0.086" idlems="0.086" threads="0" lastid="000000000AB99500" lastname="[SQL@09:26:32.412], select distinct t3.ITEM_ID, t3.IDENTIFIER, " />
</exclusive-start>
<concurrent-collection-start id="4812" timestamp="2023-06-02T09:26:32.427" intervalms="9287.442" >
  <concurrent-trace-info reason="card cleaning threshold reached" tracedByMutators="164078800" tracedByHelpers="215645992" cardsCleaned="1787" workStackOverflowCount="0" />
</concurrent-collection-start>
<gc-start id="4813" type="global" contextid="4809" timestamp="2023-06-02T09:26:32.429">
  <mem-info id="4814" free="41451096" total="1073741824" percent="3">
    <mem type="nursery" free="3637440" total="268435456" percent="1">
      <mem type="allocate" free="3637440" total="241565696" percent="1" />
      <mem type="survivor" free="0" total="26869760" percent="0" />
    </mem>
    <mem type="tenure" free="37813656" total="805306368" percent="4">
      <mem type="soa" free="2160256" total="765040640" percent="0" />
      <mem type="loa" free="35653400" total="40265728" percent="88" />
    </mem>
    <remembered-set count="6437" />
  </mem-info>
</gc-start>
<allocation-stats totalBytes="230927248" >
  <allocated-bytes non-tlh="131128" tlh="230796120" />
  <largest-consumer threadName="[SQL@09:26:32.412], select distinct t3.ITEM_ID, t3.IDENTIFIER, t3.NAME, t3.REQUIRED, t3.EXTERNAL_URI from &#xA;(select t1q.*, T..." threadId="000000000AB99500" bytes="225598720" />
</allocation-stats>
<gc-op id="4815" type="rs-scan" timems="7.428" contextid="4809" timestamp="2023-06-02T09:26:32.437">
  <scan objectsFound="4701" bytesTraced="11894340" workStackOverflowCount="0" />
</gc-op>
<gc-op id="4816" type="card-cleaning" timems="0.491" contextid="4809" timestamp="2023-06-02T09:26:32.437">
  <card-cleaning cardsCleaned="12" bytesTraced="114848" workStackOverflowCount="0" />
</gc-op>
<gc-op id="4817" type="mark" timems="32.886" contextid="4809" timestamp="2023-06-02T09:26:32.470">
  <trace-info objectcount="47440" scancount="44965" scanbytes="1640744" />
  <finalization candidates="7666" enqueued="2415" />
  <ownableSynchronizers candidates="109241" cleared="54144" />
  <references type="soft" candidates="94497" cleared="32" enqueued="1" dynamicThreshold="2" maxThreshold="32" />
  <references type="weak" candidates="54903" cleared="51" enqueued="38" />
  <references type="phantom" candidates="351" cleared="0" enqueued="0" />
  <stringconstants candidates="123856" cleared="609"  />
</gc-op>
<gc-op id="4818" type="classunload" timems="84.807" contextid="4809" timestamp="2023-06-02T09:26:32.555">
  <classunload-info classloadercandidates="9562" classloadersunloaded="175" classesunloaded="175" anonymousclassesunloaded="0" quiescems="0.000" setupms="82.394" scanms="2.335" postms="0.077" />
</gc-op>
<gc-op id="4819" type="sweep" timems="4.364" contextid="4809" timestamp="2023-06-02T09:26:32.559" />
<gc-end id="4820" type="global" contextid="4809" durationms="131.147" usertimems="343.750" systemtimems="0.000" timestamp="2023-06-02T09:26:32.560" activeThreads="16">
  <mem-info id="4821" free="281113104" total="1073741824" percent="26">
    <mem type="nursery" free="232632152" total="268435456" percent="86">
      <mem type="allocate" free="232632152" total="241565696" percent="96" />
      <mem type="survivor" free="0" total="26869760" percent="0" />
    </mem>
    <mem type="tenure" free="48480952" total="805306368" percent="6" micro-fragmented="27579060" macro-fragmented="0">
      <mem type="soa" free="12681296" total="765040640" percent="1" />
      <mem type="loa" free="35799656" total="40265728" percent="88" />
    </mem>
    <pending-finalizers system="2231" default="184" reference="39" classloader="0" />
    <remembered-set count="6244" />
  </mem-info>
</gc-end>
<cycle-end id="4822" type="global" contextid="4809" timestamp="2023-06-02T09:26:32.563" />
<concurrent-collection-end id="4823" timestamp="2023-06-02T09:26:32.563" />
<exclusive-end id="4824" timestamp="2023-06-02T09:26:32.563" durationms="136.873" />

<exclusive-start id="4825" timestamp="2023-06-02T09:26:33.111" intervalms="684.862">
  <response-info timems="0.109" idlems="0.109" threads="0" lastid="000000000AB99500" lastname="[SQL@09:26:33.111], select distinct t2.ORIGINATOR_ITEM_ID, t3.U" />
</exclusive-start>
<af-start id="4826" threadId="000000000AB99E80" totalBytesRequested="40" timestamp="2023-06-02T09:26:33.111" intervalms="1654.505" type="nursery" />
<cycle-start id="4827" type="scavenge" contextid="0" timestamp="2023-06-02T09:26:33.111" intervalms="1654.512" />
<gc-start id="4828" type="scavenge" contextid="4827" timestamp="2023-06-02T09:26:33.114">
  <mem-info id="4829" free="48480952" total="1073741824" percent="4">
    <mem type="nursery" free="0" total="268435456" percent="0">
      <mem type="allocate" free="0" total="241565696" percent="0" />
      <mem type="survivor" free="0" total="26869760" percent="0" />
    </mem>
    <mem type="tenure" free="48480952" total="805306368" percent="6">
      <mem type="soa" free="12681296" total="765040640" percent="1" />
      <mem type="loa" free="35799656" total="40265728" percent="88" />
    </mem>
    <remembered-set count="6394" />
  </mem-info>
</gc-start>
<allocation-stats totalBytes="232471136" >
  <allocated-bytes non-tlh="171888" tlh="232299248" />
  <largest-consumer threadName="[SQL@09:26:33.111], select distinct t2.ORIGINATOR_ITEM_ID, t3.USER_ID, t3.NAME from &#xA;(select t1q.*, T1V.ITEM_TYPE_DBID from..." threadId="000000000AB99500" bytes="228967408" />
</allocation-stats>
<gc-op id="4830" type="scavenge" timems="3.017" contextid="4827" timestamp="2023-06-02T09:26:33.117">
  <scavenger-info tenureage="7" tenuremask="4080" tiltratio="89" />
  <memory-copied type="nursery" objects="65576" bytes="6075752" bytesdiscarded="309616" />
  <memory-copied type="tenure" objects="4841" bytes="471944" bytesdiscarded="24920" />
  <finalization candidates="2324" enqueued="2072" />
  <ownableSynchronizers candidates="163390" cleared="163098" />
  <references type="soft" candidates="765" cleared="702" enqueued="688" dynamicThreshold="1" maxThreshold="32" />
  <references type="weak" candidates="19" cleared="15" enqueued="2" />
  <references type="phantom" candidates="1" cleared="0" enqueued="0" />
</gc-op>
<gc-end id="4831" type="scavenge" contextid="4827" durationms="3.371" usertimems="0.000" systemtimems="0.000" timestamp="2023-06-02T09:26:33.118" activeThreads="16">
  <mem-info id="4832" free="283140488" total="1073741824" percent="26">
    <mem type="nursery" free="235177112" total="268435456" percent="87">
      <mem type="allocate" free="235177112" total="241565696" percent="97" />
      <mem type="survivor" free="0" total="26869760" percent="0" />
    </mem>
    <mem type="tenure" free="47963376" total="805306368" percent="5" macro-fragmented="1648">
      <mem type="soa" free="12163720" total="765040640" percent="1" />
      <mem type="loa" free="35799656" total="40265728" percent="88" />
    </mem>
    <pending-finalizers system="1934" default="138" reference="690" classloader="0" />
    <remembered-set count="5286" />
  </mem-info>
</gc-end>
<cycle-end id="4833" type="scavenge" contextid="4827" timestamp="2023-06-02T09:26:33.119" />
<allocation-satisfied id="4834" threadId="000000000AB99500" bytesRequested="40" />
<af-end id="4835" timestamp="2023-06-02T09:26:33.119" threadId="000000000AB99E80" success="true" from="nursery"/>
<exclusive-end id="4836" timestamp="2023-06-02T09:26:33.119" durationms="8.429" />

<exclusive-start id="4837" timestamp="2023-06-02T09:26:33.530" intervalms="419.558">
  <response-info timems="0.122" idlems="0.122" threads="0" lastid="000000000AB99500" lastname="[SQL@09:26:33.524], select t1.ITEM_ID, t1.STATE_ID, t1.JZ_DISCR" />
</exclusive-start>
<af-start id="4838" threadId="000000000AB99E80" totalBytesRequested="56" timestamp="2023-06-02T09:26:33.531" intervalms="419.566" type="nursery" />
<cycle-start id="4839" type="scavenge" contextid="0" timestamp="2023-06-02T09:26:33.531" intervalms="419.575" />
<gc-start id="4840" type="scavenge" contextid="4839" timestamp="2023-06-02T09:26:33.533">
  <mem-info id="4841" free="47963376" total="1073741824" percent="4">
    <mem type="nursery" free="0" total="268435456" percent="0">
      <mem type="allocate" free="0" total="241565696" percent="0" />
      <mem type="survivor" free="0" total="26869760" percent="0" />
    </mem>
    <mem type="tenure" free="47963376" total="805306368" percent="5">
      <mem type="soa" free="12163720" total="765040640" percent="1" />
      <mem type="loa" free="35799656" total="40265728" percent="88" />
    </mem>
    <remembered-set count="6273" />
  </mem-info>
</gc-start>
<allocation-stats totalBytes="235088632" >
  <allocated-bytes non-tlh="131128" tlh="234957504" />
  <largest-consumer threadName="[SQL@09:26:33.524], select t1.ITEM_ID, t1.STATE_ID, t1.JZ_DISCRIMINATOR from &#xA;(select t1q.*, T1V.ITEM_TYPE_DBID from PLANNI..." threadId="000000000AB99500" bytes="233069656" />
</allocation-stats>
<gc-op id="4842" type="scavenge" timems="2.780" contextid="4839" timestamp="2023-06-02T09:26:33.536">
  <scavenger-info tenureage="14" tenuremask="4000" tiltratio="89" />
  <memory-copied type="nursery" objects="100740" bytes="7481360" bytesdiscarded="185008" />
  <finalization candidates="929" enqueued="677" />
  <ownableSynchronizers candidates="54903" cleared="54585" />
  <references type="soft" candidates="101" cleared="0" enqueued="0" dynamicThreshold="1" maxThreshold="32" />
  <references type="weak" candidates="14" cleared="12" enqueued="2" />
  <references type="phantom" candidates="1" cleared="0" enqueued="0" />
</gc-op>
<gc-end id="4843" type="scavenge" contextid="4839" durationms="3.109" usertimems="0.000" systemtimems="0.000" timestamp="2023-06-02T09:26:33.536" activeThreads="16">
  <mem-info id="4844" free="281859920" total="1073741824" percent="26">
    <mem type="nursery" free="233896544" total="268435456" percent="87">
      <mem type="allocate" free="233896544" total="241565696" percent="96" />
      <mem type="survivor" free="0" total="26869760" percent="0" />
    </mem>
    <mem type="tenure" free="47963376" total="805306368" percent="5" macro-fragmented="0">
      <mem type="soa" free="12163720" total="765040640" percent="1" />
      <mem type="loa" free="35799656" total="40265728" percent="88" />
    </mem>
    <pending-finalizers system="545" default="132" reference="2" classloader="0" />
    <remembered-set count="5199" />
  </mem-info>
</gc-end>
<cycle-end id="4845" type="scavenge" contextid="4839" timestamp="2023-06-02T09:26:33.537" />
<allocation-satisfied id="4846" threadId="000000000AB99500" bytesRequested="56" />
<af-end id="4847" timestamp="2023-06-02T09:26:33.537" threadId="000000000AB99E80" success="true" from="nursery"/>
<exclusive-end id="4848" timestamp="2023-06-02T09:26:33.537" durationms="6.777" />

<exclusive-start id="4849" timestamp="2023-06-02T09:26:33.948" intervalms="417.760">
  <response-info timems="0.122" idlems="0.122" threads="0" lastid="000000000AB99500" lastname="[SQL@09:26:33.946], select distinct t3.EXECUTION_VARIABLE_VALUE" />
</exclusive-start>
<af-start id="4850" threadId="000000000AB99E80" totalBytesRequested="40" timestamp="2023-06-02T09:26:33.948" intervalms="417.805" type="nursery" />
<cycle-start id="4851" type="scavenge" contextid="0" timestamp="2023-06-02T09:26:33.948" intervalms="417.795" />
<gc-start id="4852" type="scavenge" contextid="4851" timestamp="2023-06-02T09:26:33.951">
  <mem-info id="4853" free="47963376" total="1073741824" percent="4">
    <mem type="nursery" free="0" total="268435456" percent="0">
      <mem type="allocate" free="0" total="241565696" percent="0" />
      <mem type="survivor" free="0" total="26869760" percent="0" />
    </mem>
    <mem type="tenure" free="47963376" total="805306368" percent="5">
      <mem type="soa" free="12163720" total="765040640" percent="1" />
      <mem type="loa" free="35799656" total="40265728" percent="88" />
    </mem>
    <remembered-set count="6211" />
  </mem-info>
</gc-start>
<allocation-stats totalBytes="233808000" >
  <allocated-bytes non-tlh="180312" tlh="233627688" />
  <largest-consumer threadName="[SQL@09:26:33.946], select distinct t3.EXECUTION_VARIABLE_VALUE_ITM_D, t4.NAME, t4.ARCHIVED, t4.EXTERNAL_ID, t4.EXECUTION_VARIA..." threadId="000000000AB99500" bytes="231111456" />
</allocation-stats>
<gc-op id="4854" type="scavenge" timems="9.498" contextid="4851" timestamp="2023-06-02T09:26:33.962">
  <scavenger-info tenureage="14" tenuremask="4000" tiltratio="89" />
  <memory-copied type="nursery" objects="102916" bytes="7900744" bytesdiscarded="199992" />
  <finalization candidates="898" enqueued="646" />
  <ownableSynchronizers candidates="52166" cleared="51823" />
  <references type="soft" candidates="136" cleared="0" enqueued="0" dynamicThreshold="1" maxThreshold="32" />
  <references type="weak" candidates="20" cleared="18" enqueued="2" />
  <references type="phantom" candidates="1" cleared="0" enqueued="0" />
</gc-op>
<gc-end id="4855" type="scavenge" contextid="4851" durationms="9.991" usertimems="0.000" systemtimems="0.000" timestamp="2023-06-02T09:26:33.962" activeThreads="16">
  <mem-info id="4856" free="281425504" total="1073741824" percent="26">
    <mem type="nursery" free="233462128" total="268435456" percent="86">
      <mem type="allocate" free="233462128" total="241565696" percent="96" />
      <mem type="survivor" free="0" total="26869760" percent="0" />
    </mem>
    <mem type="tenure" free="47963376" total="805306368" percent="5" macro-fragmented="32608">
      <mem type="soa" free="12163720" total="765040640" percent="1" />
      <mem type="loa" free="35799656" total="40265728" percent="88" />
    </mem>
    <pending-finalizers system="527" default="119" reference="2" classloader="0" />
    <remembered-set count="5250" />
  </mem-info>
</gc-end>
<cycle-end id="4857" type="scavenge" contextid="4851" timestamp="2023-06-02T09:26:33.965" />
<allocation-satisfied id="4858" threadId="000000000AB99500" bytesRequested="40" />
<af-end id="4859" timestamp="2023-06-02T09:26:33.965" threadId="000000000AB99E80" success="true" from="nursery"/>
<exclusive-end id="4860" timestamp="2023-06-02T09:26:33.965" durationms="17.352" />

<exclusive-start id="4861" timestamp="2023-06-02T09:26:34.339" intervalms="390.033">
  <response-info timems="0.104" idlems="0.104" threads="0" lastid="000000000AB99500" lastname="[SQL@09:26:34.334], select distinct t3.KEY_COL, t3.VALUE, t4.KE" />
</exclusive-start>
<af-start id="4862" threadId="000000000AB99E80" totalBytesRequested="4104" timestamp="2023-06-02T09:26:34.339" intervalms="390.017" type="nursery" />
<cycle-start id="4863" type="scavenge" contextid="0" timestamp="2023-06-02T09:26:34.339" intervalms="390.020" />
<gc-start id="4864" type="scavenge" contextid="4863" timestamp="2023-06-02T09:26:34.342">
  <mem-info id="4865" free="47963376" total="1073741824" percent="4">
    <mem type="nursery" free="0" total="268435456" percent="0">
      <mem type="allocate" free="0" total="241565696" percent="0" />
      <mem type="survivor" free="0" total="26869760" percent="0" />
    </mem>
    <mem type="tenure" free="47963376" total="805306368" percent="5">
      <mem type="soa" free="12163720" total="765040640" percent="1" />
      <mem type="loa" free="35799656" total="40265728" percent="88" />
    </mem>
    <remembered-set count="6086" />
  </mem-info>
</gc-start>
<allocation-stats totalBytes="233376968" >
  <allocated-bytes non-tlh="65584" tlh="233311384" />
  <largest-consumer threadName="[SQL@09:26:34.334], select distinct t3.KEY_COL, t3.VALUE, t4.KEY_COL, t4.VALUE, t5.KEY_COL, t5.VALUE, t6.KEY_COL, t6.VALUE, t7...." threadId="000000000AB99500" bytes="231909256" />
</allocation-stats>
<gc-op id="4866" type="scavenge" timems="5.529" contextid="4863" timestamp="2023-06-02T09:26:34.347">
  <scavenger-info tenureage="14" tenuremask="4000" tiltratio="89" />
  <memory-copied type="nursery" objects="183831" bytes="10712512" bytesdiscarded="183496" />
  <finalization candidates="483" enqueued="231" />
  <ownableSynchronizers candidates="55196" cleared="54837" />
  <references type="soft" candidates="176" cleared="0" enqueued="0" dynamicThreshold="1" maxThreshold="32" />
  <references type="weak" candidates="16" cleared="14" enqueued="2" />
  <references type="phantom" candidates="1" cleared="0" enqueued="0" />
</gc-op>
<gc-end id="4867" type="scavenge" contextid="4863" durationms="5.930" usertimems="15.625" systemtimems="0.000" timestamp="2023-06-02T09:26:34.347" activeThreads="16">
  <mem-info id="4868" free="278629912" total="1073741824" percent="25">
    <mem type="nursery" free="230666536" total="268435456" percent="85">
      <mem type="allocate" free="230666536" total="241565696" percent="95" />
      <mem type="survivor" free="0" total="26869760" percent="0" />
    </mem>
    <mem type="tenure" free="47963376" total="805306368" percent="5" macro-fragmented="50808">
      <mem type="soa" free="12163720" total="765040640" percent="1" />
      <mem type="loa" free="35799656" total="40265728" percent="88" />
    </mem>
    <pending-finalizers system="84" default="147" reference="2" classloader="0" />
    <remembered-set count="5257" />
  </mem-info>
</gc-end>
<cycle-end id="4869" type="scavenge" contextid="4863" timestamp="2023-06-02T09:26:34.349" />
<allocation-satisfied id="4870" threadId="000000000AB99500" bytesRequested="4104" />
<af-end id="4871" timestamp="2023-06-02T09:26:34.349" threadId="000000000AB99E80" success="true" from="nursery"/>
<exclusive-end id="4872" timestamp="2023-06-02T09:26:34.349" durationms="10.633" />

<exclusive-start id="4873" timestamp="2023-06-02T09:26:35.076" intervalms="737.679">
  <response-info timems="0.101" idlems="0.101" threads="0" lastid="000000000AB99500" lastname="[SQL@09:26:35.071], select distinct t2.ORIGINATOR_ITEM_ID, t3.U" />
</exclusive-start>
<af-start id="4874" threadId="000000000AB99E80" totalBytesRequested="40" timestamp="2023-06-02T09:26:35.076" intervalms="737.697" type="nursery" />
<cycle-start id="4875" type="scavenge" contextid="0" timestamp="2023-06-02T09:26:35.076" intervalms="737.733" />
<gc-start id="4876" type="scavenge" contextid="4875" timestamp="2023-06-02T09:26:35.080">
  <mem-info id="4877" free="47962456" total="1073741824" percent="4">
    <mem type="nursery" free="0" total="268435456" percent="0">
      <mem type="allocate" free="0" total="241565696" percent="0" />
      <mem type="survivor" free="0" total="26869760" percent="0" />
    </mem>
    <mem type="tenure" free="47962456" total="805306368" percent="5">
      <mem type="soa" free="12162800" total="765040640" percent="1" />
      <mem type="loa" free="35799656" total="40265728" percent="88" />
    </mem>
    <remembered-set count="6129" />
  </mem-info>
</gc-start>
<allocation-stats totalBytes="230573792" >
  <allocated-bytes non-tlh="200968" tlh="230372824" />
  <largest-consumer threadName="[SQL@09:26:35.071], select distinct t2.ORIGINATOR_ITEM_ID, t3.USER_ID, t3.NAME from &#xA;(select t1q.*, T1V.ITEM_TYPE_DBID from..." threadId="000000000AB99500" bytes="226277656" />
</allocation-stats>
<gc-op id="4878" type="scavenge" timems="4.223" contextid="4875" timestamp="2023-06-02T09:26:35.084">
  <scavenger-info tenureage="14" tenuremask="4000" tiltratio="89" />
  <memory-copied type="nursery" objects="201808" bytes="11993176" bytesdiscarded="445160" />
  <finalization candidates="4215" enqueued="3963" />
  <ownableSynchronizers candidates="52487" cleared="52102" />
  <references type="soft" candidates="222" cleared="0" enqueued="0" dynamicThreshold="1" maxThreshold="32" />
  <references type="weak" candidates="16" cleared="14" enqueued="3" />
  <references type="phantom" candidates="1" cleared="0" enqueued="0" />
</gc-op>
<gc-end id="4879" type="scavenge" contextid="4875" durationms="4.685" usertimems="0.000" systemtimems="0.000" timestamp="2023-06-02T09:26:35.084" activeThreads="16">
  <mem-info id="4880" free="277086352" total="1073741824" percent="25">
    <mem type="nursery" free="229123896" total="268435456" percent="85">
      <mem type="allocate" free="229123896" total="241565696" percent="94" />
      <mem type="survivor" free="0" total="26869760" percent="0" />
    </mem>
    <mem type="tenure" free="47962456" total="805306368" percent="5" macro-fragmented="0">
      <mem type="soa" free="12162800" total="765040640" percent="1" />
      <mem type="loa" free="35799656" total="40265728" percent="88" />
    </mem>
    <pending-finalizers system="3809" default="154" reference="3" classloader="0" />
    <remembered-set count="5281" />
  </mem-info>
</gc-end>
<cycle-end id="4881" type="scavenge" contextid="4875" timestamp="2023-06-02T09:26:35.087" />
<allocation-satisfied id="4882" threadId="000000000AB99500" bytesRequested="40" />
<af-end id="4883" timestamp="2023-06-02T09:26:35.087" threadId="000000000AB99E80" success="true" from="nursery"/>
<exclusive-end id="4884" timestamp="2023-06-02T09:26:35.087" durationms="10.738" />

<exclusive-start id="4885" timestamp="2023-06-02T09:26:35.494" intervalms="418.811">
  <response-info timems="0.114" idlems="0.114" threads="0" lastid="000000000AB99500" lastname="[SQL@09:26:35.490], select t1.ITEM_ID, t1.STATE_ID, t1.JZ_DISCR" />
</exclusive-start>
<af-start id="4886" threadId="000000000AB99E80" totalBytesRequested="16" timestamp="2023-06-02T09:26:35.495" intervalms="418.773" type="nursery" />
<cycle-start id="4887" type="scavenge" contextid="0" timestamp="2023-06-02T09:26:35.495" intervalms="418.730" />
<gc-start id="4888" type="scavenge" contextid="4887" timestamp="2023-06-02T09:26:35.497">
  <mem-info id="4889" free="47962456" total="1073741824" percent="4">
    <mem type="nursery" free="0" total="268435456" percent="0">
      <mem type="allocate" free="0" total="241565696" percent="0" />
      <mem type="survivor" free="0" total="26869760" percent="0" />
    </mem>
    <mem type="tenure" free="47962456" total="805306368" percent="5">
      <mem type="soa" free="12162800" total="765040640" percent="1" />
      <mem type="loa" free="35799656" total="40265728" percent="88" />
    </mem>
    <remembered-set count="6302" />
  </mem-info>
</gc-start>
<allocation-stats totalBytes="229037456" >
  <allocated-bytes non-tlh="40" tlh="229037416" />
  <largest-consumer threadName="[SQL@09:26:35.490], select t1.ITEM_ID, t1.STATE_ID, t1.JZ_DISCRIMINATOR from &#xA;(select t1q.*, T1V.ITEM_TYPE_DBID from PLANNI..." threadId="000000000AB99500" bytes="226229216" />
</allocation-stats>
<gc-op id="4890" type="scavenge" timems="3.692" contextid="4887" timestamp="2023-06-02T09:26:35.501">
  <scavenger-info tenureage="10" tenuremask="4400" tiltratio="89" />
  <memory-copied type="nursery" objects="100114" bytes="8648152" bytesdiscarded="249880" />
  <memory-copied type="tenure" objects="6717" bytes="684640" bytesdiscarded="16832" />
  <finalization candidates="921" enqueued="669" />
  <ownableSynchronizers candidates="53941" cleared="53498" />
  <references type="soft" candidates="254" cleared="0" enqueued="0" dynamicThreshold="1" maxThreshold="32" />
  <references type="weak" candidates="13" cleared="11" enqueued="2" />
  <references type="phantom" candidates="1" cleared="0" enqueued="0" />
</gc-op>
<gc-end id="4891" type="scavenge" contextid="4887" durationms="4.074" usertimems="0.000" systemtimems="0.000" timestamp="2023-06-02T09:26:35.501" activeThreads="16">
  <mem-info id="4892" free="279920072" total="1073741824" percent="26">
    <mem type="nursery" free="232664712" total="268435456" percent="86">
      <mem type="allocate" free="232664712" total="241565696" percent="96" />
      <mem type="survivor" free="0" total="26869760" percent="0" />
    </mem>
    <mem type="tenure" free="47255360" total="805306368" percent="5" macro-fragmented="0">
      <mem type="soa" free="11455704" total="765040640" percent="1" />
      <mem type="loa" free="35799656" total="40265728" percent="88" />
    </mem>
    <pending-finalizers system="542" default="127" reference="2" classloader="0" />
    <remembered-set count="3894" />
  </mem-info>
</gc-end>
<cycle-end id="4893" type="scavenge" contextid="4887" timestamp="2023-06-02T09:26:35.503" />
<allocation-satisfied id="4894" threadId="000000000AB99500" bytesRequested="16" />
<af-end id="4895" timestamp="2023-06-02T09:26:35.503" threadId="000000000AB99E80" success="true" from="nursery"/>
<exclusive-end id="4896" timestamp="2023-06-02T09:26:35.503" durationms="7.814" />

<exclusive-start id="4897" timestamp="2023-06-02T09:26:35.816" intervalms="321.879">
  <response-info timems="0.097" idlems="0.097" threads="0" lastid="000000000AB99500" lastname="[SQL@09:26:35.812], select distinct t3.EXECUTION_VARIABLE_VALUE" />
</exclusive-start>
<af-start id="4898" threadId="000000000AB99E80" totalBytesRequested="584" timestamp="2023-06-02T09:26:35.817" intervalms="321.886" type="nursery" />
<cycle-start id="4899" type="scavenge" contextid="0" timestamp="2023-06-02T09:26:35.817" intervalms="321.888" />
<gc-start id="4900" type="scavenge" contextid="4899" timestamp="2023-06-02T09:26:35.819">
  <mem-info id="4901" free="47255360" total="1073741824" percent="4">
    <mem type="nursery" free="0" total="268435456" percent="0">
      <mem type="allocate" free="0" total="241565696" percent="0" />
      <mem type="survivor" free="0" total="26869760" percent="0" />
    </mem>
    <mem type="tenure" free="47255360" total="805306368" percent="5">
      <mem type="soa" free="11455704" total="765040640" percent="1" />
      <mem type="loa" free="35799656" total="40265728" percent="88" />
    </mem>
    <remembered-set count="4827" />
  </mem-info>
</gc-start>
<allocation-stats totalBytes="232584792" >
  <allocated-bytes non-tlh="16" tlh="232584776" />
  <largest-consumer threadName="[SQL@09:26:35.812], select distinct t3.EXECUTION_VARIABLE_VALUE_ITM_D, t4.NAME, t4.ARCHIVED, t4.EXTERNAL_ID, t4.EXECUTION_VARIA..." threadId="000000000AB99500" bytes="231578728" />
</allocation-stats>
<gc-op id="4902" type="scavenge" timems="8.044" contextid="4899" timestamp="2023-06-02T09:26:35.827">
  <scavenger-info tenureage="10" tenuremask="4400" tiltratio="89" />
  <memory-copied type="nursery" objects="217999" bytes="11565688" bytesdiscarded="168400" />
  <memory-copied type="tenure" objects="28" bytes="917728" bytesdiscarded="0" />
  <finalization candidates="404" enqueued="152" />
  <ownableSynchronizers candidates="52553" cleared="52229" />
  <references type="soft" candidates="280" cleared="0" enqueued="0" dynamicThreshold="1" maxThreshold="32" />
  <references type="weak" candidates="12" cleared="10" enqueued="2" />
  <references type="phantom" candidates="1" cleared="0" enqueued="0" />
</gc-op>
<gc-end id="4903" type="scavenge" contextid="4899" durationms="8.489" usertimems="0.000" systemtimems="0.000" timestamp="2023-06-02T09:26:35.827" activeThreads="16">
  <mem-info id="4904" free="276164688" total="1073741824" percent="25">
    <mem type="nursery" free="229829144" total="268435456" percent="85">
      <mem type="allocate" free="229829144" total="241565696" percent="95" />
      <mem type="survivor" free="0" total="26869760" percent="0" />
    </mem>
    <mem type="tenure" free="46335544" total="805306368" percent="5" macro-fragmented="56347">
      <mem type="soa" free="10535888" total="765040640" percent="1" />
      <mem type="loa" free="35799656" total="40265728" percent="88" />
    </mem>
    <pending-finalizers system="61" default="91" reference="2" classloader="0" />
    <remembered-set count="3838" />
  </mem-info>
</gc-end>
<cycle-end id="4905" type="scavenge" contextid="4899" timestamp="2023-06-02T09:26:35.829" />
<allocation-satisfied id="4906" threadId="000000000AB99500" bytesRequested="584" />
<af-end id="4907" timestamp="2023-06-02T09:26:35.829" threadId="000000000AB99E80" success="true" from="nursery"/>
<exclusive-end id="4908" timestamp="2023-06-02T09:26:35.829" durationms="12.739" />

<exclusive-start id="4909" timestamp="2023-06-02T09:26:36.217" intervalms="400.803">
  <response-info timems="0.258" idlems="0.258" threads="0" lastid="000000000AB99500" lastname="[SQL@09:26:36.213], select distinct t3.KEY_COL, t3.VALUE, t4.KE" />
</exclusive-start>
<af-start id="4910" threadId="000000000AB99E80" totalBytesRequested="40" timestamp="2023-06-02T09:26:36.218" intervalms="401.078" type="nursery" />
<cycle-start id="4911" type="scavenge" contextid="0" timestamp="2023-06-02T09:26:36.218" intervalms="401.128" />
<gc-start id="4912" type="scavenge" contextid="4911" timestamp="2023-06-02T09:26:36.221">
  <mem-info id="4913" free="46335152" total="1073741824" percent="4">
    <mem type="nursery" free="0" total="268435456" percent="0">
      <mem type="allocate" free="0" total="241565696" percent="0" />
      <mem type="survivor" free="0" total="26869760" percent="0" />
    </mem>
    <mem type="tenure" free="46335152" total="805306368" percent="5">
      <mem type="soa" free="10535496" total="765040640" percent="1" />
      <mem type="loa" free="35799656" total="40265728" percent="88" />
    </mem>
    <remembered-set count="5197" />
  </mem-info>
</gc-start>
<allocation-stats totalBytes="229725832" >
  <allocated-bytes non-tlh="33760" tlh="229692072" />
  <largest-consumer threadName="[SQL@09:26:36.213], select distinct t3.KEY_COL, t3.VALUE, t4.KEY_COL, t4.VALUE, t5.KEY_COL, t5.VALUE, t6.KEY_COL, t6.VALUE, t7...." threadId="000000000AB99500" bytes="225723520" />
</allocation-stats>
<gc-op id="4914" type="scavenge" timems="4.538" contextid="4911" timestamp="2023-06-02T09:26:36.226">
  <scavenger-info tenureage="7" tenuremask="4480" tiltratio="89" />
  <memory-copied type="nursery" objects="162354" bytes="9113792" bytesdiscarded="174768" />
  <memory-copied type="tenure" objects="15738" bytes="1781560" bytesdiscarded="95688" />
  <finalization candidates="953" enqueued="701" />
  <ownableSynchronizers candidates="54169" cleared="53811" />
  <references type="soft" candidates="255" cleared="0" enqueued="0" dynamicThreshold="1" maxThreshold="32" />
  <references type="weak" candidates="13" cleared="12" enqueued="2" />
</gc-op>
<gc-end id="4915" type="scavenge" contextid="4911" durationms="4.946" usertimems="0.000" systemtimems="0.000" timestamp="2023-06-02T09:26:36.226" activeThreads="16">
  <mem-info id="4916" free="276712128" total="1073741824" percent="25">
    <mem type="nursery" free="232274384" total="268435456" percent="86">
      <mem type="allocate" free="232274384" total="241565696" percent="96" />
      <mem type="survivor" free="0" total="26869760" percent="0" />
    </mem>
    <mem type="tenure" free="44437744" total="805306368" percent="5" macro-fragmented="56347">
      <mem type="soa" free="8638088" total="765040640" percent="1" />
      <mem type="loa" free="35799656" total="40265728" percent="88" />
    </mem>
    <pending-finalizers system="542" default="159" reference="2" classloader="0" />
    <remembered-set count="3217" />
  </mem-info>
</gc-end>
<cycle-end id="4917" type="scavenge" contextid="4911" timestamp="2023-06-02T09:26:36.229" />
<allocation-satisfied id="4918" threadId="000000000AB99500" bytesRequested="40" />
<af-end id="4919" timestamp="2023-06-02T09:26:36.229" threadId="000000000AB99E80" success="true" from="nursery"/>
<exclusive-end id="4920" timestamp="2023-06-02T09:26:36.229" durationms="11.163" />

<exclusive-start id="4921" timestamp="2023-06-02T09:26:36.598" intervalms="380.743">
  <response-info timems="0.110" idlems="0.110" threads="0" lastid="000000000AB99500" lastname="[SQL@09:26:36.596], select distinct t3.ITEM_ID, t3.IDENTIFIER, " />
</exclusive-start>
<af-start id="4922" threadId="000000000AB99E80" totalBytesRequested="40" timestamp="2023-06-02T09:26:36.598" intervalms="380.459" type="nursery" />
<cycle-start id="4923" type="scavenge" contextid="0" timestamp="2023-06-02T09:26:36.598" intervalms="380.407" />
<gc-start id="4924" type="scavenge" contextid="4923" timestamp="2023-06-02T09:26:36.602">
  <mem-info id="4925" free="44437744" total="1073741824" percent="4">
    <mem type="nursery" free="0" total="268435456" percent="0">
      <mem type="allocate" free="0" total="241565696" percent="0" />
      <mem type="survivor" free="0" total="26869760" percent="0" />
    </mem>
    <mem type="tenure" free="44437744" total="805306368" percent="5">
      <mem type="soa" free="8638088" total="765040640" percent="1" />
      <mem type="loa" free="35799656" total="40265728" percent="88" />
    </mem>
    <remembered-set count="4200" />
  </mem-info>
</gc-start>
<allocation-stats totalBytes="232192984" >
  <allocated-bytes non-tlh="40" tlh="232192944" />
  <largest-consumer threadName="[SQL@09:26:36.596], select distinct t3.ITEM_ID, t3.IDENTIFIER, t3.NAME, t3.REQUIRED, t3.EXTERNAL_URI from &#xA;(select t1q.*, T..." threadId="000000000AB99500" bytes="231234992" />
</allocation-stats>
<gc-op id="4926" type="scavenge" timems="3.751" contextid="4923" timestamp="2023-06-02T09:26:36.606">
  <scavenger-info tenureage="10" tenuremask="4400" tiltratio="89" />
  <memory-copied type="nursery" objects="136513" bytes="8213720" bytesdiscarded="206320" />
  <memory-copied type="tenure" objects="3258" bytes="574880" bytesdiscarded="35824" />
  <finalization candidates="409" enqueued="157" />
  <ownableSynchronizers candidates="55286" cleared="54953" />
  <references type="soft" candidates="268" cleared="0" enqueued="0" dynamicThreshold="1" maxThreshold="32" />
  <references type="weak" candidates="12" cleared="11" enqueued="2" />
</gc-op>
<gc-end id="4927" type="scavenge" contextid="4923" durationms="4.093" usertimems="0.000" systemtimems="0.000" timestamp="2023-06-02T09:26:36.606" activeThreads="16">
  <mem-info id="4928" free="276942168" total="1073741824" percent="25">
    <mem type="nursery" free="233143808" total="268435456" percent="86">
      <mem type="allocate" free="233143808" total="241565696" percent="96" />
      <mem type="survivor" free="0" total="26869760" percent="0" />
    </mem>
    <mem type="tenure" free="43798360" total="805306368" percent="5" macro-fragmented="32032">
      <mem type="soa" free="7998704" total="765040640" percent="1" />
      <mem type="loa" free="35799656" total="40265728" percent="88" />
    </mem>
    <pending-finalizers system="73" default="84" reference="2" classloader="0" />
    <remembered-set count="3172" />
  </mem-info>
</gc-end>
<cycle-end id="4929" type="scavenge" contextid="4923" timestamp="2023-06-02T09:26:36.607" />
<allocation-satisfied id="4930" threadId="000000000AB99500" bytesRequested="40" />
<af-end id="4931" timestamp="2023-06-02T09:26:36.607" threadId="000000000AB99E80" success="true" from="nursery"/>
<exclusive-end id="4932" timestamp="2023-06-02T09:26:36.607" durationms="9.654" />

<exclusive-start id="4933" timestamp="2023-06-02T09:26:37.008" intervalms="409.169">
  <response-info timems="0.107" idlems="0.107" threads="0" lastid="000000000AB99500" lastname="[SQL@09:26:37.001], select distinct t2.ORIGINATOR_ITEM_ID, t3.U" />
</exclusive-start>
<af-start id="4934" threadId="000000000AB99E80" totalBytesRequested="48" timestamp="2023-06-02T09:26:37.008" intervalms="409.211" type="nursery" />
<cycle-start id="4935" type="scavenge" contextid="0" timestamp="2023-06-02T09:26:37.008" intervalms="409.218" />
<gc-start id="4936" type="scavenge" contextid="4935" timestamp="2023-06-02T09:26:37.011">
  <mem-info id="4937" free="43796088" total="1073741824" percent="4">
    <mem type="nursery" free="0" total="268435456" percent="0">
      <mem type="allocate" free="0" total="241565696" percent="0" />
      <mem type="survivor" free="0" total="26869760" percent="0" />
    </mem>
    <mem type="tenure" free="43796088" total="805306368" percent="5">
      <mem type="soa" free="7996432" total="765040640" percent="1" />
      <mem type="loa" free="35799656" total="40265728" percent="88" />
    </mem>
    <remembered-set count="4574" />
  </mem-info>
</gc-start>
<allocation-stats totalBytes="233064688" >
  <allocated-bytes non-tlh="83504" tlh="232981184" />
  <largest-consumer threadName="[SQL@09:26:37.001], select distinct t2.ORIGINATOR_ITEM_ID, t3.USER_ID, t3.NAME from &#xA;(select t1q.*, T1V.ITEM_TYPE_DBID from..." threadId="000000000AB99500" bytes="230236760" />
</allocation-stats>
<gc-op id="4938" type="scavenge" timems="3.661" contextid="4935" timestamp="2023-06-02T09:26:37.015">
  <scavenger-info tenureage="14" tenuremask="4000" tiltratio="89" />
  <memory-copied type="nursery" objects="251386" bytes="12230160" bytesdiscarded="167248" />
  <finalization candidates="911" enqueued="659" />
  <ownableSynchronizers candidates="54276" cleared="53922" />
  <references type="soft" candidates="454" cleared="0" enqueued="0" dynamicThreshold="1" maxThreshold="32" />
  <references type="weak" candidates="18" cleared="17" enqueued="4" />
</gc-op>
<gc-end id="4939" type="scavenge" contextid="4935" durationms="4.022" usertimems="15.625" systemtimems="0.000" timestamp="2023-06-02T09:26:37.015" activeThreads="16">
  <mem-info id="4940" free="272962608" total="1073741824" percent="25">
    <mem type="nursery" free="229166520" total="268435456" percent="85">
      <mem type="allocate" free="229166520" total="241565696" percent="94" />
      <mem type="survivor" free="0" total="26869760" percent="0" />
    </mem>
    <mem type="tenure" free="43796088" total="805306368" percent="5" macro-fragmented="0">
      <mem type="soa" free="7996432" total="765040640" percent="1" />
      <mem type="loa" free="35799656" total="40265728" percent="88" />
    </mem>
    <pending-finalizers system="540" default="119" reference="4" classloader="0" />
    <remembered-set count="3485" />
  </mem-info>
</gc-end>
<cycle-end id="4941" type="scavenge" contextid="4935" timestamp="2023-06-02T09:26:37.017" />
<allocation-satisfied id="4942" threadId="000000000AB99500" bytesRequested="48" />
<af-end id="4943" timestamp="2023-06-02T09:26:37.017" threadId="000000000AB99E80" success="true" from="nursery"/>
<exclusive-end id="4944" timestamp="2023-06-02T09:26:37.017" durationms="9.486" />

<exclusive-start id="4945" timestamp="2023-06-02T09:26:37.389" intervalms="381.814">
  <response-info timems="0.095" idlems="0.095" threads="0" lastid="000000000AB99500" lastname="qm: AsynchronousTaskRunner-3 @@ 09:25" />
</exclusive-start>
<af-start id="4946" threadId="000000000AB99E80" totalBytesRequested="56" timestamp="2023-06-02T09:26:37.390" intervalms="381.759" type="nursery" />
<cycle-start id="4947" type="scavenge" contextid="0" timestamp="2023-06-02T09:26:37.390" intervalms="381.752" />
<gc-start id="4948" type="scavenge" contextid="4947" timestamp="2023-06-02T09:26:37.392">
  <mem-info id="4949" free="43796088" total="1073741824" percent="4">
    <mem type="nursery" free="0" total="268435456" percent="0">
      <mem type="allocate" free="0" total="241565696" percent="0" />
      <mem type="survivor" free="0" total="26869760" percent="0" />
    </mem>
    <mem type="tenure" free="43796088" total="805306368" percent="5">
      <mem type="soa" free="7996432" total="765040640" percent="1" />
      <mem type="loa" free="35799656" total="40265728" percent="88" />
    </mem>
    <remembered-set count="4591" />
  </mem-info>
</gc-start>
<allocation-stats totalBytes="229078640" >
  <allocated-bytes non-tlh="65592" tlh="229013048" />
  <largest-consumer threadName="qm: AsynchronousTaskRunner-3 @@ 09:25" threadId="000000000AB99500" bytes="227149088" />
</allocation-stats>
<gc-op id="4950" type="scavenge" timems="3.783" contextid="4947" timestamp="2023-06-02T09:26:37.395">
  <scavenger-info tenureage="9" tenuremask="4200" tiltratio="89" />
  <memory-copied type="nursery" objects="126742" bytes="8353872" bytesdiscarded="179656" />
  <memory-copied type="tenure" objects="6426" bytes="644000" bytesdiscarded="32480" />
  <finalization candidates="893" enqueued="641" />
  <ownableSynchronizers candidates="54196" cleared="53834" />
  <references type="soft" candidates="436" cleared="0" enqueued="0" dynamicThreshold="1" maxThreshold="32" />
  <references type="weak" candidates="15" cleared="13" enqueued="2" />
</gc-op>
<gc-end id="4951" type="scavenge" contextid="4947" durationms="4.175" usertimems="0.000" systemtimems="0.000" timestamp="2023-06-02T09:26:37.395" activeThreads="16">
  <mem-info id="4952" free="276140040" total="1073741824" percent="25">
    <mem type="nursery" free="233030744" total="268435456" percent="86">
      <mem type="allocate" free="233030744" total="241565696" percent="96" />
      <mem type="survivor" free="0" total="26869760" percent="0" />
    </mem>
    <mem type="tenure" free="43109296" total="805306368" percent="5" macro-fragmented="201903">
      <mem type="soa" free="7309640" total="765040640" percent="0" />
      <mem type="loa" free="35799656" total="40265728" percent="88" />
    </mem>
    <pending-finalizers system="536" default="105" reference="2" classloader="0" />
    <remembered-set count="3486" />
  </mem-info>
</gc-end>
<cycle-end id="4953" type="scavenge" contextid="4947" timestamp="2023-06-02T09:26:37.396" />
<allocation-satisfied id="4954" threadId="000000000AB99500" bytesRequested="56" />
<af-end id="4955" timestamp="2023-06-02T09:26:37.396" threadId="000000000AB99E80" success="true" from="nursery"/>
<exclusive-end id="4956" timestamp="2023-06-02T09:26:37.396" durationms="7.603" />

<exclusive-start id="4957" timestamp="2023-06-02T09:26:37.719" intervalms="330.488">
  <response-info timems="0.117" idlems="0.117" threads="0" lastid="000000000AB99500" lastname="[SQL@09:26:37.715], select distinct t3.EXECUTION_VARIABLE_VALUE" />
</exclusive-start>
<af-start id="4958" threadId="000000000AB99E80" totalBytesRequested="40" timestamp="2023-06-02T09:26:37.720" intervalms="330.508" type="nursery" />
<cycle-start id="4959" type="scavenge" contextid="0" timestamp="2023-06-02T09:26:37.720" intervalms="330.512" />
<gc-start id="4960" type="scavenge" contextid="4959" timestamp="2023-06-02T09:26:37.722">
  <mem-info id="4961" free="43109296" total="1073741824" percent="4">
    <mem type="nursery" free="0" total="268435456" percent="0">
      <mem type="allocate" free="0" total="241565696" percent="0" />
      <mem type="survivor" free="0" total="26869760" percent="0" />
    </mem>
    <mem type="tenure" free="43109296" total="805306368" percent="5">
      <mem type="soa" free="7309640" total="765040640" percent="0" />
      <mem type="loa" free="35799656" total="40265728" percent="88" />
    </mem>
    <remembered-set count="4532" />
  </mem-info>
</gc-start>
<allocation-stats totalBytes="232926824" >
  <allocated-bytes non-tlh="196688" tlh="232730136" />
  <largest-consumer threadName="[SQL@09:26:37.715], select distinct t3.EXECUTION_VARIABLE_VALUE_ITM_D, t4.NAME, t4.ARCHIVED, t4.EXTERNAL_ID, t4.EXECUTION_VARIA..." threadId="000000000AB99500" bytes="231581976" />
</allocation-stats>
<gc-op id="4962" type="scavenge" timems="4.398" contextid="4959" timestamp="2023-06-02T09:26:37.727">
  <scavenger-info tenureage="12" tenuremask="5000" tiltratio="89" />
  <memory-copied type="nursery" objects="194867" bytes="10399208" bytesdiscarded="174800" />
  <memory-copied type="tenure" objects="2662" bytes="436360" bytesdiscarded="24944" />
  <finalization candidates="398" enqueued="146" />
  <ownableSynchronizers candidates="52252" cleared="51897" />
  <references type="soft" candidates="458" cleared="0" enqueued="0" dynamicThreshold="1" maxThreshold="32" />
  <references type="weak" candidates="19" cleared="18" enqueued="2" />
</gc-op>
<gc-end id="4963" type="scavenge" contextid="4959" durationms="4.951" usertimems="0.000" systemtimems="0.000" timestamp="2023-06-02T09:26:37.727" activeThreads="16">
  <mem-info id="4964" free="273647912" total="1073741824" percent="25">
    <mem type="nursery" free="230990416" total="268435456" percent="86">
      <mem type="allocate" free="230990416" total="241565696" percent="95" />
      <mem type="survivor" free="0" total="26869760" percent="0" />
    </mem>
    <mem type="tenure" free="42657496" total="805306368" percent="5" macro-fragmented="10920">
      <mem type="soa" free="6857840" total="765040640" percent="0" />
      <mem type="loa" free="35799656" total="40265728" percent="88" />
    </mem>
    <pending-finalizers system="59" default="87" reference="2" classloader="0" />
    <remembered-set count="3273" />
  </mem-info>
</gc-end>
<cycle-end id="4965" type="scavenge" contextid="4959" timestamp="2023-06-02T09:26:37.730" />
<allocation-satisfied id="4966" threadId="000000000AB99500" bytesRequested="40" />
<af-end id="4967" timestamp="2023-06-02T09:26:37.730" threadId="000000000AB99E80" success="true" from="nursery"/>
<exclusive-end id="4968" timestamp="2023-06-02T09:26:37.730" durationms="10.050" />

<exclusive-start id="4969" timestamp="2023-06-02T09:26:38.354" intervalms="633.922">
  <response-info timems="0.227" idlems="0.227" threads="0" lastid="000000000AB99500" lastname="[SQL@09:26:38.353], select distinct t3.KEY_COL, t3.VALUE, t4.KE" />
</exclusive-start>
<af-start id="4970" threadId="000000000AB99E80" totalBytesRequested="16" timestamp="2023-06-02T09:26:38.354" intervalms="633.991" type="nursery" />
<cycle-start id="4971" type="scavenge" contextid="0" timestamp="2023-06-02T09:26:38.354" intervalms="634.016" />
<gc-start id="4972" type="scavenge" contextid="4971" timestamp="2023-06-02T09:26:38.357">
  <mem-info id="4973" free="42657416" total="1073741824" percent="3">
    <mem type="nursery" free="0" total="268435456" percent="0">
      <mem type="allocate" free="0" total="241565696" percent="0" />
      <mem type="survivor" free="0" total="26869760" percent="0" />
    </mem>
    <mem type="tenure" free="42657416" total="805306368" percent="5">
      <mem type="soa" free="6857760" total="765040640" percent="0" />
      <mem type="loa" free="35799656" total="40265728" percent="88" />
    </mem>
    <remembered-set count="4374" />
  </mem-info>
</gc-start>
<allocation-stats totalBytes="230899152" >
  <allocated-bytes non-tlh="98448" tlh="230800704" />
  <largest-consumer threadName="[SQL@09:26:38.353], select distinct t3.KEY_COL, t3.VALUE, t4.KEY_COL, t4.VALUE, t5.KEY_COL, t5.VALUE, t6.KEY_COL, t6.VALUE, t7...." threadId="000000000AB99500" bytes="226960160" />
</allocation-stats>
<gc-op id="4974" type="scavenge" timems="2.875" contextid="4971" timestamp="2023-06-02T09:26:38.360">
  <scavenger-info tenureage="9" tenuremask="4200" tiltratio="89" />
  <memory-copied type="nursery" objects="80908" bytes="7039928" bytesdiscarded="203184" />
  <memory-copied type="tenure" objects="6127" bytes="642104" bytesdiscarded="34008" />
  <finalization candidates="2330" enqueued="2077" />
  <ownableSynchronizers candidates="53868" cleared="53492" />
  <references type="soft" candidates="450" cleared="0" enqueued="0" dynamicThreshold="1" maxThreshold="32" />
  <references type="weak" candidates="14" cleared="13" enqueued="3" />
</gc-op>
<gc-end id="4975" type="scavenge" contextid="4971" durationms="3.429" usertimems="0.000" systemtimems="0.000" timestamp="2023-06-02T09:26:38.361" activeThreads="16">
  <mem-info id="4976" free="276294640" total="1073741824" percent="25">
    <mem type="nursery" free="234320792" total="268435456" percent="87">
      <mem type="allocate" free="234320792" total="241565696" percent="97" />
      <mem type="survivor" free="0" total="26869760" percent="0" />
    </mem>
    <mem type="tenure" free="41973848" total="805306368" percent="5" macro-fragmented="116842">
      <mem type="soa" free="6174192" total="765040640" percent="0" />
      <mem type="loa" free="35799656" total="40265728" percent="88" />
    </mem>
    <pending-finalizers system="1932" default="145" reference="3" classloader="0" />
    <remembered-set count="3323" />
  </mem-info>
</gc-end>
<cycle-end id="4977" type="scavenge" contextid="4971" timestamp="2023-06-02T09:26:38.363" />
<allocation-satisfied id="4978" threadId="000000000AB99500" bytesRequested="16" />
<af-end id="4979" timestamp="2023-06-02T09:26:38.363" threadId="000000000AB99E80" success="true" from="nursery"/>
<exclusive-end id="4980" timestamp="2023-06-02T09:26:38.363" durationms="9.725" />

<exclusive-start id="4981" timestamp="2023-06-02T09:26:38.954" intervalms="601.180">
  <response-info timems="0.119" idlems="0.119" threads="0" lastid="000000000AB99500" lastname="[SQL@09:26:38.954], select distinct t2.OWNER_ITEM_ID, t3.USER_I" />
</exclusive-start>
<af-start id="4982" threadId="000000000AB99E80" totalBytesRequested="40" timestamp="2023-06-02T09:26:38.955" intervalms="601.114" type="nursery" />
<cycle-start id="4983" type="scavenge" contextid="0" timestamp="2023-06-02T09:26:38.955" intervalms="601.091" />
<gc-start id="4984" type="scavenge" contextid="4983" timestamp="2023-06-02T09:26:38.960">
  <mem-info id="4985" free="41972768" total="1073741824" percent="3">
    <mem type="nursery" free="0" total="268435456" percent="0">
      <mem type="allocate" free="0" total="241565696" percent="0" />
      <mem type="survivor" free="0" total="26869760" percent="0" />
    </mem>
    <mem type="tenure" free="41972768" total="805306368" percent="5">
      <mem type="soa" free="6173112" total="765040640" percent="0" />
      <mem type="loa" free="35799656" total="40265728" percent="88" />
    </mem>
    <remembered-set count="4512" />
  </mem-info>
</gc-start>
<allocation-stats totalBytes="234232776" >
  <allocated-bytes non-tlh="65944" tlh="234166832" />
  <largest-consumer threadName="[SQL@09:26:38.954], select distinct t2.OWNER_ITEM_ID, t3.USER_ID, t3.NAME from &#xA;(select t1q.*, T1V.ITEM_TYPE_DBID from PLAN..." threadId="000000000AB99500" bytes="230422648" />
</allocation-stats>
<gc-op id="4986" type="scavenge" timems="3.355" contextid="4983" timestamp="2023-06-02T09:26:38.964">
  <scavenger-info tenureage="9" tenuremask="4200" tiltratio="89" />
  <memory-copied type="nursery" objects="85069" bytes="7126824" bytesdiscarded="223320" />
  <memory-copied type="tenure" objects="6783" bytes="666624" bytesdiscarded="42304" />
  <copy-failed type="tenure" objects="3" bytes="24624" />
  <finalization candidates="2764" enqueued="2511" />
  <ownableSynchronizers candidates="54096" cleared="53735" />
  <references type="soft" candidates="425" cleared="0" enqueued="0" dynamicThreshold="1" maxThreshold="32" />
  <references type="weak" candidates="15" cleared="14" enqueued="2" />
</gc-op>
<gc-end id="4987" type="scavenge" contextid="4983" durationms="3.848" usertimems="0.000" systemtimems="0.000" timestamp="2023-06-02T09:26:38.964" activeThreads="16">
  <mem-info id="4988" free="275465608" total="1073741824" percent="25">
    <mem type="nursery" free="234213888" total="268435456" percent="87">
      <mem type="allocate" free="234213888" total="241565696" percent="96" />
      <mem type="survivor" free="0" total="26869760" percent="0" />
    </mem>
    <mem type="tenure" free="41251720" total="805306368" percent="5" macro-fragmented="33872">
      <mem type="soa" free="5452064" total="765040640" percent="0" />
      <mem type="loa" free="35799656" total="40265728" percent="88" />
    </mem>
    <pending-finalizers system="2388" default="123" reference="2" classloader="0" />
    <remembered-set count="3336" />
  </mem-info>
</gc-end>
<cycle-end id="4989" type="scavenge" contextid="4983" timestamp="2023-06-02T09:26:38.966" />
<allocation-satisfied id="4990" threadId="000000000AB99500" bytesRequested="40" />
<af-end id="4991" timestamp="2023-06-02T09:26:38.966" threadId="000000000AB99E80" success="true" from="nursery"/>
<exclusive-end id="4992" timestamp="2023-06-02T09:26:38.966" durationms="11.504" />

<concurrent-kickoff id="4993" timestamp="2023-06-02T09:26:39.223">
  <kickoff reason="next scavenge will percolate" targetBytes="359853416" thresholdFreeBytes="49783828"  remainingFree="49775064" tenureFreeBytes="41251720" nurseryFreeBytes="49775064" />
</concurrent-kickoff>
<exclusive-start id="4994" timestamp="2023-06-02T09:26:39.225" intervalms="270.000">
  <response-info timems="0.136" idlems="0.136" threads="0" lastid="000000000AB99500" lastname="[SQL@09:26:39.219], select distinct t2.OWNER_ITEM_ID, t3.USER_I" />
</exclusive-start>
<cycle-start id="4995" type="global" contextid="0" timestamp="2023-06-02T09:26:39.225" intervalms="7286.350" />
<exclusive-end id="4996" timestamp="2023-06-02T09:26:39.225" durationms="0.044" />

<exclusive-start id="4997" timestamp="2023-06-02T09:26:39.746" intervalms="522.122">
  <response-info timems="0.107" idlems="0.107" threads="0" lastid="000000000AB99500" lastname="[SQL@09:26:39.696], select distinct t3.ITEM_ID, t3.NAME, t4.NAM" />
</exclusive-start>
<concurrent-collection-start id="4998" timestamp="2023-06-02T09:26:39.747" intervalms="7320.669" >
  <concurrent-trace-info reason="card cleaning threshold reached" tracedByMutators="149602188" tracedByHelpers="238994240" cardsCleaned="2196" workStackOverflowCount="0" />
</concurrent-collection-start>
<gc-start id="4999" type="global" contextid="4995" timestamp="2023-06-02T09:26:39.749">
  <mem-info id="5000" free="44667216" total="1073741824" percent="4">
    <mem type="nursery" free="3416536" total="268435456" percent="1">
      <mem type="allocate" free="3416536" total="241565696" percent="1" />
      <mem type="survivor" free="0" total="26869760" percent="0" />
    </mem>
    <mem type="tenure" free="41250680" total="805306368" percent="5">
      <mem type="soa" free="5451024" total="765040640" percent="0" />
      <mem type="loa" free="35799656" total="40265728" percent="88" />
    </mem>
    <remembered-set count="4471" />
  </mem-info>
</gc-start>
<allocation-stats totalBytes="230708968" >
  <allocated-bytes non-tlh="424" tlh="230708544" />
  <largest-consumer threadName="[SQL@09:26:39.696], select distinct t3.ITEM_ID, t3.NAME, t4.NAME, t3.CATEGORY_TYPE_ITEM_ID, t3.ARCHIVED, t4.ARCHIVED, t3.EXTERN..." threadId="000000000AB99500" bytes="227297208" />
</allocation-stats>
<gc-op id="5001" type="rs-scan" timems="3.015" contextid="4995" timestamp="2023-06-02T09:26:39.752">
  <scan objectsFound="3754" bytesTraced="3044088" workStackOverflowCount="0" />
</gc-op>
<gc-op id="5002" type="card-cleaning" timems="0.695" contextid="4995" timestamp="2023-06-02T09:26:39.754">
  <card-cleaning cardsCleaned="65" bytesTraced="544372" workStackOverflowCount="0" />
</gc-op>
<gc-op id="5003" type="mark" timems="21.517" contextid="4995" timestamp="2023-06-02T09:26:39.774">
  <trace-info objectcount="105836" scancount="99659" scanbytes="2846448" />
  <finalization candidates="5894" enqueued="645" />
  <ownableSynchronizers candidates="109381" cleared="55636" />
  <references type="soft" candidates="94355" cleared="3199" enqueued="3142" dynamicThreshold="1" maxThreshold="32" />
  <references type="weak" candidates="54860" cleared="10" enqueued="2" />
  <references type="phantom" candidates="351" cleared="0" enqueued="0" />
  <stringconstants candidates="123276" cleared="12"  />
</gc-op>
<gc-op id="5004" type="sweep" timems="4.674" contextid="4995" timestamp="2023-06-02T09:26:39.779" />
<gc-end id="5005" type="global" contextid="4995" durationms="30.608" usertimems="109.375" systemtimems="0.000" timestamp="2023-06-02T09:26:39.780" activeThreads="16">
  <mem-info id="5006" free="274731480" total="1073741824" percent="25">
    <mem type="nursery" free="230318000" total="268435456" percent="85">
      <mem type="allocate" free="230318000" total="241565696" percent="95" />
      <mem type="survivor" free="0" total="26869760" percent="0" />
    </mem>
    <mem type="tenure" free="44413480" total="805306368" percent="5" micro-fragmented="28396958" macro-fragmented="0">
      <mem type="soa" free="8613824" total="765040640" percent="1" />
      <mem type="loa" free="35799656" total="40265728" percent="88" />
    </mem>
    <pending-finalizers system="537" default="108" reference="3144" classloader="0" />
    <remembered-set count="4155" />
  </mem-info>
</gc-end>
<cycle-end id="5007" type="global" contextid="4995" timestamp="2023-06-02T09:26:39.781" />
<concurrent-collection-end id="5008" timestamp="2023-06-02T09:26:39.781" />
<exclusive-end id="5009" timestamp="2023-06-02T09:26:39.781" durationms="35.053" />

<exclusive-start id="5010" timestamp="2023-06-02T09:26:40.115" intervalms="367.417">
  <response-info timems="0.097" idlems="0.097" threads="0" lastid="000000000AB99500" lastname="qm: AsynchronousTaskRunner-3 @@ 09:25" />
</exclusive-start>
<af-start id="5011" threadId="000000000AB99E80" totalBytesRequested="432" timestamp="2023-06-02T09:26:40.115" intervalms="1159.527" type="nursery" />
<cycle-start id="5012" type="scavenge" contextid="0" timestamp="2023-06-02T09:26:40.115" intervalms="1159.524" />
<gc-start id="5013" type="scavenge" contextid="5012" timestamp="2023-06-02T09:26:40.117">
  <mem-info id="5014" free="44413480" total="1073741824" percent="4">
    <mem type="nursery" free="0" total="268435456" percent="0">
      <mem type="allocate" free="0" total="241565696" percent="0" />
      <mem type="survivor" free="0" total="26869760" percent="0" />
    </mem>
    <mem type="tenure" free="44413480" total="805306368" percent="5">
      <mem type="soa" free="8613824" total="765040640" percent="1" />
      <mem type="loa" free="35799656" total="40265728" percent="88" />
    </mem>
    <remembered-set count="12022" />
  </mem-info>
</gc-start>
<allocation-stats totalBytes="230158424" >
  <allocated-bytes non-tlh="72464" tlh="230085960" />
  <largest-consumer threadName="qm: AsynchronousTaskRunner-3 @@ 09:25" threadId="000000000AB99500" bytes="227511552" />
</allocation-stats>
<gc-op id="5015" type="scavenge" timems="2.823" contextid="5012" timestamp="2023-06-02T09:26:40.120">
  <scavenger-info tenureage="9" tenuremask="4200" tiltratio="89" />
  <memory-copied type="nursery" objects="56843" bytes="6236616" bytesdiscarded="401984" />
  <memory-copied type="tenure" objects="5774" bytes="618688" bytesdiscarded="45768" />
  <finalization candidates="423" enqueued="188" />
  <ownableSynchronizers candidates="158453" cleared="158208" />
  <references type="soft" candidates="450" cleared="403" enqueued="398" dynamicThreshold="1" maxThreshold="32" />
  <references type="weak" candidates="14" cleared="13" enqueued="4" />
</gc-op>
<gc-end id="5016" type="scavenge" contextid="5012" durationms="3.201" usertimems="0.000" systemtimems="0.000" timestamp="2023-06-02T09:26:40.120" activeThreads="16">
  <mem-info id="5017" free="278657792" total="1073741824" percent="25">
    <mem type="nursery" free="234924840" total="268435456" percent="87">
      <mem type="allocate" free="234924840" total="241565696" percent="97" />
      <mem type="survivor" free="0" total="26869760" percent="0" />
    </mem>
    <mem type="tenure" free="43732952" total="805306368" percent="5" macro-fragmented="0">
      <mem type="soa" free="7933296" total="765040640" percent="1" />
      <mem type="loa" free="35799656" total="40265728" percent="88" />
    </mem>
    <pending-finalizers system="65" default="123" reference="402" classloader="0" />
    <remembered-set count="9874" />
  </mem-info>
</gc-end>
<cycle-end id="5018" type="scavenge" contextid="5012" timestamp="2023-06-02T09:26:40.122" />
<allocation-satisfied id="5019" threadId="000000000AB99500" bytesRequested="432" />
<af-end id="5020" timestamp="2023-06-02T09:26:40.122" threadId="000000000AB99E80" success="true" from="nursery"/>
<exclusive-end id="5021" timestamp="2023-06-02T09:26:40.122" durationms="7.861" />

<exclusive-start id="5022" timestamp="2023-06-02T09:26:40.487" intervalms="372.521">
  <response-info timems="0.093" idlems="0.093" threads="0" lastid="000000000AB99500" lastname="[SQL@09:26:40.486], select distinct t3.EXECUTION_VARIABLE_VALUE" />
</exclusive-start>
<af-start id="5023" threadId="000000000AB99E80" totalBytesRequested="32" timestamp="2023-06-02T09:26:40.487" intervalms="372.528" type="nursery" />
<cycle-start id="5024" type="scavenge" contextid="0" timestamp="2023-06-02T09:26:40.487" intervalms="372.535" />
<gc-start id="5025" type="scavenge" contextid="5024" timestamp="2023-06-02T09:26:40.490">
  <mem-info id="5026" free="43732952" total="1073741824" percent="4">
    <mem type="nursery" free="0" total="268435456" percent="0">
      <mem type="allocate" free="0" total="241565696" percent="0" />
      <mem type="survivor" free="0" total="26869760" percent="0" />
    </mem>
    <mem type="tenure" free="43732952" total="805306368" percent="5">
      <mem type="soa" free="7933296" total="765040640" percent="1" />
      <mem type="loa" free="35799656" total="40265728" percent="88" />
    </mem>
    <remembered-set count="10873" />
  </mem-info>
</gc-start>
<allocation-stats totalBytes="234842712" >
  <allocated-bytes non-tlh="432" tlh="234842280" />
  <largest-consumer threadName="[SQL@09:26:40.486], select distinct t3.EXECUTION_VARIABLE_VALUE_ITM_D, t4.NAME, t4.ARCHIVED, t4.EXTERNAL_ID, t4.EXECUTION_VARIA..." threadId="000000000AB99500" bytes="233447584" />
</allocation-stats>
<gc-op id="5027" type="scavenge" timems="8.491" contextid="5024" timestamp="2023-06-02T09:26:40.499">
  <scavenger-info tenureage="14" tenuremask="4000" tiltratio="89" />
  <memory-copied type="nursery" objects="81732" bytes="7409208" bytesdiscarded="331536" />
  <finalization candidates="429" enqueued="194" />
  <ownableSynchronizers candidates="55463" cleared="55245" />
  <references type="soft" candidates="74" cleared="0" enqueued="0" dynamicThreshold="1" maxThreshold="32" />
  <references type="weak" candidates="11" cleared="10" enqueued="2" />
</gc-op>
<gc-end id="5028" type="scavenge" contextid="5024" durationms="8.849" usertimems="0.000" systemtimems="0.000" timestamp="2023-06-02T09:26:40.499" activeThreads="16">
  <mem-info id="5029" free="277555832" total="1073741824" percent="25">
    <mem type="nursery" free="233822880" total="268435456" percent="87">
      <mem type="allocate" free="233822880" total="241565696" percent="96" />
      <mem type="survivor" free="0" total="26869760" percent="0" />
    </mem>
    <mem type="tenure" free="43732952" total="805306368" percent="5" macro-fragmented="0">
      <mem type="soa" free="7933296" total="765040640" percent="1" />
      <mem type="loa" free="35799656" total="40265728" percent="88" />
    </mem>
    <pending-finalizers system="78" default="116" reference="2" classloader="0" />
    <remembered-set count="9828" />
  </mem-info>
</gc-end>
<cycle-end id="5030" type="scavenge" contextid="5024" timestamp="2023-06-02T09:26:40.501" />
<allocation-satisfied id="5031" threadId="000000000AB99500" bytesRequested="32" />
<af-end id="5032" timestamp="2023-06-02T09:26:40.501" threadId="000000000AB99E80" success="true" from="nursery"/>
<exclusive-end id="5033" timestamp="2023-06-02T09:26:40.501" durationms="13.861" />

<exclusive-start id="5034" timestamp="2023-06-02T09:26:40.832" intervalms="345.018">
  <response-info timems="0.081" idlems="0.081" threads="0" lastid="000000000AB99500" lastname="[SQL@09:26:40.831], select distinct t3.EXECUTION_VARIABLE_ITEM_" />
</exclusive-start>
<af-start id="5035" threadId="000000000AB99E80" totalBytesRequested="56" timestamp="2023-06-02T09:26:40.832" intervalms="345.015" type="nursery" />
<cycle-start id="5036" type="scavenge" contextid="0" timestamp="2023-06-02T09:26:40.832" intervalms="345.001" />
<gc-start id="5037" type="scavenge" contextid="5036" timestamp="2023-06-02T09:26:40.836">
  <mem-info id="5038" free="43732952" total="1073741824" percent="4">
    <mem type="nursery" free="0" total="268435456" percent="0">
      <mem type="allocate" free="0" total="241565696" percent="0" />
      <mem type="survivor" free="0" total="26869760" percent="0" />
    </mem>
    <mem type="tenure" free="43732952" total="805306368" percent="5">
      <mem type="soa" free="7933296" total="765040640" percent="1" />
      <mem type="loa" free="35799656" total="40265728" percent="88" />
    </mem>
    <remembered-set count="10734" />
  </mem-info>
</gc-start>
<allocation-stats totalBytes="233743144" >
  <allocated-bytes non-tlh="32" tlh="233743112" />
  <largest-consumer threadName="[SQL@09:26:40.831], select distinct t3.EXECUTION_VARIABLE_ITEM_ID, t4.NAME, t4.ARCHIVED, t4.EXTERNAL_ID from &#xA;(select t1q.*..." threadId="000000000AB99500" bytes="233100176" />
</allocation-stats>
<gc-op id="5039" type="scavenge" timems="3.238" contextid="5036" timestamp="2023-06-02T09:26:40.839">
  <scavenger-info tenureage="14" tenuremask="4000" tiltratio="89" />
  <memory-copied type="nursery" objects="95291" bytes="7890632" bytesdiscarded="237616" />
  <memory-copied type="tenure" objects="2162" bytes="366936" bytesdiscarded="25672" />
  <finalization candidates="418" enqueued="183" />
  <ownableSynchronizers candidates="55420" cleared="55198" />
  <references type="soft" candidates="106" cleared="0" enqueued="0" dynamicThreshold="1" maxThreshold="32" />
  <references type="weak" candidates="10" cleared="9" enqueued="2" />
</gc-op>
<gc-end id="5040" type="scavenge" contextid="5036" durationms="3.585" usertimems="15.625" systemtimems="0.000" timestamp="2023-06-02T09:26:40.839" activeThreads="16">
  <mem-info id="5041" free="276766592" total="1073741824" percent="25">
    <mem type="nursery" free="233435112" total="268435456" percent="86">
      <mem type="allocate" free="233435112" total="241565696" percent="96" />
      <mem type="survivor" free="0" total="26869760" percent="0" />
    </mem>
    <mem type="tenure" free="43331480" total="805306368" percent="5" macro-fragmented="84680">
      <mem type="soa" free="7531824" total="765040640" percent="0" />
      <mem type="loa" free="35799656" total="40265728" percent="88" />
    </mem>
    <pending-finalizers system="80" default="103" reference="2" classloader="0" />
    <remembered-set count="6635" />
  </mem-info>
</gc-end>
<cycle-end id="5042" type="scavenge" contextid="5036" timestamp="2023-06-02T09:26:40.841" />
<allocation-satisfied id="5043" threadId="000000000AB99500" bytesRequested="56" />
<af-end id="5044" timestamp="2023-06-02T09:26:40.841" threadId="000000000AB99E80" success="true" from="nursery"/>
<exclusive-end id="5045" timestamp="2023-06-02T09:26:40.841" durationms="8.865" />

<exclusive-start id="5046" timestamp="2023-06-02T09:26:41.621" intervalms="789.102">
  <response-info timems="0.180" idlems="0.180" threads="0" lastid="00000000039D9300" lastname="RM-Task-Executor-9" />
</exclusive-start>
<af-start id="5047" threadId="00000000039D9C80" totalBytesRequested="4008" timestamp="2023-06-02T09:26:41.621" intervalms="789.173" type="nursery" />
<cycle-start id="5048" type="scavenge" contextid="0" timestamp="2023-06-02T09:26:41.621" intervalms="789.201" />
<gc-start id="5049" type="scavenge" contextid="5048" timestamp="2023-06-02T09:26:41.625">
  <mem-info id="5050" free="43331480" total="1073741824" percent="4">
    <mem type="nursery" free="0" total="268435456" percent="0">
      <mem type="allocate" free="0" total="241565696" percent="0" />
      <mem type="survivor" free="0" total="26869760" percent="0" />
    </mem>
    <mem type="tenure" free="43331480" total="805306368" percent="5">
      <mem type="soa" free="7531824" total="765040640" percent="0" />
      <mem type="loa" free="35799656" total="40265728" percent="88" />
    </mem>
    <remembered-set count="7800" />
  </mem-info>
</gc-start>
<allocation-stats totalBytes="233325472" >
  <allocated-bytes non-tlh="49232" tlh="233276240" />
  <largest-consumer threadName="[SQL@09:26:41.617], select distinct t2.OWNER_ITEM_ID, t3.USER_ID, t3.NAME from &#xA;(select t1q.*, T1V.ITEM_TYPE_DBID from PLAN..." threadId="000000000AB99500" bytes="226804400" />
</allocation-stats>
<gc-op id="5051" type="scavenge" timems="4.137" contextid="5048" timestamp="2023-06-02T09:26:41.629">
  <scavenger-info tenureage="14" tenuremask="4000" tiltratio="89" />
  <memory-copied type="nursery" objects="163712" bytes="10710424" bytesdiscarded="327144" />
  <finalization candidates="4654" enqueued="4419" />
  <ownableSynchronizers candidates="52854" cleared="52621" />
  <references type="soft" candidates="142" cleared="0" enqueued="0" dynamicThreshold="1" maxThreshold="32" />
  <references type="weak" candidates="20" cleared="15" enqueued="6" />
</gc-op>
<gc-end id="5052" type="scavenge" contextid="5048" durationms="4.516" usertimems="0.000" systemtimems="0.000" timestamp="2023-06-02T09:26:41.630" activeThreads="16">
  <mem-info id="5053" free="273856976" total="1073741824" percent="25">
    <mem type="nursery" free="230525496" total="268435456" percent="85">
      <mem type="allocate" free="230525496" total="241565696" percent="95" />
      <mem type="survivor" free="0" total="26869760" percent="0" />
    </mem>
    <mem type="tenure" free="43331480" total="805306368" percent="5" macro-fragmented="22644">
      <mem type="soa" free="7531824" total="765040640" percent="0" />
      <mem type="loa" free="35799656" total="40265728" percent="88" />
    </mem>
    <pending-finalizers system="4254" default="165" reference="6" classloader="0" />
    <remembered-set count="6659" />
  </mem-info>
</gc-end>
<cycle-end id="5054" type="scavenge" contextid="5048" timestamp="2023-06-02T09:26:41.632" />
<allocation-satisfied id="5055" threadId="00000000039D9300" bytesRequested="4008" />
<af-end id="5056" timestamp="2023-06-02T09:26:41.632" threadId="00000000039D9C80" success="true" from="nursery"/>
<exclusive-end id="5057" timestamp="2023-06-02T09:26:41.632" durationms="11.013" />

<exclusive-start id="5058" timestamp="2023-06-02T09:26:42.030" intervalms="409.217">
  <response-info timems="0.098" idlems="0.098" threads="0" lastid="000000000AB99500" lastname="[SQL@09:26:42.025], select distinct t3.ITEM_ID, t3.NAME, t4.NAM" />
</exclusive-start>
<af-start id="5059" threadId="000000000AB99E80" totalBytesRequested="16" timestamp="2023-06-02T09:26:42.031" intervalms="409.142" type="nursery" />
<cycle-start id="5060" type="scavenge" contextid="0" timestamp="2023-06-02T09:26:42.031" intervalms="409.116" />
<gc-start id="5061" type="scavenge" contextid="5060" timestamp="2023-06-02T09:26:42.036">
  <mem-info id="5062" free="43331480" total="1073741824" percent="4">
    <mem type="nursery" free="0" total="268435456" percent="0">
      <mem type="allocate" free="0" total="241565696" percent="0" />
      <mem type="survivor" free="0" total="26869760" percent="0" />
    </mem>
    <mem type="tenure" free="43331480" total="805306368" percent="5">
      <mem type="soa" free="7531824" total="765040640" percent="0" />
      <mem type="loa" free="35799656" total="40265728" percent="88" />
    </mem>
    <remembered-set count="7762" />
  </mem-info>
</gc-start>
<allocation-stats totalBytes="230439288" >
  <allocated-bytes non-tlh="61376" tlh="230377912" />
  <largest-consumer threadName="[SQL@09:26:42.025], select distinct t3.ITEM_ID, t3.NAME, t4.NAME, t3.CATEGORY_TYPE_ITEM_ID, t3.ARCHIVED, t4.ARCHIVED, t3.EXTERN..." threadId="000000000AB99500" bytes="227811448" />
</allocation-stats>
<gc-op id="5063" type="scavenge" timems="3.899" contextid="5060" timestamp="2023-06-02T09:26:42.041">
  <scavenger-info tenureage="14" tenuremask="4000" tiltratio="89" />
  <memory-copied type="nursery" objects="241002" bytes="13239536" bytesdiscarded="253288" />
  <memory-copied type="tenure" objects="3" bytes="24624" bytesdiscarded="0" />
  <finalization candidates="905" enqueued="670" />
  <ownableSynchronizers candidates="54317" cleared="54060" />
  <references type="soft" candidates="177" cleared="0" enqueued="0" dynamicThreshold="1" maxThreshold="32" />
  <references type="weak" candidates="19" cleared="14" enqueued="2" />
</gc-op>
<gc-end id="5064" type="scavenge" contextid="5060" durationms="4.254" usertimems="0.000" systemtimems="0.000" timestamp="2023-06-02T09:26:42.041" activeThreads="16">
  <mem-info id="5065" free="271376816" total="1073741824" percent="25">
    <mem type="nursery" free="228070480" total="268435456" percent="84">
      <mem type="allocate" free="228070480" total="241565696" percent="94" />
      <mem type="survivor" free="0" total="26869760" percent="0" />
    </mem>
    <mem type="tenure" free="43306336" total="805306368" percent="5" macro-fragmented="0">
      <mem type="soa" free="7506680" total="765040640" percent="0" />
      <mem type="loa" free="35799656" total="40265728" percent="88" />
    </mem>
    <pending-finalizers system="543" default="127" reference="2" classloader="0" />
    <remembered-set count="6707" />
  </mem-info>
</gc-end>
<cycle-end id="5066" type="scavenge" contextid="5060" timestamp="2023-06-02T09:26:42.042" />
<allocation-satisfied id="5067" threadId="000000000AB99500" bytesRequested="16" />
<af-end id="5068" timestamp="2023-06-02T09:26:42.043" threadId="000000000AB99E80" success="true" from="nursery"/>
<exclusive-end id="5069" timestamp="2023-06-02T09:26:42.043" durationms="12.508" />

<exclusive-start id="5070" timestamp="2023-06-02T09:26:42.364" intervalms="334.364">
  <response-info timems="0.077" idlems="0.077" threads="0" lastid="000000000AB99500" lastname="[SQL@09:26:42.357], select distinct t1.ITEM_ID, t1.STATE_ID fro" />
</exclusive-start>
<af-start id="5071" threadId="000000000AB99E80" totalBytesRequested="128" timestamp="2023-06-02T09:26:42.364" intervalms="334.359" type="nursery" />
<cycle-start id="5072" type="scavenge" contextid="0" timestamp="2023-06-02T09:26:42.364" intervalms="334.360" />
<gc-start id="5073" type="scavenge" contextid="5072" timestamp="2023-06-02T09:26:42.368">
  <mem-info id="5074" free="43306336" total="1073741824" percent="4">
    <mem type="nursery" free="0" total="268435456" percent="0">
      <mem type="allocate" free="0" total="241565696" percent="0" />
      <mem type="survivor" free="0" total="26869760" percent="0" />
    </mem>
    <mem type="tenure" free="43306336" total="805306368" percent="5">
      <mem type="soa" free="7506680" total="765040640" percent="0" />
      <mem type="loa" free="35799656" total="40265728" percent="88" />
    </mem>
    <remembered-set count="7723" />
  </mem-info>
</gc-start>
<allocation-stats totalBytes="227996848" >
  <allocated-bytes non-tlh="16" tlh="227996832" />
  <largest-consumer threadName="[SQL@09:26:42.357], select distinct t1.ITEM_ID, t1.STATE_ID from &#xA;(select t1q.*, T1V.ITEM_TYPE_DBID from LINKS.AUDITABLE_LI..." threadId="000000000AB99500" bytes="226842352" />
</allocation-stats>
<gc-op id="5075" type="scavenge" timems="4.499" contextid="5072" timestamp="2023-06-02T09:26:42.373">
  <scavenger-info tenureage="9" tenuremask="4600" tiltratio="89" />
  <memory-copied type="nursery" objects="76220" bytes="8015528" bytesdiscarded="592544" />
  <memory-copied type="tenure" objects="6194" bytes="855440" bytesdiscarded="69528" />
  <copy-failed type="tenure" objects="17" bytes="139536" />
  <finalization candidates="405" enqueued="170" />
  <ownableSynchronizers candidates="52116" cleared="51829" />
  <references type="soft" candidates="201" cleared="0" enqueued="0" dynamicThreshold="1" maxThreshold="32" />
  <references type="weak" candidates="16" cleared="11" enqueued="2" />
</gc-op>
<gc-end id="5076" type="scavenge" contextid="5072" durationms="4.863" usertimems="0.000" systemtimems="0.000" timestamp="2023-06-02T09:26:42.374" activeThreads="16">
  <mem-info id="5077" free="275324816" total="1073741824" percent="25">
    <mem type="nursery" free="232955392" total="268435456" percent="86">
      <mem type="allocate" free="232955392" total="241565696" percent="96" />
      <mem type="survivor" free="0" total="26869760" percent="0" />
    </mem>
    <mem type="tenure" free="42369424" total="805306368" percent="5" macro-fragmented="13104">
      <mem type="soa" free="6569768" total="765040640" percent="0" />
      <mem type="loa" free="35799656" total="40265728" percent="88" />
    </mem>
    <pending-finalizers system="61" default="109" reference="2" classloader="0" />
    <remembered-set count="6801" />
  </mem-info>
</gc-end>
<cycle-end id="5078" type="scavenge" contextid="5072" timestamp="2023-06-02T09:26:42.375" />
<allocation-satisfied id="5079" threadId="000000000AB99500" bytesRequested="128" />
<af-end id="5080" timestamp="2023-06-02T09:26:42.375" threadId="000000000AB99E80" success="true" from="nursery"/>
<exclusive-end id="5081" timestamp="2023-06-02T09:26:42.375" durationms="10.707" />

<concurrent-kickoff id="5082" timestamp="2023-06-02T09:26:42.680">
  <kickoff reason="next scavenge will percolate" targetBytes="365543759" thresholdFreeBytes="50567644"  remainingFree="50478456" tenureFreeBytes="42369424" nurseryFreeBytes="50478456" />
</concurrent-kickoff>
<exclusive-start id="5083" timestamp="2023-06-02T09:26:42.682" intervalms="316.578">
  <response-info timems="0.118" idlems="0.118" threads="0" lastid="000000000AB99500" lastname="[SQL@09:26:42.674], select distinct t3.EXECUTION_VARIABLE_VALUE" />
</exclusive-start>
<cycle-start id="5084" type="global" contextid="0" timestamp="2023-06-02T09:26:42.682" intervalms="3456.338" />
<exclusive-end id="5085" timestamp="2023-06-02T09:26:42.682" durationms="0.041" />

<exclusive-start id="5086" timestamp="2023-06-02T09:26:43.132" intervalms="451.083">
  <response-info timems="0.085" idlems="0.085" threads="0" lastid="000000000AB99500" lastname="[SQL@09:26:43.076], select distinct t3.KEY_COL, t3.VALUE, t4.KE" />
</exclusive-start>
<concurrent-collection-start id="5087" timestamp="2023-06-02T09:26:43.132" intervalms="3385.310" >
  <concurrent-trace-info reason="card cleaning threshold reached" tracedByMutators="149335624" tracedByHelpers="237867884" cardsCleaned="1558" workStackOverflowCount="0" />
</concurrent-collection-start>
<gc-start id="5088" type="global" contextid="5084" timestamp="2023-06-02T09:26:43.134">
  <mem-info id="5089" free="46173952" total="1073741824" percent="4">
    <mem type="nursery" free="3804528" total="268435456" percent="1">
      <mem type="allocate" free="3804528" total="241565696" percent="1" />
      <mem type="survivor" free="0" total="26869760" percent="0" />
    </mem>
    <mem type="tenure" free="42369424" total="805306368" percent="5">
      <mem type="soa" free="6569768" total="765040640" percent="0" />
      <mem type="loa" free="35799656" total="40265728" percent="88" />
    </mem>
    <remembered-set count="7801" />
  </mem-info>
</gc-start>
<allocation-stats totalBytes="229064208" >
  <allocated-bytes non-tlh="82064" tlh="228982144" />
  <largest-consumer threadName="[SQL@09:26:43.076], select distinct t3.KEY_COL, t3.VALUE, t4.KEY_COL, t4.VALUE, t5.KEY_COL, t5.VALUE, t6.KEY_COL, t6.VALUE, t7...." threadId="000000000AB99500" bytes="226048368" />
</allocation-stats>
<gc-op id="5090" type="rs-scan" timems="1.857" contextid="5084" timestamp="2023-06-02T09:26:43.135">
  <scan objectsFound="3453" bytesTraced="1907456" workStackOverflowCount="0" />
</gc-op>
<gc-op id="5091" type="card-cleaning" timems="0.587" contextid="5084" timestamp="2023-06-02T09:26:43.136">
  <card-cleaning cardsCleaned="11" bytesTraced="1708388" workStackOverflowCount="0" />
</gc-op>
<gc-op id="5092" type="mark" timems="23.978" contextid="5084" timestamp="2023-06-02T09:26:43.161">
  <trace-info objectcount="134687" scancount="126803" scanbytes="3604812" />
  <finalization candidates="5896" enqueued="647" />
  <ownableSynchronizers candidates="106442" cleared="52865" />
  <references type="soft" candidates="90970" cleared="351" enqueued="350" dynamicThreshold="1" maxThreshold="32" />
  <references type="weak" candidates="54860" cleared="14" enqueued="2" />
  <references type="phantom" candidates="351" cleared="0" enqueued="0" />
  <stringconstants candidates="123264" cleared="315"  />
</gc-op>
<gc-op id="5093" type="sweep" timems="4.861" contextid="5084" timestamp="2023-06-02T09:26:43.165" />
<gc-end id="5094" type="global" contextid="5084" durationms="32.402" usertimems="218.750" systemtimems="0.000" timestamp="2023-06-02T09:26:43.166" activeThreads="16">
  <mem-info id="5095" free="273541480" total="1073741824" percent="25">
    <mem type="nursery" free="227872296" total="268435456" percent="84">
      <mem type="allocate" free="227872296" total="241565696" percent="94" />
      <mem type="survivor" free="0" total="26869760" percent="0" />
    </mem>
    <mem type="tenure" free="45669184" total="805306368" percent="5" micro-fragmented="28245154" macro-fragmented="13104">
      <mem type="soa" free="9869528" total="765040640" percent="1" />
      <mem type="loa" free="35799656" total="40265728" percent="88" />
    </mem>
    <pending-finalizers system="536" default="111" reference="352" classloader="0" />
    <remembered-set count="3926" />
  </mem-info>
</gc-end>
<cycle-end id="5096" type="global" contextid="5084" timestamp="2023-06-02T09:26:43.168" />
<concurrent-collection-end id="5097" timestamp="2023-06-02T09:26:43.168" />
<exclusive-end id="5098" timestamp="2023-06-02T09:26:43.168" durationms="35.849" />

<exclusive-start id="5099" timestamp="2023-06-02T09:26:43.601" intervalms="468.940">
  <response-info timems="0.059" idlems="0.059" threads="0" lastid="000000000AB99500" lastname="[SQL@09:26:43.599], select distinct t2.OWNER_ITEM_ID, t3.USER_I" />
</exclusive-start>
<af-start id="5100" threadId="000000000AB99E80" totalBytesRequested="40" timestamp="2023-06-02T09:26:43.601" intervalms="1236.608" type="nursery" />
<cycle-start id="5101" type="scavenge" contextid="0" timestamp="2023-06-02T09:26:43.601" intervalms="1236.601" />
<gc-start id="5102" type="scavenge" contextid="5101" timestamp="2023-06-02T09:26:43.603">
  <mem-info id="5103" free="45669184" total="1073741824" percent="4">
    <mem type="nursery" free="0" total="268435456" percent="0">
      <mem type="allocate" free="0" total="241565696" percent="0" />
      <mem type="survivor" free="0" total="26869760" percent="0" />
    </mem>
    <mem type="tenure" free="45669184" total="805306368" percent="5">
      <mem type="soa" free="9869528" total="765040640" percent="1" />
      <mem type="loa" free="35799656" total="40265728" percent="88" />
    </mem>
    <remembered-set count="4816" />
  </mem-info>
</gc-start>
<allocation-stats totalBytes="227695880" >
  <allocated-bytes non-tlh="316456" tlh="227379424" />
  <largest-consumer threadName="[SQL@09:26:43.599], select distinct t2.OWNER_ITEM_ID, t3.USER_ID, t3.NAME from &#xA;(select t1q.*, T1V.ITEM_TYPE_DBID from PLAN..." threadId="000000000AB99500" bytes="225164328" />
</allocation-stats>
<gc-op id="5104" type="scavenge" timems="3.560" contextid="5101" timestamp="2023-06-02T09:26:43.606">
  <scavenger-info tenureage="4" tenuremask="4230" tiltratio="89" />
  <memory-copied type="nursery" objects="108920" bytes="8578920" bytesdiscarded="354232" />
  <memory-copied type="tenure" objects="15710" bytes="1710928" bytesdiscarded="118160" />
  <copy-failed type="tenure" objects="29" bytes="238032" />
  <finalization candidates="889" enqueued="654" />
  <ownableSynchronizers candidates="160502" cleared="160266" />
  <references type="soft" candidates="186" cleared="158" enqueued="155" dynamicThreshold="1" maxThreshold="32" />
  <references type="weak" candidates="19" cleared="14" enqueued="2" />
</gc-op>
<gc-end id="5105" type="scavenge" contextid="5101" durationms="3.898" usertimems="0.000" systemtimems="0.000" timestamp="2023-06-02T09:26:43.606" activeThreads="16">
  <mem-info id="5106" free="276441952" total="1073741824" percent="25">
    <mem type="nursery" free="232630840" total="268435456" percent="86">
      <mem type="allocate" free="232630840" total="241565696" percent="96" />
      <mem type="survivor" free="0" total="26869760" percent="0" />
    </mem>
    <mem type="tenure" free="43811112" total="805306368" percent="5" macro-fragmented="0">
      <mem type="soa" free="8011456" total="765040640" percent="1" />
      <mem type="loa" free="35799656" total="40265728" percent="88" />
    </mem>
    <pending-finalizers system="538" default="116" reference="157" classloader="0" />
    <remembered-set count="3724" />
  </mem-info>
</gc-end>
<cycle-end id="5107" type="scavenge" contextid="5101" timestamp="2023-06-02T09:26:43.608" />
<allocation-satisfied id="5108" threadId="000000000AB99500" bytesRequested="40" />
<af-end id="5109" timestamp="2023-06-02T09:26:43.608" threadId="000000000AB99E80" success="true" from="nursery"/>
<exclusive-end id="5110" timestamp="2023-06-02T09:26:43.608" durationms="6.949" />

<concurrent-kickoff id="5111" timestamp="2023-06-02T09:26:43.885">
  <kickoff reason="next scavenge will percolate" targetBytes="369804660" thresholdFreeBytes="51156248"  remainingFree="51091968" tenureFreeBytes="43811112" nurseryFreeBytes="51091968" />
</concurrent-kickoff>
<exclusive-start id="5112" timestamp="2023-06-02T09:26:43.886" intervalms="285.122">
  <response-info timems="0.107" idlems="0.107" threads="0" lastid="000000000AB99500" lastname="[SQL@09:26:43.884], select distinct t2.OWNER_ITEM_ID, t3.USER_I" />
</exclusive-start>
<cycle-start id="5113" type="global" contextid="0" timestamp="2023-06-02T09:26:43.886" intervalms="1205.143" />
<exclusive-end id="5114" timestamp="2023-06-02T09:26:43.886" durationms="0.037" />

<exclusive-start id="5115" timestamp="2023-06-02T09:26:44.363" intervalms="476.394">
  <response-info timems="0.119" idlems="0.119" threads="0" lastid="000000000AB99500" lastname="[SQL@09:26:44.338], select distinct t3.ITEM_ID, t3.NAME, t4.NAM" />
</exclusive-start>
<concurrent-collection-start id="5116" timestamp="2023-06-02T09:26:44.363" intervalms="1230.453" >
  <concurrent-trace-info reason="card cleaning threshold reached" tracedByMutators="147586620" tracedByHelpers="240294716" cardsCleaned="1588" workStackOverflowCount="0" />
</concurrent-collection-start>
<gc-start id="5117" type="global" contextid="5113" timestamp="2023-06-02T09:26:44.366">
  <mem-info id="5118" free="47836000" total="1073741824" percent="4">
    <mem type="nursery" free="4024888" total="268435456" percent="1">
      <mem type="allocate" free="4024888" total="241565696" percent="1" />
      <mem type="survivor" free="0" total="26869760" percent="0" />
    </mem>
    <mem type="tenure" free="43811112" total="805306368" percent="5">
      <mem type="soa" free="8011456" total="765040640" percent="1" />
      <mem type="loa" free="35799656" total="40265728" percent="88" />
    </mem>
    <remembered-set count="4768" />
  </mem-info>
</gc-start>
<allocation-stats totalBytes="228519656" >
  <allocated-bytes non-tlh="147520" tlh="228372136" />
  <largest-consumer threadName="[SQL@09:26:44.338], select distinct t3.ITEM_ID, t3.NAME, t4.NAME, t3.CATEGORY_TYPE_ITEM_ID, t3.ARCHIVED, t4.ARCHIVED, t3.EXTERN..." threadId="000000000AB99500" bytes="225162272" />
</allocation-stats>
<gc-op id="5119" type="rs-scan" timems="1.960" contextid="5113" timestamp="2023-06-02T09:26:44.368">
  <scan objectsFound="3682" bytesTraced="2745508" workStackOverflowCount="0" />
</gc-op>
<gc-op id="5120" type="card-cleaning" timems="0.731" contextid="5113" timestamp="2023-06-02T09:26:44.369">
  <card-cleaning cardsCleaned="11" bytesTraced="105468" workStackOverflowCount="0" />
</gc-op>
<gc-op id="5121" type="mark" timems="24.157" contextid="5113" timestamp="2023-06-02T09:26:44.393">
  <trace-info objectcount="49744" scancount="46573" scanbytes="1332380" />
  <finalization candidates="5466" enqueued="217" />
  <ownableSynchronizers candidates="107195" cleared="53718" />
  <references type="soft" candidates="90509" cleared="406" enqueued="405" dynamicThreshold="1" maxThreshold="32" />
  <references type="weak" candidates="54850" cleared="12" enqueued="2" />
  <references type="phantom" candidates="351" cleared="0" enqueued="0" />
  <stringconstants candidates="122949" cleared="24"  />
</gc-op>
<gc-op id="5122" type="sweep" timems="6.235" contextid="5113" timestamp="2023-06-02T09:26:44.400" />
<gc-end id="5123" type="global" contextid="5113" durationms="34.405" usertimems="203.125" systemtimems="0.000" timestamp="2023-06-02T09:26:44.401" activeThreads="16">
  <mem-info id="5124" free="276327248" total="1073741824" percent="25">
    <mem type="nursery" free="231839872" total="268435456" percent="86">
      <mem type="allocate" free="231839872" total="241565696" percent="95" />
      <mem type="survivor" free="0" total="26869760" percent="0" />
    </mem>
    <mem type="tenure" free="44487376" total="805306368" percent="5" micro-fragmented="27851452" macro-fragmented="0">
      <mem type="soa" free="8687720" total="765040640" percent="1" />
      <mem type="loa" free="35799656" total="40265728" percent="88" />
    </mem>
    <pending-finalizers system="76" default="141" reference="407" classloader="0" />
    <remembered-set count="4081" />
  </mem-info>
</gc-end>
<cycle-end id="5125" type="global" contextid="5113" timestamp="2023-06-02T09:26:44.403" />
<concurrent-collection-end id="5126" timestamp="2023-06-02T09:26:44.403" />
<exclusive-end id="5127" timestamp="2023-06-02T09:26:44.404" durationms="40.612" />

<exclusive-start id="5128" timestamp="2023-06-02T09:26:44.761" intervalms="398.500">
  <response-info timems="0.155" idlems="0.155" threads="0" lastid="000000000AB99500" lastname="[SQL@09:26:44.755], select distinct t3.EXECUTION_VARIABLE_VALUE" />
</exclusive-start>
<af-start id="5129" threadId="000000000AB99E80" totalBytesRequested="56" timestamp="2023-06-02T09:26:44.761" intervalms="1160.067" type="nursery" />
<cycle-start id="5130" type="scavenge" contextid="0" timestamp="2023-06-02T09:26:44.761" intervalms="1160.080" />
<gc-start id="5131" type="scavenge" contextid="5130" timestamp="2023-06-02T09:26:44.764">
  <mem-info id="5132" free="44487376" total="1073741824" percent="4">
    <mem type="nursery" free="0" total="268435456" percent="0">
      <mem type="allocate" free="0" total="241565696" percent="0" />
      <mem type="survivor" free="0" total="26869760" percent="0" />
    </mem>
    <mem type="tenure" free="44487376" total="805306368" percent="5">
      <mem type="soa" free="8687720" total="765040640" percent="1" />
      <mem type="loa" free="35799656" total="40265728" percent="88" />
    </mem>
    <remembered-set count="4670" />
  </mem-info>
</gc-start>
<allocation-stats totalBytes="231710296" >
  <allocated-bytes non-tlh="257912" tlh="231452384" />
  <largest-consumer threadName="[SQL@09:26:44.755], select distinct t3.EXECUTION_VARIABLE_VALUE_ITM_D, t4.NAME, t4.ARCHIVED, t4.EXTERNAL_ID, t4.EXECUTION_VARIA..." threadId="000000000AB99500" bytes="230739864" />
</allocation-stats>
<gc-op id="5133" type="scavenge" timems="4.609" contextid="5130" timestamp="2023-06-02T09:26:44.768">
  <scavenger-info tenureage="13" tenuremask="6000" tiltratio="89" />
  <memory-copied type="nursery" objects="200756" bytes="11725752" bytesdiscarded="281488" />
  <memory-copied type="tenure" objects="5581" bytes="570040" bytesdiscarded="64928" />
  <copy-failed type="tenure" objects="45" bytes="369360" />
  <finalization candidates="399" enqueued="164" />
  <ownableSynchronizers candidates="158143" cleared="157924" />
  <references type="soft" candidates="81" cleared="48" enqueued="48" dynamicThreshold="1" maxThreshold="32" />
  <references type="weak" candidates="14" cleared="13" enqueued="2" />
</gc-op>
<gc-end id="5134" type="scavenge" contextid="5130" durationms="5.000" usertimems="0.000" systemtimems="0.000" timestamp="2023-06-02T09:26:44.768" activeThreads="16">
  <mem-info id="5135" free="273386008" total="1073741824" percent="25">
    <mem type="nursery" free="229556304" total="268435456" percent="85">
      <mem type="allocate" free="229556304" total="241565696" percent="95" />
      <mem type="survivor" free="0" total="26869760" percent="0" />
    </mem>
    <mem type="tenure" free="43829704" total="805306368" percent="5" macro-fragmented="0">
      <mem type="soa" free="8030048" total="765040640" percent="1" />
      <mem type="loa" free="35799656" total="40265728" percent="88" />
    </mem>
    <pending-finalizers system="63" default="101" reference="50" classloader="0" />
    <remembered-set count="3568" />
  </mem-info>
</gc-end>
<cycle-end id="5136" type="scavenge" contextid="5130" timestamp="2023-06-02T09:26:44.770" />
<allocation-satisfied id="5137" threadId="000000000AB99500" bytesRequested="56" />
<af-end id="5138" timestamp="2023-06-02T09:26:44.770" threadId="000000000AB99E80" success="true" from="nursery"/>
<exclusive-end id="5139" timestamp="2023-06-02T09:26:44.770" durationms="9.197" />

<concurrent-kickoff id="5140" timestamp="2023-06-02T09:26:45.415">
  <kickoff reason="next scavenge will percolate" targetBytes="373380261" thresholdFreeBytes="51649872"  remainingFree="51544072" tenureFreeBytes="43829704" nurseryFreeBytes="51544072" />
</concurrent-kickoff>
<exclusive-start id="5141" timestamp="2023-06-02T09:26:45.416" intervalms="654.823">
  <response-info timems="0.068" idlems="0.068" threads="0" lastid="000000000AB99500" lastname="[SQL@09:26:45.412], select distinct t3.KEY_COL, t3.VALUE, t4.KE" />
</exclusive-start>
<cycle-start id="5142" type="global" contextid="0" timestamp="2023-06-02T09:26:45.416" intervalms="1529.725" />
<exclusive-end id="5143" timestamp="2023-06-02T09:26:45.416" durationms="0.046" />

<exclusive-start id="5144" timestamp="2023-06-02T09:26:45.847" intervalms="431.117">
  <response-info timems="0.254" idlems="0.254" threads="0" lastid="00000000039D9300" lastname="RM-Task-Executor-9" />
</exclusive-start>
<concurrent-collection-start id="5145" timestamp="2023-06-02T09:26:45.847" intervalms="1484.498" >
  <concurrent-trace-info reason="card cleaning threshold reached" tracedByMutators="201994992" tracedByHelpers="186109316" cardsCleaned="2330" workStackOverflowCount="0" />
</concurrent-collection-start>
<gc-start id="5146" type="global" contextid="5142" timestamp="2023-06-02T09:26:45.850">
  <mem-info id="5147" free="47450968" total="1073741824" percent="4">
    <mem type="nursery" free="3641024" total="268435456" percent="1">
      <mem type="allocate" free="3641024" total="241565696" percent="1" />
      <mem type="survivor" free="0" total="26869760" percent="0" />
    </mem>
    <mem type="tenure" free="43809944" total="805306368" percent="5">
      <mem type="soa" free="8010288" total="765040640" percent="1" />
      <mem type="loa" free="35799656" total="40265728" percent="88" />
    </mem>
    <remembered-set count="5362" />
  </mem-info>
</gc-start>
<allocation-stats totalBytes="225815032" >
  <allocated-bytes non-tlh="256608" tlh="225558424" />
  <largest-consumer threadName="[SQL@09:26:45.825], select distinct t3.ITEM_ID, t3.NAME, t4.NAME, t3.CATEGORY_TYPE_ITEM_ID, t3.ARCHIVED, t4.ARCHIVED, t3.EXTERN..." threadId="000000000AB99500" bytes="201168672" />
</allocation-stats>
<gc-op id="5148" type="rs-scan" timems="5.677" contextid="5142" timestamp="2023-06-02T09:26:45.856">
  <scan objectsFound="4105" bytesTraced="1685008" workStackOverflowCount="0" />
</gc-op>
<gc-op id="5149" type="card-cleaning" timems="3.726" contextid="5142" timestamp="2023-06-02T09:26:45.860">
  <card-cleaning cardsCleaned="29" bytesTraced="1502840" workStackOverflowCount="0" />
</gc-op>
<gc-op id="5150" type="mark" timems="31.011" contextid="5142" timestamp="2023-06-02T09:26:45.891">
  <trace-info objectcount="63256" scancount="60321" scanbytes="2130092" />
  <finalization candidates="9304" enqueued="4046" />
  <ownableSynchronizers candidates="101726" cleared="48164" />
  <references type="soft" candidates="90740" cleared="32" enqueued="32" dynamicThreshold="1" maxThreshold="32" />
  <references type="weak" candidates="54866" cleared="21" enqueued="9" />
  <references type="phantom" candidates="351" cleared="0" enqueued="0" />
  <stringconstants candidates="123030" cleared="17"  />
</gc-op>
<gc-op id="5151" type="sweep" timems="6.103" contextid="5142" timestamp="2023-06-02T09:26:45.897" />
<gc-end id="5152" type="global" contextid="5142" durationms="47.864" usertimems="265.625" systemtimems="0.000" timestamp="2023-06-02T09:26:45.898" activeThreads="16">
  <mem-info id="5153" free="272525656" total="1073741824" percent="25">
    <mem type="nursery" free="228320384" total="268435456" percent="85">
      <mem type="allocate" free="228320384" total="241565696" percent="94" />
      <mem type="survivor" free="0" total="26869760" percent="0" />
    </mem>
    <mem type="tenure" free="44205272" total="805306368" percent="5" micro-fragmented="28596239" macro-fragmented="0">
      <mem type="soa" free="8405616" total="765040640" percent="1" />
      <mem type="loa" free="35799656" total="40265728" percent="88" />
    </mem>
    <pending-finalizers system="3828" default="218" reference="41" classloader="0" />
    <remembered-set count="4649" />
  </mem-info>
</gc-end>
<cycle-end id="5154" type="global" contextid="5142" timestamp="2023-06-02T09:26:45.900" />
<concurrent-collection-end id="5155" timestamp="2023-06-02T09:26:45.900" />
<exclusive-end id="5156" timestamp="2023-06-02T09:26:45.900" durationms="53.256" />

<exclusive-start id="5157" timestamp="2023-06-02T09:26:46.311" intervalms="464.002">
  <response-info timems="0.193" idlems="0.193" threads="0" lastid="000000000AB99500" lastname="[SQL@09:26:46.307], select distinct t3.KEY_COL, t3.VALUE, t4.KE" />
</exclusive-start>
<af-start id="5158" threadId="000000000AB99E80" totalBytesRequested="40" timestamp="2023-06-02T09:26:46.312" intervalms="1550.045" type="nursery" />
<cycle-start id="5159" type="scavenge" contextid="0" timestamp="2023-06-02T09:26:46.312" intervalms="1550.164" />
<gc-start id="5160" type="scavenge" contextid="5159" timestamp="2023-06-02T09:26:46.316">
  <mem-info id="5161" free="44199416" total="1073741824" percent="4">
    <mem type="nursery" free="0" total="268435456" percent="0">
      <mem type="allocate" free="0" total="241565696" percent="0" />
      <mem type="survivor" free="0" total="26869760" percent="0" />
    </mem>
    <mem type="tenure" free="44199416" total="805306368" percent="5">
      <mem type="soa" free="8399760" total="765040640" percent="1" />
      <mem type="loa" free="35799656" total="40265728" percent="88" />
    </mem>
    <remembered-set count="5028" />
  </mem-info>
</gc-start>
<allocation-stats totalBytes="228146560" >
  <allocated-bytes non-tlh="461336" tlh="227685224" />
  <largest-consumer threadName="[SQL@09:26:46.307], select distinct t3.KEY_COL, t3.VALUE, t4.KEY_COL, t4.VALUE, t5.KEY_COL, t5.VALUE, t6.KEY_COL, t6.VALUE, t7...." threadId="000000000AB99500" bytes="215849328" />
</allocation-stats>
<gc-op id="5162" type="scavenge" timems="5.250" contextid="5159" timestamp="2023-06-02T09:26:46.321">
  <scavenger-info tenureage="14" tenuremask="c000" tiltratio="89" />
  <memory-copied type="nursery" objects="129558" bytes="11101216" bytesdiscarded="215344" />
  <memory-copied type="tenure" objects="14" bytes="114912" bytesdiscarded="0" />
  <copy-failed type="tenure" objects="31" bytes="254448" />
  <finalization candidates="982" enqueued="714" />
  <ownableSynchronizers candidates="155816" cleared="155477" />
  <references type="soft" candidates="756" cleared="637" enqueued="627" dynamicThreshold="1" maxThreshold="32" />
  <references type="weak" candidates="36" cleared="22" enqueued="7" />
</gc-op>
<gc-end id="5163" type="scavenge" contextid="5159" durationms="5.874" usertimems="0.000" systemtimems="0.000" timestamp="2023-06-02T09:26:46.322" activeThreads="16">
  <mem-info id="5164" free="274326704" total="1073741824" percent="25">
    <mem type="nursery" free="230242448" total="268435456" percent="85">
      <mem type="allocate" free="230242448" total="241565696" percent="95" />
      <mem type="survivor" free="0" total="26869760" percent="0" />
    </mem>
    <mem type="tenure" free="44084256" total="805306368" percent="5" macro-fragmented="46956">
      <mem type="soa" free="8284600" total="765040640" percent="1" />
      <mem type="loa" free="35799656" total="40265728" percent="88" />
    </mem>
    <pending-finalizers system="549" default="165" reference="634" classloader="0" />
    <remembered-set count="3625" />
  </mem-info>
</gc-end>
<cycle-end id="5165" type="scavenge" contextid="5159" timestamp="2023-06-02T09:26:46.325" />
<allocation-satisfied id="5166" threadId="000000000AB99500" bytesRequested="40" />
<af-end id="5167" timestamp="2023-06-02T09:26:46.325" threadId="000000000AB99E80" success="true" from="nursery"/>
<exclusive-end id="5168" timestamp="2023-06-02T09:26:46.325" durationms="13.617" />

<concurrent-kickoff id="5169" timestamp="2023-06-02T09:26:46.754">
  <kickoff reason="next scavenge will percolate" targetBytes="376318448" thresholdFreeBytes="52054728"  remainingFree="51955808" tenureFreeBytes="44084256" nurseryFreeBytes="51955808" />
</concurrent-kickoff>
<exclusive-start id="5170" timestamp="2023-06-02T09:26:46.756" intervalms="444.351">
  <response-info timems="0.143" idlems="0.143" threads="0" lastid="000000000AB99500" lastname="[SQL@09:26:46.752], select distinct t3.ITEM_ID, t3.IDENTIFIER, " />
</exclusive-start>
<cycle-start id="5171" type="global" contextid="0" timestamp="2023-06-02T09:26:46.756" intervalms="1339.462" />
<exclusive-end id="5172" timestamp="2023-06-02T09:26:46.756" durationms="0.037" />

<exclusive-start id="5173" timestamp="2023-06-02T09:26:47.296" intervalms="541.000">
  <response-info timems="0.158" idlems="0.158" threads="0" lastid="000000000788E300" lastname="jts: AsynchronousTaskRunner-1" />
</exclusive-start>
<concurrent-collection-start id="5174" timestamp="2023-06-02T09:26:47.296" intervalms="1449.314" >
  <concurrent-trace-info reason="card cleaning threshold reached" tracedByMutators="150350332" tracedByHelpers="237358820" cardsCleaned="2043" workStackOverflowCount="0" />
</concurrent-collection-start>
<gc-start id="5175" type="global" contextid="5171" timestamp="2023-06-02T09:26:47.306">
  <mem-info id="5176" free="48477360" total="1073741824" percent="4">
    <mem type="nursery" free="4393104" total="268435456" percent="1">
      <mem type="allocate" free="4393104" total="241565696" percent="1" />
      <mem type="survivor" free="0" total="26869760" percent="0" />
    </mem>
    <mem type="tenure" free="44084256" total="805306368" percent="5">
      <mem type="soa" free="8284600" total="765040640" percent="1" />
      <mem type="loa" free="35799656" total="40265728" percent="88" />
    </mem>
    <remembered-set count="4762" />
  </mem-info>
</gc-start>
<allocation-stats totalBytes="225771976" >
  <allocated-bytes non-tlh="98360" tlh="225673616" />
  <largest-consumer threadName="[SQL@09:26:47.224], select distinct t3.ITEM_ID, t3.NAME, t4.NAME, t3.CATEGORY_TYPE_ITEM_ID, t3.ARCHIVED, t4.ARCHIVED, t3.EXTERN..." threadId="000000000AB99500" bytes="220974624" />
</allocation-stats>
<heap-resize id="5177" type="loa contract" space="tenure" amount="8052736" count="1" timems="0.000" reason="contract underutilized loa" timestamp="2023-06-02T09:26:47.310" />
<gc-op id="5178" type="rs-scan" timems="9.127" contextid="5171" timestamp="2023-06-02T09:26:47.319">
  <scan objectsFound="3995" bytesTraced="7781908" workStackOverflowCount="0" />
</gc-op>
<gc-op id="5179" type="card-cleaning" timems="0.842" contextid="5171" timestamp="2023-06-02T09:26:47.320">
  <card-cleaning cardsCleaned="62" bytesTraced="216460" workStackOverflowCount="0" />
</gc-op>
<gc-op id="5180" type="mark" timems="23.336" contextid="5171" timestamp="2023-06-02T09:26:47.343">
  <trace-info objectcount="24374" scancount="19156" scanbytes="668392" />
  <finalization candidates="6022" enqueued="770" />
  <ownableSynchronizers candidates="105387" cleared="51779" />
  <references type="soft" candidates="90193" cleared="5" enqueued="4" dynamicThreshold="1" maxThreshold="32" />
  <references type="weak" candidates="54862" cleared="15" enqueued="4" />
  <references type="phantom" candidates="351" cleared="0" enqueued="0" />
  <stringconstants candidates="123054" cleared="317"  />
</gc-op>
<gc-op id="5181" type="sweep" timems="4.969" contextid="5171" timestamp="2023-06-02T09:26:47.348" />
<heap-resize id="5182" type="loa contract" space="tenure" amount="24159232" count="1" timems="0.000" reason="contract to meet minimum soa" timestamp="2023-06-02T09:26:47.351" />
<gc-end id="5183" type="global" contextid="5171" durationms="44.438" usertimems="203.125" systemtimems="0.000" timestamp="2023-06-02T09:26:47.351" activeThreads="16">
  <mem-info id="5184" free="267685280" total="1073741824" percent="24">
    <mem type="nursery" free="223291304" total="268435456" percent="83">
      <mem type="allocate" free="223291304" total="241565696" percent="92" />
      <mem type="survivor" free="0" total="26869760" percent="0" />
    </mem>
    <mem type="tenure" free="44393976" total="805306368" percent="5" micro-fragmented="28498076" macro-fragmented="9100">
      <mem type="soa" free="36340216" total="797252608" percent="4" />
      <mem type="loa" free="8053760" total="8053760" percent="100" />
    </mem>
    <pending-finalizers system="580" default="190" reference="8" classloader="0" />
    <remembered-set count="4483" />
  </mem-info>
</gc-end>
<cycle-end id="5185" type="global" contextid="5171" timestamp="2023-06-02T09:26:47.351" />
<concurrent-collection-end id="5186" timestamp="2023-06-02T09:26:47.351" />
<exclusive-end id="5187" timestamp="2023-06-02T09:26:47.351" durationms="55.878" />

<exclusive-start id="5188" timestamp="2023-06-02T09:26:47.696" intervalms="400.214">
  <response-info timems="0.140" idlems="0.140" threads="0" lastid="000000000AB99500" lastname="[SQL@09:26:47.693], select distinct t3.ITEM_ID, t3.IDENTIFIER, " />
</exclusive-start>
<af-start id="5189" threadId="000000000AB99E80" totalBytesRequested="40" timestamp="2023-06-02T09:26:47.696" intervalms="1385.431" type="nursery" />
<cycle-start id="5190" type="scavenge" contextid="0" timestamp="2023-06-02T09:26:47.697" intervalms="1385.349" />
<gc-start id="5191" type="scavenge" contextid="5190" timestamp="2023-06-02T09:26:47.701">
  <mem-info id="5192" free="44389784" total="1073741824" percent="4">
    <mem type="nursery" free="0" total="268435456" percent="0">
      <mem type="allocate" free="0" total="241565696" percent="0" />
      <mem type="survivor" free="0" total="26869760" percent="0" />
    </mem>
    <mem type="tenure" free="44389784" total="805306368" percent="5">
      <mem type="soa" free="36336024" total="797252608" percent="4" />
      <mem type="loa" free="8053760" total="8053760" percent="100" />
    </mem>
    <remembered-set count="4627" />
  </mem-info>
</gc-start>
<allocation-stats totalBytes="223148872" >
  <allocated-bytes non-tlh="166144" tlh="222982728" />
  <largest-consumer threadName="[SQL@09:26:47.693], select distinct t3.ITEM_ID, t3.IDENTIFIER, t3.NAME, t3.REQUIRED, t3.EXTERNAL_URI from &#xA;(select t1q.*, T..." threadId="000000000AB99500" bytes="221577984" />
</allocation-stats>
<gc-op id="5193" type="scavenge" timems="5.636" contextid="5190" timestamp="2023-06-02T09:26:47.707">
  <scavenger-info tenureage="14" tenuremask="c000" tiltratio="89" />
  <memory-copied type="nursery" objects="152483" bytes="11878160" bytesdiscarded="219120" />
  <memory-copied type="tenure" objects="46" bytes="377568" bytesdiscarded="0" />
  <finalization candidates="462" enqueued="195" />
  <ownableSynchronizers candidates="153492" cleared="153128" />
  <references type="soft" candidates="315" cleared="164" enqueued="155" dynamicThreshold="1" maxThreshold="32" />
  <references type="weak" candidates="37" cleared="22" enqueued="9" />
</gc-op>
<gc-end id="5194" type="scavenge" contextid="5190" durationms="6.037" usertimems="0.000" systemtimems="0.000" timestamp="2023-06-02T09:26:47.707" activeThreads="16">
  <mem-info id="5195" free="273475352" total="1073741824" percent="25">
    <mem type="nursery" free="229464176" total="268435456" percent="85">
      <mem type="allocate" free="229464176" total="241565696" percent="94" />
      <mem type="survivor" free="0" total="26869760" percent="0" />
    </mem>
    <mem type="tenure" free="44011176" total="805306368" percent="5" macro-fragmented="2116">
      <mem type="soa" free="35957416" total="797252608" percent="4" />
      <mem type="loa" free="8053760" total="8053760" percent="100" />
    </mem>
    <pending-finalizers system="78" default="117" reference="164" classloader="0" />
    <remembered-set count="3359" />
  </mem-info>
</gc-end>
<cycle-end id="5196" type="scavenge" contextid="5190" timestamp="2023-06-02T09:26:47.709" />
<allocation-satisfied id="5197" threadId="000000000AB99500" bytesRequested="40" />
<af-end id="5198" timestamp="2023-06-02T09:26:47.709" threadId="000000000AB99E80" success="true" from="nursery"/>
<exclusive-end id="5199" timestamp="2023-06-02T09:26:47.709" durationms="12.487" />

<exclusive-start id="5200" timestamp="2023-06-02T09:26:48.205" intervalms="508.238">
  <response-info timems="0.214" idlems="0.214" threads="0" lastid="000000000AB99500" lastname="[SQL@09:26:48.197], select distinct t3.EXECUTION_VARIABLE_VALUE" />
</exclusive-start>
<af-start id="5201" threadId="000000000AB99E80" totalBytesRequested="40" timestamp="2023-06-02T09:26:48.206" intervalms="508.352" type="nursery" />
<cycle-start id="5202" type="scavenge" contextid="0" timestamp="2023-06-02T09:26:48.206" intervalms="508.319" />
<gc-start id="5203" type="scavenge" contextid="5202" timestamp="2023-06-02T09:26:48.207">
  <mem-info id="5204" free="44010784" total="1073741824" percent="4">
    <mem type="nursery" free="0" total="268435456" percent="0">
      <mem type="allocate" free="0" total="241565696" percent="0" />
      <mem type="survivor" free="0" total="26869760" percent="0" />
    </mem>
    <mem type="tenure" free="44010784" total="805306368" percent="5">
      <mem type="soa" free="35957024" total="797252608" percent="4" />
      <mem type="loa" free="8053760" total="8053760" percent="100" />
    </mem>
    <remembered-set count="4512" />
  </mem-info>
</gc-start>
<allocation-stats totalBytes="229360016" >
  <allocated-bytes non-tlh="131520" tlh="229228496" />
  <largest-consumer threadName="[SQL@09:26:48.197], select distinct t3.EXECUTION_VARIABLE_VALUE_ITM_D, t4.NAME, t4.ARCHIVED, t4.EXTERNAL_ID, t4.EXECUTION_VARIA..." threadId="000000000AB99500" bytes="225473656" />
</allocation-stats>
<gc-op id="5205" type="scavenge" timems="7.007" contextid="5202" timestamp="2023-06-02T09:26:48.214">
  <scavenger-info tenureage="14" tenuremask="4000" tiltratio="89" />
  <memory-copied type="nursery" objects="181572" bytes="13264432" bytesdiscarded="176544" />
  <memory-copied type="tenure" objects="2" bytes="16416" bytesdiscarded="0" />
  <finalization candidates="2362" enqueued="2095" />
  <ownableSynchronizers candidates="46599" cleared="46206" />
  <references type="soft" candidates="201" cleared="0" enqueued="0" dynamicThreshold="1" maxThreshold="32" />
  <references type="weak" candidates="23" cleared="12" enqueued="2" />
</gc-op>
<gc-end id="5206" type="scavenge" contextid="5202" durationms="7.431" usertimems="0.000" systemtimems="0.000" timestamp="2023-06-02T09:26:48.214" activeThreads="16">
  <mem-info id="5207" free="272114944" total="1073741824" percent="25">
    <mem type="nursery" free="228120576" total="268435456" percent="84">
      <mem type="allocate" free="228120576" total="241565696" percent="94" />
      <mem type="survivor" free="0" total="26869760" percent="0" />
    </mem>
    <mem type="tenure" free="43994368" total="805306368" percent="5" macro-fragmented="0">
      <mem type="soa" free="35940608" total="797252608" percent="4" />
      <mem type="loa" free="8053760" total="8053760" percent="100" />
    </mem>
    <pending-finalizers system="1925" default="170" reference="2" classloader="0" />
    <remembered-set count="3359" />
  </mem-info>
</gc-end>
<cycle-end id="5208" type="scavenge" contextid="5202" timestamp="2023-06-02T09:26:48.217" />
<allocation-satisfied id="5209" threadId="000000000AB99500" bytesRequested="40" />
<af-end id="5210" timestamp="2023-06-02T09:26:48.217" threadId="000000000AB99E80" success="true" from="nursery"/>
<exclusive-end id="5211" timestamp="2023-06-02T09:26:48.217" durationms="12.030" />

<exclusive-start id="5212" timestamp="2023-06-02T09:26:48.760" intervalms="555.651">
  <response-info timems="0.244" idlems="0.244" threads="0" lastid="000000000AB99500" lastname="[SQL@09:26:48.757], select distinct t2.ORIGINATOR_ITEM_ID, t3.U" />
</exclusive-start>
<af-start id="5213" threadId="000000000AB99E80" totalBytesRequested="40" timestamp="2023-06-02T09:26:48.761" intervalms="555.632" type="nursery" />
<cycle-start id="5214" type="scavenge" contextid="0" timestamp="2023-06-02T09:26:48.761" intervalms="555.648" />
<gc-start id="5215" type="scavenge" contextid="5214" timestamp="2023-06-02T09:26:48.768">
  <mem-info id="5216" free="43994368" total="1073741824" percent="4">
    <mem type="nursery" free="0" total="268435456" percent="0">
      <mem type="allocate" free="0" total="241565696" percent="0" />
      <mem type="survivor" free="0" total="26869760" percent="0" />
    </mem>
    <mem type="tenure" free="43994368" total="805306368" percent="5">
      <mem type="soa" free="35940608" total="797252608" percent="4" />
      <mem type="loa" free="8053760" total="8053760" percent="100" />
    </mem>
    <remembered-set count="4353" />
  </mem-info>
</gc-start>
<allocation-stats totalBytes="228056040" >
  <allocated-bytes non-tlh="131128" tlh="227924912" />
  <largest-consumer threadName="[SQL@09:26:48.757], select distinct t2.ORIGINATOR_ITEM_ID, t3.USER_ID, t3.NAME from &#xA;(select t1q.*, T1V.ITEM_TYPE_DBID from..." threadId="000000000AB99500" bytes="225446392" />
</allocation-stats>
<gc-op id="5217" type="scavenge" timems="9.949" contextid="5214" timestamp="2023-06-02T09:26:48.778">
  <scavenger-info tenureage="11" tenuremask="7800" tiltratio="89" />
  <memory-copied type="nursery" objects="150451" bytes="11186488" bytesdiscarded="514720" />
  <memory-copied type="tenure" objects="10212" bytes="1775680" bytesdiscarded="105800" />
  <finalization candidates="2349" enqueued="2082" />
  <ownableSynchronizers candidates="49901" cleared="49509" />
  <references type="soft" candidates="253" cleared="0" enqueued="0" dynamicThreshold="1" maxThreshold="32" />
  <references type="weak" candidates="24" cleared="13" enqueued="2" />
</gc-op>
<gc-end id="5218" type="scavenge" contextid="5214" durationms="10.330" usertimems="0.000" systemtimems="0.000" timestamp="2023-06-02T09:26:48.778" activeThreads="16">
  <mem-info id="5219" free="271935552" total="1073741824" percent="25">
    <mem type="nursery" free="229859784" total="268435456" percent="85">
      <mem type="allocate" free="229859784" total="241565696" percent="95" />
      <mem type="survivor" free="0" total="26869760" percent="0" />
    </mem>
    <mem type="tenure" free="42075768" total="805306368" percent="5" macro-fragmented="7583">
      <mem type="soa" free="34022008" total="797252608" percent="4" />
      <mem type="loa" free="8053760" total="8053760" percent="100" />
    </mem>
    <pending-finalizers system="1942" default="140" reference="2" classloader="0" />
    <remembered-set count="3244" />
  </mem-info>
</gc-end>
<cycle-end id="5220" type="scavenge" contextid="5214" timestamp="2023-06-02T09:26:48.780" />
<allocation-satisfied id="5221" threadId="000000000AB99500" bytesRequested="40" />
<af-end id="5222" timestamp="2023-06-02T09:26:48.781" threadId="000000000AB99E80" success="true" from="nursery"/>
<exclusive-end id="5223" timestamp="2023-06-02T09:26:48.781" durationms="20.141" />

<exclusive-start id="5224" timestamp="2023-06-02T09:26:49.284" intervalms="524.034">
  <response-info timems="0.136" idlems="0.136" threads="0" lastid="000000000AB99500" lastname="[SQL@09:26:49.284], select distinct t3.EXECUTION_VARIABLE_ITEM_" />
</exclusive-start>
<af-start id="5225" threadId="000000000AB99E80" totalBytesRequested="56" timestamp="2023-06-02T09:26:49.284" intervalms="523.968" type="nursery" />
<cycle-start id="5226" type="scavenge" contextid="0" timestamp="2023-06-02T09:26:49.285" intervalms="524.021" />
<gc-start id="5227" type="scavenge" contextid="5226" timestamp="2023-06-02T09:26:49.286">
  <mem-info id="5228" free="42075768" total="1073741824" percent="3">
    <mem type="nursery" free="0" total="268435456" percent="0">
      <mem type="allocate" free="0" total="241565696" percent="0" />
      <mem type="survivor" free="0" total="26869760" percent="0" />
    </mem>
    <mem type="tenure" free="42075768" total="805306368" percent="5">
      <mem type="soa" free="34022008" total="797252608" percent="4" />
      <mem type="loa" free="8053760" total="8053760" percent="100" />
    </mem>
    <remembered-set count="4254" />
  </mem-info>
</gc-start>
<allocation-stats totalBytes="229779008" >
  <allocated-bytes non-tlh="16432" tlh="229762576" />
  <largest-consumer threadName="[SQL@09:26:49.284], select distinct t3.EXECUTION_VARIABLE_ITEM_ID, t4.NAME, t4.ARCHIVED, t4.EXTERNAL_ID from &#xA;(select t1q.*..." threadId="000000000AB99500" bytes="227154504" />
</allocation-stats>
<gc-op id="5229" type="scavenge" timems="8.266" contextid="5226" timestamp="2023-06-02T09:26:49.295">
  <scavenger-info tenureage="6" tenuremask="4c40" tiltratio="89" />
  <memory-copied type="nursery" objects="69906" bytes="7918880" bytesdiscarded="306400" />
  <memory-copied type="tenure" objects="5491" bytes="1230688" bytesdiscarded="51840" />
  <finalization candidates="936" enqueued="670" />
  <ownableSynchronizers candidates="48001" cleared="47604" />
  <references type="soft" candidates="289" cleared="0" enqueued="0" dynamicThreshold="1" maxThreshold="32" />
  <references type="weak" candidates="21" cleared="10" enqueued="2" />
</gc-op>
<gc-end id="5230" type="scavenge" contextid="5226" durationms="8.610" usertimems="15.625" systemtimems="0.000" timestamp="2023-06-02T09:26:49.295" activeThreads="16">
  <mem-info id="5231" free="274116072" total="1073741824" percent="25">
    <mem type="nursery" free="233336736" total="268435456" percent="86">
      <mem type="allocate" free="233336736" total="241565696" percent="96" />
      <mem type="survivor" free="0" total="26869760" percent="0" />
    </mem>
    <mem type="tenure" free="40779336" total="805306368" percent="5" macro-fragmented="1763">
      <mem type="soa" free="32725576" total="797252608" percent="4" />
      <mem type="loa" free="8053760" total="8053760" percent="100" />
    </mem>
    <pending-finalizers system="528" default="142" reference="2" classloader="0" />
    <remembered-set count="3402" />
  </mem-info>
</gc-end>
<cycle-end id="5232" type="scavenge" contextid="5226" timestamp="2023-06-02T09:26:49.296" />
<allocation-satisfied id="5233" threadId="000000000AB99500" bytesRequested="56" />
<af-end id="5234" timestamp="2023-06-02T09:26:49.296" threadId="000000000AB99E80" success="true" from="nursery"/>
<exclusive-end id="5235" timestamp="2023-06-02T09:26:49.296" durationms="11.617" />

<exclusive-start id="5236" timestamp="2023-06-02T09:26:49.659" intervalms="374.352">
  <response-info timems="0.136" idlems="0.136" threads="0" lastid="000000000AB99500" lastname="[SQL@09:26:49.657], select distinct t2.ORIGINATOR_ITEM_ID, t3.U" />
</exclusive-start>
<af-start id="5237" threadId="000000000AB99E80" totalBytesRequested="40" timestamp="2023-06-02T09:26:49.659" intervalms="374.305" type="nursery" />
<cycle-start id="5238" type="scavenge" contextid="0" timestamp="2023-06-02T09:26:49.659" intervalms="374.234" />
<gc-start id="5239" type="scavenge" contextid="5238" timestamp="2023-06-02T09:26:49.661">
  <mem-info id="5240" free="40779336" total="1073741824" percent="3">
    <mem type="nursery" free="0" total="268435456" percent="0">
      <mem type="allocate" free="0" total="241565696" percent="0" />
      <mem type="survivor" free="0" total="26869760" percent="0" />
    </mem>
    <mem type="tenure" free="40779336" total="805306368" percent="5">
      <mem type="soa" free="32725576" total="797252608" percent="4" />
      <mem type="loa" free="8053760" total="8053760" percent="100" />
    </mem>
    <remembered-set count="4419" />
  </mem-info>
</gc-start>
<allocation-stats totalBytes="233262200" >
  <allocated-bytes non-tlh="56" tlh="233262144" />
  <largest-consumer threadName="[SQL@09:26:49.657], select distinct t2.ORIGINATOR_ITEM_ID, t3.USER_ID, t3.NAME from &#xA;(select t1q.*, T1V.ITEM_TYPE_DBID from..." threadId="000000000AB99500" bytes="231426800" />
</allocation-stats>
<gc-op id="5241" type="scavenge" timems="12.562" contextid="5238" timestamp="2023-06-02T09:26:49.674">
  <scavenger-info tenureage="6" tenuremask="4540" tiltratio="89" />
  <memory-copied type="nursery" objects="129143" bytes="8436352" bytesdiscarded="724264" />
  <memory-copied type="tenure" objects="10571" bytes="1978120" bytesdiscarded="95496" />
  <finalization candidates="475" enqueued="209" />
  <ownableSynchronizers candidates="51455" cleared="51036" />
  <references type="soft" candidates="333" cleared="0" enqueued="0" dynamicThreshold="1" maxThreshold="32" />
  <references type="weak" candidates="22" cleared="11" enqueued="2" />
</gc-op>
<gc-end id="5242" type="scavenge" contextid="5238" durationms="12.990" usertimems="0.000" systemtimems="0.000" timestamp="2023-06-02T09:26:49.674" activeThreads="16">
  <mem-info id="5243" free="271100704" total="1073741824" percent="25">
    <mem type="nursery" free="232401280" total="268435456" percent="86">
      <mem type="allocate" free="232401280" total="241565696" percent="96" />
      <mem type="survivor" free="0" total="26869760" percent="0" />
    </mem>
    <mem type="tenure" free="38699424" total="805306368" percent="4" macro-fragmented="0">
      <mem type="soa" free="30645664" total="797252608" percent="3" />
      <mem type="loa" free="8053760" total="8053760" percent="100" />
    </mem>
    <pending-finalizers system="86" default="123" reference="2" classloader="0" />
    <remembered-set count="3152" />
  </mem-info>
</gc-end>
<cycle-end id="5244" type="scavenge" contextid="5238" timestamp="2023-06-02T09:26:49.676" />
<allocation-satisfied id="5245" threadId="000000000AB99500" bytesRequested="40" />
<af-end id="5246" timestamp="2023-06-02T09:26:49.676" threadId="000000000AB99E80" success="true" from="nursery"/>
<exclusive-end id="5247" timestamp="2023-06-02T09:26:49.676" durationms="17.610" />

<exclusive-start id="5248" timestamp="2023-06-02T09:26:50.140" intervalms="481.180">
  <response-info timems="0.174" idlems="0.174" threads="0" lastid="000000000AB99500" lastname="[SQL@09:26:50.138], select distinct t3.EXECUTION_VARIABLE_ITEM_" />
</exclusive-start>
<af-start id="5249" threadId="000000000AB99E80" totalBytesRequested="72" timestamp="2023-06-02T09:26:50.140" intervalms="481.248" type="nursery" />
<cycle-start id="5250" type="scavenge" contextid="0" timestamp="2023-06-02T09:26:50.141" intervalms="481.402" />
<gc-start id="5251" type="scavenge" contextid="5250" timestamp="2023-06-02T09:26:50.144">
  <mem-info id="5252" free="38670424" total="1073741824" percent="3">
    <mem type="nursery" free="0" total="268435456" percent="0">
      <mem type="allocate" free="0" total="241565696" percent="0" />
      <mem type="survivor" free="0" total="26869760" percent="0" />
    </mem>
    <mem type="tenure" free="38670424" total="805306368" percent="4">
      <mem type="soa" free="30616664" total="797252608" percent="3" />
      <mem type="loa" free="8053760" total="8053760" percent="100" />
    </mem>
    <remembered-set count="4506" />
  </mem-info>
</gc-start>
<allocation-stats totalBytes="232324736" >
  <allocated-bytes non-tlh="157264" tlh="232167472" />
  <largest-consumer threadName="[SQL@09:26:50.138], select distinct t3.EXECUTION_VARIABLE_ITEM_ID, t4.NAME, t4.ARCHIVED, t4.EXTERNAL_ID from &#xA;(select t1q.*..." threadId="000000000AB99500" bytes="228039248" />
</allocation-stats>
<gc-op id="5253" type="scavenge" timems="4.810" contextid="5250" timestamp="2023-06-02T09:26:50.149">
  <scavenger-info tenureage="10" tenuremask="4400" tiltratio="89" />
  <memory-copied type="nursery" objects="96857" bytes="7612416" bytesdiscarded="218304" />
  <memory-copied type="tenure" objects="2679" bytes="461040" bytesdiscarded="32104" />
  <finalization candidates="946" enqueued="680" />
  <ownableSynchronizers candidates="48263" cleared="47851" />
  <references type="soft" candidates="674" cleared="0" enqueued="0" dynamicThreshold="1" maxThreshold="32" />
  <references type="weak" candidates="35" cleared="17" enqueued="5" />
</gc-op>
<gc-end id="5254" type="scavenge" contextid="5250" durationms="5.368" usertimems="0.000" systemtimems="0.000" timestamp="2023-06-02T09:26:50.149" activeThreads="16">
  <mem-info id="5255" free="271898392" total="1073741824" percent="25">
    <mem type="nursery" free="233729392" total="268435456" percent="87">
      <mem type="allocate" free="233729392" total="241565696" percent="96" />
      <mem type="survivor" free="0" total="26869760" percent="0" />
    </mem>
    <mem type="tenure" free="38169000" total="805306368" percent="4" macro-fragmented="98328">
      <mem type="soa" free="30115240" total="797252608" percent="3" />
      <mem type="loa" free="8053760" total="8053760" percent="100" />
    </mem>
    <pending-finalizers system="548" default="132" reference="5" classloader="0" />
    <remembered-set count="3371" />
  </mem-info>
</gc-end>
<cycle-end id="5256" type="scavenge" contextid="5250" timestamp="2023-06-02T09:26:50.150" />
<allocation-satisfied id="5257" threadId="000000000AB99500" bytesRequested="72" />
<af-end id="5258" timestamp="2023-06-02T09:26:50.151" threadId="000000000AB99E80" success="true" from="nursery"/>
<exclusive-end id="5259" timestamp="2023-06-02T09:26:50.151" durationms="10.904" />

<exclusive-start id="5260" timestamp="2023-06-02T09:26:50.511" intervalms="371.255">
  <response-info timems="0.118" idlems="0.118" threads="0" lastid="000000000AB99500" lastname="[SQL@09:26:50.506], select distinct t2.ORIGINATOR_ITEM_ID, t3.U" />
</exclusive-start>
<af-start id="5261" threadId="000000000AB99E80" totalBytesRequested="16" timestamp="2023-06-02T09:26:50.511" intervalms="371.177" type="nursery" />
<cycle-start id="5262" type="scavenge" contextid="0" timestamp="2023-06-02T09:26:50.511" intervalms="371.021" />
<gc-start id="5263" type="scavenge" contextid="5262" timestamp="2023-06-02T09:26:50.513">
  <mem-info id="5264" free="38169000" total="1073741824" percent="3">
    <mem type="nursery" free="0" total="268435456" percent="0">
      <mem type="allocate" free="0" total="241565696" percent="0" />
      <mem type="survivor" free="0" total="26869760" percent="0" />
    </mem>
    <mem type="tenure" free="38169000" total="805306368" percent="4">
      <mem type="soa" free="30115240" total="797252608" percent="3" />
      <mem type="loa" free="8053760" total="8053760" percent="100" />
    </mem>
    <remembered-set count="4383" />
  </mem-info>
</gc-start>
<allocation-stats totalBytes="233646328" >
  <allocated-bytes non-tlh="72" tlh="233646256" />
  <largest-consumer threadName="[SQL@09:26:50.506], select distinct t2.ORIGINATOR_ITEM_ID, t3.USER_ID, t3.NAME from &#xA;(select t1q.*, T1V.ITEM_TYPE_DBID from..." threadId="000000000AB99500" bytes="232562720" />
</allocation-stats>
<gc-op id="5265" type="scavenge" timems="3.538" contextid="5262" timestamp="2023-06-02T09:26:50.516">
  <scavenger-info tenureage="14" tenuremask="4000" tiltratio="89" />
  <memory-copied type="nursery" objects="205386" bytes="11305800" bytesdiscarded="236000" />
  <finalization candidates="470" enqueued="204" />
  <ownableSynchronizers candidates="51653" cleared="51234" />
  <references type="soft" candidates="710" cleared="0" enqueued="0" dynamicThreshold="1" maxThreshold="32" />
  <references type="weak" candidates="27" cleared="9" enqueued="2" />
</gc-op>
<gc-end id="5266" type="scavenge" contextid="5262" durationms="3.885" usertimems="0.000" systemtimems="0.000" timestamp="2023-06-02T09:26:50.516" activeThreads="16">
  <mem-info id="5267" free="268189392" total="1073741824" percent="24">
    <mem type="nursery" free="230020392" total="268435456" percent="85">
      <mem type="allocate" free="230020392" total="241565696" percent="95" />
      <mem type="survivor" free="0" total="26869760" percent="0" />
    </mem>
    <mem type="tenure" free="38169000" total="805306368" percent="4" macro-fragmented="56347">
      <mem type="soa" free="30115240" total="797252608" percent="3" />
      <mem type="loa" free="8053760" total="8053760" percent="100" />
    </mem>
    <pending-finalizers system="82" default="122" reference="2" classloader="0" />
    <remembered-set count="3386" />
  </mem-info>
</gc-end>
<cycle-end id="5268" type="scavenge" contextid="5262" timestamp="2023-06-02T09:26:50.518" />
<allocation-satisfied id="5269" threadId="000000000AB99500" bytesRequested="16" />
<af-end id="5270" timestamp="2023-06-02T09:26:50.518" threadId="000000000AB99E80" success="true" from="nursery"/>
<exclusive-end id="5271" timestamp="2023-06-02T09:26:50.518" durationms="6.942" />

<exclusive-start id="5272" timestamp="2023-06-02T09:26:51.006" intervalms="494.676">
  <response-info timems="0.129" idlems="0.129" threads="0" lastid="000000000AB99500" lastname="[SQL@09:26:51.002], select distinct t3.KEY_COL, t3.VALUE, t4.KE" />
</exclusive-start>
<af-start id="5273" threadId="000000000AB99E80" totalBytesRequested="40" timestamp="2023-06-02T09:26:51.007" intervalms="494.705" type="nursery" />
<cycle-start id="5274" type="scavenge" contextid="0" timestamp="2023-06-02T09:26:51.007" intervalms="494.706" />
<gc-start id="5275" type="scavenge" contextid="5274" timestamp="2023-06-02T09:26:51.008">
  <mem-info id="5276" free="38169000" total="1073741824" percent="3">
    <mem type="nursery" free="0" total="268435456" percent="0">
      <mem type="allocate" free="0" total="241565696" percent="0" />
      <mem type="survivor" free="0" total="26869760" percent="0" />
    </mem>
    <mem type="tenure" free="38169000" total="805306368" percent="4">
      <mem type="soa" free="30115240" total="797252608" percent="3" />
      <mem type="loa" free="8053760" total="8053760" percent="100" />
    </mem>
    <remembered-set count="4640" />
  </mem-info>
</gc-start>
<allocation-stats totalBytes="229926464" >
  <allocated-bytes non-tlh="49184" tlh="229877280" />
  <largest-consumer threadName="[SQL@09:26:51.002], select distinct t3.KEY_COL, t3.VALUE, t4.KEY_COL, t4.VALUE, t5.KEY_COL, t5.VALUE, t6.KEY_COL, t6.VALUE, t7...." threadId="000000000AB99500" bytes="223728504" />
</allocation-stats>
<gc-op id="5277" type="scavenge" timems="3.984" contextid="5274" timestamp="2023-06-02T09:26:51.012">
  <scavenger-info tenureage="14" tenuremask="4000" tiltratio="89" />
  <memory-copied type="nursery" objects="208996" bytes="12219944" bytesdiscarded="260872" />
  <finalization candidates="2341" enqueued="2075" />
  <ownableSynchronizers candidates="47260" cleared="46806" />
  <references type="soft" candidates="789" cleared="0" enqueued="0" dynamicThreshold="1" maxThreshold="32" />
  <references type="weak" candidates="33" cleared="15" enqueued="6" />
</gc-op>
<gc-end id="5278" type="scavenge" contextid="5274" durationms="4.312" usertimems="0.000" systemtimems="0.000" timestamp="2023-06-02T09:26:51.012" activeThreads="16">
  <mem-info id="5279" free="267248632" total="1073741824" percent="24">
    <mem type="nursery" free="229079632" total="268435456" percent="85">
      <mem type="allocate" free="229079632" total="241565696" percent="94" />
      <mem type="survivor" free="0" total="26869760" percent="0" />
    </mem>
    <mem type="tenure" free="38169000" total="805306368" percent="4" macro-fragmented="20520">
      <mem type="soa" free="30115240" total="797252608" percent="3" />
      <mem type="loa" free="8053760" total="8053760" percent="100" />
    </mem>
    <pending-finalizers system="1938" default="137" reference="6" classloader="0" />
    <remembered-set count="3283" />
  </mem-info>
</gc-end>
<cycle-end id="5280" type="scavenge" contextid="5274" timestamp="2023-06-02T09:26:51.014" />
<allocation-satisfied id="5281" threadId="000000000AB99500" bytesRequested="40" />
<af-end id="5282" timestamp="2023-06-02T09:26:51.014" threadId="000000000AB99E80" success="true" from="nursery"/>
<exclusive-end id="5283" timestamp="2023-06-02T09:26:51.014" durationms="8.036" />

<exclusive-start id="5284" timestamp="2023-06-02T09:26:51.574" intervalms="568.622">
  <response-info timems="0.056" idlems="0.056" threads="0" lastid="000000000AB99500" lastname="[SQL@09:26:51.567], select t1.ITEM_ID, t1.STATE_ID, t1.JZ_DISCR" />
</exclusive-start>
<af-start id="5285" threadId="000000000AB99E80" totalBytesRequested="16" timestamp="2023-06-02T09:26:51.575" intervalms="568.584" type="nursery" />
<cycle-start id="5286" type="scavenge" contextid="0" timestamp="2023-06-02T09:26:51.575" intervalms="568.573" />
<gc-start id="5287" type="scavenge" contextid="5286" timestamp="2023-06-02T09:26:51.576">
  <mem-info id="5288" free="38169000" total="1073741824" percent="3">
    <mem type="nursery" free="0" total="268435456" percent="0">
      <mem type="allocate" free="0" total="241565696" percent="0" />
      <mem type="survivor" free="0" total="26869760" percent="0" />
    </mem>
    <mem type="tenure" free="38169000" total="805306368" percent="4">
      <mem type="soa" free="30115240" total="797252608" percent="3" />
      <mem type="loa" free="8053760" total="8053760" percent="100" />
    </mem>
    <remembered-set count="4588" />
  </mem-info>
</gc-start>
<allocation-stats totalBytes="229006280" >
  <allocated-bytes non-tlh="40" tlh="229006240" />
  <largest-consumer threadName="[SQL@09:26:51.567], select t1.ITEM_ID, t1.STATE_ID, t1.JZ_DISCRIMINATOR from &#xA;(select t1q.*, T1V.ITEM_TYPE_DBID from PLANNI..." threadId="000000000AB99500" bytes="224459880" />
</allocation-stats>
<gc-op id="5289" type="scavenge" timems="3.641" contextid="5286" timestamp="2023-06-02T09:26:51.580">
  <scavenger-info tenureage="14" tenuremask="4000" tiltratio="89" />
  <memory-copied type="nursery" objects="130832" bytes="10106032" bytesdiscarded="472264" />
  <finalization candidates="2794" enqueued="2528" />
  <ownableSynchronizers candidates="49614" cleared="49133" />
  <references type="soft" candidates="820" cleared="0" enqueued="0" dynamicThreshold="1" maxThreshold="32" />
  <references type="weak" candidates="29" cleared="11" enqueued="2" />
</gc-op>
<gc-end id="5290" type="scavenge" contextid="5286" durationms="4.022" usertimems="0.000" systemtimems="0.000" timestamp="2023-06-02T09:26:51.580" activeThreads="16">
  <mem-info id="5291" free="269152648" total="1073741824" percent="25">
    <mem type="nursery" free="230983648" total="268435456" percent="86">
      <mem type="allocate" free="230983648" total="241565696" percent="95" />
      <mem type="survivor" free="0" total="26869760" percent="0" />
    </mem>
    <mem type="tenure" free="38169000" total="805306368" percent="4" macro-fragmented="8224">
      <mem type="soa" free="30115240" total="797252608" percent="3" />
      <mem type="loa" free="8053760" total="8053760" percent="100" />
    </mem>
    <pending-finalizers system="2393" default="135" reference="2" classloader="0" />
    <remembered-set count="3382" />
  </mem-info>
</gc-end>
<cycle-end id="5292" type="scavenge" contextid="5286" timestamp="2023-06-02T09:26:51.582" />
<allocation-satisfied id="5293" threadId="000000000AB99500" bytesRequested="16" />
<af-end id="5294" timestamp="2023-06-02T09:26:51.582" threadId="000000000AB99E80" success="true" from="nursery"/>
<exclusive-end id="5295" timestamp="2023-06-02T09:26:51.582" durationms="7.382" />

<exclusive-start id="5296" timestamp="2023-06-02T09:26:52.036" intervalms="461.490">
  <response-info timems="0.101" idlems="0.101" threads="0" lastid="000000000AB99500" lastname="[SQL@09:26:52.034], select distinct t3.ITEM_ID, t3.IDENTIFIER, " />
</exclusive-start>
<af-start id="5297" threadId="000000000AB99E80" totalBytesRequested="40" timestamp="2023-06-02T09:26:52.036" intervalms="461.506" type="nursery" />
<cycle-start id="5298" type="scavenge" contextid="0" timestamp="2023-06-02T09:26:52.036" intervalms="461.515" />
<gc-start id="5299" type="scavenge" contextid="5298" timestamp="2023-06-02T09:26:52.040">
  <mem-info id="5300" free="38168920" total="1073741824" percent="3">
    <mem type="nursery" free="0" total="268435456" percent="0">
      <mem type="allocate" free="0" total="241565696" percent="0" />
      <mem type="survivor" free="0" total="26869760" percent="0" />
    </mem>
    <mem type="tenure" free="38168920" total="805306368" percent="4">
      <mem type="soa" free="30115160" total="797252608" percent="3" />
      <mem type="loa" free="8053760" total="8053760" percent="100" />
    </mem>
    <remembered-set count="4529" />
  </mem-info>
</gc-start>
<allocation-stats totalBytes="230902152" >
  <allocated-bytes non-tlh="16488" tlh="230885664" />
  <largest-consumer threadName="[SQL@09:26:52.034], select distinct t3.ITEM_ID, t3.IDENTIFIER, t3.NAME, t3.REQUIRED, t3.EXTERNAL_URI from &#xA;(select t1q.*, T..." threadId="000000000AB99500" bytes="227474504" />
</allocation-stats>
<gc-op id="5301" type="scavenge" timems="4.309" contextid="5298" timestamp="2023-06-02T09:26:52.045">
  <scavenger-info tenureage="14" tenuremask="4000" tiltratio="89" />
  <memory-copied type="nursery" objects="149960" bytes="10797760" bytesdiscarded="215144" />
  <finalization candidates="915" enqueued="648" />
  <ownableSynchronizers candidates="48552" cleared="48044" />
  <references type="soft" candidates="848" cleared="0" enqueued="0" dynamicThreshold="1" maxThreshold="32" />
  <references type="weak" candidates="35" cleared="17" enqueued="7" />
</gc-op>
<gc-end id="5302" type="scavenge" contextid="5298" durationms="4.830" usertimems="0.000" systemtimems="0.000" timestamp="2023-06-02T09:26:52.045" activeThreads="16">
  <mem-info id="5303" free="268718168" total="1073741824" percent="25">
    <mem type="nursery" free="230549248" total="268435456" percent="85">
      <mem type="allocate" free="230549248" total="241565696" percent="95" />
      <mem type="survivor" free="0" total="26869760" percent="0" />
    </mem>
    <mem type="tenure" free="38168920" total="805306368" percent="4" macro-fragmented="13104">
      <mem type="soa" free="30115160" total="797252608" percent="3" />
      <mem type="loa" free="8053760" total="8053760" percent="100" />
    </mem>
    <pending-finalizers system="524" default="124" reference="7" classloader="0" />
    <remembered-set count="3463" />
  </mem-info>
</gc-end>
<cycle-end id="5304" type="scavenge" contextid="5298" timestamp="2023-06-02T09:26:52.048" />
<allocation-satisfied id="5305" threadId="000000000AB99500" bytesRequested="40" />
<af-end id="5306" timestamp="2023-06-02T09:26:52.048" threadId="000000000AB99E80" success="true" from="nursery"/>
<exclusive-end id="5307" timestamp="2023-06-02T09:26:52.048" durationms="11.344" />

<exclusive-start id="5308" timestamp="2023-06-02T09:26:52.431" intervalms="394.482">
  <response-info timems="0.121" idlems="0.121" threads="0" lastid="000000000AB95900" lastname="[SQL@09:26:52.430], Select S.VAL_ENCODING, S.ITEM_VALUE From RE" />
</exclusive-start>
<af-start id="5309" threadId="000000000AB96280" totalBytesRequested="32776" timestamp="2023-06-02T09:26:52.431" intervalms="394.474" type="nursery" />
<cycle-start id="5310" type="scavenge" contextid="0" timestamp="2023-06-02T09:26:52.431" intervalms="394.470" />
<gc-start id="5311" type="scavenge" contextid="5310" timestamp="2023-06-02T09:26:52.432">
  <mem-info id="5312" free="38159200" total="1073741824" percent="3">
    <mem type="nursery" free="0" total="268435456" percent="0">
      <mem type="allocate" free="0" total="241565696" percent="0" />
      <mem type="survivor" free="0" total="26869760" percent="0" />
    </mem>
    <mem type="tenure" free="38159200" total="805306368" percent="4">
      <mem type="soa" free="30105440" total="797252608" percent="3" />
      <mem type="loa" free="8053760" total="8053760" percent="100" />
    </mem>
    <remembered-set count="5237" />
  </mem-info>
</gc-start>
<allocation-stats totalBytes="230443552" >
  <allocated-bytes non-tlh="180320" tlh="230263232" />
  <largest-consumer threadName="[SQL@09:26:52.427], select distinct t3.EXECUTION_VARIABLE_ITEM_ID, t4.NAME, t4.ARCHIVED, t4.EXTERNAL_ID from &#xA;(select t1q.*..." threadId="000000000AB99500" bytes="210995320" />
</allocation-stats>
<gc-op id="5313" type="scavenge" timems="7.666" contextid="5310" timestamp="2023-06-02T09:26:52.440">
  <scavenger-info tenureage="8" tenuremask="4100" tiltratio="89" />
  <memory-copied type="nursery" objects="154081" bytes="11057144" bytesdiscarded="327664" />
  <memory-copied type="tenure" objects="7677" bytes="680920" bytesdiscarded="34776" />
  <finalization candidates="523" enqueued="241" />
  <ownableSynchronizers candidates="45756" cleared="45115" />
  <references type="soft" candidates="1101" cleared="1" enqueued="0" dynamicThreshold="1" maxThreshold="32" />
  <references type="weak" candidates="68" cleared="23" enqueued="12" />
</gc-op>
<gc-end id="5314" type="scavenge" contextid="5310" durationms="7.997" usertimems="0.000" systemtimems="0.000" timestamp="2023-06-02T09:26:52.441" activeThreads="16">
  <mem-info id="5315" free="267603944" total="1073741824" percent="24">
    <mem type="nursery" free="230175336" total="268435456" percent="85">
      <mem type="allocate" free="230175336" total="241565696" percent="95" />
      <mem type="survivor" free="0" total="26869760" percent="0" />
    </mem>
    <mem type="tenure" free="37428608" total="805306368" percent="4" macro-fragmented="116842">
      <mem type="soa" free="29374848" total="797252608" percent="3" />
      <mem type="loa" free="8053760" total="8053760" percent="100" />
    </mem>
    <pending-finalizers system="91" default="150" reference="12" classloader="0" />
    <remembered-set count="4055" />
  </mem-info>
</gc-end>
<cycle-end id="5316" type="scavenge" contextid="5310" timestamp="2023-06-02T09:26:52.442" />
<allocation-satisfied id="5317" threadId="000000000AB95900" bytesRequested="32776" />
<af-end id="5318" timestamp="2023-06-02T09:26:52.442" threadId="000000000AB96280" success="true" from="nursery"/>
<exclusive-end id="5319" timestamp="2023-06-02T09:26:52.442" durationms="11.737" />

<exclusive-start id="5320" timestamp="2023-06-02T09:26:52.797" intervalms="365.870">
  <response-info timems="0.154" idlems="0.154" threads="0" lastid="000000000AB99500" lastname="[SQL@09:26:52.791], select distinct t3.KEY_COL, t3.VALUE, t4.KE" />
</exclusive-start>
<af-start id="5321" threadId="000000000AB99E80" totalBytesRequested="40" timestamp="2023-06-02T09:26:52.797" intervalms="365.878" type="nursery" />
<cycle-start id="5322" type="scavenge" contextid="0" timestamp="2023-06-02T09:26:52.797" intervalms="365.888" />
<gc-start id="5323" type="scavenge" contextid="5322" timestamp="2023-06-02T09:26:52.800">
  <mem-info id="5324" free="37425560" total="1073741824" percent="3">
    <mem type="nursery" free="0" total="268435456" percent="0">
      <mem type="allocate" free="0" total="241565696" percent="0" />
      <mem type="survivor" free="0" total="26869760" percent="0" />
    </mem>
    <mem type="tenure" free="37425560" total="805306368" percent="4">
      <mem type="soa" free="29371800" total="797252608" percent="3" />
      <mem type="loa" free="8053760" total="8053760" percent="100" />
    </mem>
    <remembered-set count="5318" />
  </mem-info>
</gc-start>
<allocation-stats totalBytes="230109880" >
  <allocated-bytes non-tlh="35096" tlh="230074784" />
  <largest-consumer threadName="[SQL@09:26:52.791], select distinct t3.KEY_COL, t3.VALUE, t4.KEY_COL, t4.VALUE, t5.KEY_COL, t5.VALUE, t6.KEY_COL, t6.VALUE, t7...." threadId="000000000AB99500" bytes="189223136" />
</allocation-stats>
<gc-op id="5325" type="scavenge" timems="4.376" contextid="5322" timestamp="2023-06-02T09:26:52.804">
  <scavenger-info tenureage="14" tenuremask="4000" tiltratio="89" />
  <memory-copied type="nursery" objects="214462" bytes="13790920" bytesdiscarded="680624" />
  <finalization candidates="2433" enqueued="2152" />
  <ownableSynchronizers candidates="47533" cleared="46341" />
  <references type="soft" candidates="1686" cleared="0" enqueued="0" dynamicThreshold="1" maxThreshold="32" />
  <references type="weak" candidates="789" cleared="747" enqueued="739" />
</gc-op>
<gc-end id="5326" type="scavenge" contextid="5322" durationms="4.831" usertimems="0.000" systemtimems="0.000" timestamp="2023-06-02T09:26:52.804" activeThreads="16">
  <mem-info id="5327" free="264509016" total="1073741824" percent="24">
    <mem type="nursery" free="227083456" total="268435456" percent="84">
      <mem type="allocate" free="227083456" total="241565696" percent="94" />
      <mem type="survivor" free="0" total="26869760" percent="0" />
    </mem>
    <mem type="tenure" free="37425560" total="805306368" percent="4" macro-fragmented="0">
      <mem type="soa" free="29371800" total="797252608" percent="3" />
      <mem type="loa" free="8053760" total="8053760" percent="100" />
    </mem>
    <pending-finalizers system="358" default="1794" reference="739" classloader="0" />
    <remembered-set count="4198" />
  </mem-info>
</gc-end>
<cycle-end id="5328" type="scavenge" contextid="5322" timestamp="2023-06-02T09:26:52.808" />
<allocation-satisfied id="5329" threadId="000000000AB99500" bytesRequested="40" />
<af-end id="5330" timestamp="2023-06-02T09:26:52.808" threadId="000000000AB99E80" success="true" from="nursery"/>
<exclusive-end id="5331" timestamp="2023-06-02T09:26:52.808" durationms="11.562" />

<exclusive-start id="5332" timestamp="2023-06-02T09:26:53.196" intervalms="399.417">
  <response-info timems="0.140" idlems="0.140" threads="0" lastid="000000000AB99500" lastname="qm: AsynchronousTaskRunner-3 @@ 09:25" />
</exclusive-start>
<af-start id="5333" threadId="000000000AB99E80" totalBytesRequested="8208" timestamp="2023-06-02T09:26:53.196" intervalms="399.451" type="nursery" />
<cycle-start id="5334" type="scavenge" contextid="0" timestamp="2023-06-02T09:26:53.196" intervalms="399.495" />
<gc-start id="5335" type="scavenge" contextid="5334" timestamp="2023-06-02T09:26:53.199">
  <mem-info id="5336" free="37425560" total="1073741824" percent="3">
    <mem type="nursery" free="0" total="268435456" percent="0">
      <mem type="allocate" free="0" total="241565696" percent="0" />
      <mem type="survivor" free="0" total="26869760" percent="0" />
    </mem>
    <mem type="tenure" free="37425560" total="805306368" percent="4">
      <mem type="soa" free="29371800" total="797252608" percent="3" />
      <mem type="loa" free="8053760" total="8053760" percent="100" />
    </mem>
    <remembered-set count="5268" />
  </mem-info>
</gc-start>
<allocation-stats totalBytes="226981824" >
  <allocated-bytes non-tlh="32824" tlh="226949000" />
  <largest-consumer threadName="qm: AsynchronousTaskRunner-3 @@ 09:25" threadId="000000000AB99500" bytes="220670032" />
</allocation-stats>
<gc-op id="5337" type="scavenge" timems="3.132" contextid="5334" timestamp="2023-06-02T09:26:53.202">
  <scavenger-info tenureage="14" tenuremask="4000" tiltratio="89" />
  <memory-copied type="nursery" objects="120950" bytes="11046120" bytesdiscarded="215312" />
  <finalization candidates="1241" enqueued="961" />
  <ownableSynchronizers candidates="50636" cleared="49831" />
  <references type="soft" candidates="1488" cleared="0" enqueued="0" dynamicThreshold="1" maxThreshold="32" />
  <references type="weak" candidates="153" cleared="126" enqueued="118" />
</gc-op>
<gc-end id="5338" type="scavenge" contextid="5334" durationms="3.464" usertimems="15.625" systemtimems="0.000" timestamp="2023-06-02T09:26:53.202" activeThreads="16">
  <mem-info id="5339" free="267723744" total="1073741824" percent="24">
    <mem type="nursery" free="230298184" total="268435456" percent="85">
      <mem type="allocate" free="230298184" total="241565696" percent="95" />
      <mem type="survivor" free="0" total="26869760" percent="0" />
    </mem>
    <mem type="tenure" free="37425560" total="805306368" percent="4" macro-fragmented="0">
      <mem type="soa" free="29371800" total="797252608" percent="3" />
      <mem type="loa" free="8053760" total="8053760" percent="100" />
    </mem>
    <pending-finalizers system="534" default="427" reference="118" classloader="0" />
    <remembered-set count="4137" />
  </mem-info>
</gc-end>
<cycle-end id="5340" type="scavenge" contextid="5334" timestamp="2023-06-02T09:26:53.204" />
<allocation-satisfied id="5341" threadId="000000000AB99500" bytesRequested="8208" />
<af-end id="5342" timestamp="2023-06-02T09:26:53.204" threadId="000000000AB99E80" success="true" from="nursery"/>
<exclusive-end id="5343" timestamp="2023-06-02T09:26:53.204" durationms="8.661" />

<exclusive-start id="5344" timestamp="2023-06-02T09:26:54.134" intervalms="938.043">
  <response-info timems="0.131" idlems="0.131" threads="0" lastid="000000000AB99500" lastname="[SQL@09:26:54.132], select distinct t3.ITEM_ID, t3.NAME, t4.NAM" />
</exclusive-start>
<af-start id="5345" threadId="000000000AB99E80" totalBytesRequested="40" timestamp="2023-06-02T09:26:54.134" intervalms="938.010" type="nursery" />
<cycle-start id="5346" type="scavenge" contextid="0" timestamp="2023-06-02T09:26:54.134" intervalms="937.967" />
<gc-start id="5347" type="scavenge" contextid="5346" timestamp="2023-06-02T09:26:54.143">
  <mem-info id="5348" free="37425560" total="1073741824" percent="3">
    <mem type="nursery" free="0" total="268435456" percent="0">
      <mem type="allocate" free="0" total="241565696" percent="0" />
      <mem type="survivor" free="0" total="26869760" percent="0" />
    </mem>
    <mem type="tenure" free="37425560" total="805306368" percent="4">
      <mem type="soa" free="29371800" total="797252608" percent="3" />
      <mem type="loa" free="8053760" total="8053760" percent="100" />
    </mem>
    <remembered-set count="5382" />
  </mem-info>
</gc-start>
<allocation-stats totalBytes="230193896" >
  <allocated-bytes non-tlh="106536" tlh="230087360" />
  <largest-consumer threadName="[SQL@09:26:54.132], select distinct t3.ITEM_ID, t3.NAME, t4.NAME, t3.CATEGORY_TYPE_ITEM_ID, t3.ARCHIVED, t4.ARCHIVED, t3.EXTERN..." threadId="000000000AB99500" bytes="214065240" />
</allocation-stats>
<gc-op id="5349" type="scavenge" timems="13.215" contextid="5346" timestamp="2023-06-02T09:26:54.156">
  <scavenger-info tenureage="14" tenuremask="4000" tiltratio="89" />
  <memory-copied type="nursery" objects="198762" bytes="13376776" bytesdiscarded="344880" />
  <memory-copied type="tenure" objects="7961" bytes="1233024" bytesdiscarded="45232" />
  <finalization candidates="6322" enqueued="6041" />
  <ownableSynchronizers candidates="46377" cleared="45641" />
  <references type="soft" candidates="1489" cleared="0" enqueued="0" dynamicThreshold="1" maxThreshold="32" />
  <references type="weak" candidates="50" cleared="28" enqueued="2" />
</gc-op>
<gc-end id="5350" type="scavenge" contextid="5346" durationms="13.746" usertimems="15.625" systemtimems="0.000" timestamp="2023-06-02T09:26:54.156" activeThreads="16">
  <mem-info id="5351" free="263961944" total="1073741824" percent="24">
    <mem type="nursery" free="227838200" total="268435456" percent="84">
      <mem type="allocate" free="227838200" total="241565696" percent="94" />
      <mem type="survivor" free="0" total="26869760" percent="0" />
    </mem>
    <mem type="tenure" free="36123744" total="805306368" percent="4" macro-fragmented="20520">
      <mem type="soa" free="28069984" total="797252608" percent="3" />
      <mem type="loa" free="8053760" total="8053760" percent="100" />
    </mem>
    <pending-finalizers system="5645" default="396" reference="2" classloader="0" />
    <remembered-set count="3921" />
  </mem-info>
</gc-end>
<cycle-end id="5352" type="scavenge" contextid="5346" timestamp="2023-06-02T09:26:54.161" />
<allocation-satisfied id="5353" threadId="000000000AB99500" bytesRequested="40" />
<af-end id="5354" timestamp="2023-06-02T09:26:54.161" threadId="000000000AB99E80" success="true" from="nursery"/>
<exclusive-end id="5355" timestamp="2023-06-02T09:26:54.161" durationms="26.771" />

<exclusive-start id="5356" timestamp="2023-06-02T09:26:54.525" intervalms="391.333">
  <response-info timems="0.122" idlems="0.122" threads="0" lastid="000000000AB99500" lastname="[SQL@09:26:54.520], select distinct t3.ITEM_ID, t3.IDENTIFIER, " />
</exclusive-start>
<af-start id="5357" threadId="000000000AB99E80" totalBytesRequested="24" timestamp="2023-06-02T09:26:54.525" intervalms="391.340" type="nursery" />
<cycle-start id="5358" type="scavenge" contextid="0" timestamp="2023-06-02T09:26:54.525" intervalms="391.340" />
<gc-start id="5359" type="scavenge" contextid="5358" timestamp="2023-06-02T09:26:54.529">
  <mem-info id="5360" free="36123744" total="1073741824" percent="3">
    <mem type="nursery" free="0" total="268435456" percent="0">
      <mem type="allocate" free="0" total="241565696" percent="0" />
      <mem type="survivor" free="0" total="26869760" percent="0" />
    </mem>
    <mem type="tenure" free="36123744" total="805306368" percent="4">
      <mem type="soa" free="28069984" total="797252608" percent="3" />
      <mem type="loa" free="8053760" total="8053760" percent="100" />
    </mem>
    <remembered-set count="4882" />
  </mem-info>
</gc-start>
<allocation-stats totalBytes="227772384" >
  <allocated-bytes non-tlh="40" tlh="227772344" />
  <largest-consumer threadName="[SQL@09:26:54.520], select distinct t3.ITEM_ID, t3.IDENTIFIER, t3.NAME, t3.REQUIRED, t3.EXTERNAL_URI from &#xA;(select t1q.*, T..." threadId="000000000AB99500" bytes="226488776" />
</allocation-stats>
<gc-op id="5361" type="scavenge" timems="5.778" contextid="5358" timestamp="2023-06-02T09:26:54.536">
  <scavenger-info tenureage="13" tenuremask="6000" tiltratio="89" />
  <memory-copied type="nursery" objects="262905" bytes="14185304" bytesdiscarded="190544" />
  <memory-copied type="tenure" objects="16781" bytes="1559872" bytesdiscarded="60992" />
  <finalization candidates="434" enqueued="167" />
  <ownableSynchronizers candidates="48235" cleared="47549" />
  <references type="soft" candidates="1321" cleared="0" enqueued="0" dynamicThreshold="1" maxThreshold="32" />
  <references type="weak" candidates="27" cleared="9" enqueued="2" />
</gc-op>
<gc-end id="5362" type="scavenge" contextid="5358" durationms="6.138" usertimems="0.000" systemtimems="0.000" timestamp="2023-06-02T09:26:54.536" activeThreads="16">
  <mem-info id="5363" free="261669272" total="1073741824" percent="24">
    <mem type="nursery" free="227185408" total="268435456" percent="84">
      <mem type="allocate" free="227185408" total="241565696" percent="94" />
      <mem type="survivor" free="0" total="26869760" percent="0" />
    </mem>
    <mem type="tenure" free="34483864" total="805306368" percent="4" macro-fragmented="492">
      <mem type="soa" free="26430104" total="797252608" percent="3" />
      <mem type="loa" free="8053760" total="8053760" percent="100" />
    </mem>
    <pending-finalizers system="60" default="107" reference="2" classloader="0" />
    <remembered-set count="3759" />
  </mem-info>
</gc-end>
<cycle-end id="5364" type="scavenge" contextid="5358" timestamp="2023-06-02T09:26:54.538" />
<allocation-satisfied id="5365" threadId="000000000AB99500" bytesRequested="24" />
<af-end id="5366" timestamp="2023-06-02T09:26:54.538" threadId="000000000AB99E80" success="true" from="nursery"/>
<exclusive-end id="5367" timestamp="2023-06-02T09:26:54.538" durationms="12.219" />

<exclusive-start id="5368" timestamp="2023-06-02T09:26:55.203" intervalms="677.833">
  <response-info timems="0.274" idlems="0.274" threads="0" lastid="000000000AB99500" lastname="[SQL@09:26:55.194], select distinct t3.EXECUTION_VARIABLE_VALUE" />
</exclusive-start>
<af-start id="5369" threadId="000000000AB99E80" totalBytesRequested="24" timestamp="2023-06-02T09:26:55.204" intervalms="678.074" type="nursery" />
<cycle-start id="5370" type="scavenge" contextid="0" timestamp="2023-06-02T09:26:55.204" intervalms="678.325" />
<gc-start id="5371" type="scavenge" contextid="5370" timestamp="2023-06-02T09:26:55.206">
  <mem-info id="5372" free="34483864" total="1073741824" percent="3">
    <mem type="nursery" free="0" total="268435456" percent="0">
      <mem type="allocate" free="0" total="241565696" percent="0" />
      <mem type="survivor" free="0" total="26869760" percent="0" />
    </mem>
    <mem type="tenure" free="34483864" total="805306368" percent="4">
      <mem type="soa" free="26430104" total="797252608" percent="3" />
      <mem type="loa" free="8053760" total="8053760" percent="100" />
    </mem>
    <remembered-set count="4913" />
  </mem-info>
</gc-start>
<allocation-stats totalBytes="227109072" >
  <allocated-bytes non-tlh="147504" tlh="226961568" />
  <largest-consumer threadName="[SQL@09:26:55.194], select distinct t3.EXECUTION_VARIABLE_VALUE_ITM_D, t4.NAME, t4.ARCHIVED, t4.EXTERNAL_ID, t4.EXECUTION_VARIA..." threadId="000000000AB99500" bytes="222678448" />
</allocation-stats>
<gc-op id="5373" type="scavenge" timems="5.207" contextid="5370" timestamp="2023-06-02T09:26:55.211">
  <scavenger-info tenureage="10" tenuremask="4c00" tiltratio="89" />
  <memory-copied type="nursery" objects="232829" bytes="12908208" bytesdiscarded="343472" />
  <memory-copied type="tenure" objects="14892" bytes="1228456" bytesdiscarded="58120" />
  <finalization candidates="2323" enqueued="2056" />
  <ownableSynchronizers candidates="46545" cleared="45894" />
  <references type="soft" candidates="967" cleared="0" enqueued="0" dynamicThreshold="1" maxThreshold="32" />
  <references type="weak" candidates="28" cleared="17" enqueued="4" />
</gc-op>
<gc-end id="5374" type="scavenge" contextid="5370" durationms="5.624" usertimems="0.000" systemtimems="0.000" timestamp="2023-06-02T09:26:55.211" activeThreads="16">
  <mem-info id="5375" free="261500808" total="1073741824" percent="24">
    <mem type="nursery" free="228309568" total="268435456" percent="85">
      <mem type="allocate" free="228309568" total="241565696" percent="94" />
      <mem type="survivor" free="0" total="26869760" percent="0" />
    </mem>
    <mem type="tenure" free="33191240" total="805306368" percent="4" macro-fragmented="24624">
      <mem type="soa" free="25137480" total="797252608" percent="3" />
      <mem type="loa" free="8053760" total="8053760" percent="100" />
    </mem>
    <pending-finalizers system="1915" default="141" reference="4" classloader="0" />
    <remembered-set count="3796" />
  </mem-info>
</gc-end>
<cycle-end id="5376" type="scavenge" contextid="5370" timestamp="2023-06-02T09:26:55.213" />
<allocation-satisfied id="5377" threadId="000000000AB99500" bytesRequested="24" />
<af-end id="5378" timestamp="2023-06-02T09:26:55.213" threadId="000000000AB99E80" success="true" from="nursery"/>
<exclusive-end id="5379" timestamp="2023-06-02T09:26:55.213" durationms="9.751" />

<exclusive-start id="5380" timestamp="2023-06-02T09:26:55.673" intervalms="469.312">
  <response-info timems="0.090" idlems="0.090" threads="0" lastid="000000000AB99500" lastname="[SQL@09:26:55.667], select distinct t2.ORIGINATOR_ITEM_ID, t3.U" />
</exclusive-start>
<af-start id="5381" threadId="000000000AB99E80" totalBytesRequested="40" timestamp="2023-06-02T09:26:55.673" intervalms="469.172" type="nursery" />
<cycle-start id="5382" type="scavenge" contextid="0" timestamp="2023-06-02T09:26:55.673" intervalms="468.975" />
<gc-start id="5383" type="scavenge" contextid="5382" timestamp="2023-06-02T09:26:55.674">
  <mem-info id="5384" free="33191240" total="1073741824" percent="3">
    <mem type="nursery" free="0" total="268435456" percent="0">
      <mem type="allocate" free="0" total="241565696" percent="0" />
      <mem type="survivor" free="0" total="26869760" percent="0" />
    </mem>
    <mem type="tenure" free="33191240" total="805306368" percent="4">
      <mem type="soa" free="25137480" total="797252608" percent="3" />
      <mem type="loa" free="8053760" total="8053760" percent="100" />
    </mem>
    <remembered-set count="4825" />
  </mem-info>
</gc-start>
<allocation-stats totalBytes="228235704" >
  <allocated-bytes non-tlh="131112" tlh="228104592" />
  <largest-consumer threadName="[SQL@09:26:55.667], select distinct t2.ORIGINATOR_ITEM_ID, t3.USER_ID, t3.NAME from &#xA;(select t1q.*, T1V.ITEM_TYPE_DBID from..." threadId="000000000AB99500" bytes="226281288" />
</allocation-stats>
<gc-op id="5385" type="scavenge" timems="5.625" contextid="5382" timestamp="2023-06-02T09:26:55.680">
  <scavenger-info tenureage="8" tenuremask="4700" tiltratio="89" />
  <memory-copied type="nursery" objects="258737" bytes="12601608" bytesdiscarded="185360" />
  <memory-copied type="tenure" objects="25044" bytes="2251976" bytesdiscarded="110592" />
  <finalization candidates="469" enqueued="202" />
  <ownableSynchronizers candidates="50739" cleared="50143" />
  <references type="soft" candidates="861" cleared="0" enqueued="0" dynamicThreshold="1" maxThreshold="32" />
  <references type="weak" candidates="25" cleared="14" enqueued="2" />
</gc-op>
<gc-end id="5386" type="scavenge" contextid="5382" durationms="6.048" usertimems="0.000" systemtimems="0.000" timestamp="2023-06-02T09:26:55.680" activeThreads="16">
  <mem-info id="5387" free="259590256" total="1073741824" percent="24">
    <mem type="nursery" free="228774024" total="268435456" percent="85">
      <mem type="allocate" free="228774024" total="241565696" percent="94" />
      <mem type="survivor" free="0" total="26869760" percent="0" />
    </mem>
    <mem type="tenure" free="30816232" total="805306368" percent="3" macro-fragmented="20520">
      <mem type="soa" free="22762472" total="797252608" percent="2" />
      <mem type="loa" free="8053760" total="8053760" percent="100" />
    </mem>
    <pending-finalizers system="84" default="118" reference="2" classloader="0" />
    <remembered-set count="3571" />
  </mem-info>
</gc-end>
<cycle-end id="5388" type="scavenge" contextid="5382" timestamp="2023-06-02T09:26:55.683" />
<allocation-satisfied id="5389" threadId="000000000AB99500" bytesRequested="40" />
<af-end id="5390" timestamp="2023-06-02T09:26:55.683" threadId="000000000AB99E80" success="true" from="nursery"/>
<exclusive-end id="5391" timestamp="2023-06-02T09:26:55.683" durationms="10.718" />

<exclusive-start id="5392" timestamp="2023-06-02T09:26:56.092" intervalms="419.820">
  <response-info timems="0.195" idlems="0.195" threads="0" lastid="000000000AB99500" lastname="[SQL@09:26:56.089], select distinct t3.EXECUTION_VARIABLE_ITEM_" />
</exclusive-start>
<af-start id="5393" threadId="000000000AB99E80" totalBytesRequested="56" timestamp="2023-06-02T09:26:56.093" intervalms="419.768" type="nursery" />
<cycle-start id="5394" type="scavenge" contextid="0" timestamp="2023-06-02T09:26:56.093" intervalms="419.818" />
<gc-start id="5395" type="scavenge" contextid="5394" timestamp="2023-06-02T09:26:56.102">
  <mem-info id="5396" free="30816232" total="1073741824" percent="2">
    <mem type="nursery" free="0" total="268435456" percent="0">
      <mem type="allocate" free="0" total="241565696" percent="0" />
      <mem type="survivor" free="0" total="26869760" percent="0" />
    </mem>
    <mem type="tenure" free="30816232" total="805306368" percent="3">
      <mem type="soa" free="22762472" total="797252608" percent="2" />
      <mem type="loa" free="8053760" total="8053760" percent="100" />
    </mem>
    <remembered-set count="4608" />
  </mem-info>
</gc-start>
<allocation-stats totalBytes="228704752" >
  <allocated-bytes non-tlh="81976" tlh="228622776" />
  <largest-consumer threadName="[SQL@09:26:56.089], select distinct t3.EXECUTION_VARIABLE_ITEM_ID, t4.NAME, t4.ARCHIVED, t4.EXTERNAL_ID from &#xA;(select t1q.*..." threadId="000000000AB99500" bytes="226643136" />
</allocation-stats>
<gc-op id="5397" type="scavenge" timems="5.316" contextid="5394" timestamp="2023-06-02T09:26:56.108">
  <scavenger-info tenureage="14" tenuremask="4000" tiltratio="89" />
  <memory-copied type="nursery" objects="128847" bytes="8538832" bytesdiscarded="283312" />
  <memory-copied type="tenure" objects="5274" bytes="473976" bytesdiscarded="26152" />
  <finalization candidates="909" enqueued="642" />
  <ownableSynchronizers candidates="48029" cleared="47504" />
  <references type="soft" candidates="855" cleared="0" enqueued="0" dynamicThreshold="1" maxThreshold="32" />
  <references type="weak" candidates="24" cleared="13" enqueued="2" />
</gc-op>
<gc-end id="5398" type="scavenge" contextid="5394" durationms="5.801" usertimems="15.625" systemtimems="0.000" timestamp="2023-06-02T09:26:56.108" activeThreads="16">
  <mem-info id="5399" free="263048776" total="1073741824" percent="24">
    <mem type="nursery" free="232739384" total="268435456" percent="86">
      <mem type="allocate" free="232739384" total="241565696" percent="96" />
      <mem type="survivor" free="0" total="26869760" percent="0" />
    </mem>
    <mem type="tenure" free="30309392" total="805306368" percent="3" macro-fragmented="0">
      <mem type="soa" free="22255632" total="797252608" percent="2" />
      <mem type="loa" free="8053760" total="8053760" percent="100" />
    </mem>
    <pending-finalizers system="525" default="117" reference="2" classloader="0" />
    <remembered-set count="3547" />
  </mem-info>
</gc-end>
<cycle-end id="5400" type="scavenge" contextid="5394" timestamp="2023-06-02T09:26:56.109" />
<allocation-satisfied id="5401" threadId="000000000AB99500" bytesRequested="56" />
<af-end id="5402" timestamp="2023-06-02T09:26:56.109" threadId="000000000AB99E80" success="true" from="nursery"/>
<exclusive-end id="5403" timestamp="2023-06-02T09:26:56.109" durationms="16.846" />

<exclusive-start id="5404" timestamp="2023-06-02T09:26:56.435" intervalms="342.233">
  <response-info timems="0.102" idlems="0.102" threads="0" lastid="000000000AB99500" lastname="[SQL@09:26:56.433], select distinct t2.ORIGINATOR_ITEM_ID, t3.U" />
</exclusive-start>
<af-start id="5405" threadId="000000000AB99E80" totalBytesRequested="40" timestamp="2023-06-02T09:26:56.435" intervalms="342.183" type="nursery" />
<cycle-start id="5406" type="scavenge" contextid="0" timestamp="2023-06-02T09:26:56.435" intervalms="342.068" />
<gc-start id="5407" type="scavenge" contextid="5406" timestamp="2023-06-02T09:26:56.436">
  <mem-info id="5408" free="30309392" total="1073741824" percent="2">
    <mem type="nursery" free="0" total="268435456" percent="0">
      <mem type="allocate" free="0" total="241565696" percent="0" />
      <mem type="survivor" free="0" total="26869760" percent="0" />
    </mem>
    <mem type="tenure" free="30309392" total="805306368" percent="3">
      <mem type="soa" free="22255632" total="797252608" percent="2" />
      <mem type="loa" free="8053760" total="8053760" percent="100" />
    </mem>
    <remembered-set count="4507" />
  </mem-info>
</gc-start>
<allocation-stats totalBytes="232655896" >
  <allocated-bytes non-tlh="65600" tlh="232590296" />
  <largest-consumer threadName="[SQL@09:26:56.433], select distinct t2.ORIGINATOR_ITEM_ID, t3.USER_ID, t3.NAME from &#xA;(select t1q.*, T1V.ITEM_TYPE_DBID from..." threadId="000000000AB99500" bytes="231029376" />
</allocation-stats>
<gc-op id="5409" type="scavenge" timems="3.164" contextid="5406" timestamp="2023-06-02T09:26:56.439">
  <scavenger-info tenureage="9" tenuremask="4200" tiltratio="89" />
  <memory-copied type="nursery" objects="116748" bytes="8165928" bytesdiscarded="189952" />
  <memory-copied type="tenure" objects="4709" bytes="448944" bytesdiscarded="4128" />
  <finalization candidates="482" enqueued="215" />
  <ownableSynchronizers candidates="51379" cleared="50885" />
  <references type="soft" candidates="867" cleared="0" enqueued="0" dynamicThreshold="1" maxThreshold="32" />
  <references type="weak" candidates="24" cleared="13" enqueued="2" />
</gc-op>
<gc-end id="5410" type="scavenge" contextid="5406" durationms="3.500" usertimems="0.000" systemtimems="0.000" timestamp="2023-06-02T09:26:56.440" activeThreads="16">
  <mem-info id="5411" free="262864528" total="1073741824" percent="24">
    <mem type="nursery" free="233205424" total="268435456" percent="86">
      <mem type="allocate" free="233205424" total="241565696" percent="96" />
      <mem type="survivor" free="0" total="26869760" percent="0" />
    </mem>
    <mem type="tenure" free="29659104" total="805306368" percent="3" macro-fragmented="0">
      <mem type="soa" free="21605344" total="797252608" percent="2" />
      <mem type="loa" free="8053760" total="8053760" percent="100" />
    </mem>
    <pending-finalizers system="84" default="131" reference="2" classloader="0" />
    <remembered-set count="3441" />
  </mem-info>
</gc-end>
<cycle-end id="5412" type="scavenge" contextid="5406" timestamp="2023-06-02T09:26:56.441" />
<allocation-satisfied id="5413" threadId="000000000AB99500" bytesRequested="40" />
<af-end id="5414" timestamp="2023-06-02T09:26:56.441" threadId="000000000AB99E80" success="true" from="nursery"/>
<exclusive-end id="5415" timestamp="2023-06-02T09:26:56.441" durationms="6.444" />

<exclusive-start id="5416" timestamp="2023-06-02T09:26:57.033" intervalms="598.145">
  <response-info timems="0.158" idlems="0.158" threads="0" lastid="000000000AB99500" lastname="[SQL@09:26:57.027], select distinct t3.KEY_COL, t3.VALUE, t4.KE" />
</exclusive-start>
<af-start id="5417" threadId="000000000AB99E80" totalBytesRequested="40" timestamp="2023-06-02T09:26:57.033" intervalms="598.220" type="nursery" />
<cycle-start id="5418" type="scavenge" contextid="0" timestamp="2023-06-02T09:26:57.033" intervalms="598.248" />
<gc-start id="5419" type="scavenge" contextid="5418" timestamp="2023-06-02T09:26:57.034">
  <mem-info id="5420" free="29659104" total="1073741824" percent="2">
    <mem type="nursery" free="0" total="268435456" percent="0">
      <mem type="allocate" free="0" total="241565696" percent="0" />
      <mem type="survivor" free="0" total="26869760" percent="0" />
    </mem>
    <mem type="tenure" free="29659104" total="805306368" percent="3">
      <mem type="soa" free="21605344" total="797252608" percent="2" />
      <mem type="loa" free="8053760" total="8053760" percent="100" />
    </mem>
    <remembered-set count="4572" />
  </mem-info>
</gc-start>
<allocation-stats totalBytes="233130136" >
  <allocated-bytes non-tlh="81976" tlh="233048160" />
  <largest-consumer threadName="[SQL@09:26:57.027], select distinct t3.KEY_COL, t3.VALUE, t4.KEY_COL, t4.VALUE, t5.KEY_COL, t5.VALUE, t6.KEY_COL, t6.VALUE, t7...." threadId="000000000AB99500" bytes="229569824" />
</allocation-stats>
<gc-op id="5421" type="scavenge" timems="3.643" contextid="5418" timestamp="2023-06-02T09:26:57.038">
  <scavenger-info tenureage="14" tenuremask="4000" tiltratio="89" />
  <memory-copied type="nursery" objects="189016" bytes="10699208" bytesdiscarded="320576" />
  <finalization candidates="2322" enqueued="2056" />
  <ownableSynchronizers candidates="48039" cleared="47563" />
  <references type="soft" candidates="907" cleared="0" enqueued="0" dynamicThreshold="1" maxThreshold="32" />
  <references type="weak" candidates="27" cleared="16" enqueued="4" />
</gc-op>
<gc-end id="5422" type="scavenge" contextid="5418" durationms="4.003" usertimems="0.000" systemtimems="0.000" timestamp="2023-06-02T09:26:57.038" activeThreads="16">
  <mem-info id="5423" free="260200944" total="1073741824" percent="24">
    <mem type="nursery" free="230541840" total="268435456" percent="85">
      <mem type="allocate" free="230541840" total="241565696" percent="95" />
      <mem type="survivor" free="0" total="26869760" percent="0" />
    </mem>
    <mem type="tenure" free="29659104" total="805306368" percent="3" macro-fragmented="65552">
      <mem type="soa" free="21605344" total="797252608" percent="2" />
      <mem type="loa" free="8053760" total="8053760" percent="100" />
    </mem>
    <pending-finalizers system="1921" default="135" reference="4" classloader="0" />
    <remembered-set count="3476" />
  </mem-info>
</gc-end>
<cycle-end id="5424" type="scavenge" contextid="5418" timestamp="2023-06-02T09:26:57.041" />
<allocation-satisfied id="5425" threadId="000000000AB99500" bytesRequested="40" />
<af-end id="5426" timestamp="2023-06-02T09:26:57.041" threadId="000000000AB99E80" success="true" from="nursery"/>
<exclusive-end id="5427" timestamp="2023-06-02T09:26:57.041" durationms="9.294" />

<exclusive-start id="5428" timestamp="2023-06-02T09:26:57.585" intervalms="552.401">
  <response-info timems="0.131" idlems="0.131" threads="0" lastid="000000000AB99500" lastname="[SQL@09:26:57.578], select t1.ITEM_ID, t1.STATE_ID, t1.JZ_DISCR" />
</exclusive-start>
<af-start id="5429" threadId="000000000AB99E80" totalBytesRequested="40" timestamp="2023-06-02T09:26:57.585" intervalms="552.316" type="nursery" />
<cycle-start id="5430" type="scavenge" contextid="0" timestamp="2023-06-02T09:26:57.586" intervalms="552.305" />
<gc-start id="5431" type="scavenge" contextid="5430" timestamp="2023-06-02T09:26:57.592">
  <mem-info id="5432" free="29658376" total="1073741824" percent="2">
    <mem type="nursery" free="0" total="268435456" percent="0">
      <mem type="allocate" free="0" total="241565696" percent="0" />
      <mem type="survivor" free="0" total="26869760" percent="0" />
    </mem>
    <mem type="tenure" free="29658376" total="805306368" percent="3">
      <mem type="soa" free="21604616" total="797252608" percent="2" />
      <mem type="loa" free="8053760" total="8053760" percent="100" />
    </mem>
    <remembered-set count="4707" />
  </mem-info>
</gc-start>
<allocation-stats totalBytes="230456976" >
  <allocated-bytes non-tlh="140056" tlh="230316920" />
  <largest-consumer threadName="[SQL@09:26:57.578], select t1.ITEM_ID, t1.STATE_ID, t1.JZ_DISCRIMINATOR from &#xA;(select t1q.*, T1V.ITEM_TYPE_DBID from PLANNI..." threadId="000000000AB99500" bytes="226901544" />
</allocation-stats>
<gc-op id="5433" type="scavenge" timems="3.340" contextid="5430" timestamp="2023-06-02T09:26:57.595">
  <scavenger-info tenureage="14" tenuremask="4000" tiltratio="89" />
  <memory-copied type="nursery" objects="129657" bytes="9291848" bytesdiscarded="265400" />
  <finalization candidates="2334" enqueued="2068" />
  <ownableSynchronizers candidates="50136" cleared="49638" />
  <references type="soft" candidates="1015" cleared="0" enqueued="0" dynamicThreshold="1" maxThreshold="32" />
  <references type="weak" candidates="32" cleared="21" enqueued="9" />
</gc-op>
<gc-end id="5434" type="scavenge" contextid="5430" durationms="3.727" usertimems="0.000" systemtimems="0.000" timestamp="2023-06-02T09:26:57.596" activeThreads="16">
  <mem-info id="5435" free="261662352" total="1073741824" percent="24">
    <mem type="nursery" free="232003976" total="268435456" percent="86">
      <mem type="allocate" free="232003976" total="241565696" percent="96" />
      <mem type="survivor" free="0" total="26869760" percent="0" />
    </mem>
    <mem type="tenure" free="29658376" total="805306368" percent="3" macro-fragmented="6319">
      <mem type="soa" free="21604616" total="797252608" percent="2" />
      <mem type="loa" free="8053760" total="8053760" percent="100" />
    </mem>
    <pending-finalizers system="1934" default="134" reference="9" classloader="0" />
    <remembered-set count="3558" />
  </mem-info>
</gc-end>
<cycle-end id="5436" type="scavenge" contextid="5430" timestamp="2023-06-02T09:26:57.598" />
<allocation-satisfied id="5437" threadId="000000000AB99500" bytesRequested="40" />
<af-end id="5438" timestamp="2023-06-02T09:26:57.598" threadId="000000000AB99E80" success="true" from="nursery"/>
<exclusive-end id="5439" timestamp="2023-06-02T09:26:57.598" durationms="13.344" />

<exclusive-start id="5440" timestamp="2023-06-02T09:26:57.957" intervalms="371.503">
  <response-info timems="0.116" idlems="0.116" threads="0" lastid="000000000AB99500" lastname="[SQL@09:26:57.956], select distinct t3.ITEM_ID, t3.IDENTIFIER, " />
</exclusive-start>
<af-start id="5441" threadId="000000000AB99E80" totalBytesRequested="40" timestamp="2023-06-02T09:26:57.957" intervalms="371.501" type="nursery" />
<cycle-start id="5442" type="scavenge" contextid="0" timestamp="2023-06-02T09:26:57.957" intervalms="371.491" />
<gc-start id="5443" type="scavenge" contextid="5442" timestamp="2023-06-02T09:26:57.962">
  <mem-info id="5444" free="29658376" total="1073741824" percent="2">
    <mem type="nursery" free="0" total="268435456" percent="0">
      <mem type="allocate" free="0" total="241565696" percent="0" />
      <mem type="survivor" free="0" total="26869760" percent="0" />
    </mem>
    <mem type="tenure" free="29658376" total="805306368" percent="3">
      <mem type="soa" free="21604616" total="797252608" percent="2" />
      <mem type="loa" free="8053760" total="8053760" percent="100" />
    </mem>
    <remembered-set count="4634" />
  </mem-info>
</gc-start>
<allocation-stats totalBytes="231928656" >
  <allocated-bytes non-tlh="114752" tlh="231813904" />
  <largest-consumer threadName="[SQL@09:26:57.956], select distinct t3.ITEM_ID, t3.IDENTIFIER, t3.NAME, t3.REQUIRED, t3.EXTERNAL_URI from &#xA;(select t1q.*, T..." threadId="000000000AB99500" bytes="228923200" />
</allocation-stats>
<gc-op id="5445" type="scavenge" timems="3.073" contextid="5442" timestamp="2023-06-02T09:26:57.966">
  <scavenger-info tenureage="14" tenuremask="4000" tiltratio="89" />
  <memory-copied type="nursery" objects="106960" bytes="8871480" bytesdiscarded="240392" />
  <finalization candidates="919" enqueued="653" />
  <ownableSynchronizers candidates="48492" cleared="47973" />
  <references type="soft" candidates="1049" cleared="0" enqueued="0" dynamicThreshold="1" maxThreshold="32" />
  <references type="weak" candidates="29" cleared="18" enqueued="2" />
</gc-op>
<gc-end id="5446" type="scavenge" contextid="5442" durationms="3.424" usertimems="0.000" systemtimems="0.000" timestamp="2023-06-02T09:26:57.966" activeThreads="16">
  <mem-info id="5447" free="262108344" total="1073741824" percent="24">
    <mem type="nursery" free="232449968" total="268435456" percent="86">
      <mem type="allocate" free="232449968" total="241565696" percent="96" />
      <mem type="survivor" free="0" total="26869760" percent="0" />
    </mem>
    <mem type="tenure" free="29658376" total="805306368" percent="3" macro-fragmented="0">
      <mem type="soa" free="21604616" total="797252608" percent="2" />
      <mem type="loa" free="8053760" total="8053760" percent="100" />
    </mem>
    <pending-finalizers system="527" default="126" reference="2" classloader="0" />
    <remembered-set count="3582" />
  </mem-info>
</gc-end>
<cycle-end id="5448" type="scavenge" contextid="5442" timestamp="2023-06-02T09:26:57.968" />
<allocation-satisfied id="5449" threadId="000000000AB99500" bytesRequested="40" />
<af-end id="5450" timestamp="2023-06-02T09:26:57.968" threadId="000000000AB99E80" success="true" from="nursery"/>
<exclusive-end id="5451" timestamp="2023-06-02T09:26:57.968" durationms="10.838" />

<exclusive-start id="5452" timestamp="2023-06-02T09:26:58.346" intervalms="389.161">
  <response-info timems="0.179" idlems="0.179" threads="0" lastid="000000000AB99500" lastname="qm: AsynchronousTaskRunner-3 @@ 09:25" />
</exclusive-start>
<af-start id="5453" threadId="000000000AB99E80" totalBytesRequested="16392" timestamp="2023-06-02T09:26:58.346" intervalms="389.276" type="nursery" />
<cycle-start id="5454" type="scavenge" contextid="0" timestamp="2023-06-02T09:26:58.346" intervalms="389.354" />
<gc-start id="5455" type="scavenge" contextid="5454" timestamp="2023-06-02T09:26:58.348">
  <mem-info id="5456" free="29658376" total="1073741824" percent="2">
    <mem type="nursery" free="0" total="268435456" percent="0">
      <mem type="allocate" free="0" total="241565696" percent="0" />
      <mem type="survivor" free="0" total="26869760" percent="0" />
    </mem>
    <mem type="tenure" free="29658376" total="805306368" percent="3">
      <mem type="soa" free="21604616" total="797252608" percent="2" />
      <mem type="loa" free="8053760" total="8053760" percent="100" />
    </mem>
    <remembered-set count="4537" />
  </mem-info>
</gc-start>
<allocation-stats totalBytes="232367488" >
  <allocated-bytes non-tlh="131128" tlh="232236360" />
  <largest-consumer threadName="qm: AsynchronousTaskRunner-3 @@ 09:25" threadId="000000000AB99500" bytes="230998376" />
</allocation-stats>
<gc-op id="5457" type="scavenge" timems="3.663" contextid="5454" timestamp="2023-06-02T09:26:58.351">
  <scavenger-info tenureage="14" tenuremask="4000" tiltratio="89" />
  <memory-copied type="nursery" objects="96771" bytes="8908456" bytesdiscarded="228160" />
  <finalization candidates="923" enqueued="658" />
  <ownableSynchronizers candidates="50640" cleared="50115" />
  <references type="soft" candidates="1087" cleared="0" enqueued="0" dynamicThreshold="1" maxThreshold="32" />
  <references type="weak" candidates="23" cleared="13" enqueued="2" />
</gc-op>
<gc-end id="5458" type="scavenge" contextid="5454" durationms="4.084" usertimems="0.000" systemtimems="0.000" timestamp="2023-06-02T09:26:58.352" activeThreads="16">
  <mem-info id="5459" free="262083352" total="1073741824" percent="24">
    <mem type="nursery" free="232424976" total="268435456" percent="86">
      <mem type="allocate" free="232424976" total="241565696" percent="96" />
      <mem type="survivor" free="0" total="26869760" percent="0" />
    </mem>
    <mem type="tenure" free="29658376" total="805306368" percent="3" macro-fragmented="2116">
      <mem type="soa" free="21604616" total="797252608" percent="2" />
      <mem type="loa" free="8053760" total="8053760" percent="100" />
    </mem>
    <pending-finalizers system="531" default="127" reference="2" classloader="0" />
    <remembered-set count="3556" />
  </mem-info>
</gc-end>
<cycle-end id="5460" type="scavenge" contextid="5454" timestamp="2023-06-02T09:26:58.353" />
<allocation-satisfied id="5461" threadId="000000000AB99500" bytesRequested="16392" />
<af-end id="5462" timestamp="2023-06-02T09:26:58.353" threadId="000000000AB99E80" success="true" from="nursery"/>
<exclusive-end id="5463" timestamp="2023-06-02T09:26:58.353" durationms="7.764" />

<exclusive-start id="5464" timestamp="2023-06-02T09:26:58.724" intervalms="377.996">
  <response-info timems="0.140" idlems="0.140" threads="0" lastid="000000000AB99500" lastname="[SQL@09:26:58.716], select distinct t2.OWNER_ITEM_ID, t3.USER_I" />
</exclusive-start>
<af-start id="5465" threadId="000000000AB99E80" totalBytesRequested="16" timestamp="2023-06-02T09:26:58.725" intervalms="378.074" type="nursery" />
<cycle-start id="5466" type="scavenge" contextid="0" timestamp="2023-06-02T09:26:58.725" intervalms="378.046" />
<gc-start id="5467" type="scavenge" contextid="5466" timestamp="2023-06-02T09:26:58.726">
  <mem-info id="5468" free="29658376" total="1073741824" percent="2">
    <mem type="nursery" free="0" total="268435456" percent="0">
      <mem type="allocate" free="0" total="241565696" percent="0" />
      <mem type="survivor" free="0" total="26869760" percent="0" />
    </mem>
    <mem type="tenure" free="29658376" total="805306368" percent="3">
      <mem type="soa" free="21604616" total="797252608" percent="2" />
      <mem type="loa" free="8053760" total="8053760" percent="100" />
    </mem>
    <remembered-set count="4549" />
  </mem-info>
</gc-start>
<allocation-stats totalBytes="232325472" >
  <allocated-bytes non-tlh="147480" tlh="232177992" />
  <largest-consumer threadName="[SQL@09:26:58.716], select distinct t2.OWNER_ITEM_ID, t3.USER_ID, t3.NAME from &#xA;(select t1q.*, T1V.ITEM_TYPE_DBID from PLAN..." threadId="000000000AB99500" bytes="230725312" />
</allocation-stats>
<gc-op id="5469" type="scavenge" timems="5.263" contextid="5466" timestamp="2023-06-02T09:26:58.731">
  <scavenger-info tenureage="12" tenuremask="7000" tiltratio="89" />
  <memory-copied type="nursery" objects="282025" bytes="14069376" bytesdiscarded="229784" />
  <memory-copied type="tenure" objects="15317" bytes="1409400" bytesdiscarded="3712" />
  <finalization candidates="446" enqueued="180" />
  <ownableSynchronizers candidates="49012" cleared="48454" />
  <references type="soft" candidates="806" cleared="0" enqueued="0" dynamicThreshold="1" maxThreshold="32" />
  <references type="weak" candidates="15" cleared="14" enqueued="2" />
</gc-op>
<gc-end id="5470" type="scavenge" contextid="5466" durationms="5.654" usertimems="0.000" systemtimems="0.000" timestamp="2023-06-02T09:26:58.731" activeThreads="16">
  <mem-info id="5471" free="255231696" total="1073741824" percent="23">
    <mem type="nursery" free="227264304" total="268435456" percent="84">
      <mem type="allocate" free="227264304" total="241565696" percent="94" />
      <mem type="survivor" free="0" total="26869760" percent="0" />
    </mem>
    <mem type="tenure" free="27967392" total="805306368" percent="3" macro-fragmented="0">
      <mem type="soa" free="19913632" total="797252608" percent="2" />
      <mem type="loa" free="8053760" total="8053760" percent="100" />
    </mem>
    <pending-finalizers system="78" default="102" reference="2" classloader="0" />
    <remembered-set count="3357" />
  </mem-info>
</gc-end>
<cycle-end id="5472" type="scavenge" contextid="5466" timestamp="2023-06-02T09:26:58.733" />
<allocation-satisfied id="5473" threadId="000000000AB99500" bytesRequested="16" />
<af-end id="5474" timestamp="2023-06-02T09:26:58.734" threadId="000000000AB99E80" success="true" from="nursery"/>
<exclusive-end id="5475" timestamp="2023-06-02T09:26:58.734" durationms="10.330" />

<exclusive-start id="5476" timestamp="2023-06-02T09:26:59.334" intervalms="610.099">
  <response-info timems="0.103" idlems="0.103" threads="0" lastid="000000000AB99500" lastname="[SQL@09:26:59.328], select distinct t3.EXECUTION_VARIABLE_ITEM_" />
</exclusive-start>
<af-start id="5477" threadId="000000000AB99E80" totalBytesRequested="40" timestamp="2023-06-02T09:26:59.334" intervalms="609.991" type="nursery" />
<cycle-start id="5478" type="scavenge" contextid="0" timestamp="2023-06-02T09:26:59.334" intervalms="609.941" />
<gc-start id="5479" type="scavenge" contextid="5478" timestamp="2023-06-02T09:26:59.336">
  <mem-info id="5480" free="27967392" total="1073741824" percent="2">
    <mem type="nursery" free="0" total="268435456" percent="0">
      <mem type="allocate" free="0" total="241565696" percent="0" />
      <mem type="survivor" free="0" total="26869760" percent="0" />
    </mem>
    <mem type="tenure" free="27967392" total="805306368" percent="3">
      <mem type="soa" free="19913632" total="797252608" percent="2" />
      <mem type="loa" free="8053760" total="8053760" percent="100" />
    </mem>
    <remembered-set count="4368" />
  </mem-info>
</gc-start>
<allocation-stats totalBytes="227173640" >
  <allocated-bytes non-tlh="98344" tlh="227075296" />
  <largest-consumer threadName="[SQL@09:26:59.328], select distinct t3.EXECUTION_VARIABLE_ITEM_ID, t4.NAME, t4.ARCHIVED, t4.EXTERNAL_ID from &#xA;(select t1q.*..." threadId="000000000AB99500" bytes="223890008" />
</allocation-stats>
<gc-op id="5481" type="scavenge" timems="4.185" contextid="5478" timestamp="2023-06-02T09:26:59.340">
  <scavenger-info tenureage="10" tenuremask="4400" tiltratio="89" />
  <memory-copied type="nursery" objects="260703" bytes="13503184" bytesdiscarded="363416" />
  <memory-copied type="tenure" objects="4412" bytes="433480" bytesdiscarded="568" />
  <finalization candidates="2296" enqueued="2062" />
  <ownableSynchronizers candidates="46892" cleared="46402" />
  <references type="soft" candidates="820" cleared="0" enqueued="0" dynamicThreshold="1" maxThreshold="32" />
  <references type="weak" candidates="14" cleared="13" enqueued="2" />
</gc-op>
<gc-end id="5482" type="scavenge" contextid="5478" durationms="4.513" usertimems="15.625" systemtimems="0.000" timestamp="2023-06-02T09:26:59.340" activeThreads="16">
  <mem-info id="5483" free="255082936" total="1073741824" percent="23">
    <mem type="nursery" free="227696752" total="268435456" percent="84">
      <mem type="allocate" free="227696752" total="241565696" percent="94" />
      <mem type="survivor" free="0" total="26869760" percent="0" />
    </mem>
    <mem type="tenure" free="27386184" total="805306368" percent="3" macro-fragmented="13104">
      <mem type="soa" free="19332424" total="797252608" percent="2" />
      <mem type="loa" free="8053760" total="8053760" percent="100" />
    </mem>
    <pending-finalizers system="1919" default="143" reference="2" classloader="0" />
    <remembered-set count="3392" />
  </mem-info>
</gc-end>
<cycle-end id="5484" type="scavenge" contextid="5478" timestamp="2023-06-02T09:26:59.341" />
<allocation-satisfied id="5485" threadId="000000000AB99500" bytesRequested="40" />
<af-end id="5486" timestamp="2023-06-02T09:26:59.341" threadId="000000000AB99E80" success="true" from="nursery"/>
<exclusive-end id="5487" timestamp="2023-06-02T09:26:59.341" durationms="7.451" />

<exclusive-start id="5488" timestamp="2023-06-02T09:26:59.906" intervalms="572.164">
  <response-info timems="0.187" idlems="0.187" threads="0" lastid="000000000AB99500" lastname="[SQL@09:26:59.899], select distinct t3.EXECUTION_VARIABLE_VALUE" />
</exclusive-start>
<af-start id="5489" threadId="000000000AB99E80" totalBytesRequested="40" timestamp="2023-06-02T09:26:59.907" intervalms="572.229" type="nursery" />
<cycle-start id="5490" type="scavenge" contextid="0" timestamp="2023-06-02T09:26:59.907" intervalms="572.282" />
<gc-start id="5491" type="scavenge" contextid="5490" timestamp="2023-06-02T09:26:59.908">
  <mem-info id="5492" free="27385784" total="1073741824" percent="2">
    <mem type="nursery" free="0" total="268435456" percent="0">
      <mem type="allocate" free="0" total="241565696" percent="0" />
      <mem type="survivor" free="0" total="26869760" percent="0" />
    </mem>
    <mem type="tenure" free="27385784" total="805306368" percent="3">
      <mem type="soa" free="19332024" total="797252608" percent="2" />
      <mem type="loa" free="8053760" total="8053760" percent="100" />
    </mem>
    <remembered-set count="4840" />
  </mem-info>
</gc-start>
<allocation-stats totalBytes="227616976" >
  <allocated-bytes non-tlh="365344" tlh="227251632" />
  <largest-consumer threadName="[SQL@09:26:59.899], select distinct t3.EXECUTION_VARIABLE_VALUE_ITM_D, t4.NAME, t4.ARCHIVED, t4.EXTERNAL_ID, t4.EXECUTION_VARIA..." threadId="000000000AB99500" bytes="208258456" />
</allocation-stats>
<gc-op id="5493" type="scavenge" timems="5.306" contextid="5490" timestamp="2023-06-02T09:26:59.913">
  <scavenger-info tenureage="9" tenuremask="6600" tiltratio="89" />
  <memory-copied type="nursery" objects="251023" bytes="12423488" bytesdiscarded="231776" />
  <memory-copied type="tenure" objects="18471" bytes="1961816" bytesdiscarded="3824" />
  <finalization candidates="2293" enqueued="2045" />
  <ownableSynchronizers candidates="44225" cleared="43718" />
  <references type="soft" candidates="557" cleared="0" enqueued="0" dynamicThreshold="1" maxThreshold="32" />
  <references type="weak" candidates="17" cleared="16" enqueued="6" />
</gc-op>
<gc-end id="5494" type="scavenge" contextid="5490" durationms="5.844" usertimems="0.000" systemtimems="0.000" timestamp="2023-06-02T09:26:59.913" activeThreads="16">
  <mem-info id="5495" free="254394888" total="1073741824" percent="23">
    <mem type="nursery" free="228907408" total="268435456" percent="85">
      <mem type="allocate" free="228907408" total="241565696" percent="94" />
      <mem type="survivor" free="0" total="26869760" percent="0" />
    </mem>
    <mem type="tenure" free="25487480" total="805306368" percent="3" macro-fragmented="1763">
      <mem type="soa" free="17433720" total="797252608" percent="2" />
      <mem type="loa" free="8053760" total="8053760" percent="100" />
    </mem>
    <pending-finalizers system="1926" default="119" reference="6" classloader="0" />
    <remembered-set count="3236" />
  </mem-info>
</gc-end>
<cycle-end id="5496" type="scavenge" contextid="5490" timestamp="2023-06-02T09:26:59.916" />
<allocation-satisfied id="5497" threadId="000000000AB99500" bytesRequested="40" />
<af-end id="5498" timestamp="2023-06-02T09:26:59.916" threadId="000000000AB99E80" success="true" from="nursery"/>
<exclusive-end id="5499" timestamp="2023-06-02T09:26:59.916" durationms="10.532" />

<exclusive-start id="5500" timestamp="2023-06-02T09:27:00.337" intervalms="430.888">
  <response-info timems="0.186" idlems="0.186" threads="0" lastid="000000000AB99500" lastname="[SQL@09:27:00.333], select distinct t2.OWNER_ITEM_ID, t3.USER_I" />
</exclusive-start>
<af-start id="5501" threadId="000000000AB99E80" totalBytesRequested="24" timestamp="2023-06-02T09:27:00.337" intervalms="430.838" type="nursery" />
<cycle-start id="5502" type="scavenge" contextid="0" timestamp="2023-06-02T09:27:00.338" intervalms="430.853" />
<gc-start id="5503" type="scavenge" contextid="5502" timestamp="2023-06-02T09:27:00.344">
  <mem-info id="5504" free="25487480" total="1073741824" percent="2">
    <mem type="nursery" free="0" total="268435456" percent="0">
      <mem type="allocate" free="0" total="241565696" percent="0" />
      <mem type="survivor" free="0" total="26869760" percent="0" />
    </mem>
    <mem type="tenure" free="25487480" total="805306368" percent="3">
      <mem type="soa" free="17433720" total="797252608" percent="2" />
      <mem type="loa" free="8053760" total="8053760" percent="100" />
    </mem>
    <remembered-set count="4283" />
  </mem-info>
</gc-start>
<allocation-stats totalBytes="228839688" >
  <allocated-bytes non-tlh="16432" tlh="228823256" />
  <largest-consumer threadName="[SQL@09:27:00.333], select distinct t2.OWNER_ITEM_ID, t3.USER_ID, t3.NAME from &#xA;(select t1q.*, T1V.ITEM_TYPE_DBID from PLAN..." threadId="000000000AB99500" bytes="226164264" />
</allocation-stats>
<gc-op id="5505" type="scavenge" timems="4.328" contextid="5502" timestamp="2023-06-02T09:27:00.348">
  <scavenger-info tenureage="13" tenuremask="6000" tiltratio="89" />
  <memory-copied type="nursery" objects="131923" bytes="8636528" bytesdiscarded="240464" />
  <memory-copied type="tenure" objects="6771" bytes="756472" bytesdiscarded="2472" />
  <finalization candidates="931" enqueued="683" />
  <ownableSynchronizers candidates="50799" cleared="50407" />
  <references type="soft" candidates="465" cleared="0" enqueued="0" dynamicThreshold="1" maxThreshold="32" />
  <references type="weak" candidates="10" cleared="9" enqueued="2" />
</gc-op>
<gc-end id="5506" type="scavenge" contextid="5502" durationms="4.841" usertimems="0.000" systemtimems="0.000" timestamp="2023-06-02T09:27:00.349" activeThreads="16">
  <mem-info id="5507" free="257247152" total="1073741824" percent="23">
    <mem type="nursery" free="232685480" total="268435456" percent="86">
      <mem type="allocate" free="232685480" total="241565696" percent="96" />
      <mem type="survivor" free="0" total="26869760" percent="0" />
    </mem>
    <mem type="tenure" free="24561672" total="805306368" percent="3" macro-fragmented="5375358">
      <mem type="soa" free="16507912" total="797252608" percent="2" />
      <mem type="loa" free="8053760" total="8053760" percent="100" />
    </mem>
    <pending-finalizers system="542" default="141" reference="2" classloader="0" />
    <remembered-set count="3035" />
  </mem-info>
</gc-end>
<cycle-end id="5508" type="scavenge" contextid="5502" timestamp="2023-06-02T09:27:00.351" />
<allocation-satisfied id="5509" threadId="000000000AB99500" bytesRequested="24" />
<af-end id="5510" timestamp="2023-06-02T09:27:00.351" threadId="000000000AB99E80" success="true" from="nursery"/>
<exclusive-end id="5511" timestamp="2023-06-02T09:27:00.351" durationms="14.264" />

<exclusive-start id="5512" timestamp="2023-06-02T09:27:00.704" intervalms="366.473">
  <response-info timems="0.107" idlems="0.107" threads="0" lastid="000000000AB99500" lastname="[SQL@09:27:00.697], select distinct t3.EXECUTION_VARIABLE_VALUE" />
</exclusive-start>
<af-start id="5513" threadId="000000000AB99E80" totalBytesRequested="40" timestamp="2023-06-02T09:27:00.704" intervalms="366.456" type="nursery" />
<cycle-start id="5514" type="scavenge" contextid="0" timestamp="2023-06-02T09:27:00.704" intervalms="366.412" />
<gc-start id="5515" type="scavenge" contextid="5514" timestamp="2023-06-02T09:27:00.705">
  <mem-info id="5516" free="24561672" total="1073741824" percent="2">
    <mem type="nursery" free="0" total="268435456" percent="0">
      <mem type="allocate" free="0" total="241565696" percent="0" />
      <mem type="survivor" free="0" total="26869760" percent="0" />
    </mem>
    <mem type="tenure" free="24561672" total="805306368" percent="3">
      <mem type="soa" free="16507912" total="797252608" percent="2" />
      <mem type="loa" free="8053760" total="8053760" percent="100" />
    </mem>
    <remembered-set count="4016" />
  </mem-info>
</gc-start>
<allocation-stats totalBytes="232618496" >
  <allocated-bytes non-tlh="24" tlh="232618472" />
  <largest-consumer threadName="[SQL@09:27:00.697], select distinct t3.EXECUTION_VARIABLE_VALUE_ITM_D, t4.NAME, t4.ARCHIVED, t4.EXTERNAL_ID, t4.EXECUTION_VARIA..." threadId="000000000AB99500" bytes="231676904" />
</allocation-stats>
<gc-op id="5517" type="scavenge" timems="7.879" contextid="5514" timestamp="2023-06-02T09:27:00.713">
  <scavenger-info tenureage="9" tenuremask="4600" tiltratio="89" />
  <memory-copied type="nursery" objects="238131" bytes="11280792" bytesdiscarded="382400" />
  <memory-copied type="tenure" objects="10853" bytes="1184272" bytesdiscarded="4928" />
  <finalization candidates="393" enqueued="145" />
  <ownableSynchronizers candidates="48532" cleared="48167" />
  <references type="soft" candidates="421" cleared="0" enqueued="0" dynamicThreshold="1" maxThreshold="32" />
  <references type="weak" candidates="11" cleared="10" enqueued="2" />
</gc-op>
<gc-end id="5518" type="scavenge" contextid="5514" durationms="8.276" usertimems="0.000" systemtimems="0.000" timestamp="2023-06-02T09:27:00.713" activeThreads="16">
  <mem-info id="5519" free="253221576" total="1073741824" percent="23">
    <mem type="nursery" free="229899888" total="268435456" percent="85">
      <mem type="allocate" free="229899888" total="241565696" percent="95" />
      <mem type="survivor" free="0" total="26869760" percent="0" />
    </mem>
    <mem type="tenure" free="23321688" total="805306368" percent="2" macro-fragmented="0">
      <mem type="soa" free="15267928" total="797252608" percent="1" />
      <mem type="loa" free="8053760" total="8053760" percent="100" />
    </mem>
    <pending-finalizers system="60" default="85" reference="2" classloader="0" />
    <remembered-set count="3002" />
  </mem-info>
</gc-end>
<cycle-end id="5520" type="scavenge" contextid="5514" timestamp="2023-06-02T09:27:00.715" />
<allocation-satisfied id="5521" threadId="000000000AB99500" bytesRequested="40" />
<af-end id="5522" timestamp="2023-06-02T09:27:00.715" threadId="000000000AB99E80" success="true" from="nursery"/>
<exclusive-end id="5523" timestamp="2023-06-02T09:27:00.715" durationms="12.176" />

<exclusive-start id="5524" timestamp="2023-06-02T09:27:01.294" intervalms="591.332">
  <response-info timems="0.235" idlems="0.235" threads="0" lastid="000000000AB99500" lastname="[SQL@09:27:01.288], select distinct t2.ORIGINATOR_ITEM_ID, t3.U" />
</exclusive-start>
<af-start id="5525" threadId="000000000AB99E80" totalBytesRequested="24" timestamp="2023-06-02T09:27:01.295" intervalms="591.411" type="nursery" />
<cycle-start id="5526" type="scavenge" contextid="0" timestamp="2023-06-02T09:27:01.295" intervalms="591.422" />
<gc-start id="5527" type="scavenge" contextid="5526" timestamp="2023-06-02T09:27:01.298">
  <mem-info id="5528" free="23321688" total="1073741824" percent="2">
    <mem type="nursery" free="0" total="268435456" percent="0">
      <mem type="allocate" free="0" total="241565696" percent="0" />
      <mem type="survivor" free="0" total="26869760" percent="0" />
    </mem>
    <mem type="tenure" free="23321688" total="805306368" percent="2">
      <mem type="soa" free="15267928" total="797252608" percent="1" />
      <mem type="loa" free="8053760" total="8053760" percent="100" />
    </mem>
    <remembered-set count="4113" />
  </mem-info>
</gc-start>
<allocation-stats totalBytes="229807568" >
  <allocated-bytes non-tlh="16432" tlh="229791136" />
  <largest-consumer threadName="[SQL@09:27:01.288], select distinct t2.ORIGINATOR_ITEM_ID, t3.USER_ID, t3.NAME from &#xA;(select t1q.*, T1V.ITEM_TYPE_DBID from..." threadId="000000000AB99500" bytes="226093456" />
</allocation-stats>
<gc-op id="5529" type="scavenge" timems="13.439" contextid="5526" timestamp="2023-06-02T09:27:01.311">
  <scavenger-info tenureage="5" tenuremask="4020" tiltratio="89" />
  <memory-copied type="nursery" objects="277175" bytes="12730752" bytesdiscarded="226368" />
  <memory-copied type="tenure" objects="6686" bytes="677880" bytesdiscarded="2288" />
  <finalization candidates="2788" enqueued="2540" />
  <ownableSynchronizers candidates="49842" cleared="49496" />
  <references type="soft" candidates="421" cleared="0" enqueued="0" dynamicThreshold="1" maxThreshold="32" />
  <references type="weak" candidates="11" cleared="10" enqueued="2" />
</gc-op>
<gc-end id="5530" type="scavenge" contextid="5526" durationms="13.993" usertimems="0.000" systemtimems="0.000" timestamp="2023-06-02T09:27:01.312" activeThreads="16">
  <mem-info id="5531" free="251396608" total="1073741824" percent="23">
    <mem type="nursery" free="228605304" total="268435456" percent="85">
      <mem type="allocate" free="228605304" total="241565696" percent="94" />
      <mem type="survivor" free="0" total="26869760" percent="0" />
    </mem>
    <mem type="tenure" free="22791304" total="805306368" percent="2" macro-fragmented="0">
      <mem type="soa" free="14737544" total="797252608" percent="1" />
      <mem type="loa" free="8053760" total="8053760" percent="100" />
    </mem>
    <pending-finalizers system="2394" default="146" reference="2" classloader="0" />
    <remembered-set count="3189" />
  </mem-info>
</gc-end>
<cycle-end id="5532" type="scavenge" contextid="5526" timestamp="2023-06-02T09:27:01.315" />
<allocation-satisfied id="5533" threadId="000000000AB99500" bytesRequested="24" />
<af-end id="5534" timestamp="2023-06-02T09:27:01.315" threadId="000000000AB99E80" success="true" from="nursery"/>
<exclusive-end id="5535" timestamp="2023-06-02T09:27:01.315" durationms="20.619" />

<exclusive-start id="5536" timestamp="2023-06-02T09:27:01.628" intervalms="333.649">
  <response-info timems="0.140" idlems="0.140" threads="0" lastid="000000000AB99500" lastname="[SQL@09:27:01.623], select distinct t3.EXECUTION_VARIABLE_ITEM_" />
</exclusive-start>
<af-start id="5537" threadId="000000000AB99E80" totalBytesRequested="40" timestamp="2023-06-02T09:27:01.628" intervalms="333.530" type="nursery" />
<cycle-start id="5538" type="scavenge" contextid="0" timestamp="2023-06-02T09:27:01.628" intervalms="333.500" />
<gc-start id="5539" type="scavenge" contextid="5538" timestamp="2023-06-02T09:27:01.631">
  <mem-info id="5540" free="22790920" total="1073741824" percent="2">
    <mem type="nursery" free="0" total="268435456" percent="0">
      <mem type="allocate" free="0" total="241565696" percent="0" />
      <mem type="survivor" free="0" total="26869760" percent="0" />
    </mem>
    <mem type="tenure" free="22790920" total="805306368" percent="2">
      <mem type="soa" free="14737160" total="797252608" percent="1" />
      <mem type="loa" free="8053760" total="8053760" percent="100" />
    </mem>
    <remembered-set count="4301" />
  </mem-info>
</gc-start>
<allocation-stats totalBytes="228530216" >
  <allocated-bytes non-tlh="33184" tlh="228497032" />
  <largest-consumer threadName="[SQL@09:27:01.623], select distinct t3.EXECUTION_VARIABLE_ITEM_ID, t4.NAME, t4.ARCHIVED, t4.EXTERNAL_ID from &#xA;(select t1q.*..." threadId="000000000AB99500" bytes="226711552" />
</allocation-stats>
<gc-op id="5541" type="scavenge" timems="4.213" contextid="5538" timestamp="2023-06-02T09:27:01.636">
  <scavenger-info tenureage="10" tenuremask="4400" tiltratio="89" />
  <memory-copied type="nursery" objects="213876" bytes="10554592" bytesdiscarded="246368" />
  <memory-copied type="tenure" objects="5311" bytes="532656" bytesdiscarded="1848" />
  <finalization candidates="402" enqueued="154" />
  <ownableSynchronizers candidates="48158" cleared="47816" />
  <references type="soft" candidates="408" cleared="0" enqueued="0" dynamicThreshold="1" maxThreshold="32" />
  <references type="weak" candidates="10" cleared="9" enqueued="2" />
</gc-op>
<gc-end id="5542" type="scavenge" contextid="5538" durationms="4.680" usertimems="0.000" systemtimems="0.000" timestamp="2023-06-02T09:27:01.636" activeThreads="16">
  <mem-info id="5543" free="253087856" total="1073741824" percent="23">
    <mem type="nursery" free="230762064" total="268435456" percent="85">
      <mem type="allocate" free="230762064" total="241565696" percent="95" />
      <mem type="survivor" free="0" total="26869760" percent="0" />
    </mem>
    <mem type="tenure" free="22325792" total="805306368" percent="2" macro-fragmented="6450429">
      <mem type="soa" free="14272032" total="797252608" percent="1" />
      <mem type="loa" free="8053760" total="8053760" percent="100" />
    </mem>
    <pending-finalizers system="61" default="93" reference="2" classloader="0" />
    <remembered-set count="3183" />
  </mem-info>
</gc-end>
<cycle-end id="5544" type="scavenge" contextid="5538" timestamp="2023-06-02T09:27:01.638" />
<allocation-satisfied id="5545" threadId="000000000AB99500" bytesRequested="40" />
<af-end id="5546" timestamp="2023-06-02T09:27:01.638" threadId="000000000AB99E80" success="true" from="nursery"/>
<exclusive-end id="5547" timestamp="2023-06-02T09:27:01.638" durationms="9.441" />

<exclusive-start id="5548" timestamp="2023-06-02T09:27:01.974" intervalms="346.268">
  <response-info timems="0.132" idlems="0.132" threads="0" lastid="000000000AB99500" lastname="[SQL@09:27:01.970], select distinct t2.ORIGINATOR_ITEM_ID, t3.U" />
</exclusive-start>
<af-start id="5549" threadId="000000000AB99E80" totalBytesRequested="40" timestamp="2023-06-02T09:27:01.974" intervalms="346.261" type="nursery" />
<cycle-start id="5550" type="scavenge" contextid="0" timestamp="2023-06-02T09:27:01.975" intervalms="346.287" />
<gc-start id="5551" type="scavenge" contextid="5550" timestamp="2023-06-02T09:27:01.976">
  <mem-info id="5552" free="22325792" total="1073741824" percent="2">
    <mem type="nursery" free="0" total="268435456" percent="0">
      <mem type="allocate" free="0" total="241565696" percent="0" />
      <mem type="survivor" free="0" total="26869760" percent="0" />
    </mem>
    <mem type="tenure" free="22325792" total="805306368" percent="2">
      <mem type="soa" free="14272032" total="797252608" percent="1" />
      <mem type="loa" free="8053760" total="8053760" percent="100" />
    </mem>
    <remembered-set count="4407" />
  </mem-info>
</gc-start>
<allocation-stats totalBytes="230683448" >
  <allocated-bytes non-tlh="16432" tlh="230667016" />
  <largest-consumer threadName="[SQL@09:27:01.970], select distinct t2.ORIGINATOR_ITEM_ID, t3.USER_ID, t3.NAME from &#xA;(select t1q.*, T1V.ITEM_TYPE_DBID from..." threadId="000000000AB99500" bytes="227624232" />
</allocation-stats>
<gc-op id="5553" type="scavenge" timems="4.622" contextid="5550" timestamp="2023-06-02T09:27:01.981">
  <scavenger-info tenureage="10" tenuremask="4400" tiltratio="89" />
  <memory-copied type="nursery" objects="198348" bytes="10082808" bytesdiscarded="206352" />
  <memory-copied type="tenure" objects="6938" bytes="641792" bytesdiscarded="2960" />
  <finalization candidates="466" enqueued="218" />
  <ownableSynchronizers candidates="50869" cleared="50529" />
  <references type="soft" candidates="343" cleared="0" enqueued="0" dynamicThreshold="1" maxThreshold="32" />
  <references type="weak" candidates="19" cleared="18" enqueued="4" />
</gc-op>
<gc-end id="5554" type="scavenge" contextid="5550" durationms="5.139" usertimems="0.000" systemtimems="0.000" timestamp="2023-06-02T09:27:01.981" activeThreads="16">
  <mem-info id="5555" free="253034368" total="1073741824" percent="23">
    <mem type="nursery" free="231273184" total="268435456" percent="86">
      <mem type="allocate" free="231273184" total="241565696" percent="95" />
      <mem type="survivor" free="0" total="26869760" percent="0" />
    </mem>
    <mem type="tenure" free="21761184" total="805306368" percent="2" macro-fragmented="0">
      <mem type="soa" free="13707424" total="797252608" percent="1" />
      <mem type="loa" free="8053760" total="8053760" percent="100" />
    </mem>
    <pending-finalizers system="84" default="134" reference="4" classloader="0" />
    <remembered-set count="3177" />
  </mem-info>
</gc-end>
<cycle-end id="5556" type="scavenge" contextid="5550" timestamp="2023-06-02T09:27:01.986" />
<allocation-satisfied id="5557" threadId="000000000AB99500" bytesRequested="40" />
<af-end id="5558" timestamp="2023-06-02T09:27:01.986" threadId="000000000AB99E80" success="true" from="nursery"/>
<exclusive-end id="5559" timestamp="2023-06-02T09:27:01.986" durationms="11.212" />

<exclusive-start id="5560" timestamp="2023-06-02T09:27:02.596" intervalms="621.426">
  <response-info timems="0.174" idlems="0.174" threads="0" lastid="000000000AB99500" lastname="[SQL@09:27:02.594], select distinct t3.EXECUTION_VARIABLE_ITEM_" />
</exclusive-start>
<af-start id="5561" threadId="000000000AB99E80" totalBytesRequested="40" timestamp="2023-06-02T09:27:02.596" intervalms="621.473" type="nursery" />
<cycle-start id="5562" type="scavenge" contextid="0" timestamp="2023-06-02T09:27:02.596" intervalms="621.498" />
<gc-start id="5563" type="scavenge" contextid="5562" timestamp="2023-06-02T09:27:02.597">
  <mem-info id="5564" free="21761184" total="1073741824" percent="2">
    <mem type="nursery" free="0" total="268435456" percent="0">
      <mem type="allocate" free="0" total="241565696" percent="0" />
      <mem type="survivor" free="0" total="26869760" percent="0" />
    </mem>
    <mem type="tenure" free="21761184" total="805306368" percent="2">
      <mem type="soa" free="13707424" total="797252608" percent="1" />
      <mem type="loa" free="8053760" total="8053760" percent="100" />
    </mem>
    <remembered-set count="4231" />
  </mem-info>
</gc-start>
<allocation-stats totalBytes="231187664" >
  <allocated-bytes non-tlh="40" tlh="231187624" />
  <largest-consumer threadName="[SQL@09:27:02.594], select distinct t3.EXECUTION_VARIABLE_ITEM_ID, t4.NAME, t4.ARCHIVED, t4.EXTERNAL_ID from &#xA;(select t1q.*..." threadId="000000000AB99500" bytes="228407672" />
</allocation-stats>
<gc-op id="5565" type="scavenge" timems="6.301" contextid="5562" timestamp="2023-06-02T09:27:02.604">
  <scavenger-info tenureage="10" tenuremask="4400" tiltratio="89" />
  <memory-copied type="nursery" objects="99846" bytes="7139088" bytesdiscarded="149864" />
  <memory-copied type="tenure" objects="5241" bytes="613504" bytesdiscarded="2336" />
  <finalization candidates="2732" enqueued="2484" />
  <ownableSynchronizers candidates="47643" cleared="47308" />
  <references type="soft" candidates="333" cleared="0" enqueued="0" dynamicThreshold="1" maxThreshold="32" />
  <references type="weak" candidates="11" cleared="10" enqueued="2" />
</gc-op>
<gc-end id="5566" type="scavenge" contextid="5562" durationms="6.694" usertimems="0.000" systemtimems="0.000" timestamp="2023-06-02T09:27:02.604" activeThreads="16">
  <mem-info id="5567" free="255486440" total="1073741824" percent="23">
    <mem type="nursery" free="234273760" total="268435456" percent="87">
      <mem type="allocate" free="234273760" total="241565696" percent="96" />
      <mem type="survivor" free="0" total="26869760" percent="0" />
    </mem>
    <mem type="tenure" free="21212680" total="805306368" percent="2" macro-fragmented="0">
      <mem type="soa" free="13158920" total="797252608" percent="1" />
      <mem type="loa" free="8053760" total="8053760" percent="100" />
    </mem>
    <pending-finalizers system="2374" default="110" reference="2" classloader="0" />
    <remembered-set count="3128" />
  </mem-info>
</gc-end>
<cycle-end id="5568" type="scavenge" contextid="5562" timestamp="2023-06-02T09:27:02.607" />
<allocation-satisfied id="5569" threadId="000000000AB99500" bytesRequested="40" />
<af-end id="5570" timestamp="2023-06-02T09:27:02.607" threadId="000000000AB99E80" success="true" from="nursery"/>
<exclusive-end id="5571" timestamp="2023-06-02T09:27:02.607" durationms="11.316" />

<exclusive-start id="5572" timestamp="2023-06-02T09:27:03.016" intervalms="420.014">
  <response-info timems="0.122" idlems="0.122" threads="0" lastid="000000000AB99500" lastname="[SQL@09:27:03.013], select distinct t2.ORIGINATOR_ITEM_ID, t3.U" />
</exclusive-start>
<af-start id="5573" threadId="000000000AB99E80" totalBytesRequested="40" timestamp="2023-06-02T09:27:03.016" intervalms="419.951" type="nursery" />
<cycle-start id="5574" type="scavenge" contextid="0" timestamp="2023-06-02T09:27:03.017" intervalms="419.894" />
<gc-start id="5575" type="scavenge" contextid="5574" timestamp="2023-06-02T09:27:03.018">
  <mem-info id="5576" free="21212680" total="1073741824" percent="1">
    <mem type="nursery" free="0" total="268435456" percent="0">
      <mem type="allocate" free="0" total="241565696" percent="0" />
      <mem type="survivor" free="0" total="26869760" percent="0" />
    </mem>
    <mem type="tenure" free="21212680" total="805306368" percent="2">
      <mem type="soa" free="13158920" total="797252608" percent="1" />
      <mem type="loa" free="8053760" total="8053760" percent="100" />
    </mem>
    <remembered-set count="4173" />
  </mem-info>
</gc-start>
<allocation-stats totalBytes="234187672" >
  <allocated-bytes non-tlh="16432" tlh="234171240" />
  <largest-consumer threadName="[SQL@09:27:03.013], select distinct t2.ORIGINATOR_ITEM_ID, t3.USER_ID, t3.NAME from &#xA;(select t1q.*, T1V.ITEM_TYPE_DBID from..." threadId="000000000AB99500" bytes="231840064" />
</allocation-stats>
<gc-op id="5577" type="scavenge" timems="3.017" contextid="5574" timestamp="2023-06-02T09:27:03.021">
  <scavenger-info tenureage="10" tenuremask="4400" tiltratio="89" />
  <memory-copied type="nursery" objects="160064" bytes="8943520" bytesdiscarded="250752" />
  <memory-copied type="tenure" objects="5415" bytes="521160" bytesdiscarded="2184" />
  <finalization candidates="915" enqueued="667" />
  <ownableSynchronizers candidates="51325" cleared="51002" />
  <references type="soft" candidates="327" cleared="0" enqueued="0" dynamicThreshold="1" maxThreshold="32" />
  <references type="weak" candidates="11" cleared="10" enqueued="2" />
</gc-op>
<gc-end id="5578" type="scavenge" contextid="5574" durationms="3.364" usertimems="0.000" systemtimems="0.000" timestamp="2023-06-02T09:27:03.021" activeThreads="16">
  <mem-info id="5579" free="253051128" total="1073741824" percent="23">
    <mem type="nursery" free="232368064" total="268435456" percent="86">
      <mem type="allocate" free="232368064" total="241565696" percent="96" />
      <mem type="survivor" free="0" total="26869760" percent="0" />
    </mem>
    <mem type="tenure" free="20683064" total="805306368" percent="2" macro-fragmented="0">
      <mem type="soa" free="12629304" total="797252608" percent="1" />
      <mem type="loa" free="8053760" total="8053760" percent="100" />
    </mem>
    <pending-finalizers system="542" default="125" reference="2" classloader="0" />
    <remembered-set count="2995" />
  </mem-info>
</gc-end>
<cycle-end id="5580" type="scavenge" contextid="5574" timestamp="2023-06-02T09:27:03.023" />
<allocation-satisfied id="5581" threadId="000000000AB99500" bytesRequested="40" />
<af-end id="5582" timestamp="2023-06-02T09:27:03.023" threadId="000000000AB99E80" success="true" from="nursery"/>
<exclusive-end id="5583" timestamp="2023-06-02T09:27:03.023" durationms="6.494" />

<exclusive-start id="5584" timestamp="2023-06-02T09:27:03.344" intervalms="327.638">
  <response-info timems="0.255" idlems="0.255" threads="0" lastid="000000000AB99500" lastname="[SQL@09:27:03.337], select distinct t3.EXECUTION_VARIABLE_ITEM_" />
</exclusive-start>
<af-start id="5585" threadId="000000000AB99E80" totalBytesRequested="24" timestamp="2023-06-02T09:27:03.344" intervalms="327.842" type="nursery" />
<cycle-start id="5586" type="scavenge" contextid="0" timestamp="2023-06-02T09:27:03.344" intervalms="327.971" />
<gc-start id="5587" type="scavenge" contextid="5586" timestamp="2023-06-02T09:27:03.347">
  <mem-info id="5588" free="20683064" total="1073741824" percent="1">
    <mem type="nursery" free="0" total="268435456" percent="0">
      <mem type="allocate" free="0" total="241565696" percent="0" />
      <mem type="survivor" free="0" total="26869760" percent="0" />
    </mem>
    <mem type="tenure" free="20683064" total="805306368" percent="2">
      <mem type="soa" free="12629304" total="797252608" percent="1" />
      <mem type="loa" free="8053760" total="8053760" percent="100" />
    </mem>
    <remembered-set count="3957" />
  </mem-info>
</gc-start>
<allocation-stats totalBytes="232294904" >
  <allocated-bytes non-tlh="40" tlh="232294864" />
  <largest-consumer threadName="[SQL@09:27:03.337], select distinct t3.EXECUTION_VARIABLE_ITEM_ID, t4.NAME, t4.ARCHIVED, t4.EXTERNAL_ID from &#xA;(select t1q.*..." threadId="000000000AB99500" bytes="231080520" />
</allocation-stats>
<gc-op id="5589" type="scavenge" timems="5.095" contextid="5586" timestamp="2023-06-02T09:27:03.352">
  <scavenger-info tenureage="6" tenuremask="4040" tiltratio="89" />
  <memory-copied type="nursery" objects="219722" bytes="10746888" bytesdiscarded="161424" />
  <memory-copied type="tenure" objects="4722" bytes="442544" bytesdiscarded="2208" />
  <finalization candidates="409" enqueued="161" />
  <ownableSynchronizers candidates="48688" cleared="48375" />
  <references type="soft" candidates="325" cleared="0" enqueued="0" dynamicThreshold="1" maxThreshold="32" />
  <references type="weak" candidates="11" cleared="10" enqueued="2" />
</gc-op>
<gc-end id="5590" type="scavenge" contextid="5586" durationms="5.634" usertimems="0.000" systemtimems="0.000" timestamp="2023-06-02T09:27:03.352" activeThreads="16">
  <mem-info id="5591" free="250816352" total="1073741824" percent="23">
    <mem type="nursery" free="230654608" total="268435456" percent="85">
      <mem type="allocate" free="230654608" total="241565696" percent="95" />
      <mem type="survivor" free="0" total="26869760" percent="0" />
    </mem>
    <mem type="tenure" free="20161744" total="805306368" percent="2" macro-fragmented="0">
      <mem type="soa" free="12107984" total="797252608" percent="1" />
      <mem type="loa" free="8053760" total="8053760" percent="100" />
    </mem>
    <pending-finalizers system="60" default="101" reference="2" classloader="0" />
    <remembered-set count="3104" />
  </mem-info>
</gc-end>
<cycle-end id="5592" type="scavenge" contextid="5586" timestamp="2023-06-02T09:27:03.354" />
<allocation-satisfied id="5593" threadId="000000000AB99500" bytesRequested="24" />
<af-end id="5594" timestamp="2023-06-02T09:27:03.354" threadId="000000000AB99E80" success="true" from="nursery"/>
<exclusive-end id="5595" timestamp="2023-06-02T09:27:03.354" durationms="10.789" />

<exclusive-start id="5596" timestamp="2023-06-02T09:27:03.928" intervalms="584.386">
  <response-info timems="0.139" idlems="0.139" threads="0" lastid="000000000AB99500" lastname="[SQL@09:27:03.927], select distinct t2.ORIGINATOR_ITEM_ID, t3.U" />
</exclusive-start>
<af-start id="5597" threadId="000000000AB99E80" totalBytesRequested="40" timestamp="2023-06-02T09:27:03.929" intervalms="584.167" type="nursery" />
<cycle-start id="5598" type="scavenge" contextid="0" timestamp="2023-06-02T09:27:03.929" intervalms="584.040" />
<gc-start id="5599" type="scavenge" contextid="5598" timestamp="2023-06-02T09:27:03.930">
  <mem-info id="5600" free="20161744" total="1073741824" percent="1">
    <mem type="nursery" free="0" total="268435456" percent="0">
      <mem type="allocate" free="0" total="241565696" percent="0" />
      <mem type="survivor" free="0" total="26869760" percent="0" />
    </mem>
    <mem type="tenure" free="20161744" total="805306368" percent="2">
      <mem type="soa" free="12107984" total="797252608" percent="1" />
      <mem type="loa" free="8053760" total="8053760" percent="100" />
    </mem>
    <remembered-set count="4240" />
  </mem-info>
</gc-start>
<allocation-stats totalBytes="230521896" >
  <allocated-bytes non-tlh="24" tlh="230521872" />
  <largest-consumer threadName="[SQL@09:27:03.927], select distinct t2.ORIGINATOR_ITEM_ID, t3.USER_ID, t3.NAME from &#xA;(select t1q.*, T1V.ITEM_TYPE_DBID from..." threadId="000000000AB99500" bytes="227412808" />
</allocation-stats>
<gc-op id="5601" type="scavenge" timems="3.174" contextid="5598" timestamp="2023-06-02T09:27:03.933">
  <scavenger-info tenureage="9" tenuremask="4200" tiltratio="89" />
  <memory-copied type="nursery" objects="121633" bytes="7789528" bytesdiscarded="240696" />
  <memory-copied type="tenure" objects="6519" bytes="815920" bytesdiscarded="2160" />
  <finalization candidates="2295" enqueued="2047" />
  <ownableSynchronizers candidates="50227" cleared="49900" />
  <references type="soft" candidates="289" cleared="0" enqueued="0" dynamicThreshold="1" maxThreshold="32" />
  <references type="weak" candidates="10" cleared="9" enqueued="2" />
</gc-op>
<gc-end id="5602" type="scavenge" contextid="5598" durationms="3.506" usertimems="0.000" systemtimems="0.000" timestamp="2023-06-02T09:27:03.933" activeThreads="16">
  <mem-info id="5603" free="252963448" total="1073741824" percent="23">
    <mem type="nursery" free="233532624" total="268435456" percent="86">
      <mem type="allocate" free="233532624" total="241565696" percent="96" />
      <mem type="survivor" free="0" total="26869760" percent="0" />
    </mem>
    <mem type="tenure" free="19430824" total="805306368" percent="2" macro-fragmented="7740516">
      <mem type="soa" free="11377064" total="797252608" percent="1" />
      <mem type="loa" free="8053760" total="8053760" percent="100" />
    </mem>
    <pending-finalizers system="1932" default="115" reference="2" classloader="0" />
    <remembered-set count="3058" />
  </mem-info>
</gc-end>
<cycle-end id="5604" type="scavenge" contextid="5598" timestamp="2023-06-02T09:27:03.934" />
<allocation-satisfied id="5605" threadId="000000000AB99500" bytesRequested="40" />
<af-end id="5606" timestamp="2023-06-02T09:27:03.934" threadId="000000000AB99E80" success="true" from="nursery"/>
<exclusive-end id="5607" timestamp="2023-06-02T09:27:03.934" durationms="6.495" />

<exclusive-start id="5608" timestamp="2023-06-02T09:27:04.491" intervalms="562.666">
  <response-info timems="0.115" idlems="0.115" threads="0" lastid="000000000AB99500" lastname="[SQL@09:27:04.485], select distinct t3.KEY_COL, t3.VALUE, t4.KE" />
</exclusive-start>
<af-start id="5609" threadId="000000000AB99E80" totalBytesRequested="24" timestamp="2023-06-02T09:27:04.491" intervalms="562.674" type="nursery" />
<cycle-start id="5610" type="scavenge" contextid="0" timestamp="2023-06-02T09:27:04.491" intervalms="562.670" />
<gc-start id="5611" type="scavenge" contextid="5610" timestamp="2023-06-02T09:27:04.492">
  <mem-info id="5612" free="19430824" total="1073741824" percent="1">
    <mem type="nursery" free="0" total="268435456" percent="0">
      <mem type="allocate" free="0" total="241565696" percent="0" />
      <mem type="survivor" free="0" total="26869760" percent="0" />
    </mem>
    <mem type="tenure" free="19430824" total="805306368" percent="2">
      <mem type="soa" free="11377064" total="797252608" percent="1" />
      <mem type="loa" free="8053760" total="8053760" percent="100" />
    </mem>
    <remembered-set count="4101" />
  </mem-info>
</gc-start>
<allocation-stats totalBytes="233443576" >
  <allocated-bytes non-tlh="32824" tlh="233410752" />
  <largest-consumer threadName="[SQL@09:27:04.485], select distinct t3.KEY_COL, t3.VALUE, t4.KEY_COL, t4.VALUE, t5.KEY_COL, t5.VALUE, t6.KEY_COL, t6.VALUE, t7...." threadId="000000000AB99500" bytes="229978728" />
</allocation-stats>
<gc-op id="5613" type="scavenge" timems="5.340" contextid="5610" timestamp="2023-06-02T09:27:04.497">
  <scavenger-info tenureage="6" tenuremask="4840" tiltratio="89" />
  <memory-copied type="nursery" objects="253338" bytes="11397384" bytesdiscarded="312648" />
  <memory-copied type="tenure" objects="10710" bytes="1007520" bytesdiscarded="2944" />
  <finalization candidates="2279" enqueued="2045" />
  <ownableSynchronizers candidates="48020" cleared="47717" />
  <references type="soft" candidates="248" cleared="0" enqueued="0" dynamicThreshold="1" maxThreshold="32" />
  <references type="weak" candidates="10" cleared="9" enqueued="2" />
</gc-op>
<gc-end id="5614" type="scavenge" contextid="5610" durationms="5.694" usertimems="15.625" systemtimems="0.000" timestamp="2023-06-02T09:27:04.498" activeThreads="16">
  <mem-info id="5615" free="248148304" total="1073741824" percent="23">
    <mem type="nursery" free="229853616" total="268435456" percent="85">
      <mem type="allocate" free="229853616" total="241565696" percent="95" />
      <mem type="survivor" free="0" total="26869760" percent="0" />
    </mem>
    <mem type="tenure" free="18294688" total="805306368" percent="2" macro-fragmented="0">
      <mem type="soa" free="10240928" total="797252608" percent="1" />
      <mem type="loa" free="8053760" total="8053760" percent="100" />
    </mem>
    <pending-finalizers system="1912" default="133" reference="2" classloader="0" />
    <remembered-set count="2959" />
  </mem-info>
</gc-end>
<cycle-end id="5616" type="scavenge" contextid="5610" timestamp="2023-06-02T09:27:04.499" />
<allocation-satisfied id="5617" threadId="000000000AB99500" bytesRequested="24" />
<af-end id="5618" timestamp="2023-06-02T09:27:04.499" threadId="000000000AB99E80" success="true" from="nursery"/>
<exclusive-end id="5619" timestamp="2023-06-02T09:27:04.499" durationms="8.860" />

<exclusive-start id="5620" timestamp="2023-06-02T09:27:04.825" intervalms="334.550">
  <response-info timems="0.120" idlems="0.120" threads="0" lastid="000000000AB99500" lastname="[SQL@09:27:04.816], select distinct t3.ITEM_ID, t3.NAME, t4.NAM" />
</exclusive-start>
<af-start id="5621" threadId="000000000AB99E80" totalBytesRequested="40" timestamp="2023-06-02T09:27:04.825" intervalms="334.542" type="nursery" />
<cycle-start id="5622" type="scavenge" contextid="0" timestamp="2023-06-02T09:27:04.825" intervalms="334.549" />
<gc-start id="5623" type="scavenge" contextid="5622" timestamp="2023-06-02T09:27:04.827">
  <mem-info id="5624" free="18294688" total="1073741824" percent="1">
    <mem type="nursery" free="0" total="268435456" percent="0">
      <mem type="allocate" free="0" total="241565696" percent="0" />
      <mem type="survivor" free="0" total="26869760" percent="0" />
    </mem>
    <mem type="tenure" free="18294688" total="805306368" percent="2">
      <mem type="soa" free="10240928" total="797252608" percent="1" />
      <mem type="loa" free="8053760" total="8053760" percent="100" />
    </mem>
    <remembered-set count="4158" />
  </mem-info>
</gc-start>
<allocation-stats totalBytes="229768888" >
  <allocated-bytes non-tlh="8224" tlh="229760664" />
  <largest-consumer threadName="[SQL@09:27:04.816], select distinct t3.ITEM_ID, t3.NAME, t4.NAME, t3.CATEGORY_TYPE_ITEM_ID, t3.ARCHIVED, t4.ARCHIVED, t3.EXTERN..." threadId="000000000AB99500" bytes="228115192" />
</allocation-stats>
<gc-op id="5625" type="scavenge" timems="6.521" contextid="5622" timestamp="2023-06-02T09:27:04.834">
  <scavenger-info tenureage="6" tenuremask="4440" tiltratio="89" />
  <memory-copied type="nursery" objects="259109" bytes="11072320" bytesdiscarded="267048" />
  <memory-copied type="tenure" objects="12969" bytes="1330912" bytesdiscarded="3256" />
  <finalization candidates="422" enqueued="188" />
  <ownableSynchronizers candidates="50857" cleared="50585" />
  <references type="soft" candidates="205" cleared="0" enqueued="0" dynamicThreshold="1" maxThreshold="32" />
  <references type="weak" candidates="15" cleared="14" enqueued="7" />
</gc-op>
<gc-end id="5626" type="scavenge" contextid="5622" durationms="6.924" usertimems="0.000" systemtimems="0.000" timestamp="2023-06-02T09:27:04.834" activeThreads="16">
  <mem-info id="5627" free="247254368" total="1073741824" percent="23">
    <mem type="nursery" free="230224136" total="268435456" percent="85">
      <mem type="allocate" free="230224136" total="241565696" percent="95" />
      <mem type="survivor" free="0" total="26869760" percent="0" />
    </mem>
    <mem type="tenure" free="17030232" total="805306368" percent="2" macro-fragmented="708">
      <mem type="soa" free="8976472" total="797252608" percent="1" />
      <mem type="loa" free="8053760" total="8053760" percent="100" />
    </mem>
    <pending-finalizers system="81" default="107" reference="7" classloader="0" />
    <remembered-set count="2838" />
  </mem-info>
</gc-end>
<cycle-end id="5628" type="scavenge" contextid="5622" timestamp="2023-06-02T09:27:04.836" />
<allocation-satisfied id="5629" threadId="000000000AB99500" bytesRequested="40" />
<af-end id="5630" timestamp="2023-06-02T09:27:04.836" threadId="000000000AB99E80" success="true" from="nursery"/>
<exclusive-end id="5631" timestamp="2023-06-02T09:27:04.836" durationms="10.383" />

<exclusive-start id="5632" timestamp="2023-06-02T09:27:05.128" intervalms="302.832">
  <response-info timems="0.122" idlems="0.122" threads="0" lastid="000000000AB99500" lastname="[SQL@09:27:05.121], select distinct t3.KEY_COL, t3.VALUE, t4.KE" />
</exclusive-start>
<af-start id="5633" threadId="000000000AB99E80" totalBytesRequested="40" timestamp="2023-06-02T09:27:05.128" intervalms="302.839" type="nursery" />
<cycle-start id="5634" type="scavenge" contextid="0" timestamp="2023-06-02T09:27:05.129" intervalms="302.835" />
<gc-start id="5635" type="scavenge" contextid="5634" timestamp="2023-06-02T09:27:05.130">
  <mem-info id="5636" free="17028464" total="1073741824" percent="1">
    <mem type="nursery" free="0" total="268435456" percent="0">
      <mem type="allocate" free="0" total="241565696" percent="0" />
      <mem type="survivor" free="0" total="26869760" percent="0" />
    </mem>
    <mem type="tenure" free="17028464" total="805306368" percent="2">
      <mem type="soa" free="8974704" total="797252608" percent="1" />
      <mem type="loa" free="8053760" total="8053760" percent="100" />
    </mem>
    <remembered-set count="4003" />
  </mem-info>
</gc-start>
<allocation-stats totalBytes="230154632" >
  <allocated-bytes non-tlh="18200" tlh="230136432" />
  <largest-consumer threadName="[SQL@09:27:05.121], select distinct t3.KEY_COL, t3.VALUE, t4.KEY_COL, t4.VALUE, t5.KEY_COL, t5.VALUE, t6.KEY_COL, t6.VALUE, t7...." threadId="000000000AB99500" bytes="228311784" />
</allocation-stats>
<gc-op id="5637" type="scavenge" timems="3.853" contextid="5634" timestamp="2023-06-02T09:27:05.134">
  <scavenger-info tenureage="14" tenuremask="4000" tiltratio="89" />
  <memory-copied type="nursery" objects="229801" bytes="10451368" bytesdiscarded="200136" />
  <finalization candidates="404" enqueued="170" />
  <ownableSynchronizers candidates="48146" cleared="47913" />
  <references type="soft" candidates="382" cleared="0" enqueued="0" dynamicThreshold="1" maxThreshold="32" />
  <references type="weak" candidates="14" cleared="13" enqueued="4" />
</gc-op>
<gc-end id="5638" type="scavenge" contextid="5634" durationms="4.349" usertimems="0.000" systemtimems="0.000" timestamp="2023-06-02T09:27:05.134" activeThreads="16">
  <mem-info id="5639" free="247940840" total="1073741824" percent="23">
    <mem type="nursery" free="230912376" total="268435456" percent="86">
      <mem type="allocate" free="230912376" total="241565696" percent="95" />
      <mem type="survivor" free="0" total="26869760" percent="0" />
    </mem>
    <mem type="tenure" free="17028464" total="805306368" percent="2" macro-fragmented="24624">
      <mem type="soa" free="8974704" total="797252608" percent="1" />
      <mem type="loa" free="8053760" total="8053760" percent="100" />
    </mem>
    <pending-finalizers system="62" default="108" reference="4" classloader="0" />
    <remembered-set count="2893" />
  </mem-info>
</gc-end>
<cycle-end id="5640" type="scavenge" contextid="5634" timestamp="2023-06-02T09:27:05.135" />
<allocation-satisfied id="5641" threadId="000000000AB99500" bytesRequested="40" />
<af-end id="5642" timestamp="2023-06-02T09:27:05.136" threadId="000000000AB99E80" success="true" from="nursery"/>
<exclusive-end id="5643" timestamp="2023-06-02T09:27:05.136" durationms="7.508" />

<exclusive-start id="5644" timestamp="2023-06-02T09:27:05.958" intervalms="829.734">
  <response-info timems="0.111" idlems="0.111" threads="0" lastid="000000000AB99500" lastname="[SQL@09:27:05.955], select t1.ITEM_ID, t1.STATE_ID, t1.JZ_DISCR" />
</exclusive-start>
<af-start id="5645" threadId="000000000AB99E80" totalBytesRequested="56" timestamp="2023-06-02T09:27:05.958" intervalms="829.719" type="nursery" />
<cycle-start id="5646" type="scavenge" contextid="0" timestamp="2023-06-02T09:27:05.958" intervalms="829.723" />
<gc-start id="5647" type="scavenge" contextid="5646" timestamp="2023-06-02T09:27:05.960">
  <mem-info id="5648" free="17028464" total="1073741824" percent="1">
    <mem type="nursery" free="0" total="268435456" percent="0">
      <mem type="allocate" free="0" total="241565696" percent="0" />
      <mem type="survivor" free="0" total="26869760" percent="0" />
    </mem>
    <mem type="tenure" free="17028464" total="805306368" percent="2">
      <mem type="soa" free="8974704" total="797252608" percent="1" />
      <mem type="loa" free="8053760" total="8053760" percent="100" />
    </mem>
    <remembered-set count="4255" />
  </mem-info>
</gc-start>
<allocation-stats totalBytes="230832704" >
  <allocated-bytes non-tlh="40" tlh="230832664" />
  <largest-consumer threadName="[SQL@09:27:05.955], select t1.ITEM_ID, t1.STATE_ID, t1.JZ_DISCRIMINATOR from &#xA;(select t1q.*, T1V.ITEM_TYPE_DBID from PLANNI..." threadId="000000000AB99500" bytes="224459624" />
</allocation-stats>
<gc-op id="5649" type="scavenge" timems="3.174" contextid="5646" timestamp="2023-06-02T09:27:05.963">
  <scavenger-info tenureage="14" tenuremask="4000" tiltratio="89" />
  <memory-copied type="nursery" objects="91440" bytes="7032808" bytesdiscarded="322288" />
  <finalization candidates="4636" enqueued="4402" />
  <ownableSynchronizers candidates="49003" cleared="48709" />
  <references type="soft" candidates="415" cleared="0" enqueued="0" dynamicThreshold="1" maxThreshold="32" />
  <references type="weak" candidates="15" cleared="14" enqueued="2" />
</gc-op>
<gc-end id="5650" type="scavenge" contextid="5646" durationms="3.519" usertimems="0.000" systemtimems="0.000" timestamp="2023-06-02T09:27:05.963" activeThreads="16">
  <mem-info id="5651" free="251236456" total="1073741824" percent="23">
    <mem type="nursery" free="234207992" total="268435456" percent="87">
      <mem type="allocate" free="234207992" total="241565696" percent="96" />
      <mem type="survivor" free="0" total="26869760" percent="0" />
    </mem>
    <mem type="tenure" free="17028464" total="805306368" percent="2" macro-fragmented="0">
      <mem type="soa" free="8974704" total="797252608" percent="1" />
      <mem type="loa" free="8053760" total="8053760" percent="100" />
    </mem>
    <pending-finalizers system="4246" default="156" reference="2" classloader="0" />
    <remembered-set count="3054" />
  </mem-info>
</gc-end>
<cycle-end id="5652" type="scavenge" contextid="5646" timestamp="2023-06-02T09:27:05.965" />
<allocation-satisfied id="5653" threadId="000000000AB99500" bytesRequested="56" />
<af-end id="5654" timestamp="2023-06-02T09:27:05.965" threadId="000000000AB99E80" success="true" from="nursery"/>
<exclusive-end id="5655" timestamp="2023-06-02T09:27:05.965" durationms="6.584" />

<exclusive-start id="5656" timestamp="2023-06-02T09:27:06.266" intervalms="308.813">
  <response-info timems="0.098" idlems="0.098" threads="0" lastid="000000000AB99500" lastname="[SQL@09:27:06.262], select distinct t3.ITEM_ID, t3.IDENTIFIER, " />
</exclusive-start>
<af-start id="5657" threadId="000000000AB99E80" totalBytesRequested="40" timestamp="2023-06-02T09:27:06.267" intervalms="308.826" type="nursery" />
<cycle-start id="5658" type="scavenge" contextid="0" timestamp="2023-06-02T09:27:06.267" intervalms="308.821" />
<gc-start id="5659" type="scavenge" contextid="5658" timestamp="2023-06-02T09:27:06.268">
  <mem-info id="5660" free="17028072" total="1073741824" percent="1">
    <mem type="nursery" free="0" total="268435456" percent="0">
      <mem type="allocate" free="0" total="241565696" percent="0" />
      <mem type="survivor" free="0" total="26869760" percent="0" />
    </mem>
    <mem type="tenure" free="17028072" total="805306368" percent="2">
      <mem type="soa" free="8974312" total="797252608" percent="1" />
      <mem type="loa" free="8053760" total="8053760" percent="100" />
    </mem>
    <remembered-set count="4276" />
  </mem-info>
</gc-start>
<allocation-stats totalBytes="234137320" >
  <allocated-bytes non-tlh="448" tlh="234136872" />
  <largest-consumer threadName="[SQL@09:27:06.262], select distinct t3.ITEM_ID, t3.IDENTIFIER, t3.NAME, t3.REQUIRED, t3.EXTERNAL_URI from &#xA;(select t1q.*, T..." threadId="000000000AB99500" bytes="231948328" />
</allocation-stats>
<gc-op id="5661" type="scavenge" timems="3.825" contextid="5658" timestamp="2023-06-02T09:27:06.271">
  <scavenger-info tenureage="6" tenuremask="4840" tiltratio="89" />
  <memory-copied type="nursery" objects="213944" bytes="9951720" bytesdiscarded="226784" />
  <memory-copied type="tenure" objects="11775" bytes="1176368" bytesdiscarded="6480" />
  <finalization candidates="411" enqueued="177" />
  <ownableSynchronizers candidates="49020" cleared="48709" />
  <references type="soft" candidates="385" cleared="0" enqueued="0" dynamicThreshold="1" maxThreshold="32" />
  <references type="weak" candidates="12" cleared="11" enqueued="2" />
</gc-op>
<gc-end id="5662" type="scavenge" contextid="5658" durationms="4.124" usertimems="0.000" systemtimems="0.000" timestamp="2023-06-02T09:27:06.271" activeThreads="16">
  <mem-info id="5663" free="247163552" total="1073741824" percent="23">
    <mem type="nursery" free="231385376" total="268435456" percent="86">
      <mem type="allocate" free="231385376" total="241565696" percent="95" />
      <mem type="survivor" free="0" total="26869760" percent="0" />
    </mem>
    <mem type="tenure" free="15778176" total="805306368" percent="1" macro-fragmented="13115874">
      <mem type="soa" free="7724416" total="797252608" percent="0" />
      <mem type="loa" free="8053760" total="8053760" percent="100" />
    </mem>
    <pending-finalizers system="61" default="116" reference="2" classloader="0" />
    <remembered-set count="3015" />
  </mem-info>
</gc-end>
<cycle-end id="5664" type="scavenge" contextid="5658" timestamp="2023-06-02T09:27:06.275" />
<allocation-satisfied id="5665" threadId="000000000AB99500" bytesRequested="40" />
<af-end id="5666" timestamp="2023-06-02T09:27:06.275" threadId="000000000AB99E80" success="true" from="nursery"/>
<exclusive-end id="5667" timestamp="2023-06-02T09:27:06.275" durationms="7.765" />

<exclusive-start id="5668" timestamp="2023-06-02T09:27:06.651" intervalms="385.849">
  <response-info timems="0.121" idlems="0.121" threads="0" lastid="000000000AB99500" lastname="[SQL@09:27:06.651], select distinct t3.ITEM_ID, t3.NAME, t4.NAM" />
</exclusive-start>
<af-start id="5669" threadId="000000000AB99E80" totalBytesRequested="56" timestamp="2023-06-02T09:27:06.653" intervalms="385.848" type="nursery" />
<cycle-start id="5670" type="scavenge" contextid="0" timestamp="2023-06-02T09:27:06.653" intervalms="385.851" />
<gc-start id="5671" type="scavenge" contextid="5670" timestamp="2023-06-02T09:27:06.658">
  <mem-info id="5672" free="15778176" total="1073741824" percent="1">
    <mem type="nursery" free="0" total="268435456" percent="0">
      <mem type="allocate" free="0" total="241565696" percent="0" />
      <mem type="survivor" free="0" total="26869760" percent="0" />
    </mem>
    <mem type="tenure" free="15778176" total="805306368" percent="1">
      <mem type="soa" free="7724416" total="797252608" percent="0" />
      <mem type="loa" free="8053760" total="8053760" percent="100" />
    </mem>
    <remembered-set count="4002" />
  </mem-info>
</gc-start>
<allocation-stats totalBytes="231299480" >
  <allocated-bytes non-tlh="40" tlh="231299440" />
  <largest-consumer threadName="[SQL@09:27:06.651], select distinct t3.ITEM_ID, t3.NAME, t4.NAME, t3.CATEGORY_TYPE_ITEM_ID, t3.ARCHIVED, t4.ARCHIVED, t3.EXTERN..." threadId="000000000AB99500" bytes="229888336" />
</allocation-stats>
<gc-op id="5673" type="scavenge" timems="7.003" contextid="5670" timestamp="2023-06-02T09:27:06.665">
  <scavenger-info tenureage="14" tenuremask="4000" tiltratio="89" />
  <memory-copied type="nursery" objects="78963" bytes="6329000" bytesdiscarded="197920" />
  <finalization candidates="878" enqueued="644" />
  <ownableSynchronizers candidates="51090" cleared="50801" />
  <references type="soft" candidates="417" cleared="0" enqueued="0" dynamicThreshold="1" maxThreshold="32" />
  <references type="weak" candidates="10" cleared="9" enqueued="2" />
</gc-op>
<gc-end id="5674" type="scavenge" contextid="5670" durationms="7.422" usertimems="0.000" systemtimems="0.000" timestamp="2023-06-02T09:27:06.665" activeThreads="16">
  <mem-info id="5675" free="250814672" total="1073741824" percent="23">
    <mem type="nursery" free="235036496" total="268435456" percent="87">
      <mem type="allocate" free="235036496" total="241565696" percent="97" />
      <mem type="survivor" free="0" total="26869760" percent="0" />
    </mem>
    <mem type="tenure" free="15778176" total="805306368" percent="1" macro-fragmented="5375358">
      <mem type="soa" free="7724416" total="797252608" percent="0" />
      <mem type="loa" free="8053760" total="8053760" percent="100" />
    </mem>
    <pending-finalizers system="542" default="102" reference="2" classloader="0" />
    <remembered-set count="3047" />
  </mem-info>
</gc-end>
<cycle-end id="5676" type="scavenge" contextid="5670" timestamp="2023-06-02T09:27:06.668" />
<allocation-satisfied id="5677" threadId="000000000AB99500" bytesRequested="56" />
<af-end id="5678" timestamp="2023-06-02T09:27:06.668" threadId="000000000AB99E80" success="true" from="nursery"/>
<exclusive-end id="5679" timestamp="2023-06-02T09:27:06.668" durationms="15.970" />

<exclusive-start id="5680" timestamp="2023-06-02T09:27:06.961" intervalms="308.095">
  <response-info timems="0.117" idlems="0.117" threads="0" lastid="000000000AB99500" lastname="[SQL@09:27:06.957], select distinct t3.KEY_COL, t3.VALUE, t4.KE" />
</exclusive-start>
<af-start id="5681" threadId="000000000AB99E80" totalBytesRequested="56" timestamp="2023-06-02T09:27:06.961" intervalms="308.185" type="nursery" />
<cycle-start id="5682" type="scavenge" contextid="0" timestamp="2023-06-02T09:27:06.961" intervalms="308.256" />
<gc-start id="5683" type="scavenge" contextid="5682" timestamp="2023-06-02T09:27:06.962">
  <mem-info id="5684" free="15778176" total="1073741824" percent="1">
    <mem type="nursery" free="0" total="268435456" percent="0">
      <mem type="allocate" free="0" total="241565696" percent="0" />
      <mem type="survivor" free="0" total="26869760" percent="0" />
    </mem>
    <mem type="tenure" free="15778176" total="805306368" percent="1">
      <mem type="soa" free="7724416" total="797252608" percent="0" />
      <mem type="loa" free="8053760" total="8053760" percent="100" />
    </mem>
    <remembered-set count="4070" />
  </mem-info>
</gc-start>
<allocation-stats totalBytes="234956560" >
  <allocated-bytes non-tlh="32840" tlh="234923720" />
  <largest-consumer threadName="[SQL@09:27:06.957], select distinct t3.KEY_COL, t3.VALUE, t4.KEY_COL, t4.VALUE, t5.KEY_COL, t5.VALUE, t6.KEY_COL, t6.VALUE, t7...." threadId="000000000AB99500" bytes="233147448" />
</allocation-stats>
<gc-op id="5685" type="scavenge" timems="3.481" contextid="5682" timestamp="2023-06-02T09:27:06.966">
  <scavenger-info tenureage="14" tenuremask="4000" tiltratio="89" />
  <memory-copied type="nursery" objects="170861" bytes="9442816" bytesdiscarded="259024" />
  <finalization candidates="400" enqueued="166" />
  <ownableSynchronizers candidates="48879" cleared="48563" />
  <references type="soft" candidates="441" cleared="0" enqueued="0" dynamicThreshold="1" maxThreshold="32" />
  <references type="weak" candidates="12" cleared="11" enqueued="2" />
</gc-op>
<gc-end id="5686" type="scavenge" contextid="5682" durationms="3.717" usertimems="0.000" systemtimems="0.000" timestamp="2023-06-02T09:27:06.966" activeThreads="16">
  <mem-info id="5687" free="247640216" total="1073741824" percent="23">
    <mem type="nursery" free="231862040" total="268435456" percent="86">
      <mem type="allocate" free="231862040" total="241565696" percent="95" />
      <mem type="survivor" free="0" total="26869760" percent="0" />
    </mem>
    <mem type="tenure" free="15778176" total="805306368" percent="1" macro-fragmented="14190945">
      <mem type="soa" free="7724416" total="797252608" percent="0" />
      <mem type="loa" free="8053760" total="8053760" percent="100" />
    </mem>
    <pending-finalizers system="60" default="106" reference="2" classloader="0" />
    <remembered-set count="3099" />
  </mem-info>
</gc-end>
<cycle-end id="5688" type="scavenge" contextid="5682" timestamp="2023-06-02T09:27:06.968" />
<allocation-satisfied id="5689" threadId="000000000AB99500" bytesRequested="56" />
<af-end id="5690" timestamp="2023-06-02T09:27:06.968" threadId="000000000AB99E80" success="true" from="nursery"/>
<exclusive-end id="5691" timestamp="2023-06-02T09:27:06.968" durationms="7.321" />

<exclusive-start id="5692" timestamp="2023-06-02T09:27:07.512" intervalms="551.165">
  <response-info timems="0.170" idlems="0.170" threads="0" lastid="000000000AB99500" lastname="[SQL@09:27:07.509], select distinct t3.ITEM_ID, t3.NAME, t4.NAM" />
</exclusive-start>
<af-start id="5693" threadId="000000000AB99E80" totalBytesRequested="56" timestamp="2023-06-02T09:27:07.512" intervalms="551.156" type="nursery" />
<cycle-start id="5694" type="scavenge" contextid="0" timestamp="2023-06-02T09:27:07.512" intervalms="551.147" />
<gc-start id="5695" type="scavenge" contextid="5694" timestamp="2023-06-02T09:27:07.514">
  <mem-info id="5696" free="15778176" total="1073741824" percent="1">
    <mem type="nursery" free="0" total="268435456" percent="0">
      <mem type="allocate" free="0" total="241565696" percent="0" />
      <mem type="survivor" free="0" total="26869760" percent="0" />
    </mem>
    <mem type="tenure" free="15778176" total="805306368" percent="1">
      <mem type="soa" free="7724416" total="797252608" percent="0" />
      <mem type="loa" free="8053760" total="8053760" percent="100" />
    </mem>
    <remembered-set count="4261" />
  </mem-info>
</gc-start>
<allocation-stats totalBytes="231782728" >
  <allocated-bytes non-tlh="65600" tlh="231717128" />
  <largest-consumer threadName="[SQL@09:27:07.509], select distinct t3.ITEM_ID, t3.NAME, t4.NAME, t3.CATEGORY_TYPE_ITEM_ID, t3.ARCHIVED, t4.ARCHIVED, t3.EXTERN..." threadId="000000000AB99500" bytes="228766368" />
</allocation-stats>
<gc-op id="5697" type="scavenge" timems="4.581" contextid="5694" timestamp="2023-06-02T09:27:07.518">
  <scavenger-info tenureage="6" tenuremask="4840" tiltratio="89" />
  <memory-copied type="nursery" objects="101226" bytes="7297944" bytesdiscarded="368624" />
  <memory-copied type="tenure" objects="10713" bytes="1175432" bytesdiscarded="4144" />
  <finalization candidates="2298" enqueued="2064" />
  <ownableSynchronizers candidates="50566" cleared="50200" />
  <references type="soft" candidates="417" cleared="0" enqueued="0" dynamicThreshold="1" maxThreshold="32" />
  <references type="weak" candidates="13" cleared="12" enqueued="2" />
</gc-op>
<gc-end id="5698" type="scavenge" contextid="5694" durationms="5.087" usertimems="0.000" systemtimems="0.000" timestamp="2023-06-02T09:27:07.519" activeThreads="16">
  <mem-info id="5699" free="248569088" total="1073741824" percent="23">
    <mem type="nursery" free="233896528" total="268435456" percent="87">
      <mem type="allocate" free="233896528" total="241565696" percent="96" />
      <mem type="survivor" free="0" total="26869760" percent="0" />
    </mem>
    <mem type="tenure" free="14672560" total="805306368" percent="1" macro-fragmented="6450429">
      <mem type="soa" free="6618800" total="797252608" percent="0" />
      <mem type="loa" free="8053760" total="8053760" percent="100" />
    </mem>
    <pending-finalizers system="1933" default="131" reference="2" classloader="0" />
    <remembered-set count="3044" />
  </mem-info>
</gc-end>
<cycle-end id="5700" type="scavenge" contextid="5694" timestamp="2023-06-02T09:27:07.521" />
<allocation-satisfied id="5701" threadId="000000000AB99500" bytesRequested="56" />
<af-end id="5702" timestamp="2023-06-02T09:27:07.521" threadId="000000000AB99E80" success="true" from="nursery"/>
<exclusive-end id="5703" timestamp="2023-06-02T09:27:07.521" durationms="9.474" />

<exclusive-start id="5704" timestamp="2023-06-02T09:27:08.001" intervalms="488.999">
  <response-info timems="0.092" idlems="0.092" threads="0" lastid="000000000AB99500" lastname="[SQL@09:27:07.997], select distinct t3.ITEM_ID, t3.IDENTIFIER, " />
</exclusive-start>
<af-start id="5705" threadId="000000000AB99E80" totalBytesRequested="16" timestamp="2023-06-02T09:27:08.001" intervalms="488.921" type="nursery" />
<cycle-start id="5706" type="scavenge" contextid="0" timestamp="2023-06-02T09:27:08.001" intervalms="488.846" />
<gc-start id="5707" type="scavenge" contextid="5706" timestamp="2023-06-02T09:27:08.002">
  <mem-info id="5708" free="14672560" total="1073741824" percent="1">
    <mem type="nursery" free="0" total="268435456" percent="0">
      <mem type="allocate" free="0" total="241565696" percent="0" />
      <mem type="survivor" free="0" total="26869760" percent="0" />
    </mem>
    <mem type="tenure" free="14672560" total="805306368" percent="1">
      <mem type="soa" free="6618800" total="797252608" percent="0" />
      <mem type="loa" free="8053760" total="8053760" percent="100" />
    </mem>
    <remembered-set count="4080" />
  </mem-info>
</gc-start>
<allocation-stats totalBytes="233815464" >
  <allocated-bytes non-tlh="81992" tlh="233733472" />
  <largest-consumer threadName="[SQL@09:27:07.997], select distinct t3.ITEM_ID, t3.IDENTIFIER, t3.NAME, t3.REQUIRED, t3.EXTERNAL_URI from &#xA;(select t1q.*, T..." threadId="000000000AB99500" bytes="230607128" />
</allocation-stats>
<gc-op id="5709" type="scavenge" timems="3.795" contextid="5706" timestamp="2023-06-02T09:27:08.007">
  <scavenger-info tenureage="11" tenuremask="4800" tiltratio="89" />
  <memory-copied type="nursery" objects="189438" bytes="9909760" bytesdiscarded="205944" />
  <memory-copied type="tenure" objects="6103" bytes="627616" bytesdiscarded="2280" />
  <finalization candidates="2261" enqueued="2027" />
  <ownableSynchronizers candidates="47952" cleared="47609" />
  <references type="soft" candidates="411" cleared="0" enqueued="0" dynamicThreshold="1" maxThreshold="32" />
  <references type="weak" candidates="13" cleared="12" enqueued="2" />
</gc-op>
<gc-end id="5710" type="scavenge" contextid="5706" durationms="4.097" usertimems="0.000" systemtimems="0.000" timestamp="2023-06-02T09:27:08.007" activeThreads="16">
  <mem-info id="5711" free="245593040" total="1073741824" percent="22">
    <mem type="nursery" free="231447832" total="268435456" percent="86">
      <mem type="allocate" free="231447832" total="241565696" percent="95" />
      <mem type="survivor" free="0" total="26869760" percent="0" />
    </mem>
    <mem type="tenure" free="14145208" total="805306368" percent="1" macro-fragmented="13115874">
      <mem type="soa" free="6091448" total="797252608" percent="0" />
      <mem type="loa" free="8053760" total="8053760" percent="100" />
    </mem>
    <pending-finalizers system="1913" default="114" reference="2" classloader="0" />
    <remembered-set count="2991" />
  </mem-info>
</gc-end>
<cycle-end id="5712" type="scavenge" contextid="5706" timestamp="2023-06-02T09:27:08.008" />
<allocation-satisfied id="5713" threadId="000000000AB99500" bytesRequested="16" />
<af-end id="5714" timestamp="2023-06-02T09:27:08.008" threadId="000000000AB99E80" success="true" from="nursery"/>
<exclusive-end id="5715" timestamp="2023-06-02T09:27:08.008" durationms="7.067" />

<exclusive-start id="5716" timestamp="2023-06-02T09:27:08.474" intervalms="473.346">
  <response-info timems="0.197" idlems="0.197" threads="0" lastid="000000000AB99500" lastname="[SQL@09:27:08.472], select t1.ITEM_ID, t1.STATE_ID, t1.JZ_DISCR" />
</exclusive-start>
<af-start id="5717" threadId="000000000AB99E80" totalBytesRequested="24" timestamp="2023-06-02T09:27:08.474" intervalms="473.426" type="nursery" />
<cycle-start id="5718" type="scavenge" contextid="0" timestamp="2023-06-02T09:27:08.474" intervalms="473.490" />
<gc-start id="5719" type="scavenge" contextid="5718" timestamp="2023-06-02T09:27:08.476">
  <mem-info id="5720" free="14144824" total="1073741824" percent="1">
    <mem type="nursery" free="0" total="268435456" percent="0">
      <mem type="allocate" free="0" total="241565696" percent="0" />
      <mem type="survivor" free="0" total="26869760" percent="0" />
    </mem>
    <mem type="tenure" free="14144824" total="805306368" percent="1">
      <mem type="soa" free="6091064" total="797252608" percent="0" />
      <mem type="loa" free="8053760" total="8053760" percent="100" />
    </mem>
    <remembered-set count="4007" />
  </mem-info>
</gc-start>
<allocation-stats totalBytes="231339208" >
  <allocated-bytes non-tlh="65944" tlh="231273264" />
  <largest-consumer threadName="[SQL@09:27:08.472], select t1.ITEM_ID, t1.STATE_ID, t1.JZ_DISCRIMINATOR from &#xA;(select t1q.*, T1V.ITEM_TYPE_DBID from PLANNI..." threadId="000000000AB99500" bytes="229353136" />
</allocation-stats>
<gc-op id="5721" type="scavenge" timems="3.664" contextid="5718" timestamp="2023-06-02T09:27:08.480">
  <scavenger-info tenureage="10" tenuremask="4400" tiltratio="89" />
  <memory-copied type="nursery" objects="67670" bytes="6015496" bytesdiscarded="267216" />
  <memory-copied type="tenure" objects="6042" bytes="696520" bytesdiscarded="1840" />
  <finalization candidates="905" enqueued="671" />
  <ownableSynchronizers candidates="50317" cleared="49972" />
  <references type="soft" candidates="415" cleared="0" enqueued="0" dynamicThreshold="1" maxThreshold="32" />
  <references type="weak" candidates="14" cleared="13" enqueued="2" />
</gc-op>
<gc-end id="5722" type="scavenge" contextid="5718" durationms="4.572" usertimems="0.000" systemtimems="0.000" timestamp="2023-06-02T09:27:08.480" activeThreads="16">
  <mem-info id="5723" free="248636416" total="1073741824" percent="23">
    <mem type="nursery" free="235280416" total="268435456" percent="87">
      <mem type="allocate" free="235280416" total="241565696" percent="97" />
      <mem type="survivor" free="0" total="26869760" percent="0" />
    </mem>
    <mem type="tenure" free="13356000" total="805306368" percent="1" macro-fragmented="0">
      <mem type="soa" free="5302240" total="797252608" percent="0" />
      <mem type="loa" free="8053760" total="8053760" percent="100" />
    </mem>
    <pending-finalizers system="544" default="127" reference="2" classloader="0" />
    <remembered-set count="2937" />
  </mem-info>
</gc-end>
<cycle-end id="5724" type="scavenge" contextid="5718" timestamp="2023-06-02T09:27:08.487" />
<allocation-satisfied id="5725" threadId="000000000AB99500" bytesRequested="24" />
<af-end id="5726" timestamp="2023-06-02T09:27:08.487" threadId="000000000AB99E80" success="true" from="nursery"/>
<exclusive-end id="5727" timestamp="2023-06-02T09:27:08.487" durationms="13.397" />

<exclusive-start id="5728" timestamp="2023-06-02T09:27:08.926" intervalms="452.237">
  <response-info timems="0.246" idlems="0.246" threads="0" lastid="000000000AB99500" lastname="[SQL@09:27:08.923], select distinct t3.ITEM_ID, t3.IDENTIFIER, " />
</exclusive-start>
<af-start id="5729" threadId="000000000AB99E80" totalBytesRequested="48" timestamp="2023-06-02T09:27:08.926" intervalms="452.351" type="nursery" />
<cycle-start id="5730" type="scavenge" contextid="0" timestamp="2023-06-02T09:27:08.927" intervalms="452.416" />
<gc-start id="5731" type="scavenge" contextid="5730" timestamp="2023-06-02T09:27:08.930">
  <mem-info id="5732" free="13355368" total="1073741824" percent="1">
    <mem type="nursery" free="0" total="268435456" percent="0">
      <mem type="allocate" free="0" total="241565696" percent="0" />
      <mem type="survivor" free="0" total="26869760" percent="0" />
    </mem>
    <mem type="tenure" free="13355368" total="805306368" percent="1">
      <mem type="soa" free="5301608" total="797252608" percent="0" />
      <mem type="loa" free="8053760" total="8053760" percent="100" />
    </mem>
    <remembered-set count="4344" />
  </mem-info>
</gc-start>
<allocation-stats totalBytes="235195128" >
  <allocated-bytes non-tlh="279232" tlh="234915896" />
  <largest-consumer threadName="[SQL@09:27:08.923], select distinct t3.ITEM_ID, t3.IDENTIFIER, t3.NAME, t3.REQUIRED, t3.EXTERNAL_URI from &#xA;(select t1q.*, T..." threadId="000000000AB99500" bytes="231783120" />
</allocation-stats>
<gc-op id="5733" type="scavenge" timems="2.837" contextid="5730" timestamp="2023-06-02T09:27:08.933">
  <scavenger-info tenureage="14" tenuremask="4000" tiltratio="89" />
  <memory-copied type="nursery" objects="109888" bytes="7821080" bytesdiscarded="161984" />
  <finalization candidates="905" enqueued="662" />
  <ownableSynchronizers candidates="49289" cleared="48864" />
  <references type="soft" candidates="467" cleared="0" enqueued="0" dynamicThreshold="1" maxThreshold="32" />
  <references type="weak" candidates="27" cleared="22" enqueued="10" />
</gc-op>
<gc-end id="5734" type="scavenge" contextid="5730" durationms="3.180" usertimems="15.625" systemtimems="0.000" timestamp="2023-06-02T09:27:08.933" activeThreads="16">
  <mem-info id="5735" free="246934744" total="1073741824" percent="22">
    <mem type="nursery" free="233579376" total="268435456" percent="87">
      <mem type="allocate" free="233579376" total="241565696" percent="96" />
      <mem type="survivor" free="0" total="26869760" percent="0" />
    </mem>
    <mem type="tenure" free="13355368" total="805306368" percent="1" macro-fragmented="0">
      <mem type="soa" free="5301608" total="797252608" percent="0" />
      <mem type="loa" free="8053760" total="8053760" percent="100" />
    </mem>
    <pending-finalizers system="538" default="124" reference="10" classloader="0" />
    <remembered-set count="3182" />
  </mem-info>
</gc-end>
<cycle-end id="5736" type="scavenge" contextid="5730" timestamp="2023-06-02T09:27:08.935" />
<allocation-satisfied id="5737" threadId="000000000AB99500" bytesRequested="48" />
<af-end id="5738" timestamp="2023-06-02T09:27:08.935" threadId="000000000AB99E80" success="true" from="nursery"/>
<exclusive-end id="5739" timestamp="2023-06-02T09:27:08.935" durationms="8.865" />

<exclusive-start id="5740" timestamp="2023-06-02T09:27:09.352" intervalms="426.151">
  <response-info timems="0.181" idlems="0.181" threads="0" lastid="000000000AB99500" lastname="[SQL@09:27:09.351], select t1.ITEM_ID, t1.STATE_ID, t1.JZ_DISCR" />
</exclusive-start>
<af-start id="5741" threadId="000000000AB99E80" totalBytesRequested="584" timestamp="2023-06-02T09:27:09.353" intervalms="426.008" type="nursery" />
<cycle-start id="5742" type="scavenge" contextid="0" timestamp="2023-06-02T09:27:09.353" intervalms="425.942" />
<gc-start id="5743" type="scavenge" contextid="5742" timestamp="2023-06-02T09:27:09.358">
  <mem-info id="5744" free="13355368" total="1073741824" percent="1">
    <mem type="nursery" free="0" total="268435456" percent="0">
      <mem type="allocate" free="0" total="241565696" percent="0" />
      <mem type="survivor" free="0" total="26869760" percent="0" />
    </mem>
    <mem type="tenure" free="13355368" total="805306368" percent="1">
      <mem type="soa" free="5301608" total="797252608" percent="0" />
      <mem type="loa" free="8053760" total="8053760" percent="100" />
    </mem>
    <remembered-set count="4204" />
  </mem-info>
</gc-start>
<allocation-stats totalBytes="233489232" >
  <allocated-bytes non-tlh="32832" tlh="233456400" />
  <largest-consumer threadName="[SQL@09:27:09.351], select t1.ITEM_ID, t1.STATE_ID, t1.JZ_DISCRIMINATOR from &#xA;(select t1q.*, T1V.ITEM_TYPE_DBID from PLANNI..." threadId="000000000AB99500" bytes="231624184" />
</allocation-stats>
<gc-op id="5745" type="scavenge" timems="2.656" contextid="5742" timestamp="2023-06-02T09:27:09.360">
  <scavenger-info tenureage="14" tenuremask="4000" tiltratio="89" />
  <memory-copied type="nursery" objects="75611" bytes="7222360" bytesdiscarded="363928" />
  <finalization candidates="473" enqueued="230" />
  <ownableSynchronizers candidates="50815" cleared="50369" />
  <references type="soft" candidates="504" cleared="0" enqueued="0" dynamicThreshold="1" maxThreshold="32" />
  <references type="weak" candidates="18" cleared="13" enqueued="2" />
</gc-op>
<gc-end id="5746" type="scavenge" contextid="5742" durationms="3.188" usertimems="0.000" systemtimems="0.000" timestamp="2023-06-02T09:27:09.361" activeThreads="16">
  <mem-info id="5747" free="247331296" total="1073741824" percent="23">
    <mem type="nursery" free="233975928" total="268435456" percent="87">
      <mem type="allocate" free="233975928" total="241565696" percent="96" />
      <mem type="survivor" free="0" total="26869760" percent="0" />
    </mem>
    <mem type="tenure" free="13355368" total="805306368" percent="1" macro-fragmented="4479464">
      <mem type="soa" free="5301608" total="797252608" percent="0" />
      <mem type="loa" free="8053760" total="8053760" percent="100" />
    </mem>
    <pending-finalizers system="83" default="147" reference="2" classloader="0" />
    <remembered-set count="3204" />
  </mem-info>
</gc-end>
<cycle-end id="5748" type="scavenge" contextid="5742" timestamp="2023-06-02T09:27:09.362" />
<allocation-satisfied id="5749" threadId="000000000AB99500" bytesRequested="584" />
<af-end id="5750" timestamp="2023-06-02T09:27:09.362" threadId="000000000AB99E80" success="true" from="nursery"/>
<exclusive-end id="5751" timestamp="2023-06-02T09:27:09.363" durationms="10.200" />

<exclusive-start id="5752" timestamp="2023-06-02T09:27:10.086" intervalms="733.167">
  <response-info timems="0.611" idlems="0.611" threads="0" lastid="000000000AB99500" lastname="[SQL@09:27:10.081], select distinct t2.OWNER_ITEM_ID, t3.USER_I" />
</exclusive-start>
<af-start id="5753" threadId="000000000AB99E80" totalBytesRequested="584" timestamp="2023-06-02T09:27:10.086" intervalms="733.327" type="nursery" />
<cycle-start id="5754" type="scavenge" contextid="0" timestamp="2023-06-02T09:27:10.087" intervalms="733.325" />
<gc-start id="5755" type="scavenge" contextid="5754" timestamp="2023-06-02T09:27:10.088">
  <mem-info id="5756" free="13354984" total="1073741824" percent="1">
    <mem type="nursery" free="0" total="268435456" percent="0">
      <mem type="allocate" free="0" total="241565696" percent="0" />
      <mem type="survivor" free="0" total="26869760" percent="0" />
    </mem>
    <mem type="tenure" free="13354984" total="805306368" percent="1">
      <mem type="soa" free="5301224" total="797252608" percent="0" />
      <mem type="loa" free="8053760" total="8053760" percent="100" />
    </mem>
    <remembered-set count="4449" />
  </mem-info>
</gc-start>
<allocation-stats totalBytes="233891968" >
  <allocated-bytes non-tlh="230376" tlh="233661592" />
  <largest-consumer threadName="[SQL@09:27:10.081], select distinct t2.OWNER_ITEM_ID, t3.USER_ID, t3.NAME from &#xA;(select t1q.*, T1V.ITEM_TYPE_DBID from PLAN..." threadId="000000000AB99500" bytes="228644040" />
</allocation-stats>
<gc-op id="5757" type="scavenge" timems="4.088" contextid="5754" timestamp="2023-06-02T09:27:10.092">
  <scavenger-info tenureage="10" tenuremask="5400" tiltratio="89" />
  <memory-copied type="nursery" objects="202338" bytes="10896624" bytesdiscarded="238488" />
  <memory-copied type="tenure" objects="9429" bytes="907608" bytesdiscarded="3336" />
  <finalization candidates="2303" enqueued="2060" />
  <ownableSynchronizers candidates="48232" cleared="47759" />
  <references type="soft" candidates="337" cleared="0" enqueued="0" dynamicThreshold="1" maxThreshold="32" />
  <references type="weak" candidates="30" cleared="21" enqueued="6" />
</gc-op>
<gc-end id="5758" type="scavenge" contextid="5754" durationms="4.402" usertimems="0.000" systemtimems="0.000" timestamp="2023-06-02T09:27:10.092" activeThreads="16">
  <mem-info id="5759" free="242893960" total="1073741824" percent="22">
    <mem type="nursery" free="230427256" total="268435456" percent="85">
      <mem type="allocate" free="230427256" total="241565696" percent="95" />
      <mem type="survivor" free="0" total="26869760" percent="0" />
    </mem>
    <mem type="tenure" free="12466704" total="805306368" percent="1" macro-fragmented="11473403">
      <mem type="soa" free="4412944" total="797252608" percent="0" />
      <mem type="loa" free="8053760" total="8053760" percent="100" />
    </mem>
    <pending-finalizers system="1924" default="136" reference="6" classloader="0" />
    <remembered-set count="3164" />
  </mem-info>
</gc-end>
<cycle-end id="5760" type="scavenge" contextid="5754" timestamp="2023-06-02T09:27:10.094" />
<allocation-satisfied id="5761" threadId="000000000AB99500" bytesRequested="584" />
<af-end id="5762" timestamp="2023-06-02T09:27:10.094" threadId="000000000AB99E80" success="true" from="nursery"/>
<exclusive-end id="5763" timestamp="2023-06-02T09:27:10.094" durationms="8.671" />

<exclusive-start id="5764" timestamp="2023-06-02T09:27:10.747" intervalms="660.962">
  <response-info timems="0.110" idlems="0.110" threads="0" lastid="000000000AB99500" lastname="[SQL@09:27:10.740], select distinct t3.EXECUTION_VARIABLE_ITEM_" />
</exclusive-start>
<af-start id="5765" threadId="000000000AB99E80" totalBytesRequested="40" timestamp="2023-06-02T09:27:10.747" intervalms="660.739" type="nursery" />
<cycle-start id="5766" type="scavenge" contextid="0" timestamp="2023-06-02T09:27:10.747" intervalms="660.681" />
<gc-start id="5767" type="scavenge" contextid="5766" timestamp="2023-06-02T09:27:10.748">
  <mem-info id="5768" free="12466704" total="1073741824" percent="1">
    <mem type="nursery" free="0" total="268435456" percent="0">
      <mem type="allocate" free="0" total="241565696" percent="0" />
      <mem type="survivor" free="0" total="26869760" percent="0" />
    </mem>
    <mem type="tenure" free="12466704" total="805306368" percent="1">
      <mem type="soa" free="4412944" total="797252608" percent="0" />
      <mem type="loa" free="8053760" total="8053760" percent="100" />
    </mem>
    <remembered-set count="4180" />
  </mem-info>
</gc-start>
<allocation-stats totalBytes="230339368" >
  <allocated-bytes non-tlh="131672" tlh="230207696" />
  <largest-consumer threadName="[SQL@09:27:10.740], select distinct t3.EXECUTION_VARIABLE_ITEM_ID, t4.NAME, t4.ARCHIVED, t4.EXTERNAL_ID from &#xA;(select t1q.*..." threadId="000000000AB99500" bytes="227141784" />
</allocation-stats>
<gc-op id="5769" type="scavenge" timems="13.582" contextid="5766" timestamp="2023-06-02T09:27:10.761">
  <scavenger-info tenureage="14" tenuremask="4000" tiltratio="89" />
  <memory-copied type="nursery" objects="237895" bytes="12229312" bytesdiscarded="229080" />
  <finalization candidates="2290" enqueued="2047" />
  <ownableSynchronizers candidates="47286" cleared="46817" />
  <references type="soft" candidates="375" cleared="0" enqueued="0" dynamicThreshold="1" maxThreshold="32" />
  <references type="weak" candidates="23" cleared="14" enqueued="2" />
</gc-op>
<gc-end id="5770" type="scavenge" contextid="5766" durationms="14.074" usertimems="0.000" systemtimems="0.000" timestamp="2023-06-02T09:27:10.761" activeThreads="16">
  <mem-info id="5771" free="241570656" total="1073741824" percent="22">
    <mem type="nursery" free="229103952" total="268435456" percent="85">
      <mem type="allocate" free="229103952" total="241565696" percent="94" />
      <mem type="survivor" free="0" total="26869760" percent="0" />
    </mem>
    <mem type="tenure" free="12466704" total="805306368" percent="1" macro-fragmented="5375358">
      <mem type="soa" free="4412944" total="797252608" percent="0" />
      <mem type="loa" free="8053760" total="8053760" percent="100" />
    </mem>
    <pending-finalizers system="1919" default="128" reference="2" classloader="0" />
    <remembered-set count="3167" />
  </mem-info>
</gc-end>
<cycle-end id="5772" type="scavenge" contextid="5766" timestamp="2023-06-02T09:27:10.765" />
<allocation-satisfied id="5773" threadId="000000000AB99500" bytesRequested="40" />
<af-end id="5774" timestamp="2023-06-02T09:27:10.765" threadId="000000000AB99E80" success="true" from="nursery"/>
<exclusive-end id="5775" timestamp="2023-06-02T09:27:10.765" durationms="18.545" />

<exclusive-start id="5776" timestamp="2023-06-02T09:27:11.263" intervalms="516.570">
  <response-info timems="0.148" idlems="0.148" threads="0" lastid="000000000AB99500" lastname="[SQL@09:27:11.262], select distinct t2.ITEM_ID, t3.ID, t3.EXTER" />
</exclusive-start>
<af-start id="5777" threadId="000000000AB99E80" totalBytesRequested="65544" timestamp="2023-06-02T09:27:11.263" intervalms="516.636" type="nursery" />
<cycle-start id="5778" type="scavenge" contextid="0" timestamp="2023-06-02T09:27:11.264" intervalms="516.763" />
<gc-start id="5779" type="scavenge" contextid="5778" timestamp="2023-06-02T09:27:11.265">
  <mem-info id="5780" free="12466704" total="1073741824" percent="1">
    <mem type="nursery" free="0" total="268435456" percent="0">
      <mem type="allocate" free="0" total="241565696" percent="0" />
      <mem type="survivor" free="0" total="26869760" percent="0" />
    </mem>
    <mem type="tenure" free="12466704" total="805306368" percent="1">
      <mem type="soa" free="4412944" total="797252608" percent="0" />
      <mem type="loa" free="8053760" total="8053760" percent="100" />
    </mem>
    <remembered-set count="4265" />
  </mem-info>
</gc-start>
<allocation-stats totalBytes="229029792" >
  <allocated-bytes non-tlh="147520" tlh="228882272" />
  <largest-consumer threadName="[SQL@09:27:11.262], select distinct t2.ITEM_ID, t3.ID, t3.EXTERNAL_ID, t3.SCRIPT_TYPE, t2.REVISION, t2.SNAPSHOT from &#xA;(sele..." threadId="000000000AB99500" bytes="225929576" />
</allocation-stats>
<gc-op id="5781" type="scavenge" timems="2.917" contextid="5778" timestamp="2023-06-02T09:27:11.268">
  <scavenger-info tenureage="7" tenuremask="4180" tiltratio="89" />
  <memory-copied type="nursery" objects="85821" bytes="6968216" bytesdiscarded="172544" />
  <memory-copied type="tenure" objects="10975" bytes="1310280" bytesdiscarded="2696" />
  <finalization candidates="941" enqueued="698" />
  <ownableSynchronizers candidates="50471" cleared="49981" />
  <references type="soft" candidates="355" cleared="0" enqueued="0" dynamicThreshold="1" maxThreshold="32" />
  <references type="weak" candidates="23" cleared="14" enqueued="2" />
</gc-op>
<gc-end id="5782" type="scavenge" contextid="5778" durationms="3.241" usertimems="0.000" systemtimems="0.000" timestamp="2023-06-02T09:27:11.268" activeThreads="16">
  <mem-info id="5783" free="245720152" total="1073741824" percent="22">
    <mem type="nursery" free="234421408" total="268435456" percent="87">
      <mem type="allocate" free="234421408" total="241565696" percent="97" />
      <mem type="survivor" free="0" total="26869760" percent="0" />
    </mem>
    <mem type="tenure" free="11298744" total="805306368" percent="1" macro-fragmented="7535593">
      <mem type="soa" free="3244984" total="797252608" percent="0" />
      <mem type="loa" free="8053760" total="8053760" percent="100" />
    </mem>
    <pending-finalizers system="545" default="153" reference="2" classloader="0" />
    <remembered-set count="3158" />
  </mem-info>
</gc-end>
<cycle-end id="5784" type="scavenge" contextid="5778" timestamp="2023-06-02T09:27:11.270" />
<allocation-satisfied id="5785" threadId="000000000AB99500" bytesRequested="65544" />
<af-end id="5786" timestamp="2023-06-02T09:27:11.270" threadId="000000000AB99E80" success="true" from="nursery"/>
<exclusive-end id="5787" timestamp="2023-06-02T09:27:11.270" durationms="6.583" />

<exclusive-start id="5788" timestamp="2023-06-02T09:27:11.602" intervalms="338.637">
  <response-info timems="0.135" idlems="0.135" threads="0" lastid="000000000AB99500" lastname="[SQL@09:27:11.600], select distinct t3.EXECUTION_VARIABLE_ITEM_" />
</exclusive-start>
<af-start id="5789" threadId="000000000AB99E80" totalBytesRequested="40" timestamp="2023-06-02T09:27:11.602" intervalms="338.598" type="nursery" />
<cycle-start id="5790" type="scavenge" contextid="0" timestamp="2023-06-02T09:27:11.602" intervalms="338.483" />
<gc-start id="5791" type="scavenge" contextid="5790" timestamp="2023-06-02T09:27:11.604">
  <mem-info id="5792" free="11298744" total="1073741824" percent="1">
    <mem type="nursery" free="0" total="268435456" percent="0">
      <mem type="allocate" free="0" total="241565696" percent="0" />
      <mem type="survivor" free="0" total="26869760" percent="0" />
    </mem>
    <mem type="tenure" free="11298744" total="805306368" percent="1">
      <mem type="soa" free="3244984" total="797252608" percent="0" />
      <mem type="loa" free="8053760" total="8053760" percent="100" />
    </mem>
    <remembered-set count="4239" />
  </mem-info>
</gc-start>
<allocation-stats totalBytes="234341400" >
  <allocated-bytes non-tlh="196632" tlh="234144768" />
  <largest-consumer threadName="[SQL@09:27:11.600], select distinct t3.EXECUTION_VARIABLE_ITEM_ID, t4.NAME, t4.ARCHIVED, t4.EXTERNAL_ID from &#xA;(select t1q.*..." threadId="000000000AB99500" bytes="232913736" />
</allocation-stats>
<gc-op id="5793" type="scavenge" timems="2.902" contextid="5790" timestamp="2023-06-02T09:27:11.607">
  <scavenger-info tenureage="14" tenuremask="4000" tiltratio="89" />
  <memory-copied type="nursery" objects="110137" bytes="8032328" bytesdiscarded="240240" />
  <finalization candidates="404" enqueued="161" />
  <ownableSynchronizers candidates="49001" cleared="48551" />
  <references type="soft" candidates="385" cleared="0" enqueued="0" dynamicThreshold="1" maxThreshold="32" />
  <references type="weak" candidates="22" cleared="13" enqueued="2" />
</gc-op>
<gc-end id="5794" type="scavenge" contextid="5790" durationms="3.274" usertimems="0.000" systemtimems="0.000" timestamp="2023-06-02T09:27:11.607" activeThreads="16">
  <mem-info id="5795" free="244589224" total="1073741824" percent="22">
    <mem type="nursery" free="233290480" total="268435456" percent="86">
      <mem type="allocate" free="233290480" total="241565696" percent="96" />
      <mem type="survivor" free="0" total="26869760" percent="0" />
    </mem>
    <mem type="tenure" free="11298744" total="805306368" percent="1" macro-fragmented="7740516">
      <mem type="soa" free="3244984" total="797252608" percent="0" />
      <mem type="loa" free="8053760" total="8053760" percent="100" />
    </mem>
    <pending-finalizers system="63" default="98" reference="2" classloader="0" />
    <remembered-set count="3193" />
  </mem-info>
</gc-end>
<cycle-end id="5796" type="scavenge" contextid="5790" timestamp="2023-06-02T09:27:11.610" />
<allocation-satisfied id="5797" threadId="000000000AB99500" bytesRequested="40" />
<af-end id="5798" timestamp="2023-06-02T09:27:11.610" threadId="000000000AB99E80" success="true" from="nursery"/>
<exclusive-end id="5799" timestamp="2023-06-02T09:27:11.610" durationms="7.952" />

<exclusive-start id="5800" timestamp="2023-06-02T09:27:11.987" intervalms="385.887">
  <response-info timems="0.104" idlems="0.104" threads="0" lastid="000000000AB99500" lastname="[SQL@09:27:11.987], select distinct t2.ITEM_ID, t3.ID, t3.EXTER" />
</exclusive-start>
<af-start id="5801" threadId="000000000AB99E80" totalBytesRequested="65544" timestamp="2023-06-02T09:27:11.988" intervalms="385.875" type="nursery" />
<cycle-start id="5802" type="scavenge" contextid="0" timestamp="2023-06-02T09:27:11.988" intervalms="385.873" />
<gc-start id="5803" type="scavenge" contextid="5802" timestamp="2023-06-02T09:27:11.991">
  <mem-info id="5804" free="11342432" total="1073741824" percent="1">
    <mem type="nursery" free="43688" total="268435456" percent="0">
      <mem type="allocate" free="43688" total="241565696" percent="0" />
      <mem type="survivor" free="0" total="26869760" percent="0" />
    </mem>
    <mem type="tenure" free="11298744" total="805306368" percent="1">
      <mem type="soa" free="3244984" total="797252608" percent="0" />
      <mem type="loa" free="8053760" total="8053760" percent="100" />
    </mem>
    <remembered-set count="4266" />
  </mem-info>
</gc-start>
<allocation-stats totalBytes="233172424" >
  <allocated-bytes non-tlh="180296" tlh="232992128" />
  <largest-consumer threadName="[SQL@09:27:11.987], select distinct t2.ITEM_ID, t3.ID, t3.EXTERNAL_ID, t3.SCRIPT_TYPE, t2.REVISION, t2.SNAPSHOT from &#xA;(sele..." threadId="000000000AB99500" bytes="230583272" />
</allocation-stats>
<gc-op id="5805" type="scavenge" timems="5.341" contextid="5802" timestamp="2023-06-02T09:27:11.997">
  <scavenger-info tenureage="13" tenuremask="6000" tiltratio="89" />
  <memory-copied type="nursery" objects="89945" bytes="7420784" bytesdiscarded="286512" />
  <memory-copied type="tenure" objects="6083" bytes="630048" bytesdiscarded="2408" />
  <finalization candidates="933" enqueued="690" />
  <ownableSynchronizers candidates="51229" cleared="50751" />
  <references type="soft" candidates="394" cleared="0" enqueued="0" dynamicThreshold="1" maxThreshold="32" />
  <references type="weak" candidates="25" cleared="16" enqueued="4" />
</gc-op>
<gc-end id="5806" type="scavenge" contextid="5802" durationms="5.837" usertimems="0.000" systemtimems="0.000" timestamp="2023-06-02T09:27:11.998" activeThreads="16">
  <mem-info id="5807" free="244449856" total="1073741824" percent="22">
    <mem type="nursery" free="233855144" total="268435456" percent="87">
      <mem type="allocate" free="233855144" total="241565696" percent="96" />
      <mem type="survivor" free="0" total="26869760" percent="0" />
    </mem>
    <mem type="tenure" free="10594712" total="805306368" percent="1" macro-fragmented="7740516">
      <mem type="soa" free="2540952" total="797252608" percent="0" />
      <mem type="loa" free="8053760" total="8053760" percent="100" />
    </mem>
    <pending-finalizers system="547" default="143" reference="4" classloader="0" />
    <remembered-set count="3100" />
  </mem-info>
</gc-end>
<cycle-end id="5808" type="scavenge" contextid="5802" timestamp="2023-06-02T09:27:12.000" />
<allocation-satisfied id="5809" threadId="000000000AB99500" bytesRequested="65544" />
<af-end id="5810" timestamp="2023-06-02T09:27:12.000" threadId="000000000AB99E80" success="true" from="nursery"/>
<exclusive-end id="5811" timestamp="2023-06-02T09:27:12.000" durationms="12.207" />

<concurrent-kickoff id="5812" timestamp="2023-06-02T09:27:12.239">
  <kickoff reason="threshold reached" targetBytes="378562083" thresholdFreeBytes="52352432"  remainingFree="52230296" tenureFreeBytes="10594712" nurseryFreeBytes="52230296" />
</concurrent-kickoff>
<exclusive-start id="5813" timestamp="2023-06-02T09:27:12.242" intervalms="254.349">
  <response-info timems="0.109" idlems="0.109" threads="0" lastid="000000000AB99500" lastname="qm: AsynchronousTaskRunner-3 @@ 09:25" />
</exclusive-start>
<cycle-start id="5814" type="global" contextid="0" timestamp="2023-06-02T09:27:12.242" intervalms="25486.637" />
<exclusive-end id="5815" timestamp="2023-06-02T09:27:12.242" durationms="0.042" />

<exclusive-start id="5816" timestamp="2023-06-02T09:27:12.738" intervalms="495.555">
  <response-info timems="0.133" idlems="0.133" threads="0" lastid="000000000AB99500" lastname="[SQL@09:27:12.696], select distinct t3.KEY_COL, t3.VALUE, t4.KE" />
</exclusive-start>
<concurrent-collection-start id="5817" timestamp="2023-06-02T09:27:12.738" intervalms="25441.183" >
  <concurrent-trace-info reason="card cleaning threshold reached" tracedByMutators="146558104" tracedByHelpers="250091448" cardsCleaned="1626" workStackOverflowCount="0" />
</concurrent-collection-start>
<gc-start id="5818" type="global" contextid="5814" timestamp="2023-06-02T09:27:12.739">
  <mem-info id="5819" free="14713408" total="1073741824" percent="1">
    <mem type="nursery" free="4118696" total="268435456" percent="1">
      <mem type="allocate" free="4118696" total="241565696" percent="1" />
      <mem type="survivor" free="0" total="26869760" percent="0" />
    </mem>
    <mem type="tenure" free="10594712" total="805306368" percent="1">
      <mem type="soa" free="2540952" total="797252608" percent="0" />
      <mem type="loa" free="8053760" total="8053760" percent="100" />
    </mem>
    <remembered-set count="4143" />
  </mem-info>
</gc-start>
<allocation-stats totalBytes="229655448" >
  <allocated-bytes non-tlh="196632" tlh="229458816" />
  <largest-consumer threadName="[SQL@09:27:12.696], select distinct t3.KEY_COL, t3.VALUE, t4.KEY_COL, t4.VALUE, t5.KEY_COL, t5.VALUE, t6.KEY_COL, t6.VALUE, t7...." threadId="000000000AB99500" bytes="227245744" />
</allocation-stats>
<gc-op id="5820" type="rs-scan" timems="5.015" contextid="5814" timestamp="2023-06-02T09:27:12.744">
  <scan objectsFound="3572" bytesTraced="3937152" workStackOverflowCount="0" />
</gc-op>
<gc-op id="5821" type="card-cleaning" timems="0.428" contextid="5814" timestamp="2023-06-02T09:27:12.744">
  <card-cleaning cardsCleaned="11" bytesTraced="119752" workStackOverflowCount="0" />
</gc-op>
<gc-op id="5822" type="mark" timems="32.712" contextid="5814" timestamp="2023-06-02T09:27:12.778">
  <trace-info objectcount="83904" scancount="78710" scanbytes="2249064" />
  <finalization candidates="5470" enqueued="218" />
  <ownableSynchronizers candidates="102610" cleared="48207" />
  <references type="soft" candidates="93083" cleared="3" enqueued="3" dynamicThreshold="1" maxThreshold="32" />
  <references type="weak" candidates="54878" cleared="15" enqueued="4" />
  <references type="phantom" candidates="351" cleared="0" enqueued="0" />
  <stringconstants candidates="123080" cleared="22"  />
</gc-op>
<gc-op id="5823" type="classunload" timems="23.380" contextid="5814" timestamp="2023-06-02T09:27:12.801">
  <classunload-info classloadercandidates="9427" classloadersunloaded="13" classesunloaded="13" anonymousclassesunloaded="0" quiescems="0.000" setupms="23.220" scanms="0.141" postms="0.018" />
</gc-op>
<gc-op id="5824" type="sweep" timems="4.698" contextid="5814" timestamp="2023-06-02T09:27:12.805" />
<mem-info id="5825" free="245374632" total="1073741824" percent="22">
  <mem type="nursery" free="230480336" total="268435456" percent="85">
    <mem type="allocate" free="230480336" total="241565696" percent="95" />
    <mem type="survivor" free="0" total="26869760" percent="0" />
  </mem>
  <mem type="tenure" free="14894296" total="805306368" percent="1" micro-fragmented="30313455" macro-fragmented="0">
    <mem type="soa" free="6840536" total="797252608" percent="0" />
    <mem type="loa" free="8053760" total="8053760" percent="100" />
  </mem>
  <pending-finalizers system="100" default="118" reference="7" classloader="0" />
  <remembered-set count="3940" />
</mem-info>
<gc-op id="5826" type="compact" timems="533.431" contextid="5814" timestamp="2023-06-02T09:27:13.344">
  <compact-info movecount="13652276" movebytes="766260120" reason="low free space (less than 4%)" />
</gc-op>
<gc-end id="5827" type="global" contextid="5814" durationms="606.733" usertimems="7000.000" systemtimems="46.875" timestamp="2023-06-02T09:27:13.346" activeThreads="16">
  <mem-info id="5828" free="279557192" total="1073741824" percent="26">
    <mem type="nursery" free="231814080" total="268435456" percent="86">
      <mem type="allocate" free="231814080" total="241565696" percent="95" />
      <mem type="survivor" free="0" total="26869760" percent="0" />
    </mem>
    <mem type="tenure" free="47743112" total="805306368" percent="5">
      <mem type="soa" free="39689352" total="797252608" percent="4" />
      <mem type="loa" free="8053760" total="8053760" percent="100" />
    </mem>
    <pending-finalizers system="100" default="118" reference="7" classloader="0" />
    <remembered-set count="3940" />
  </mem-info>
</gc-end>
<cycle-end id="5829" type="global" contextid="5814" timestamp="2023-06-02T09:27:13.348" />
<concurrent-collection-end id="5830" timestamp="2023-06-02T09:27:13.348" />
<exclusive-end id="5831" timestamp="2023-06-02T09:27:13.349" durationms="610.854" />

<exclusive-start id="5832" timestamp="2023-06-02T09:27:13.989" intervalms="1250.786">
  <response-info timems="0.137" idlems="0.137" threads="0" lastid="000000000AB99500" lastname="qm: AsynchronousTaskRunner-3 @@ 09:25" />
</exclusive-start>
<af-start id="5833" threadId="000000000AB99E80" totalBytesRequested="8208" timestamp="2023-06-02T09:27:13.989" intervalms="2000.764" type="nursery" />
<cycle-start id="5834" type="scavenge" contextid="0" timestamp="2023-06-02T09:27:13.989" intervalms="2000.833" />
<gc-start id="5835" type="scavenge" contextid="5834" timestamp="2023-06-02T09:27:13.990">
  <mem-info id="5836" free="47740176" total="1073741824" percent="4">
    <mem type="nursery" free="0" total="268435456" percent="0">
      <mem type="allocate" free="0" total="241565696" percent="0" />
      <mem type="survivor" free="0" total="26869760" percent="0" />
    </mem>
    <mem type="tenure" free="47740176" total="805306368" percent="5">
      <mem type="soa" free="39686416" total="797252608" percent="4" />
      <mem type="loa" free="8053760" total="8053760" percent="100" />
    </mem>
    <remembered-set count="4377" />
  </mem-info>
</gc-start>
<allocation-stats totalBytes="231708024" >
  <allocated-bytes non-tlh="189240" tlh="231518784" />
  <largest-consumer threadName="qm: AsynchronousTaskRunner-3 @@ 09:25" threadId="000000000AB99500" bytes="225571496" />
</allocation-stats>
<gc-op id="5837" type="scavenge" timems="3.130" contextid="5834" timestamp="2023-06-02T09:27:13.993">
  <scavenger-info tenureage="8" tenuremask="7100" tiltratio="89" />
  <memory-copied type="nursery" objects="59073" bytes="6004144" bytesdiscarded="195752" />
  <memory-copied type="tenure" objects="15237" bytes="1587760" bytesdiscarded="11592" />
  <finalization candidates="2394" enqueued="2134" />
  <ownableSynchronizers candidates="157180" cleared="156857" />
  <references type="soft" candidates="379" cleared="322" enqueued="316" dynamicThreshold="1" maxThreshold="32" />
  <references type="weak" candidates="30" cleared="22" enqueued="9" />
</gc-op>
<gc-end id="5838" type="scavenge" contextid="5834" durationms="3.509" usertimems="0.000" systemtimems="0.000" timestamp="2023-06-02T09:27:13.993" activeThreads="16">
  <mem-info id="5839" free="281028232" total="1073741824" percent="26">
    <mem type="nursery" free="235361664" total="268435456" percent="87">
      <mem type="allocate" free="235361664" total="241565696" percent="97" />
      <mem type="survivor" free="0" total="26869760" percent="0" />
    </mem>
    <mem type="tenure" free="45666568" total="805306368" percent="5" macro-fragmented="0">
      <mem type="soa" free="37612808" total="797252608" percent="4" />
      <mem type="loa" free="8053760" total="8053760" percent="100" />
    </mem>
    <pending-finalizers system="1942" default="192" reference="325" classloader="0" />
    <remembered-set count="2910" />
  </mem-info>
</gc-end>
<cycle-end id="5840" type="scavenge" contextid="5834" timestamp="2023-06-02T09:27:13.996" />
<allocation-satisfied id="5841" threadId="000000000AB99500" bytesRequested="8208" />
<af-end id="5842" timestamp="2023-06-02T09:27:13.996" threadId="000000000AB99E80" success="true" from="nursery"/>
<exclusive-end id="5843" timestamp="2023-06-02T09:27:13.996" durationms="7.587" />

<exclusive-start id="5844" timestamp="2023-06-02T09:27:14.566" intervalms="578.170">
  <response-info timems="0.131" idlems="0.131" threads="0" lastid="000000000AB99500" lastname="[SQL@09:27:14.560], select distinct t2.OWNER_ITEM_ID, t3.USER_I" />
</exclusive-start>
<af-start id="5845" threadId="000000000AB99E80" totalBytesRequested="16" timestamp="2023-06-02T09:27:14.566" intervalms="578.127" type="nursery" />
<cycle-start id="5846" type="scavenge" contextid="0" timestamp="2023-06-02T09:27:14.566" intervalms="578.067" />
<gc-start id="5847" type="scavenge" contextid="5846" timestamp="2023-06-02T09:27:14.571">
  <mem-info id="5848" free="45666568" total="1073741824" percent="4">
    <mem type="nursery" free="0" total="268435456" percent="0">
      <mem type="allocate" free="0" total="241565696" percent="0" />
      <mem type="survivor" free="0" total="26869760" percent="0" />
    </mem>
    <mem type="tenure" free="45666568" total="805306368" percent="5">
      <mem type="soa" free="37612808" total="797252608" percent="4" />
      <mem type="loa" free="8053760" total="8053760" percent="100" />
    </mem>
    <remembered-set count="4007" />
  </mem-info>
</gc-start>
<allocation-stats totalBytes="235274816" >
  <allocated-bytes non-tlh="204840" tlh="235069976" />
  <largest-consumer threadName="[SQL@09:27:14.560], select distinct t2.OWNER_ITEM_ID, t3.USER_ID, t3.NAME from &#xA;(select t1q.*, T1V.ITEM_TYPE_DBID from PLAN..." threadId="000000000AB99500" bytes="232281816" />
</allocation-stats>
<gc-op id="5849" type="scavenge" timems="4.288" contextid="5846" timestamp="2023-06-02T09:27:14.575">
  <scavenger-info tenureage="14" tenuremask="4000" tiltratio="89" />
  <memory-copied type="nursery" objects="255744" bytes="12354512" bytesdiscarded="312928" />
  <finalization candidates="2302" enqueued="2041" />
  <ownableSynchronizers candidates="48730" cleared="48439" />
  <references type="soft" candidates="171" cleared="0" enqueued="0" dynamicThreshold="1" maxThreshold="32" />
  <references type="weak" candidates="16" cleared="15" enqueued="2" />
</gc-op>
<gc-end id="5850" type="scavenge" contextid="5846" durationms="4.614" usertimems="0.000" systemtimems="0.000" timestamp="2023-06-02T09:27:14.576" activeThreads="16">
  <mem-info id="5851" free="274561184" total="1073741824" percent="25">
    <mem type="nursery" free="228894616" total="268435456" percent="85">
      <mem type="allocate" free="228894616" total="241565696" percent="94" />
      <mem type="survivor" free="0" total="26869760" percent="0" />
    </mem>
    <mem type="tenure" free="45666568" total="805306368" percent="5" macro-fragmented="0">
      <mem type="soa" free="37612808" total="797252608" percent="4" />
      <mem type="loa" free="8053760" total="8053760" percent="100" />
    </mem>
    <pending-finalizers system="1915" default="126" reference="2" classloader="0" />
    <remembered-set count="2903" />
  </mem-info>
</gc-end>
<cycle-end id="5852" type="scavenge" contextid="5846" timestamp="2023-06-02T09:27:14.577" />
<allocation-satisfied id="5853" threadId="000000000AB99500" bytesRequested="16" />
<af-end id="5854" timestamp="2023-06-02T09:27:14.578" threadId="000000000AB99E80" success="true" from="nursery"/>
<exclusive-end id="5855" timestamp="2023-06-02T09:27:14.578" durationms="10.886" />

<exclusive-start id="5856" timestamp="2023-06-02T09:27:14.927" intervalms="360.991">
  <response-info timems="0.112" idlems="0.112" threads="0" lastid="000000000AB99500" lastname="[SQL@09:27:14.923], select distinct t3.EXECUTION_VARIABLE_VALUE" />
</exclusive-start>
<af-start id="5857" threadId="000000000AB99E80" totalBytesRequested="24" timestamp="2023-06-02T09:27:14.927" intervalms="360.980" type="nursery" />
<cycle-start id="5858" type="scavenge" contextid="0" timestamp="2023-06-02T09:27:14.927" intervalms="360.968" />
<gc-start id="5859" type="scavenge" contextid="5858" timestamp="2023-06-02T09:27:14.929">
  <mem-info id="5860" free="45666568" total="1073741824" percent="4">
    <mem type="nursery" free="0" total="268435456" percent="0">
      <mem type="allocate" free="0" total="241565696" percent="0" />
      <mem type="survivor" free="0" total="26869760" percent="0" />
    </mem>
    <mem type="tenure" free="45666568" total="805306368" percent="5">
      <mem type="soa" free="37612808" total="797252608" percent="4" />
      <mem type="loa" free="8053760" total="8053760" percent="100" />
    </mem>
    <remembered-set count="3881" />
  </mem-info>
</gc-start>
<allocation-stats totalBytes="228811416" >
  <allocated-bytes non-tlh="131104" tlh="228680312" />
  <largest-consumer threadName="[SQL@09:27:14.923], select distinct t3.EXECUTION_VARIABLE_VALUE_ITM_D, t4.NAME, t4.ARCHIVED, t4.EXTERNAL_ID, t4.EXECUTION_VARIA..." threadId="000000000AB99500" bytes="227224128" />
</allocation-stats>
<gc-op id="5861" type="scavenge" timems="5.862" contextid="5858" timestamp="2023-06-02T09:27:14.935">
  <scavenger-info tenureage="14" tenuremask="4000" tiltratio="89" />
  <memory-copied type="nursery" objects="170697" bytes="9947592" bytesdiscarded="197880" />
  <finalization candidates="883" enqueued="622" />
  <ownableSynchronizers candidates="47590" cleared="47287" />
  <references type="soft" candidates="201" cleared="0" enqueued="0" dynamicThreshold="1" maxThreshold="32" />
  <references type="weak" candidates="13" cleared="12" enqueued="2" />
</gc-op>
<gc-end id="5862" type="scavenge" contextid="5858" durationms="6.207" usertimems="0.000" systemtimems="0.000" timestamp="2023-06-02T09:27:14.935" activeThreads="16">
  <mem-info id="5863" free="277083432" total="1073741824" percent="25">
    <mem type="nursery" free="231416864" total="268435456" percent="86">
      <mem type="allocate" free="231416864" total="241565696" percent="95" />
      <mem type="survivor" free="0" total="26869760" percent="0" />
    </mem>
    <mem type="tenure" free="45666568" total="805306368" percent="5" macro-fragmented="0">
      <mem type="soa" free="37612808" total="797252608" percent="4" />
      <mem type="loa" free="8053760" total="8053760" percent="100" />
    </mem>
    <pending-finalizers system="525" default="97" reference="2" classloader="0" />
    <remembered-set count="2884" />
  </mem-info>
</gc-end>
<cycle-end id="5864" type="scavenge" contextid="5858" timestamp="2023-06-02T09:27:14.937" />
<allocation-satisfied id="5865" threadId="000000000AB99500" bytesRequested="24" />
<af-end id="5866" timestamp="2023-06-02T09:27:14.937" threadId="000000000AB99E80" success="true" from="nursery"/>
<exclusive-end id="5867" timestamp="2023-06-02T09:27:14.937" durationms="9.337" />

<exclusive-start id="5868" timestamp="2023-06-02T09:27:15.312" intervalms="384.039">
  <response-info timems="0.112" idlems="0.112" threads="0" lastid="000000000AB99500" lastname="[SQL@09:27:15.305], select distinct t2.ORIGINATOR_ITEM_ID, t3.U" />
</exclusive-start>
<af-start id="5869" threadId="000000000AB99E80" totalBytesRequested="16" timestamp="2023-06-02T09:27:15.312" intervalms="384.023" type="nursery" />
<cycle-start id="5870" type="scavenge" contextid="0" timestamp="2023-06-02T09:27:15.312" intervalms="384.017" />
<gc-start id="5871" type="scavenge" contextid="5870" timestamp="2023-06-02T09:27:15.313">
  <mem-info id="5872" free="45666568" total="1073741824" percent="4">
    <mem type="nursery" free="0" total="268435456" percent="0">
      <mem type="allocate" free="0" total="241565696" percent="0" />
      <mem type="survivor" free="0" total="26869760" percent="0" />
    </mem>
    <mem type="tenure" free="45666568" total="805306368" percent="5">
      <mem type="soa" free="37612808" total="797252608" percent="4" />
      <mem type="loa" free="8053760" total="8053760" percent="100" />
    </mem>
    <remembered-set count="3953" />
  </mem-info>
</gc-start>
<allocation-stats totalBytes="231326120" >
  <allocated-bytes non-tlh="147504" tlh="231178616" />
  <largest-consumer threadName="[SQL@09:27:15.305], select distinct t2.ORIGINATOR_ITEM_ID, t3.USER_ID, t3.NAME from &#xA;(select t1q.*, T1V.ITEM_TYPE_DBID from..." threadId="000000000AB99500" bytes="229178808" />
</allocation-stats>
<gc-op id="5873" type="scavenge" timems="5.204" contextid="5870" timestamp="2023-06-02T09:27:15.318">
  <scavenger-info tenureage="14" tenuremask="4000" tiltratio="89" />
  <memory-copied type="nursery" objects="285324" bytes="13894232" bytesdiscarded="194824" />
  <finalization candidates="955" enqueued="694" />
  <ownableSynchronizers candidates="51006" cleared="50662" />
  <references type="soft" candidates="241" cleared="0" enqueued="0" dynamicThreshold="1" maxThreshold="32" />
  <references type="weak" candidates="15" cleared="14" enqueued="2" />
</gc-op>
<gc-end id="5874" type="scavenge" contextid="5870" durationms="5.851" usertimems="0.000" systemtimems="0.000" timestamp="2023-06-02T09:27:15.318" activeThreads="16">
  <mem-info id="5875" free="273139632" total="1073741824" percent="25">
    <mem type="nursery" free="227473064" total="268435456" percent="84">
      <mem type="allocate" free="227473064" total="241565696" percent="94" />
      <mem type="survivor" free="0" total="26869760" percent="0" />
    </mem>
    <mem type="tenure" free="45666568" total="805306368" percent="5" macro-fragmented="0">
      <mem type="soa" free="37612808" total="797252608" percent="4" />
      <mem type="loa" free="8053760" total="8053760" percent="100" />
    </mem>
    <pending-finalizers system="546" default="148" reference="2" classloader="0" />
    <remembered-set count="2946" />
  </mem-info>
</gc-end>
<cycle-end id="5876" type="scavenge" contextid="5870" timestamp="2023-06-02T09:27:15.320" />
<allocation-satisfied id="5877" threadId="000000000AB99500" bytesRequested="16" />
<af-end id="5878" timestamp="2023-06-02T09:27:15.320" threadId="000000000AB99E80" success="true" from="nursery"/>
<exclusive-end id="5879" timestamp="2023-06-02T09:27:15.320" durationms="9.137" />

<exclusive-start id="5880" timestamp="2023-06-02T09:27:15.646" intervalms="334.009">
  <response-info timems="0.198" idlems="0.198" threads="0" lastid="000000000AB99500" lastname="[SQL@09:27:15.640], select distinct t3.EXECUTION_VARIABLE_ITEM_" />
</exclusive-start>
<af-start id="5881" threadId="000000000AB99E80" totalBytesRequested="584" timestamp="2023-06-02T09:27:15.646" intervalms="334.093" type="nursery" />
<cycle-start id="5882" type="scavenge" contextid="0" timestamp="2023-06-02T09:27:15.646" intervalms="334.145" />
<gc-start id="5883" type="scavenge" contextid="5882" timestamp="2023-06-02T09:27:15.647">
  <mem-info id="5884" free="45666568" total="1073741824" percent="4">
    <mem type="nursery" free="0" total="268435456" percent="0">
      <mem type="allocate" free="0" total="241565696" percent="0" />
      <mem type="survivor" free="0" total="26869760" percent="0" />
    </mem>
    <mem type="tenure" free="45666568" total="805306368" percent="5">
      <mem type="soa" free="37612808" total="797252608" percent="4" />
      <mem type="loa" free="8053760" total="8053760" percent="100" />
    </mem>
    <remembered-set count="3967" />
  </mem-info>
</gc-start>
<allocation-stats totalBytes="227380168" >
  <allocated-bytes non-tlh="131104" tlh="227249064" />
  <largest-consumer threadName="[SQL@09:27:15.640], select distinct t3.EXECUTION_VARIABLE_ITEM_ID, t4.NAME, t4.ARCHIVED, t4.EXTERNAL_ID from &#xA;(select t1q.*..." threadId="000000000AB99500" bytes="226047840" />
</allocation-stats>
<gc-op id="5885" type="scavenge" timems="4.430" contextid="5882" timestamp="2023-06-02T09:27:15.651">
  <scavenger-info tenureage="14" tenuremask="4000" tiltratio="89" />
  <memory-copied type="nursery" objects="159187" bytes="10226520" bytesdiscarded="322584" />
  <finalization candidates="419" enqueued="158" />
  <ownableSynchronizers candidates="47630" cleared="47276" />
  <references type="soft" candidates="271" cleared="0" enqueued="0" dynamicThreshold="1" maxThreshold="32" />
  <references type="weak" candidates="14" cleared="13" enqueued="2" />
</gc-op>
<gc-end id="5886" type="scavenge" contextid="5882" durationms="4.700" usertimems="0.000" systemtimems="0.000" timestamp="2023-06-02T09:27:15.652" activeThreads="16">
  <mem-info id="5887" free="276680256" total="1073741824" percent="25">
    <mem type="nursery" free="231013688" total="268435456" percent="86">
      <mem type="allocate" free="231013688" total="241565696" percent="95" />
      <mem type="survivor" free="0" total="26869760" percent="0" />
    </mem>
    <mem type="tenure" free="45666568" total="805306368" percent="5" macro-fragmented="0">
      <mem type="soa" free="37612808" total="797252608" percent="4" />
      <mem type="loa" free="8053760" total="8053760" percent="100" />
    </mem>
    <pending-finalizers system="63" default="95" reference="2" classloader="0" />
    <remembered-set count="2953" />
  </mem-info>
</gc-end>
<cycle-end id="5888" type="scavenge" contextid="5882" timestamp="2023-06-02T09:27:15.654" />
<allocation-satisfied id="5889" threadId="000000000AB99500" bytesRequested="584" />
<af-end id="5890" timestamp="2023-06-02T09:27:15.654" threadId="000000000AB99E80" success="true" from="nursery"/>
<exclusive-end id="5891" timestamp="2023-06-02T09:27:15.654" durationms="7.857" />

<exclusive-start id="5892" timestamp="2023-06-02T09:27:16.409" intervalms="762.711">
  <response-info timems="0.085" idlems="0.085" threads="0" lastid="000000000AB99500" lastname="qm: AsynchronousTaskRunner-3 @@ 09:25" />
</exclusive-start>
<af-start id="5893" threadId="000000000AB99E80" totalBytesRequested="16" timestamp="2023-06-02T09:27:16.409" intervalms="762.648" type="nursery" />
<cycle-start id="5894" type="scavenge" contextid="0" timestamp="2023-06-02T09:27:16.409" intervalms="762.604" />
<gc-start id="5895" type="scavenge" contextid="5894" timestamp="2023-06-02T09:27:16.410">
  <mem-info id="5896" free="45666568" total="1073741824" percent="4">
    <mem type="nursery" free="0" total="268435456" percent="0">
      <mem type="allocate" free="0" total="241565696" percent="0" />
      <mem type="survivor" free="0" total="26869760" percent="0" />
    </mem>
    <mem type="tenure" free="45666568" total="805306368" percent="5">
      <mem type="soa" free="37612808" total="797252608" percent="4" />
      <mem type="loa" free="8053760" total="8053760" percent="100" />
    </mem>
    <remembered-set count="4082" />
  </mem-info>
</gc-start>
<allocation-stats totalBytes="230927560" >
  <allocated-bytes non-tlh="148064" tlh="230779496" />
  <largest-consumer threadName="qm: AsynchronousTaskRunner-3 @@ 09:25" threadId="000000000AB99500" bytes="225494224" />
</allocation-stats>
<gc-op id="5897" type="scavenge" timems="2.989" contextid="5894" timestamp="2023-06-02T09:27:16.413">
  <scavenger-info tenureage="9" tenuremask="4a00" tiltratio="89" />
  <memory-copied type="nursery" objects="91431" bytes="7966520" bytesdiscarded="284992" />
  <memory-copied type="tenure" objects="7099" bytes="1181904" bytesdiscarded="5328" />
  <finalization candidates="4678" enqueued="4418" />
  <ownableSynchronizers candidates="49460" cleared="49100" />
  <references type="soft" candidates="313" cleared="0" enqueued="0" dynamicThreshold="1" maxThreshold="32" />
  <references type="weak" candidates="11" cleared="11" enqueued="2" />
</gc-op>
<gc-end id="5898" type="scavenge" contextid="5894" durationms="3.308" usertimems="0.000" systemtimems="0.000" timestamp="2023-06-02T09:27:16.413" activeThreads="16">
  <mem-info id="5899" free="277930976" total="1073741824" percent="25">
    <mem type="nursery" free="233310256" total="268435456" percent="86">
      <mem type="allocate" free="233310256" total="241565696" percent="96" />
      <mem type="survivor" free="0" total="26869760" percent="0" />
    </mem>
    <mem type="tenure" free="44620720" total="805306368" percent="5" macro-fragmented="0">
      <mem type="soa" free="36566960" total="797252608" percent="4" />
      <mem type="loa" free="8053760" total="8053760" percent="100" />
    </mem>
    <pending-finalizers system="4251" default="167" reference="2" classloader="0" />
    <remembered-set count="2979" />
  </mem-info>
</gc-end>
<cycle-end id="5900" type="scavenge" contextid="5894" timestamp="2023-06-02T09:27:16.415" />
<allocation-satisfied id="5901" threadId="000000000AB99500" bytesRequested="16" />
<af-end id="5902" timestamp="2023-06-02T09:27:16.415" threadId="000000000AB99E80" success="true" from="nursery"/>
<exclusive-end id="5903" timestamp="2023-06-02T09:27:16.415" durationms="6.753" />

<exclusive-start id="5904" timestamp="2023-06-02T09:27:16.752" intervalms="343.174">
  <response-info timems="0.070" idlems="0.070" threads="0" lastid="000000000AB99500" lastname="[SQL@09:27:16.751], select distinct t3.KEY_COL, t3.VALUE, t4.KE" />
</exclusive-start>
<af-start id="5905" threadId="000000000AB99E80" totalBytesRequested="40" timestamp="2023-06-02T09:27:16.752" intervalms="343.143" type="nursery" />
<cycle-start id="5906" type="scavenge" contextid="0" timestamp="2023-06-02T09:27:16.752" intervalms="343.137" />
<gc-start id="5907" type="scavenge" contextid="5906" timestamp="2023-06-02T09:27:16.755">
  <mem-info id="5908" free="44620720" total="1073741824" percent="4">
    <mem type="nursery" free="0" total="268435456" percent="0">
      <mem type="allocate" free="0" total="241565696" percent="0" />
      <mem type="survivor" free="0" total="26869760" percent="0" />
    </mem>
    <mem type="tenure" free="44620720" total="805306368" percent="5">
      <mem type="soa" free="36566960" total="797252608" percent="4" />
      <mem type="loa" free="8053760" total="8053760" percent="100" />
    </mem>
    <remembered-set count="3954" />
  </mem-info>
</gc-start>
<allocation-stats totalBytes="233212936" >
  <allocated-bytes non-tlh="65560" tlh="233147376" />
  <largest-consumer threadName="[SQL@09:27:16.751], select distinct t3.KEY_COL, t3.VALUE, t4.KEY_COL, t4.VALUE, t5.KEY_COL, t5.VALUE, t6.KEY_COL, t6.VALUE, t7...." threadId="000000000AB99500" bytes="231857384" />
</allocation-stats>
<gc-op id="5909" type="scavenge" timems="6.257" contextid="5906" timestamp="2023-06-02T09:27:16.761">
  <scavenger-info tenureage="6" tenuremask="4040" tiltratio="89" />
  <memory-copied type="nursery" objects="68898" bytes="6437824" bytesdiscarded="257416" />
  <memory-copied type="tenure" objects="10567" bytes="1195000" bytesdiscarded="5040" />
  <finalization candidates="421" enqueued="160" />
  <ownableSynchronizers candidates="48627" cleared="48254" />
  <references type="soft" candidates="293" cleared="0" enqueued="0" dynamicThreshold="1" maxThreshold="32" />
  <references type="weak" candidates="13" cleared="12" enqueued="2" />
</gc-op>
<gc-end id="5910" type="scavenge" contextid="5906" durationms="6.665" usertimems="0.000" systemtimems="0.000" timestamp="2023-06-02T09:27:16.761" activeThreads="16">
  <mem-info id="5911" free="278234856" total="1073741824" percent="25">
    <mem type="nursery" free="234868232" total="268435456" percent="87">
      <mem type="allocate" free="234868232" total="241565696" percent="97" />
      <mem type="survivor" free="0" total="26869760" percent="0" />
    </mem>
    <mem type="tenure" free="43366624" total="805306368" percent="5" macro-fragmented="418667">
      <mem type="soa" free="35312864" total="797252608" percent="4" />
      <mem type="loa" free="8053760" total="8053760" percent="100" />
    </mem>
    <pending-finalizers system="63" default="97" reference="2" classloader="0" />
    <remembered-set count="2926" />
  </mem-info>
</gc-end>
<cycle-end id="5912" type="scavenge" contextid="5906" timestamp="2023-06-02T09:27:16.763" />
<allocation-satisfied id="5913" threadId="000000000AB99500" bytesRequested="40" />
<af-end id="5914" timestamp="2023-06-02T09:27:16.764" threadId="000000000AB99E80" success="true" from="nursery"/>
<exclusive-end id="5915" timestamp="2023-06-02T09:27:16.764" durationms="12.080" />

<exclusive-start id="5916" timestamp="2023-06-02T09:27:17.115" intervalms="363.538">
  <response-info timems="0.240" idlems="0.240" threads="0" lastid="000000000AB99500" lastname="[SQL@09:27:17.108], select distinct t3.ITEM_ID, t3.NAME, t4.NAM" />
</exclusive-start>
<af-start id="5917" threadId="000000000AB99E80" totalBytesRequested="584" timestamp="2023-06-02T09:27:17.116" intervalms="363.779" type="nursery" />
<cycle-start id="5918" type="scavenge" contextid="0" timestamp="2023-06-02T09:27:17.116" intervalms="363.861" />
<gc-start id="5919" type="scavenge" contextid="5918" timestamp="2023-06-02T09:27:17.119">
  <mem-info id="5920" free="43366624" total="1073741824" percent="4">
    <mem type="nursery" free="0" total="268435456" percent="0">
      <mem type="allocate" free="0" total="241565696" percent="0" />
      <mem type="survivor" free="0" total="26869760" percent="0" />
    </mem>
    <mem type="tenure" free="43366624" total="805306368" percent="5">
      <mem type="soa" free="35312864" total="797252608" percent="4" />
      <mem type="loa" free="8053760" total="8053760" percent="100" />
    </mem>
    <remembered-set count="3930" />
  </mem-info>
</gc-start>
<allocation-stats totalBytes="234794936" >
  <allocated-bytes non-tlh="16432" tlh="234778504" />
  <largest-consumer threadName="[SQL@09:27:17.108], select distinct t3.ITEM_ID, t3.NAME, t4.NAME, t3.CATEGORY_TYPE_ITEM_ID, t3.ARCHIVED, t4.ARCHIVED, t3.EXTERN..." threadId="000000000AB99500" bytes="233198592" />
</allocation-stats>
<gc-op id="5921" type="scavenge" timems="4.140" contextid="5918" timestamp="2023-06-02T09:27:17.123">
  <scavenger-info tenureage="9" tenuremask="4600" tiltratio="89" />
  <memory-copied type="nursery" objects="215915" bytes="10302592" bytesdiscarded="181552" />
  <memory-copied type="tenure" objects="9041" bytes="1332424" bytesdiscarded="6648" />
  <finalization candidates="440" enqueued="199" />
  <ownableSynchronizers candidates="51794" cleared="51496" />
  <references type="soft" candidates="321" cleared="0" enqueued="0" dynamicThreshold="1" maxThreshold="32" />
  <references type="weak" candidates="12" cleared="11" enqueued="2" />
</gc-op>
<gc-end id="5922" type="scavenge" contextid="5918" durationms="4.487" usertimems="15.625" systemtimems="0.000" timestamp="2023-06-02T09:27:17.123" activeThreads="16">
  <mem-info id="5923" free="273245536" total="1073741824" percent="25">
    <mem type="nursery" free="231078992" total="268435456" percent="86">
      <mem type="allocate" free="231078992" total="241565696" percent="95" />
      <mem type="survivor" free="0" total="26869760" percent="0" />
    </mem>
    <mem type="tenure" free="42166544" total="805306368" percent="5" macro-fragmented="22644">
      <mem type="soa" free="34112784" total="797252608" percent="4" />
      <mem type="loa" free="8053760" total="8053760" percent="100" />
    </mem>
    <pending-finalizers system="80" default="119" reference="2" classloader="0" />
    <remembered-set count="2694" />
  </mem-info>
</gc-end>
<cycle-end id="5924" type="scavenge" contextid="5918" timestamp="2023-06-02T09:27:17.124" />
<allocation-satisfied id="5925" threadId="000000000AB99500" bytesRequested="584" />
<af-end id="5926" timestamp="2023-06-02T09:27:17.125" threadId="000000000AB99E80" success="true" from="nursery"/>
<exclusive-end id="5927" timestamp="2023-06-02T09:27:17.125" durationms="9.720" />

<exclusive-start id="5928" timestamp="2023-06-02T09:27:17.480" intervalms="364.686">
  <response-info timems="0.361" idlems="0.361" threads="0" lastid="000000000AB99500" lastname="[SQL@09:27:17.473], select distinct t3.KEY_COL, t3.VALUE, t4.KE" />
</exclusive-start>
<af-start id="5929" threadId="000000000AB99E80" totalBytesRequested="40" timestamp="2023-06-02T09:27:17.480" intervalms="364.807" type="nursery" />
<cycle-start id="5930" type="scavenge" contextid="0" timestamp="2023-06-02T09:27:17.480" intervalms="364.809" />
<gc-start id="5931" type="scavenge" contextid="5930" timestamp="2023-06-02T09:27:17.485">
  <mem-info id="5932" free="42166544" total="1073741824" percent="3">
    <mem type="nursery" free="0" total="268435456" percent="0">
      <mem type="allocate" free="0" total="241565696" percent="0" />
      <mem type="survivor" free="0" total="26869760" percent="0" />
    </mem>
    <mem type="tenure" free="42166544" total="805306368" percent="5">
      <mem type="soa" free="34112784" total="797252608" percent="4" />
      <mem type="loa" free="8053760" total="8053760" percent="100" />
    </mem>
    <remembered-set count="3729" />
  </mem-info>
</gc-start>
<allocation-stats totalBytes="231003400" >
  <allocated-bytes non-tlh="584" tlh="231002816" />
  <largest-consumer threadName="[SQL@09:27:17.473], select distinct t3.KEY_COL, t3.VALUE, t4.KEY_COL, t4.VALUE, t5.KEY_COL, t5.VALUE, t6.KEY_COL, t6.VALUE, t7...." threadId="000000000AB99500" bytes="229672400" />
</allocation-stats>
<gc-op id="5933" type="scavenge" timems="4.919" contextid="5930" timestamp="2023-06-02T09:27:17.490">
  <scavenger-info tenureage="13" tenuremask="6000" tiltratio="89" />
  <memory-copied type="nursery" objects="222366" bytes="10527424" bytesdiscarded="187808" />
  <memory-copied type="tenure" objects="2214" bytes="359016" bytesdiscarded="1944" />
  <finalization candidates="400" enqueued="166" />
  <ownableSynchronizers candidates="48297" cleared="48011" />
  <references type="soft" candidates="345" cleared="0" enqueued="0" dynamicThreshold="1" maxThreshold="32" />
  <references type="weak" candidates="11" cleared="10" enqueued="2" />
</gc-op>
<gc-end id="5934" type="scavenge" contextid="5930" durationms="5.623" usertimems="15.625" systemtimems="0.000" timestamp="2023-06-02T09:27:17.490" activeThreads="16">
  <mem-info id="5935" free="272584856" total="1073741824" percent="25">
    <mem type="nursery" free="230848456" total="268435456" percent="85">
      <mem type="allocate" free="230848456" total="241565696" percent="95" />
      <mem type="survivor" free="0" total="26869760" percent="0" />
    </mem>
    <mem type="tenure" free="41736400" total="805306368" percent="5" macro-fragmented="0">
      <mem type="soa" free="33682640" total="797252608" percent="4" />
      <mem type="loa" free="8053760" total="8053760" percent="100" />
    </mem>
    <pending-finalizers system="60" default="106" reference="2" classloader="0" />
    <remembered-set count="2637" />
  </mem-info>
</gc-end>
<cycle-end id="5936" type="scavenge" contextid="5930" timestamp="2023-06-02T09:27:17.491" />
<allocation-satisfied id="5937" threadId="000000000AB99500" bytesRequested="40" />
<af-end id="5938" timestamp="2023-06-02T09:27:17.491" threadId="000000000AB99E80" success="true" from="nursery"/>
<exclusive-end id="5939" timestamp="2023-06-02T09:27:17.491" durationms="11.989" />

<exclusive-start id="5940" timestamp="2023-06-02T09:27:23.936" intervalms="6457.102">
  <response-info timems="0.062" idlems="0.062" threads="0" lastid="0000000003397A00" lastname="lqe.Indexer-tdb-thread-0" />
</exclusive-start>
<af-start id="5941" threadId="0000000003398380" totalBytesRequested="2104" timestamp="2023-06-02T09:27:23.937" intervalms="6456.733" type="nursery" />
<cycle-start id="5942" type="scavenge" contextid="0" timestamp="2023-06-02T09:27:23.937" intervalms="6456.637" />
<gc-start id="5943" type="scavenge" contextid="5942" timestamp="2023-06-02T09:27:23.938">
  <mem-info id="5944" free="41703128" total="1073741824" percent="3">
    <mem type="nursery" free="0" total="268435456" percent="0">
      <mem type="allocate" free="0" total="241565696" percent="0" />
      <mem type="survivor" free="0" total="26869760" percent="0" />
    </mem>
    <mem type="tenure" free="41703128" total="805306368" percent="5">
      <mem type="soa" free="33649368" total="797252608" percent="4" />
      <mem type="loa" free="8053760" total="8053760" percent="100" />
    </mem>
    <remembered-set count="5104" />
  </mem-info>
</gc-start>
<allocation-stats totalBytes="230735656" >
  <allocated-bytes non-tlh="480120" tlh="230255536" />
  <largest-consumer threadName="qm: AsynchronousTaskRunner-3 @@ 09:25" threadId="000000000AB99500" bytes="160523568" />
</allocation-stats>
<gc-op id="5945" type="scavenge" timems="13.360" contextid="5942" timestamp="2023-06-02T09:27:23.951">
  <scavenger-info tenureage="8" tenuremask="4500" tiltratio="89" />
  <memory-copied type="nursery" objects="431515" bytes="26630568" bytesdiscarded="234944" />
  <memory-copied type="tenure" objects="15553" bytes="1379152" bytesdiscarded="6576" />
  <copy-failed type="nursery" objects="6326" bytes="259008" />
  <finalization candidates="60235" enqueued="59984" />
  <ownableSynchronizers candidates="8963" cleared="8658" />
  <references type="soft" candidates="492" cleared="0" enqueued="0" dynamicThreshold="1" maxThreshold="32" />
  <references type="weak" candidates="31" cleared="25" enqueued="18" />
</gc-op>
<gc-end id="5946" type="scavenge" contextid="5942" durationms="13.692" usertimems="15.625" systemtimems="0.000" timestamp="2023-06-02T09:27:23.951" activeThreads="16">
  <mem-info id="5947" free="230043088" total="1073741824" percent="21">
    <mem type="nursery" free="189661184" total="268435456" percent="70">
      <mem type="allocate" free="189661184" total="216530944" percent="87" />
      <mem type="survivor" free="0" total="51904512" percent="0" />
    </mem>
    <mem type="tenure" free="40381904" total="805306368" percent="5" macro-fragmented="0">
      <mem type="soa" free="32328144" total="797252608" percent="4" />
      <mem type="loa" free="8053760" total="8053760" percent="100" />
    </mem>
    <pending-finalizers system="59563" default="421" reference="18" classloader="0" />
    <remembered-set count="4125" />
  </mem-info>
</gc-end>
<cycle-end id="5948" type="scavenge" contextid="5942" timestamp="2023-06-02T09:27:23.955" />
<allocation-satisfied id="5949" threadId="0000000003397A00" bytesRequested="2104" />
<af-end id="5950" timestamp="2023-06-02T09:27:23.955" threadId="0000000003398380" success="true" from="nursery"/>
<exclusive-end id="5951" timestamp="2023-06-02T09:27:23.955" durationms="18.413" />

<exclusive-start id="5952" timestamp="2023-06-02T09:27:29.579" intervalms="5641.651">
  <response-info timems="0.140" idlems="0.140" threads="0" lastid="0000000010678200" lastname="Default Executor-thread-64" />
</exclusive-start>
<af-start id="5953" threadId="0000000010678B80" totalBytesRequested="72" timestamp="2023-06-02T09:27:29.579" intervalms="5641.703" type="nursery" />
<cycle-start id="5954" type="scavenge" contextid="0" timestamp="2023-06-02T09:27:29.579" intervalms="5641.732" />
<gc-start id="5955" type="scavenge" contextid="5954" timestamp="2023-06-02T09:27:29.588">
  <mem-info id="5956" free="40381080" total="1073741824" percent="3">
    <mem type="nursery" free="0" total="268435456" percent="0">
      <mem type="allocate" free="0" total="216530944" percent="0" />
      <mem type="survivor" free="0" total="51904512" percent="0" />
    </mem>
    <mem type="tenure" free="40381080" total="805306368" percent="5">
      <mem type="soa" free="32327320" total="797252608" percent="4" />
      <mem type="loa" free="8053760" total="8053760" percent="100" />
    </mem>
    <remembered-set count="5223" />
  </mem-info>
</gc-start>
<allocation-stats totalBytes="189435744" >
  <allocated-bytes non-tlh="1280064" tlh="188155680" />
  <largest-consumer threadName="qm: AsynchronousTaskRunner-3 @@ 09:25" threadId="000000000AB99500" bytes="121613248" />
</allocation-stats>
<gc-op id="5957" type="scavenge" timems="10.266" contextid="5954" timestamp="2023-06-02T09:27:29.599">
  <scavenger-info tenureage="4" tenuremask="41f0" tiltratio="80" />
  <memory-copied type="nursery" objects="393276" bytes="28279832" bytesdiscarded="345152" />
  <memory-copied type="tenure" objects="31175" bytes="2969360" bytesdiscarded="12472" />
  <finalization candidates="53043" enqueued="52771" />
  <ownableSynchronizers candidates="3063" cleared="2725" />
  <references type="soft" candidates="348" cleared="0" enqueued="0" dynamicThreshold="1" maxThreshold="32" />
  <references type="weak" candidates="52" cleared="34" enqueued="26" />
</gc-op>
<gc-end id="5958" type="scavenge" contextid="5954" durationms="10.639" usertimems="0.000" systemtimems="0.000" timestamp="2023-06-02T09:27:29.599" activeThreads="16">
  <mem-info id="5959" free="237958544" total="1073741824" percent="22">
    <mem type="nursery" free="200877432" total="268435456" percent="74">
      <mem type="allocate" free="200877432" total="229507072" percent="87" />
      <mem type="survivor" free="0" total="38928384" percent="0" />
    </mem>
    <mem type="tenure" free="37081112" total="805306368" percent="4" macro-fragmented="0">
      <mem type="soa" free="29027352" total="797252608" percent="3" />
      <mem type="loa" free="8053760" total="8053760" percent="100" />
    </mem>
    <pending-finalizers system="52364" default="407" reference="26" classloader="0" />
    <remembered-set count="4111" />
  </mem-info>
</gc-end>
<cycle-end id="5960" type="scavenge" contextid="5954" timestamp="2023-06-02T09:27:29.601" />
<allocation-satisfied id="5961" threadId="0000000010678200" bytesRequested="72" />
<af-end id="5962" timestamp="2023-06-02T09:27:29.601" threadId="0000000010678B80" success="true" from="nursery"/>
<exclusive-end id="5963" timestamp="2023-06-02T09:27:29.601" durationms="22.913" />

<exclusive-start id="5964" timestamp="2023-06-02T09:27:33.168" intervalms="3589.168">
  <response-info timems="0.124" idlems="0.124" threads="0" lastid="00000000014DE400" lastname="Bundle File Closer" />
</exclusive-start>
<af-start id="5965" threadId="00000000014DED80" totalBytesRequested="368" timestamp="2023-06-02T09:27:33.168" intervalms="3589.117" type="nursery" />
<cycle-start id="5966" type="scavenge" contextid="0" timestamp="2023-06-02T09:27:33.168" intervalms="3589.109" />
<gc-start id="5967" type="scavenge" contextid="5966" timestamp="2023-06-02T09:27:33.171">
  <mem-info id="5968" free="37073776" total="1073741824" percent="3">
    <mem type="nursery" free="0" total="268435456" percent="0">
      <mem type="allocate" free="0" total="229507072" percent="0" />
      <mem type="survivor" free="0" total="38928384" percent="0" />
    </mem>
    <mem type="tenure" free="37073776" total="805306368" percent="4">
      <mem type="soa" free="29020016" total="797252608" percent="3" />
      <mem type="loa" free="8053760" total="8053760" percent="100" />
    </mem>
    <remembered-set count="8064" />
  </mem-info>
</gc-start>
<allocation-stats totalBytes="200701936" >
  <allocated-bytes non-tlh="836960" tlh="199864976" />
  <largest-consumer threadName="qm: AsynchronousTaskRunner-3 @@ 09:25" threadId="000000000AB99500" bytes="155460264" />
</allocation-stats>
<gc-op id="5969" type="scavenge" timems="12.202" contextid="5966" timestamp="2023-06-02T09:27:33.183">
  <scavenger-info tenureage="3" tenuremask="fc18" tiltratio="85" />
  <memory-copied type="nursery" objects="138781" bytes="38847192" bytesdiscarded="70568" />
  <memory-copied type="tenure" objects="144952" bytes="6727320" bytesdiscarded="5304" />
  <copy-failed type="nursery" objects="134299" bytes="5614488" />
  <finalization candidates="28160" enqueued="27872" />
  <ownableSynchronizers candidates="3073" cleared="2025" />
  <references type="soft" candidates="506" cleared="0" enqueued="0" dynamicThreshold="1" maxThreshold="32" />
  <references type="weak" candidates="242" cleared="118" enqueued="29" />
  <references type="phantom" candidates="4" cleared="0" enqueued="0" />
</gc-op>
<gc-end id="5970" type="scavenge" contextid="5966" durationms="12.589" usertimems="0.000" systemtimems="0.000" timestamp="2023-06-02T09:27:33.184" activeThreads="16">
  <mem-info id="5971" free="187339504" total="1073741824" percent="17">
    <mem type="nursery" free="156696576" total="268435456" percent="58">
      <mem type="allocate" free="156696576" total="195624960" percent="80" />
      <mem type="survivor" free="0" total="72810496" percent="0" />
    </mem>
    <mem type="tenure" free="30642928" total="805306368" percent="3" macro-fragmented="0">
      <mem type="soa" free="22589168" total="797252608" percent="2" />
      <mem type="loa" free="8053760" total="8053760" percent="100" />
    </mem>
    <pending-finalizers system="27528" default="344" reference="29" classloader="0" />
    <remembered-set count="6432" />
  </mem-info>
</gc-end>
<cycle-end id="5972" type="scavenge" contextid="5966" timestamp="2023-06-02T09:27:33.190" />
<allocation-satisfied id="5973" threadId="00000000014DE400" bytesRequested="368" />
<af-end id="5974" timestamp="2023-06-02T09:27:33.190" threadId="00000000014DED80" success="true" from="nursery"/>
<exclusive-end id="5975" timestamp="2023-06-02T09:27:33.190" durationms="21.952" />

<exclusive-start id="5976" timestamp="2023-06-02T09:27:33.624" intervalms="455.754">
  <response-info timems="0.146" idlems="0.146" threads="0" lastid="000000000AB99500" lastname="qm: AsynchronousTaskRunner-3 @@ 09:25" />
</exclusive-start>
<af-start id="5977" threadId="000000000AB99E80" totalBytesRequested="16" timestamp="2023-06-02T09:27:33.624" intervalms="455.826" type="nursery" />
<cycle-start id="5978" type="scavenge" contextid="0" timestamp="2023-06-02T09:27:33.624" intervalms="455.839" />
<gc-start id="5979" type="scavenge" contextid="5978" timestamp="2023-06-02T09:27:33.630">
  <mem-info id="5980" free="30637800" total="1073741824" percent="2">
    <mem type="nursery" free="0" total="268435456" percent="0">
      <mem type="allocate" free="0" total="195624960" percent="0" />
      <mem type="survivor" free="0" total="72810496" percent="0" />
    </mem>
    <mem type="tenure" free="30637800" total="805306368" percent="3">
      <mem type="soa" free="22584040" total="797252608" percent="2" />
      <mem type="loa" free="8053760" total="8053760" percent="100" />
    </mem>
    <remembered-set count="8788" />
  </mem-info>
</gc-start>
<allocation-stats totalBytes="156539128" >
  <allocated-bytes non-tlh="71048" tlh="156468080" />
  <largest-consumer threadName="qm: AsynchronousTaskRunner-3 @@ 09:25" threadId="000000000AB99500" bytes="119248008" />
</allocation-stats>
<gc-op id="5981" type="scavenge" timems="13.993" contextid="5978" timestamp="2023-06-02T09:27:33.644">
  <scavenger-info tenureage="6" tenuremask="ffc0" tiltratio="72" />
  <memory-copied type="nursery" objects="368059" bytes="51992688" bytesdiscarded="467616" />
  <finalization candidates="2117" enqueued="1828" />
  <ownableSynchronizers candidates="3721" cleared="2014" />
  <references type="soft" candidates="1143" cleared="0" enqueued="0" dynamicThreshold="1" maxThreshold="32" />
  <references type="weak" candidates="531" cleared="381" enqueued="24" />
  <references type="phantom" candidates="4" cleared="0" enqueued="0" />
</gc-op>
<gc-end id="5982" type="scavenge" contextid="5978" durationms="14.360" usertimems="78.125" systemtimems="15.625" timestamp="2023-06-02T09:27:33.644" activeThreads="16">
  <mem-info id="5983" free="174832360" total="1073741824" percent="16">
    <mem type="nursery" free="144194560" total="268435456" percent="53">
      <mem type="allocate" free="144194560" total="196673536" percent="73" />
      <mem type="survivor" free="0" total="71761920" percent="0" />
    </mem>
    <mem type="tenure" free="30637800" total="805306368" percent="3" macro-fragmented="0">
      <mem type="soa" free="22584040" total="797252608" percent="2" />
      <mem type="loa" free="8053760" total="8053760" percent="100" />
    </mem>
    <pending-finalizers system="1083" default="745" reference="24" classloader="0" />
    <remembered-set count="8061" />
  </mem-info>
</gc-end>
<cycle-end id="5984" type="scavenge" contextid="5978" timestamp="2023-06-02T09:27:33.652" />
<allocation-satisfied id="5985" threadId="000000000AB99500" bytesRequested="16" />
<af-end id="5986" timestamp="2023-06-02T09:27:33.652" threadId="000000000AB99E80" success="true" from="nursery"/>
<exclusive-end id="5987" timestamp="2023-06-02T09:27:33.652" durationms="28.225" />

<exclusive-start id="5988" timestamp="2023-06-02T09:27:34.036" intervalms="411.880">
  <response-info timems="0.146" idlems="0.146" threads="0" lastid="000000000AB99500" lastname="qm: AsynchronousTaskRunner-3 @@ 09:25" />
</exclusive-start>
<af-start id="5989" threadId="000000000AB99E80" totalBytesRequested="16" timestamp="2023-06-02T09:27:34.036" intervalms="412.011" type="nursery" />
<cycle-start id="5990" type="scavenge" contextid="0" timestamp="2023-06-02T09:27:34.036" intervalms="412.154" />
<gc-start id="5991" type="scavenge" contextid="5990" timestamp="2023-06-02T09:27:34.041">
  <mem-info id="5992" free="30637480" total="1073741824" percent="2">
    <mem type="nursery" free="0" total="268435456" percent="0">
      <mem type="allocate" free="0" total="196673536" percent="0" />
      <mem type="survivor" free="0" total="71761920" percent="0" />
    </mem>
    <mem type="tenure" free="30637480" total="805306368" percent="3">
      <mem type="soa" free="22583720" total="797252608" percent="2" />
      <mem type="loa" free="8053760" total="8053760" percent="100" />
    </mem>
    <remembered-set count="8373" />
  </mem-info>
</gc-start>
<allocation-stats totalBytes="144072600" >
  <allocated-bytes non-tlh="573800" tlh="143498800" />
  <largest-consumer threadName="qm: AsynchronousTaskRunner-3 @@ 09:25" threadId="000000000AB99500" bytes="141271200" />
</allocation-stats>
<gc-op id="5993" type="scavenge" timems="20.063" contextid="5990" timestamp="2023-06-02T09:27:34.062">
  <scavenger-info tenureage="3" tenuremask="fff8" tiltratio="73" />
  <memory-copied type="nursery" objects="758072" bytes="57801576" bytesdiscarded="262848" />
  <memory-copied type="tenure" objects="45193" bytes="12637672" bytesdiscarded="43232" />
  <finalization candidates="318" enqueued="29" />
  <ownableSynchronizers candidates="1784" cleared="77" />
  <references type="soft" candidates="880" cleared="0" enqueued="0" dynamicThreshold="1" maxThreshold="32" />
  <references type="weak" candidates="410" cleared="289" enqueued="0" />
  <references type="phantom" candidates="5" cleared="0" enqueued="0" />
</gc-op>
<gc-end id="5994" type="scavenge" contextid="5990" durationms="20.509" usertimems="203.125" systemtimems="0.000" timestamp="2023-06-02T09:27:34.063" activeThreads="16">
  <mem-info id="5995" free="152342976" total="1073741824" percent="14">
    <mem type="nursery" free="134933728" total="268435456" percent="50">
      <mem type="allocate" free="134933728" total="193003520" percent="69" />
      <mem type="survivor" free="0" total="75431936" percent="0" />
    </mem>
    <mem type="tenure" free="17409248" total="805306368" percent="2" macro-fragmented="0">
      <mem type="soa" free="9355488" total="797252608" percent="1" />
      <mem type="loa" free="8053760" total="8053760" percent="100" />
    </mem>
    <pending-finalizers system="1" default="28" reference="0" classloader="0" />
    <remembered-set count="6737" />
  </mem-info>
</gc-end>
<cycle-end id="5996" type="scavenge" contextid="5990" timestamp="2023-06-02T09:27:34.067" />
<allocation-satisfied id="5997" threadId="000000000AB99500" bytesRequested="16" />
<af-end id="5998" timestamp="2023-06-02T09:27:34.067" threadId="000000000AB99E80" success="true" from="nursery"/>
<exclusive-end id="5999" timestamp="2023-06-02T09:27:34.067" durationms="31.972" />

<concurrent-kickoff id="6000" timestamp="2023-06-02T09:27:34.260">
  <kickoff reason="threshold reached" targetBytes="382157714" thresholdFreeBytes="52830160"  remainingFree="52825296" tenureFreeBytes="17409248" nurseryFreeBytes="52825296" />
</concurrent-kickoff>
<exclusive-start id="6001" timestamp="2023-06-02T09:27:34.261" intervalms="227.053">
  <response-info timems="0.165" idlems="0.165" threads="0" lastid="000000000AB99500" lastname="qm: AsynchronousTaskRunner-3 @@ 09:25" />
</exclusive-start>
<cycle-start id="6002" type="global" contextid="0" timestamp="2023-06-02T09:27:34.261" intervalms="22020.278" />
<exclusive-end id="6003" timestamp="2023-06-02T09:27:34.261" durationms="0.048" />

<exclusive-start id="6004" timestamp="2023-06-02T09:27:34.813" intervalms="551.387">
  <response-info timems="0.175" idlems="0.175" threads="0" lastid="000000000AB99500" lastname="qm: AsynchronousTaskRunner-3 @@ 09:25" />
</exclusive-start>
<concurrent-collection-start id="6005" timestamp="2023-06-02T09:27:34.814" intervalms="22076.129" >
  <concurrent-trace-info reason="card cleaning threshold reached" tracedByMutators="143917196" tracedByHelpers="250653952" cardsCleaned="423" workStackOverflowCount="0" />
</concurrent-collection-start>
<gc-start id="6006" type="global" contextid="6002" timestamp="2023-06-02T09:27:34.818">
  <mem-info id="6007" free="21934600" total="1073741824" percent="2">
    <mem type="nursery" free="4525592" total="268435456" percent="1">
      <mem type="allocate" free="4525592" total="193003520" percent="2" />
      <mem type="survivor" free="0" total="75431936" percent="0" />
    </mem>
    <mem type="tenure" free="17409008" total="805306368" percent="2">
      <mem type="soa" free="9355248" total="797252608" percent="1" />
      <mem type="loa" free="8053760" total="8053760" percent="100" />
    </mem>
    <remembered-set count="6988" />
  </mem-info>
</gc-start>
<allocation-stats totalBytes="130380616" >
  <allocated-bytes non-tlh="2079944" tlh="128300672" />
  <largest-consumer threadName="qm: AsynchronousTaskRunner-3 @@ 09:25" threadId="000000000AB99500" bytes="128102752" />
</allocation-stats>
<gc-op id="6008" type="rs-scan" timems="31.218" contextid="6002" timestamp="2023-06-02T09:27:34.850">
  <scan objectsFound="5256" bytesTraced="70832828" workStackOverflowCount="0" />
</gc-op>
<gc-op id="6009" type="card-cleaning" timems="0.394" contextid="6002" timestamp="2023-06-02T09:27:34.850">
  <card-cleaning cardsCleaned="3" bytesTraced="19040" workStackOverflowCount="0" />
</gc-op>
<gc-op id="6010" type="mark" timems="34.186" contextid="6002" timestamp="2023-06-02T09:27:34.884">
  <trace-info objectcount="7105" scancount="6641" scanbytes="398764" />
  <finalization candidates="5383" enqueued="132" />
  <ownableSynchronizers candidates="56117" cleared="1944" />
  <references type="soft" candidates="94247" cleared="1897" enqueued="1860" dynamicThreshold="1" maxThreshold="32" />
  <references type="weak" candidates="54993" cleared="0" enqueued="0" />
  <references type="phantom" candidates="355" cleared="4" enqueued="4" />
  <stringconstants candidates="123648" cleared="88"  />
</gc-op>
<gc-op id="6011" type="classunload" timems="26.186" contextid="6002" timestamp="2023-06-02T09:27:34.911">
  <classunload-info classloadercandidates="9478" classloadersunloaded="17" classesunloaded="17" anonymousclassesunloaded="0" quiescems="0.000" setupms="25.612" scanms="0.541" postms="0.032" />
</gc-op>
<gc-op id="6012" type="sweep" timems="5.457" contextid="6002" timestamp="2023-06-02T09:27:34.916" />
<gc-end id="6013" type="global" contextid="6002" durationms="98.461" usertimems="312.500" systemtimems="0.000" timestamp="2023-06-02T09:27:34.916" activeThreads="16">
  <mem-info id="6014" free="85358904" total="1073741824" percent="7">
    <mem type="nursery" free="52012920" total="268435456" percent="19">
      <mem type="allocate" free="52012920" total="193003520" percent="26" />
      <mem type="survivor" free="0" total="75431936" percent="0" />
    </mem>
    <mem type="tenure" free="33345984" total="805306368" percent="4" micro-fragmented="1188962" macro-fragmented="0">
      <mem type="soa" free="25292224" total="797252608" percent="3" />
      <mem type="loa" free="8053760" total="8053760" percent="100" />
    </mem>
    <pending-finalizers system="94" default="38" reference="1864" classloader="0" />
    <remembered-set count="6560" />
  </mem-info>
</gc-end>
<cycle-end id="6015" type="global" contextid="6002" timestamp="2023-06-02T09:27:34.941" />
<concurrent-collection-end id="6016" timestamp="2023-06-02T09:27:34.941" />
<exclusive-end id="6017" timestamp="2023-06-02T09:27:34.941" durationms="127.468" />

<exclusive-start id="6018" timestamp="2023-06-02T09:27:35.091" intervalms="277.870">
  <response-info timems="0.243" idlems="0.243" threads="0" lastid="000000000AB99500" lastname="qm: AsynchronousTaskRunner-3 @@ 09:25" />
</exclusive-start>
<af-start id="6019" threadId="000000000AB99E80" totalBytesRequested="40" timestamp="2023-06-02T09:27:35.091" intervalms="1056.253" type="nursery" />
<cycle-start id="6020" type="scavenge" contextid="0" timestamp="2023-06-02T09:27:35.091" intervalms="1056.107" />
<gc-start id="6021" type="scavenge" contextid="6020" timestamp="2023-06-02T09:27:35.096">
  <mem-info id="6022" free="33345904" total="1073741824" percent="3">
    <mem type="nursery" free="0" total="268435456" percent="0">
      <mem type="allocate" free="0" total="193003520" percent="0" />
      <mem type="survivor" free="0" total="75431936" percent="0" />
    </mem>
    <mem type="tenure" free="33345904" total="805306368" percent="4">
      <mem type="soa" free="25292144" total="797252608" percent="3" />
      <mem type="loa" free="8053760" total="8053760" percent="100" />
    </mem>
    <remembered-set count="8465" />
  </mem-info>
</gc-start>
<allocation-stats totalBytes="51557456" >
  <allocated-bytes non-tlh="5628136" tlh="45929320" />
  <largest-consumer threadName="qm: AsynchronousTaskRunner-3 @@ 09:25" threadId="000000000AB99500" bytes="50338592" />
</allocation-stats>
<gc-op id="6023" type="scavenge" timems="168.984" contextid="6020" timestamp="2023-06-02T09:27:35.266">
  <scavenger-info tenureage="3" tenuremask="4008" tiltratio="71" />
  <memory-copied type="nursery" objects="1678430" bytes="74984320" bytesdiscarded="444552" />
  <memory-copied type="tenure" objects="54753" bytes="23631528" bytesdiscarded="239968" />
  <copy-failed type="nursery" objects="1" bytes="48" />
  <copy-failed type="tenure" objects="585" bytes="717072" />
  <ownableSynchronizers candidates="106810" cleared="0" />
  <warning details="aborted collection due to insufficient free space" />
</gc-op>
<gc-end id="6024" type="scavenge" contextid="6020" durationms="169.518" usertimems="515.625" systemtimems="0.000" timestamp="2023-06-02T09:27:35.266" activeThreads="16">
  <mem-info id="6025" free="8053760" total="1073741824" percent="0">
    <mem type="nursery" free="0" total="268435456" percent="0">
      <mem type="allocate" free="0" total="193003520" percent="0" />
      <mem type="survivor" free="0" total="75431936" percent="0" />
    </mem>
    <mem type="tenure" free="8053760" total="805306368" percent="1" macro-fragmented="7740516">
      <mem type="soa" free="0" total="797252608" percent="0" />
      <mem type="loa" free="8053760" total="8053760" percent="100" />
    </mem>
    <remembered-set count="8465" />
  </mem-info>
</gc-end>
<cycle-end id="6026" type="scavenge" contextid="6020" timestamp="2023-06-02T09:27:35.274" />
<percolate-collect id="6027" from="nursery" to="global" reason="failed tenure threshold reached" timestamp="2023-06-02T09:27:35.274"/>
<cycle-start id="6028" type="global" contextid="0" timestamp="2023-06-02T09:27:35.274" intervalms="1012.104" />
<gc-start id="6029" type="global" contextid="6028" timestamp="2023-06-02T09:27:35.276">
  <mem-info id="6030" free="8053760" total="1073741824" percent="0">
    <mem type="nursery" free="0" total="268435456" percent="0">
      <mem type="allocate" free="0" total="193003520" percent="0" />
      <mem type="survivor" free="0" total="75431936" percent="0" />
    </mem>
    <mem type="tenure" free="8053760" total="805306368" percent="1">
      <mem type="soa" free="0" total="797252608" percent="0" />
      <mem type="loa" free="8053760" total="8053760" percent="100" />
    </mem>
    <remembered-set count="8465" />
  </mem-info>
</gc-start>
<allocation-stats totalBytes="0" >
  <allocated-bytes non-tlh="0" tlh="0" />
</allocation-stats>
<gc-op id="6031" type="mark" timems="134.728" contextid="6028" timestamp="2023-06-02T09:27:35.411">
  <trace-info objectcount="15215968" scancount="13313171" scanbytes="467992936" />
  <finalization candidates="4998" enqueued="1" />
  <ownableSynchronizers candidates="54195" cleared="586" />
  <references type="soft" candidates="92370" cleared="2339" enqueued="2253" dynamicThreshold="1" maxThreshold="32" />
  <references type="weak" candidates="54992" cleared="7" enqueued="7" />
  <references type="phantom" candidates="351" cleared="1" enqueued="1" />
  <stringconstants candidates="123560" cleared="26"  />
</gc-op>
<gc-op id="6032" type="sweep" timems="9.162" contextid="6028" timestamp="2023-06-02T09:27:35.420" />
<gc-end id="6033" type="global" contextid="6028" durationms="145.186" usertimems="1812.500" systemtimems="0.000" timestamp="2023-06-02T09:27:35.421" activeThreads="16">
  <mem-info id="6034" free="76810280" total="1073741824" percent="7">
    <mem type="nursery" free="41224040" total="268435456" percent="15">
      <mem type="allocate" free="41224040" total="193003520" percent="21" />
      <mem type="survivor" free="0" total="75431936" percent="0" />
    </mem>
    <mem type="tenure" free="35586240" total="805306368" percent="4" micro-fragmented="1369704" macro-fragmented="168253">
      <mem type="soa" free="27532480" total="797252608" percent="3" />
      <mem type="loa" free="8053760" total="8053760" percent="100" />
    </mem>
    <pending-finalizers system="1" default="0" reference="2261" classloader="0" />
    <remembered-set count="8290" />
  </mem-info>
</gc-end>
<cycle-end id="6035" type="global" contextid="6028" timestamp="2023-06-02T09:27:35.424" />
<allocation-satisfied id="6036" threadId="000000000AB99500" bytesRequested="40" />
<af-end id="6037" timestamp="2023-06-02T09:27:35.424" threadId="000000000AB99E80" success="true" from="nursery"/>
<exclusive-end id="6038" timestamp="2023-06-02T09:27:35.424" durationms="331.842" />

<exclusive-start id="6039" timestamp="2023-06-02T09:27:35.540" intervalms="447.946">
  <response-info timems="0.064" idlems="0.064" threads="0" lastid="000000000AB99500" lastname="qm: AsynchronousTaskRunner-3 @@ 09:25" />
</exclusive-start>
<af-start id="6040" threadId="000000000AB99E80" totalBytesRequested="262152" timestamp="2023-06-02T09:27:35.540" intervalms="447.800" type="nursery" />
<cycle-start id="6041" type="scavenge" contextid="0" timestamp="2023-06-02T09:27:35.540" intervalms="447.772" />
<gc-start id="6042" type="scavenge" contextid="6041" timestamp="2023-06-02T09:27:35.541">
  <mem-info id="6043" free="35999824" total="1073741824" percent="3">
    <mem type="nursery" free="413584" total="268435456" percent="0">
      <mem type="allocate" free="413584" total="193003520" percent="0" />
      <mem type="survivor" free="0" total="75431936" percent="0" />
    </mem>
    <mem type="tenure" free="35586240" total="805306368" percent="4">
      <mem type="soa" free="27532480" total="797252608" percent="3" />
      <mem type="loa" free="8053760" total="8053760" percent="100" />
    </mem>
    <remembered-set count="9896" />
  </mem-info>
</gc-start>
<allocation-stats totalBytes="40427720" >
  <allocated-bytes non-tlh="4021456" tlh="36406264" />
  <largest-consumer threadName="qm: AsynchronousTaskRunner-3 @@ 09:25" threadId="000000000AB99500" bytes="39021632" />
</allocation-stats>
<gc-op id="6044" type="scavenge" timems="180.671" contextid="6041" timestamp="2023-06-02T09:27:35.722">
  <scavenger-info tenureage="4" tenuremask="4010" tiltratio="71" />
  <memory-copied type="nursery" objects="1180701" bytes="75389464" bytesdiscarded="37392" />
  <memory-copied type="tenure" objects="662356" bytes="27079176" bytesdiscarded="88416" />
  <copy-failed type="nursery" objects="661786" bytes="26363544" />
  <copy-failed type="tenure" objects="2" bytes="48" />
  <ownableSynchronizers candidates="106057" cleared="0" />
  <warning details="scan cache overflow (new chunk allocation acquired durationms=1, fromHeap=false)" />
  <warning details="aborted collection due to insufficient free space" />
</gc-op>
<gc-end id="6045" type="scavenge" contextid="6041" durationms="180.979" usertimems="500.000" systemtimems="0.000" timestamp="2023-06-02T09:27:35.722" activeThreads="16">
  <mem-info id="6046" free="8467344" total="1073741824" percent="0">
    <mem type="nursery" free="413584" total="268435456" percent="0">
      <mem type="allocate" free="413584" total="193003520" percent="0" />
      <mem type="survivor" free="0" total="75431936" percent="0" />
    </mem>
    <mem type="tenure" free="8053760" total="805306368" percent="1" macro-fragmented="6450429">
      <mem type="soa" free="0" total="797252608" percent="0" />
      <mem type="loa" free="8053760" total="8053760" percent="100" />
    </mem>
    <remembered-set count="9896" />
  </mem-info>
</gc-end>
<cycle-end id="6047" type="scavenge" contextid="6041" timestamp="2023-06-02T09:27:35.733" />
<allocation-satisfied id="6048" threadId="000000000AB99500" bytesRequested="262152" />
<af-end id="6049" timestamp="2023-06-02T09:27:35.733" threadId="000000000AB99E80" success="true" from="tenure-loa"/>
<exclusive-end id="6050" timestamp="2023-06-02T09:27:35.733" durationms="193.494" />

<concurrent-kickoff id="6051" timestamp="2023-06-02T09:27:35.733">
  <kickoff reason="next scavenge will percolate" targetBytes="384598532" thresholdFreeBytes="53172368"  remainingFree="368528" tenureFreeBytes="7791608" nurseryFreeBytes="368528" />
</concurrent-kickoff>
<exclusive-start id="6052" timestamp="2023-06-02T09:27:35.737" intervalms="197.850">
  <response-info timems="3.769" idlems="0.978" threads="3" lastid="00000000087EC200" lastname="gc: Asynchronous local task scheduler" />
</exclusive-start>
<af-start id="6053" threadId="000000000AB99E80" totalBytesRequested="133640" timestamp="2023-06-02T09:27:35.738" intervalms="197.991" type="nursery" />
<percolate-collect id="6054" from="nursery" to="global" reason="failed tenure threshold reached" timestamp="2023-06-02T09:27:35.738"/>
<concurrent-aborted id="6055" timestamp="2023-06-02T09:27:35.738">
  <reason value="insufficient progress made" />
</concurrent-aborted>
<cycle-end id="6056" type="global" contextid="0" timestamp="2023-06-02T09:27:35.738" />
<cycle-start id="6057" type="global" contextid="0" timestamp="2023-06-02T09:27:35.738" intervalms="463.563" />
<gc-start id="6058" type="global" contextid="6057" timestamp="2023-06-02T09:27:35.740">
  <mem-info id="6059" free="7897832" total="1073741824" percent="0">
    <mem type="nursery" free="106224" total="268435456" percent="0">
      <mem type="allocate" free="106224" total="193003520" percent="0" />
      <mem type="survivor" free="0" total="75431936" percent="0" />
    </mem>
    <mem type="tenure" free="7791608" total="805306368" percent="0">
      <mem type="soa" free="0" total="797252608" percent="0" />
      <mem type="loa" free="7791608" total="8053760" percent="96" />
    </mem>
    <remembered-set count="9916" />
  </mem-info>
</gc-start>
<allocation-stats totalBytes="568768" >
  <allocated-bytes non-tlh="262152" tlh="306616" />
  <largest-consumer threadName="qm: AsynchronousTaskRunner-3 @@ 09:25" threadId="000000000AB99500" bytes="262152" />
</allocation-stats>
<gc-op id="6060" type="mark" timems="123.245" contextid="6057" timestamp="2023-06-02T09:27:35.863">
  <trace-info objectcount="15300576" scancount="13392086" scanbytes="471345532" />
  <finalization candidates="4997" enqueued="0" />
  <ownableSynchronizers candidates="53675" cleared="64" />
  <references type="soft" candidates="90053" cleared="30" enqueued="17" dynamicThreshold="1" maxThreshold="32" />
  <references type="weak" candidates="54972" cleared="7" enqueued="7" />
  <references type="phantom" candidates="350" cleared="0" enqueued="0" />
  <stringconstants candidates="123534" cleared="309"  />
</gc-op>
<gc-op id="6061" type="classunload" timems="23.729" contextid="6057" timestamp="2023-06-02T09:27:35.888">
  <classunload-info classloadercandidates="9462" classloadersunloaded="20" classesunloaded="20" anonymousclassesunloaded="0" quiescems="0.000" setupms="23.332" scanms="0.385" postms="0.011" />
</gc-op>
<gc-op id="6062" type="sweep" timems="5.001" contextid="6057" timestamp="2023-06-02T09:27:35.892" />
<mem-info id="6063" free="71396904" total="1073741824" percent="6">
  <mem type="nursery" free="35890168" total="268435456" percent="13">
    <mem type="allocate" free="35890168" total="193003520" percent="18" />
    <mem type="survivor" free="0" total="75431936" percent="0" />
  </mem>
  <mem type="tenure" free="35506736" total="805306368" percent="4" micro-fragmented="1346699" macro-fragmented="0">
    <mem type="soa" free="27715128" total="797252608" percent="3" />
    <mem type="loa" free="7791608" total="8053760" percent="96" />
  </mem>
  <pending-finalizers system="0" default="0" reference="24" classloader="0" />
  <remembered-set count="8845" />
</mem-info>
<gc-op id="6064" type="compact" timems="523.219" contextid="6057" timestamp="2023-06-02T09:27:36.415">
  <compact-info movecount="14909693" movebytes="846577368" reason="compact on aggressive collection" />
</gc-op>
<gc-end id="6065" type="global" contextid="6057" durationms="676.056" usertimems="8359.375" systemtimems="46.875" timestamp="2023-06-02T09:27:36.416" activeThreads="16">
  <mem-info id="6066" free="127779384" total="1073741824" percent="11">
    <mem type="nursery" free="90595936" total="268435456" percent="33">
      <mem type="allocate" free="90595936" total="193003520" percent="46" />
      <mem type="survivor" free="0" total="75431936" percent="0" />
    </mem>
    <mem type="tenure" free="37183448" total="805306368" percent="4">
      <mem type="soa" free="29129688" total="797252608" percent="3" />
      <mem type="loa" free="8053760" total="8053760" percent="100" />
    </mem>
    <pending-finalizers system="0" default="0" reference="24" classloader="0" />
    <remembered-set count="8845" />
  </mem-info>
</gc-end>
<cycle-end id="6067" type="global" contextid="6057" timestamp="2023-06-02T09:27:36.417" />
<allocation-satisfied id="6068" threadId="000000000AB99500" bytesRequested="133640" />
<af-end id="6069" timestamp="2023-06-02T09:27:36.417" threadId="000000000AB99E80" success="true" from="nursery"/>
<exclusive-end id="6070" timestamp="2023-06-02T09:27:36.417" durationms="680.030" />

<exclusive-start id="6071" timestamp="2023-06-02T09:27:36.558" intervalms="820.002">
  <response-info timems="0.129" idlems="0.129" threads="0" lastid="000000000AB99500" lastname="qm: AsynchronousTaskRunner-3 @@ 09:25" />
</exclusive-start>
<af-start id="6072" threadId="000000000AB99E80" totalBytesRequested="32" timestamp="2023-06-02T09:27:36.558" intervalms="819.876" type="nursery" />
<cycle-start id="6073" type="scavenge" contextid="0" timestamp="2023-06-02T09:27:36.558" intervalms="1017.882" />
<gc-start id="6074" type="scavenge" contextid="6073" timestamp="2023-06-02T09:27:36.560">
  <mem-info id="6075" free="37169872" total="1073741824" percent="3">
    <mem type="nursery" free="0" total="268435456" percent="0">
      <mem type="allocate" free="0" total="193003520" percent="0" />
      <mem type="survivor" free="0" total="75431936" percent="0" />
    </mem>
    <mem type="tenure" free="37169872" total="805306368" percent="4">
      <mem type="soa" free="29116112" total="797252608" percent="3" />
      <mem type="loa" free="8053760" total="8053760" percent="100" />
    </mem>
    <remembered-set count="9769" />
  </mem-info>
</gc-start>
<allocation-stats totalBytes="90167640" >
  <allocated-bytes non-tlh="7596992" tlh="82570648" />
  <largest-consumer threadName="qm: AsynchronousTaskRunner-3 @@ 09:25" threadId="000000000AB99500" bytes="80900736" />
</allocation-stats>
<gc-op id="6076" type="scavenge" timems="159.273" contextid="6073" timestamp="2023-06-02T09:27:36.719">
  <scavenger-info tenureage="3" tenuremask="4018" tiltratio="71" />
  <memory-copied type="nursery" objects="1192411" bytes="75395072" bytesdiscarded="34312" />
  <memory-copied type="tenure" objects="579298" bytes="28540176" bytesdiscarded="12560" />
  <copy-failed type="nursery" objects="101774" bytes="4071464" />
  <copy-failed type="tenure" objects="2" bytes="64" />
  <ownableSynchronizers candidates="106229" cleared="0" />
  <warning details="aborted collection due to insufficient free space" />
</gc-op>
<gc-end id="6077" type="scavenge" contextid="6073" durationms="159.643" usertimems="281.250" systemtimems="0.000" timestamp="2023-06-02T09:27:36.719" activeThreads="16">
  <mem-info id="6078" free="8053760" total="1073741824" percent="0">
    <mem type="nursery" free="0" total="268435456" percent="0">
      <mem type="allocate" free="0" total="193003520" percent="0" />
      <mem type="survivor" free="0" total="75431936" percent="0" />
    </mem>
    <mem type="tenure" free="8053760" total="805306368" percent="1" macro-fragmented="7740516">
      <mem type="soa" free="0" total="797252608" percent="0" />
      <mem type="loa" free="8053760" total="8053760" percent="100" />
    </mem>
    <remembered-set count="9769" />
  </mem-info>
</gc-end>
<cycle-end id="6079" type="scavenge" contextid="6073" timestamp="2023-06-02T09:27:36.723" />
<percolate-collect id="6080" from="nursery" to="global" reason="failed tenure threshold reached" timestamp="2023-06-02T09:27:36.723"/>
<cycle-start id="6081" type="global" contextid="0" timestamp="2023-06-02T09:27:36.723" intervalms="985.259" />
<gc-start id="6082" type="global" contextid="6081" timestamp="2023-06-02T09:27:36.726">
  <mem-info id="6083" free="8053760" total="1073741824" percent="0">
    <mem type="nursery" free="0" total="268435456" percent="0">
      <mem type="allocate" free="0" total="193003520" percent="0" />
      <mem type="survivor" free="0" total="75431936" percent="0" />
    </mem>
    <mem type="tenure" free="8053760" total="805306368" percent="1">
      <mem type="soa" free="0" total="797252608" percent="0" />
      <mem type="loa" free="8053760" total="8053760" percent="100" />
    </mem>
    <remembered-set count="9769" />
  </mem-info>
</gc-start>
<allocation-stats totalBytes="0" >
  <allocated-bytes non-tlh="0" tlh="0" />
</allocation-stats>
<gc-op id="6084" type="mark" timems="118.576" contextid="6081" timestamp="2023-06-02T09:27:36.844">
  <trace-info objectcount="15517735" scancount="13594499" scanbytes="479805052" />
  <finalization candidates="4997" enqueued="0" />
  <ownableSynchronizers candidates="53872" cleared="260" />
  <references type="soft" candidates="90089" cleared="40" enqueued="27" dynamicThreshold="1" maxThreshold="32" />
  <references type="weak" candidates="54999" cleared="16" enqueued="16" />
  <references type="phantom" candidates="350" cleared="0" enqueued="0" />
  <stringconstants candidates="123250" cleared="5"  />
</gc-op>
<gc-op id="6085" type="classunload" timems="22.465" contextid="6081" timestamp="2023-06-02T09:27:36.867">
  <classunload-info classloadercandidates="9448" classloadersunloaded="12" classesunloaded="12" anonymousclassesunloaded="0" quiescems="0.000" setupms="22.314" scanms="0.129" postms="0.022" />
</gc-op>
<gc-op id="6086" type="sweep" timems="4.927" contextid="6081" timestamp="2023-06-02T09:27:36.871" />
<gc-end id="6087" type="global" contextid="6081" durationms="146.808" usertimems="1609.375" systemtimems="0.000" timestamp="2023-06-02T09:27:36.871" activeThreads="16">
  <mem-info id="6088" free="108493608" total="1073741824" percent="10">
    <mem type="nursery" free="70699288" total="268435456" percent="26">
      <mem type="allocate" free="70699288" total="193003520" percent="36" />
      <mem type="survivor" free="0" total="75431936" percent="0" />
    </mem>
    <mem type="tenure" free="37794320" total="805306368" percent="4" micro-fragmented="117598" macro-fragmented="0">
      <mem type="soa" free="29740560" total="797252608" percent="3" />
      <mem type="loa" free="8053760" total="8053760" percent="100" />
    </mem>
    <pending-finalizers system="0" default="0" reference="43" classloader="0" />
    <remembered-set count="9641" />
  </mem-info>
</gc-end>
<cycle-end id="6089" type="global" contextid="6081" timestamp="2023-06-02T09:27:36.875" />
<allocation-satisfied id="6090" threadId="000000000AB99500" bytesRequested="32" />
<af-end id="6091" timestamp="2023-06-02T09:27:36.875" threadId="000000000AB99E80" success="true" from="nursery"/>
<exclusive-end id="6092" timestamp="2023-06-02T09:27:36.875" durationms="317.586" />

<exclusive-start id="6093" timestamp="2023-06-02T09:27:36.990" intervalms="432.530">
  <response-info timems="0.132" idlems="0.132" threads="0" lastid="000000000AB99500" lastname="qm: AsynchronousTaskRunner-3 @@ 09:25" />
</exclusive-start>
<af-start id="6094" threadId="000000000AB99E80" totalBytesRequested="1486856" timestamp="2023-06-02T09:27:36.990" intervalms="432.582" type="nursery" />
<cycle-start id="6095" type="scavenge" contextid="0" timestamp="2023-06-02T09:27:36.990" intervalms="432.611" />
<gc-start id="6096" type="scavenge" contextid="6095" timestamp="2023-06-02T09:27:36.991">
  <mem-info id="6097" free="63597248" total="1073741824" percent="5">
    <mem type="nursery" free="25803320" total="268435456" percent="9">
      <mem type="allocate" free="25803320" total="193003520" percent="13" />
      <mem type="survivor" free="0" total="75431936" percent="0" />
    </mem>
    <mem type="tenure" free="37793928" total="805306368" percent="4">
      <mem type="soa" free="29740168" total="797252608" percent="3" />
      <mem type="loa" free="8053760" total="8053760" percent="100" />
    </mem>
    <remembered-set count="12318" />
  </mem-info>
</gc-start>
<allocation-stats totalBytes="44833416" >
  <allocated-bytes non-tlh="3782096" tlh="41051320" />
  <largest-consumer threadName="qm: AsynchronousTaskRunner-3 @@ 09:25" threadId="000000000AB99500" bytes="42211632" />
</allocation-stats>
<gc-op id="6098" type="scavenge" timems="142.823" contextid="6095" timestamp="2023-06-02T09:27:37.135">
  <scavenger-info tenureage="2" tenuremask="4004" tiltratio="71" />
  <memory-copied type="nursery" objects="1625576" bytes="74821824" bytesdiscarded="606600" />
  <memory-copied type="tenure" objects="189557" bytes="29674280" bytesdiscarded="26344" />
  <copy-failed type="nursery" objects="2" bytes="80" />
  <copy-failed type="tenure" objects="65312" bytes="3798152" />
  <ownableSynchronizers candidates="105947" cleared="0" />
  <warning details="aborted collection due to insufficient free space" />
</gc-op>
<gc-end id="6099" type="scavenge" contextid="6095" durationms="143.264" usertimems="453.125" systemtimems="0.000" timestamp="2023-06-02T09:27:37.135" activeThreads="16">
  <mem-info id="6100" free="33857080" total="1073741824" percent="3">
    <mem type="nursery" free="25803320" total="268435456" percent="9">
      <mem type="allocate" free="25803320" total="193003520" percent="13" />
      <mem type="survivor" free="0" total="75431936" percent="0" />
    </mem>
    <mem type="tenure" free="8053760" total="805306368" percent="1" macro-fragmented="6450429">
      <mem type="soa" free="0" total="797252608" percent="0" />
      <mem type="loa" free="8053760" total="8053760" percent="100" />
    </mem>
    <remembered-set count="12318" />
  </mem-info>
</gc-end>
<cycle-end id="6101" type="scavenge" contextid="6095" timestamp="2023-06-02T09:27:37.139" />
<allocation-satisfied id="6102" threadId="000000000AB99500" bytesRequested="1486856" />
<af-end id="6103" timestamp="2023-06-02T09:27:37.140" threadId="000000000AB99E80" success="true" from="tenure-loa"/>
<exclusive-end id="6104" timestamp="2023-06-02T09:27:37.140" durationms="149.989" />

<concurrent-kickoff id="6105" timestamp="2023-06-02T09:27:37.140">
  <kickoff reason="next scavenge will percolate" targetBytes="383922289" thresholdFreeBytes="53079468"  remainingFree="25801288" tenureFreeBytes="6566904" nurseryFreeBytes="25801288" />
</concurrent-kickoff>
<exclusive-start id="6106" timestamp="2023-06-02T09:27:37.141" intervalms="152.045">
  <response-info timems="0.190" idlems="0.190" threads="0" lastid="00000000047DDD00" lastname="jts.jfs.indexer.internal.text.live" />
</exclusive-start>
<cycle-start id="6107" type="global" contextid="0" timestamp="2023-06-02T09:27:37.141" intervalms="418.697" />
<exclusive-end id="6108" timestamp="2023-06-02T09:27:37.141" durationms="0.057" />

<exclusive-start id="6109" timestamp="2023-06-02T09:27:37.435" intervalms="293.444">
  <response-info timems="0.179" idlems="0.179" threads="0" lastid="000000000AB9D100" lastname="qm: AsynchronousTaskRunner-4 @@ 09:27" />
</exclusive-start>
<af-start id="6110" threadId="000000000AB9DA80" totalBytesRequested="80" timestamp="2023-06-02T09:27:37.436" intervalms="445.468" type="tenure" />
<gc-start id="6111" type="global" contextid="6107" timestamp="2023-06-02T09:27:37.437">
  <mem-info id="6112" free="14865968" total="1073741824" percent="1">
    <mem type="nursery" free="8299064" total="268435456" percent="3">
      <mem type="allocate" free="8299064" total="193003520" percent="4" />
      <mem type="survivor" free="0" total="75431936" percent="0" />
    </mem>
    <mem type="tenure" free="6566904" total="805306368" percent="0">
      <mem type="soa" free="0" total="797252608" percent="0" />
      <mem type="loa" free="6566904" total="8053760" percent="81" />
    </mem>
    <remembered-set count="12412" />
  </mem-info>
</gc-start>
<allocation-stats totalBytes="18963944" >
  <allocated-bytes non-tlh="2215400" tlh="16748544" />
  <largest-consumer threadName="qm: AsynchronousTaskRunner-3 @@ 09:25" threadId="000000000AB99500" bytes="12309928" />
</allocation-stats>
<concurrent-halted id="6113" timestamp="2023-06-02T09:27:37.438">
  <halted state="Tracing incomplete" status="clean trace" />
  <traced bytesTarget="383922289" bytesTotal="283412936" bytesByMutator="162819984" bytesByHelper="120592952" percent="73" />
  <cards cleaned="0" thresholdBytes="20910096" />
</concurrent-halted>
<gc-op id="6114" type="tracing" timems="22.770" contextid="6107" timestamp="2023-06-02T09:27:37.465">
  <trace bytesTraced="104037124" workStackOverflowCount="0" />
</gc-op>
<gc-op id="6115" type="rs-scan" timems="30.012" contextid="6107" timestamp="2023-06-02T09:27:37.495">
  <scan objectsFound="5946" bytesTraced="88356168" workStackOverflowCount="0" />
</gc-op>
<gc-op id="6116" type="card-cleaning" timems="4.580" contextid="6107" timestamp="2023-06-02T09:27:37.500">
  <card-cleaning cardsCleaned="603" bytesTraced="2998200" workStackOverflowCount="0" />
</gc-op>
<gc-op id="6117" type="mark" timems="23.854" contextid="6107" timestamp="2023-06-02T09:27:37.524">
  <trace-info objectcount="69761" scancount="64817" scanbytes="3957068" />
  <finalization candidates="5042" enqueued="34" />
  <ownableSynchronizers candidates="53782" cleared="159" />
  <references type="soft" candidates="90141" cleared="3" enqueued="0" dynamicThreshold="1" maxThreshold="32" />
  <references type="weak" candidates="54995" cleared="21" enqueued="20" />
  <references type="phantom" candidates="350" cleared="0" enqueued="0" />
  <stringconstants candidates="123252" cleared="0"  />
</gc-op>
<gc-op id="6118" type="sweep" timems="6.211" contextid="6107" timestamp="2023-06-02T09:27:37.530" />
<gc-end id="6119" type="global" contextid="6107" durationms="94.019" usertimems="625.000" systemtimems="15.625" timestamp="2023-06-02T09:27:37.531" activeThreads="16">
  <mem-info id="6120" free="98898560" total="1073741824" percent="9">
    <mem type="nursery" free="61899392" total="268435456" percent="23">
      <mem type="allocate" free="61899392" total="193003520" percent="32" />
      <mem type="survivor" free="0" total="75431936" percent="0" />
    </mem>
    <mem type="tenure" free="36999168" total="805306368" percent="4" micro-fragmented="220971" macro-fragmented="0">
      <mem type="soa" free="30432264" total="797252608" percent="3" />
      <mem type="loa" free="6566904" total="8053760" percent="81" />
    </mem>
    <pending-finalizers system="4" default="30" reference="20" classloader="0" />
    <remembered-set count="7734" />
  </mem-info>
</gc-end>
<cycle-end id="6121" type="global" contextid="6107" timestamp="2023-06-02T09:27:37.534" />
<allocation-satisfied id="6122" threadId="000000000AB9D100" bytesRequested="80" />
<af-end id="6123" timestamp="2023-06-02T09:27:37.534" threadId="000000000AB9DA80" success="true" from="tenure-soa"/>
<exclusive-end id="6124" timestamp="2023-06-02T09:27:37.534" durationms="98.124" />

<exclusive-start id="6125" timestamp="2023-06-02T09:27:37.543" intervalms="107.939">
  <response-info timems="0.326" idlems="0.326" threads="0" lastid="000000000AB99500" lastname="qm: AsynchronousTaskRunner-3 @@ 09:25" />
</exclusive-start>
<af-start id="6126" threadId="000000000AB99E80" totalBytesRequested="868688" timestamp="2023-06-02T09:27:37.543" intervalms="107.984" type="nursery" />
<cycle-start id="6127" type="scavenge" contextid="0" timestamp="2023-06-02T09:27:37.543" intervalms="553.456" />
<gc-start id="6128" type="scavenge" contextid="6127" timestamp="2023-06-02T09:27:37.547">
  <mem-info id="6129" free="89056048" total="1073741824" percent="8">
    <mem type="nursery" free="52061216" total="268435456" percent="19">
      <mem type="allocate" free="52061216" total="193003520" percent="26" />
      <mem type="survivor" free="0" total="75431936" percent="0" />
    </mem>
    <mem type="tenure" free="36994832" total="805306368" percent="4">
      <mem type="soa" free="30427928" total="797252608" percent="3" />
      <mem type="loa" free="6566904" total="8053760" percent="81" />
    </mem>
    <remembered-set count="8026" />
  </mem-info>
</gc-start>
<allocation-stats totalBytes="9771288" >
  <allocated-bytes non-tlh="1445144" tlh="8326144" />
  <largest-consumer threadName="qm: AsynchronousTaskRunner-3 @@ 09:25" threadId="000000000AB99500" bytes="4581528" />
</allocation-stats>
<gc-op id="6130" type="scavenge" timems="8.936" contextid="6127" timestamp="2023-06-02T09:27:37.556">
  <scavenger-info tenureage="2" tenuremask="401c" tiltratio="71" />
  <memory-copied type="nursery" objects="76005" bytes="27787352" bytesdiscarded="425920" />
  <memory-copied type="tenure" objects="15749" bytes="3713024" bytesdiscarded="16424" />
  <finalization candidates="76" enqueued="62" />
  <ownableSynchronizers candidates="105974" cleared="104507" />
  <references type="soft" candidates="311" cleared="31" enqueued="23" dynamicThreshold="1" maxThreshold="32" />
  <references type="weak" candidates="131" cleared="37" enqueued="5" />
</gc-op>
<gc-end id="6131" type="scavenge" contextid="6127" durationms="9.295" usertimems="15.625" systemtimems="0.000" timestamp="2023-06-02T09:27:37.556" activeThreads="16">
  <mem-info id="6132" free="199071248" total="1073741824" percent="18">
    <mem type="nursery" free="165964056" total="268435456" percent="61">
      <mem type="allocate" free="165964056" total="194183168" percent="85" />
      <mem type="survivor" free="0" total="74252288" percent="0" />
    </mem>
    <mem type="tenure" free="33107192" total="805306368" percent="4" macro-fragmented="0">
      <mem type="soa" free="26540288" total="797252608" percent="3" />
      <mem type="loa" free="6566904" total="8053760" percent="81" />
    </mem>
    <pending-finalizers system="40" default="22" reference="28" classloader="0" />
    <remembered-set count="7623" />
  </mem-info>
</gc-end>
<cycle-end id="6133" type="scavenge" contextid="6127" timestamp="2023-06-02T09:27:37.558" />
<allocation-satisfied id="6134" threadId="000000000AB99500" bytesRequested="868688" />
<af-end id="6135" timestamp="2023-06-02T09:27:37.558" threadId="000000000AB99E80" success="true" from="nursery"/>
<exclusive-end id="6136" timestamp="2023-06-02T09:27:37.558" durationms="14.501" />

<exclusive-start id="6137" timestamp="2023-06-02T09:27:51.843" intervalms="14299.757">
  <response-info timems="0.063" idlems="0.063" threads="0" lastid="000000000E5EC200" lastname="RM-Task-Executor-10" />
</exclusive-start>
<af-start id="6138" threadId="000000000E5ECB80" totalBytesRequested="8200" timestamp="2023-06-02T09:27:51.843" intervalms="14299.683" type="nursery" />
<cycle-start id="6139" type="scavenge" contextid="0" timestamp="2023-06-02T09:27:51.843" intervalms="14299.636" />
<gc-start id="6140" type="scavenge" contextid="6139" timestamp="2023-06-02T09:27:51.845">
  <mem-info id="6141" free="33057520" total="1073741824" percent="3">
    <mem type="nursery" free="0" total="268435456" percent="0">
      <mem type="allocate" free="0" total="194183168" percent="0" />
      <mem type="survivor" free="0" total="74252288" percent="0" />
    </mem>
    <mem type="tenure" free="33057520" total="805306368" percent="4">
      <mem type="soa" free="26490616" total="797252608" percent="3" />
      <mem type="loa" free="6566904" total="8053760" percent="81" />
    </mem>
    <remembered-set count="17889" />
  </mem-info>
</gc-start>
<allocation-stats totalBytes="164102496" >
  <allocated-bytes non-tlh="2042384" tlh="162060112" />
  <largest-consumer threadName="ccm: AsynchronousTaskRunner-4" threadId="000000000B459900" bytes="45220008" />
</allocation-stats>
<gc-op id="6142" type="scavenge" timems="12.164" contextid="6139" timestamp="2023-06-02T09:27:51.857">
  <scavenger-info tenureage="14" tenuremask="4000" tiltratio="72" />
  <memory-copied type="nursery" objects="305032" bytes="54864720" bytesdiscarded="418824" />
  <finalization candidates="2867" enqueued="2837" />
  <ownableSynchronizers candidates="10789" cleared="6649" />
  <references type="soft" candidates="1464" cleared="1" enqueued="0" dynamicThreshold="1" maxThreshold="32" />
  <references type="weak" candidates="265" cleared="83" enqueued="75" />
  <references type="phantom" candidates="1" cleared="0" enqueued="0" />
</gc-op>
<gc-end id="6143" type="scavenge" contextid="6139" durationms="12.505" usertimems="15.625" systemtimems="0.000" timestamp="2023-06-02T09:27:51.857" activeThreads="16">
  <mem-info id="6144" free="152639640" total="1073741824" percent="14">
    <mem type="nursery" free="119582120" total="268435456" percent="44">
      <mem type="allocate" free="119582120" total="174915584" percent="68" />
      <mem type="survivor" free="0" total="93519872" percent="0" />
    </mem>
    <mem type="tenure" free="33057520" total="805306368" percent="4" macro-fragmented="0">
      <mem type="soa" free="26490616" total="797252608" percent="3" />
      <mem type="loa" free="6566904" total="8053760" percent="81" />
    </mem>
    <pending-finalizers system="201" default="2636" reference="75" classloader="0" />
    <remembered-set count="16375" />
  </mem-info>
</gc-end>
<cycle-end id="6145" type="scavenge" contextid="6139" timestamp="2023-06-02T09:27:51.890" />
<allocation-satisfied id="6146" threadId="000000000E5EC200" bytesRequested="8200" />
<af-end id="6147" timestamp="2023-06-02T09:27:51.890" threadId="000000000E5ECB80" success="true" from="nursery"/>
<exclusive-end id="6148" timestamp="2023-06-02T09:27:51.890" durationms="46.797" />

<exclusive-start id="6149" timestamp="2023-06-02T09:28:09.409" intervalms="17566.813">
  <response-info timems="0.149" idlems="0.149" threads="0" lastid="000000000BC7EA00" lastname="rm: AsynchronousTaskRunner-2 @@ 09:28" />
</exclusive-start>
<af-start id="6150" threadId="000000000BC7F380" totalBytesRequested="32776" timestamp="2023-06-02T09:28:09.410" intervalms="17566.823" type="nursery" />
<cycle-start id="6151" type="scavenge" contextid="0" timestamp="2023-06-02T09:28:09.410" intervalms="17566.835" />
<gc-start id="6152" type="scavenge" contextid="6151" timestamp="2023-06-02T09:28:09.411">
  <mem-info id="6153" free="33049976" total="1073741824" percent="3">
    <mem type="nursery" free="0" total="268435456" percent="0">
      <mem type="allocate" free="0" total="174915584" percent="0" />
      <mem type="survivor" free="0" total="93519872" percent="0" />
    </mem>
    <mem type="tenure" free="33049976" total="805306368" percent="4">
      <mem type="soa" free="26483072" total="797252608" percent="3" />
      <mem type="loa" free="6566904" total="8053760" percent="81" />
    </mem>
    <remembered-set count="18181" />
  </mem-info>
</gc-start>
<allocation-stats totalBytes="119071872" >
  <allocated-bytes non-tlh="222248" tlh="118849624" />
  <largest-consumer threadName="RM-Task-Executor-9?" threadId="00000000039D9300" bytes="22964840" />
</allocation-stats>
<gc-op id="6154" type="scavenge" timems="14.758" contextid="6151" timestamp="2023-06-02T09:28:09.427">
  <scavenger-info tenureage="13" tenuremask="6000" tiltratio="65" />
  <memory-copied type="nursery" objects="353336" bytes="49304192" bytesdiscarded="582648" />
  <finalization candidates="3230" enqueued="3184" />
  <ownableSynchronizers candidates="10393" cleared="6009" />
  <references type="soft" candidates="1823" cleared="0" enqueued="0" dynamicThreshold="1" maxThreshold="32" />
  <references type="weak" candidates="252" cleared="65" enqueued="41" />
  <references type="phantom" candidates="1" cleared="0" enqueued="0" />
</gc-op>
<gc-end id="6155" type="scavenge" contextid="6151" durationms="15.176" usertimems="15.625" systemtimems="0.000" timestamp="2023-06-02T09:28:09.427" activeThreads="16">
  <mem-info id="6156" free="163572224" total="1073741824" percent="15">
    <mem type="nursery" free="130522248" total="268435456" percent="48">
      <mem type="allocate" free="130522248" total="180420608" percent="72" />
      <mem type="survivor" free="0" total="88014848" percent="0" />
    </mem>
    <mem type="tenure" free="33049976" total="805306368" percent="4" macro-fragmented="0">
      <mem type="soa" free="26483072" total="797252608" percent="3" />
      <mem type="loa" free="6566904" total="8053760" percent="81" />
    </mem>
    <pending-finalizers system="46" default="3138" reference="41" classloader="0" />
    <remembered-set count="17001" />
  </mem-info>
</gc-end>
<cycle-end id="6157" type="scavenge" contextid="6151" timestamp="2023-06-02T09:28:09.431" />
<allocation-satisfied id="6158" threadId="000000000BC7EA00" bytesRequested="32776" />
<af-end id="6159" timestamp="2023-06-02T09:28:09.431" threadId="000000000BC7F380" success="true" from="nursery"/>
<exclusive-end id="6160" timestamp="2023-06-02T09:28:09.431" durationms="20.550" />

<exclusive-start id="6161" timestamp="2023-06-02T09:28:29.244" intervalms="19834.653">
  <response-info timems="0.059" idlems="0.059" threads="0" lastid="00000000039D9300" lastname="RM-Task-Executor-9" />
</exclusive-start>
<af-start id="6162" threadId="00000000039D9C80" totalBytesRequested="16392" timestamp="2023-06-02T09:28:29.244" intervalms="19834.641" type="nursery" />
<cycle-start id="6163" type="scavenge" contextid="0" timestamp="2023-06-02T09:28:29.244" intervalms="19834.630" />
<gc-start id="6164" type="scavenge" contextid="6163" timestamp="2023-06-02T09:28:29.246">
  <mem-info id="6165" free="33042248" total="1073741824" percent="3">
    <mem type="nursery" free="0" total="268435456" percent="0">
      <mem type="allocate" free="0" total="180420608" percent="0" />
      <mem type="survivor" free="0" total="88014848" percent="0" />
    </mem>
    <mem type="tenure" free="33042248" total="805306368" percent="4">
      <mem type="soa" free="26475344" total="797252608" percent="3" />
      <mem type="loa" free="6566904" total="8053760" percent="81" />
    </mem>
    <remembered-set count="22096" />
  </mem-info>
</gc-start>
<allocation-stats totalBytes="124364504" >
  <allocated-bytes non-tlh="375088" tlh="123989416" />
  <largest-consumer threadName="rm: AsynchronousTaskRunner-2" threadId="000000000BC7EA00" bytes="39229472" />
</allocation-stats>
<gc-op id="6166" type="scavenge" timems="16.634" contextid="6163" timestamp="2023-06-02T09:28:29.262">
  <scavenger-info tenureage="13" tenuremask="6000" tiltratio="67" />
  <memory-copied type="nursery" objects="412286" bytes="65497064" bytesdiscarded="332600" />
  <finalization candidates="1625" enqueued="1566" />
  <ownableSynchronizers candidates="10195" cleared="4399" />
  <references type="soft" candidates="2061" cleared="0" enqueued="0" dynamicThreshold="1" maxThreshold="32" />
  <references type="weak" candidates="272" cleared="68" enqueued="61" />
  <references type="phantom" candidates="2" cleared="0" enqueued="0" />
</gc-op>
<gc-end id="6167" type="scavenge" contextid="6163" durationms="16.982" usertimems="31.250" systemtimems="0.000" timestamp="2023-06-02T09:28:29.262" activeThreads="16">
  <mem-info id="6168" free="139557824" total="1073741824" percent="12">
    <mem type="nursery" free="106515576" total="268435456" percent="39">
      <mem type="allocate" free="106515576" total="172359680" percent="61" />
      <mem type="survivor" free="0" total="96075776" percent="0" />
    </mem>
    <mem type="tenure" free="33042248" total="805306368" percent="4" macro-fragmented="67617">
      <mem type="soa" free="26475344" total="797252608" percent="3" />
      <mem type="loa" free="6566904" total="8053760" percent="81" />
    </mem>
    <pending-finalizers system="46" default="1520" reference="61" classloader="0" />
    <remembered-set count="20493" />
  </mem-info>
</gc-end>
<cycle-end id="6169" type="scavenge" contextid="6163" timestamp="2023-06-02T09:28:29.272" />
<allocation-satisfied id="6170" threadId="00000000039D9300" bytesRequested="16392" />
<af-end id="6171" timestamp="2023-06-02T09:28:29.272" threadId="00000000039D9C80" success="true" from="nursery"/>
<exclusive-end id="6172" timestamp="2023-06-02T09:28:29.272" durationms="27.164" />

<exclusive-start id="6173" timestamp="2023-06-02T09:28:52.330" intervalms="23086.133">
  <response-info timems="0.107" idlems="0.107" threads="0" lastid="00000000039D9300" lastname="RM-Task-Executor-9" />
</exclusive-start>
<af-start id="6174" threadId="00000000039D9C80" totalBytesRequested="56" timestamp="2023-06-02T09:28:52.331" intervalms="23086.213" type="nursery" />
<cycle-start id="6175" type="scavenge" contextid="0" timestamp="2023-06-02T09:28:52.331" intervalms="23086.221" />
<gc-start id="6176" type="scavenge" contextid="6175" timestamp="2023-06-02T09:28:52.333">
  <mem-info id="6177" free="33040488" total="1073741824" percent="3">
    <mem type="nursery" free="0" total="268435456" percent="0">
      <mem type="allocate" free="0" total="172359680" percent="0" />
      <mem type="survivor" free="0" total="96075776" percent="0" />
    </mem>
    <mem type="tenure" free="33040488" total="805306368" percent="4">
      <mem type="soa" free="26473584" total="797252608" percent="3" />
      <mem type="loa" free="6566904" total="8053760" percent="81" />
    </mem>
    <remembered-set count="21705" />
  </mem-info>
</gc-start>
<allocation-stats totalBytes="106427424" >
  <allocated-bytes non-tlh="478056" tlh="105949368" />
  <largest-consumer threadName="RM-Task-Executor-9" threadId="00000000039D9300" bytes="40196376" />
</allocation-stats>
<gc-op id="6178" type="scavenge" timems="23.985" contextid="6175" timestamp="2023-06-02T09:28:52.356">
  <scavenger-info tenureage="4" tenuremask="7010" tiltratio="64" />
  <memory-copied type="nursery" objects="382222" bytes="43464816" bytesdiscarded="281656" />
  <memory-copied type="tenure" objects="30217" bytes="22217936" bytesdiscarded="19032" />
  <finalization candidates="1622" enqueued="1548" />
  <ownableSynchronizers candidates="9346" cleared="3466" />
  <references type="soft" candidates="2089" cleared="0" enqueued="0" dynamicThreshold="1" maxThreshold="32" />
  <references type="weak" candidates="210" cleared="62" enqueued="25" />
  <references type="phantom" candidates="2" cleared="0" enqueued="0" />
</gc-op>
<cycle-end id="6181" type="scavenge" contextid="6175" timestamp="2023-06-02T09:28:52.362" />
<allocation-satisfied id="6182" threadId="00000000039D9300" bytesRequested="56" />
<af-end id="6183" timestamp="2023-06-02T09:28:52.362" threadId="00000000039D9C80" success="true" from="nursery"/>
<exclusive-end id="6184" timestamp="2023-06-02T09:28:52.362" durationms="31.411" />

<concurrent-kickoff id="6185" timestamp="2023-06-02T09:29:09.949">
  <kickoff reason="threshold reached" targetBytes="390448260" thresholdFreeBytes="53977424"  remainingFree="53901160" tenureFreeBytes="10637232" nurseryFreeBytes="53901160" />
</concurrent-kickoff>
<exclusive-start id="6186" timestamp="2023-06-02T09:29:09.950" intervalms="17619.481">
  <response-info timems="0.067" idlems="0.067" threads="0" lastid="0000000003397A00" lastname="lqe.Indexer-tdb-thread-0" />
</exclusive-start>
<cycle-start id="6187" type="global" contextid="0" timestamp="2023-06-02T09:29:09.951" intervalms="92808.279" />
<exclusive-end id="6188" timestamp="2023-06-02T09:29:09.951" durationms="0.118" />

</verbosegc>